[2.221s] Invoking command in '/home/brilliant/ros2_ws/build/nav2_simple_commander': AMENT_PREFIX_PATH=/home/brilliant/ros2_ws/install/nav2_msgs:/home/brilliant/ros2_ws/install/nav2_common:${AMENT_PREFIX_PATH} CMAKE_PREFIX_PATH=/home/brilliant/ros2_ws/install/nav2_msgs:/home/brilliant/ros2_ws/install/nav2_common:${CMAKE_PREFIX_PATH} DEBUGINFOD_URLS=https://debuginfod.ubuntu.com LD_LIBRARY_PATH=/home/brilliant/ros2_ws/install/nav2_msgs/lib:${LD_LIBRARY_PATH} PYTHONPATH=/home/brilliant/ros2_ws/build/nav2_simple_commander/prefix_override:/usr/lib/python3/dist-packages/colcon_core/task/python/colcon_distutils_commands:/home/brilliant/ros2_ws/install/nav2_simple_commander/lib/python3.12/site-packages:/home/brilliant/ros2_ws/install/nav2_msgs/lib/python3.12/site-packages:/home/brilliant/ros2_ws/install/nav2_common/lib/python3.12/site-packages:${PYTHONPATH} /usr/bin/python3 -W ignore:setup.py install is deprecated -W ignore:easy_install command is deprecated setup.py develop --editable --build-directory /home/brilliant/ros2_ws/build/nav2_simple_commander/build --no-deps symlink_data
[3.175s] running develop
[3.778s] running egg_info
[3.778s] creating nav2_simple_commander.egg-info
[3.840s] writing nav2_simple_commander.egg-info/PKG-INFO
[3.849s] writing dependency_links to nav2_simple_commander.egg-info/dependency_links.txt
[3.849s] writing entry points to nav2_simple_commander.egg-info/entry_points.txt
[3.851s] writing requirements to nav2_simple_commander.egg-info/requires.txt
[3.851s] writing top-level names to nav2_simple_commander.egg-info/top_level.txt
[3.851s] writing manifest file 'nav2_simple_commander.egg-info/SOURCES.txt'
[3.970s] reading manifest file 'nav2_simple_commander.egg-info/SOURCES.txt'
[3.973s] writing manifest file 'nav2_simple_commander.egg-info/SOURCES.txt'
[4.037s] running build_ext
[4.040s] Creating /home/brilliant/ros2_ws/install/nav2_simple_commander/lib/python3.12/site-packages/nav2-simple-commander.egg-link (link to .)
[4.041s] Installing demo_inspection script to /home/brilliant/ros2_ws/install/nav2_simple_commander/lib/nav2_simple_commander
[4.044s] Installing demo_picking script to /home/brilliant/ros2_ws/install/nav2_simple_commander/lib/nav2_simple_commander
[4.044s] Installing demo_recoveries script to /home/brilliant/ros2_ws/install/nav2_simple_commander/lib/nav2_simple_commander
[4.044s] Installing demo_security script to /home/brilliant/ros2_ws/install/nav2_simple_commander/lib/nav2_simple_commander
[4.044s] Installing example_assisted_teleop script to /home/brilliant/ros2_ws/install/nav2_simple_commander/lib/nav2_simple_commander
[4.045s] Installing example_follow_path script to /home/brilliant/ros2_ws/install/nav2_simple_commander/lib/nav2_simple_commander
[4.051s] Installing example_nav_through_poses script to /home/brilliant/ros2_ws/install/nav2_simple_commander/lib/nav2_simple_commander
[4.052s] Installing example_nav_to_pose script to /home/brilliant/ros2_ws/install/nav2_simple_commander/lib/nav2_simple_commander
[4.053s] Installing example_waypoint_follower script to /home/brilliant/ros2_ws/install/nav2_simple_commander/lib/nav2_simple_commander
[4.054s] 
[4.054s] Installed /home/brilliant/ros2_ws/build/nav2_simple_commander
[4.057s] running symlink_data
[4.057s] creating /home/brilliant/ros2_ws/install/nav2_simple_commander/share/ament_index
[4.058s] creating /home/brilliant/ros2_ws/install/nav2_simple_commander/share/ament_index/resource_index
[4.058s] creating /home/brilliant/ros2_ws/install/nav2_simple_commander/share/ament_index/resource_index/packages
[4.058s] symbolically linking /home/brilliant/ros2_ws/build/nav2_simple_commander/resource/nav2_simple_commander -> /home/brilliant/ros2_ws/install/nav2_simple_commander/share/ament_index/resource_index/packages
[4.059s] symbolically linking /home/brilliant/ros2_ws/build/nav2_simple_commander/package.xml -> /home/brilliant/ros2_ws/install/nav2_simple_commander/share/nav2_simple_commander
[4.059s] symbolically linking /home/brilliant/ros2_ws/build/nav2_simple_commander/launch/security_demo_launch.py -> /home/brilliant/ros2_ws/install/nav2_simple_commander/share/nav2_simple_commander
[4.059s] symbolically linking /home/brilliant/ros2_ws/build/nav2_simple_commander/launch/nav_to_pose_example_launch.py -> /home/brilliant/ros2_ws/install/nav2_simple_commander/share/nav2_simple_commander
[4.059s] symbolically linking /home/brilliant/ros2_ws/build/nav2_simple_commander/launch/nav_through_poses_example_launch.py -> /home/brilliant/ros2_ws/install/nav2_simple_commander/share/nav2_simple_commander
[4.062s] symbolically linking /home/brilliant/ros2_ws/build/nav2_simple_commander/launch/inspection_demo_launch.py -> /home/brilliant/ros2_ws/install/nav2_simple_commander/share/nav2_simple_commander
[4.063s] symbolically linking /home/brilliant/ros2_ws/build/nav2_simple_commander/launch/picking_demo_launch.py -> /home/brilliant/ros2_ws/install/nav2_simple_commander/share/nav2_simple_commander
[4.063s] symbolically linking /home/brilliant/ros2_ws/build/nav2_simple_commander/launch/recoveries_example_launch.py -> /home/brilliant/ros2_ws/install/nav2_simple_commander/share/nav2_simple_commander
[4.063s] symbolically linking /home/brilliant/ros2_ws/build/nav2_simple_commander/launch/follow_path_example_launch.py -> /home/brilliant/ros2_ws/install/nav2_simple_commander/share/nav2_simple_commander
[4.064s] symbolically linking /home/brilliant/ros2_ws/build/nav2_simple_commander/launch/waypoint_follower_example_launch.py -> /home/brilliant/ros2_ws/install/nav2_simple_commander/share/nav2_simple_commander
[4.064s] symbolically linking /home/brilliant/ros2_ws/build/nav2_simple_commander/launch/assisted_teleop_example_launch.py -> /home/brilliant/ros2_ws/install/nav2_simple_commander/share/nav2_simple_commander
[4.170s] Invoked command in '/home/brilliant/ros2_ws/build/nav2_simple_commander' returned '0': AMENT_PREFIX_PATH=/home/brilliant/ros2_ws/install/nav2_msgs:/home/brilliant/ros2_ws/install/nav2_common:${AMENT_PREFIX_PATH} CMAKE_PREFIX_PATH=/home/brilliant/ros2_ws/install/nav2_msgs:/home/brilliant/ros2_ws/install/nav2_common:${CMAKE_PREFIX_PATH} DEBUGINFOD_URLS=https://debuginfod.ubuntu.com LD_LIBRARY_PATH=/home/brilliant/ros2_ws/install/nav2_msgs/lib:${LD_LIBRARY_PATH} PYTHONPATH=/home/brilliant/ros2_ws/build/nav2_simple_commander/prefix_override:/usr/lib/python3/dist-packages/colcon_core/task/python/colcon_distutils_commands:/home/brilliant/ros2_ws/install/nav2_simple_commander/lib/python3.12/site-packages:/home/brilliant/ros2_ws/install/nav2_msgs/lib/python3.12/site-packages:/home/brilliant/ros2_ws/install/nav2_common/lib/python3.12/site-packages:${PYTHONPATH} /usr/bin/python3 -W ignore:setup.py install is deprecated -W ignore:easy_install command is deprecated setup.py develop --editable --build-directory /home/brilliant/ros2_ws/build/nav2_simple_commander/build --no-deps symlink_data
