[0.082s] Invoking command in '/home/brilliant/ros2_ws/build/nav2_common': CMAKE_PREFIX_PATH=${CMAKE_PREFIX_PATH}:/home/brilliant/ros2_ws/install/twist_stamper:/opt/ros/jazzy DEBUGINFOD_URLS=https://debuginfod.ubuntu.com /usr/bin/cmake --build /home/brilliant/ros2_ws/build/nav2_common -- -j4 -l4
[0.471s] Built target ament_cmake_python_symlink_nav2_common
[1.894s] running egg_info
[2.004s] writing nav2_common.egg-info/PKG-INFO
[2.005s] writing dependency_links to nav2_common.egg-info/dependency_links.txt
[2.005s] writing top-level names to nav2_common.egg-info/top_level.txt
[2.323s] reading manifest file 'nav2_common.egg-info/SOURCES.txt'
[2.328s] writing manifest file 'nav2_common.egg-info/SOURCES.txt'
[2.517s] Built target ament_cmake_python_build_nav2_common_egg
[2.597s] Invoked command in '/home/brilliant/ros2_ws/build/nav2_common' returned '0': CMAKE_PREFIX_PATH=${CMAKE_PREFIX_PATH}:/home/brilliant/ros2_ws/install/twist_stamper:/opt/ros/jazzy DEBUGINFOD_URLS=https://debuginfod.ubuntu.com /usr/bin/cmake --build /home/brilliant/ros2_ws/build/nav2_common -- -j4 -l4
[2.605s] Invoking command in '/home/brilliant/ros2_ws/build/nav2_common': CMAKE_PREFIX_PATH=${CMAKE_PREFIX_PATH}:/home/brilliant/ros2_ws/install/twist_stamper:/opt/ros/jazzy DEBUGINFOD_URLS=https://debuginfod.ubuntu.com /usr/bin/cmake --install /home/brilliant/ros2_ws/build/nav2_common
[2.675s] -- Install configuration: ""
[2.680s] -- Execute custom install script
[2.680s] -- Up-to-date symlink: /home/brilliant/ros2_ws/install/nav2_common/share/nav2_common/environment/pythonpath.sh
[2.681s] -- Up-to-date symlink: /home/brilliant/ros2_ws/install/nav2_common/share/nav2_common/environment/pythonpath.dsv
[2.681s] -- Up-to-date symlink: /home/brilliant/ros2_ws/install/nav2_common/lib/python3.12/site-packages/nav2_common-1.3.7-py3.12.egg-info/PKG-INFO
[2.686s] -- Up-to-date symlink: /home/brilliant/ros2_ws/install/nav2_common/lib/python3.12/site-packages/nav2_common-1.3.7-py3.12.egg-info/SOURCES.txt
[2.686s] -- Up-to-date symlink: /home/brilliant/ros2_ws/install/nav2_common/lib/python3.12/site-packages/nav2_common-1.3.7-py3.12.egg-info/dependency_links.txt
[2.687s] -- Up-to-date symlink: /home/brilliant/ros2_ws/install/nav2_common/lib/python3.12/site-packages/nav2_common-1.3.7-py3.12.egg-info/top_level.txt
[2.687s] -- Up-to-date symlink: /home/brilliant/ros2_ws/install/nav2_common/lib/python3.12/site-packages/nav2_common/__init__.py
[2.687s] -- Up-to-date symlink: /home/brilliant/ros2_ws/install/nav2_common/lib/python3.12/site-packages/nav2_common/launch/__init__.py
[2.688s] -- Up-to-date symlink: /home/brilliant/ros2_ws/install/nav2_common/lib/python3.12/site-packages/nav2_common/launch/has_node_params.py
[2.698s] -- Up-to-date symlink: /home/brilliant/ros2_ws/install/nav2_common/lib/python3.12/site-packages/nav2_common/launch/parse_multirobot_pose.py
[2.701s] -- Up-to-date symlink: /home/brilliant/ros2_ws/install/nav2_common/lib/python3.12/site-packages/nav2_common/launch/replace_string.py
[2.701s] -- Up-to-date symlink: /home/brilliant/ros2_ws/install/nav2_common/lib/python3.12/site-packages/nav2_common/launch/rewritten_yaml.py
[2.709s] -- Up-to-date symlink: /home/brilliant/ros2_ws/install/nav2_common/share/ament_index/resource_index/package_run_dependencies/nav2_common
[2.712s] -- Up-to-date symlink: /home/brilliant/ros2_ws/install/nav2_common/share/ament_index/resource_index/parent_prefix_path/nav2_common
[2.712s] -- Up-to-date symlink: /home/brilliant/ros2_ws/install/nav2_common/share/nav2_common/environment/ament_prefix_path.sh
[2.713s] -- Up-to-date symlink: /home/brilliant/ros2_ws/install/nav2_common/share/nav2_common/environment/ament_prefix_path.dsv
[2.724s] -- Up-to-date symlink: /home/brilliant/ros2_ws/install/nav2_common/share/nav2_common/environment/path.sh
[2.724s] -- Up-to-date symlink: /home/brilliant/ros2_ws/install/nav2_common/share/nav2_common/environment/path.dsv
[2.724s] -- Up-to-date symlink: /home/brilliant/ros2_ws/install/nav2_common/share/nav2_common/local_setup.bash
[2.726s] -- Up-to-date symlink: /home/brilliant/ros2_ws/install/nav2_common/share/nav2_common/local_setup.sh
[2.726s] -- Up-to-date symlink: /home/brilliant/ros2_ws/install/nav2_common/share/nav2_common/local_setup.zsh
[2.726s] -- Up-to-date symlink: /home/brilliant/ros2_ws/install/nav2_common/share/nav2_common/local_setup.dsv
[2.727s] -- Symlinking: /home/brilliant/ros2_ws/install/nav2_common/share/nav2_common/package.dsv
[2.809s] -- Up-to-date symlink: /home/brilliant/ros2_ws/install/nav2_common/share/ament_index/resource_index/packages/nav2_common
[2.809s] -- Up-to-date symlink: /home/brilliant/ros2_ws/install/nav2_common/share/nav2_common/cmake/nav2_common-extras.cmake
[2.812s] -- Up-to-date symlink: /home/brilliant/ros2_ws/install/nav2_common/share/nav2_common/cmake/nav2_commonConfig.cmake
[2.819s] -- Up-to-date symlink: /home/brilliant/ros2_ws/install/nav2_common/share/nav2_common/cmake/nav2_commonConfig-version.cmake
[2.819s] -- Up-to-date symlink: /home/brilliant/ros2_ws/install/nav2_common/share/nav2_common/package.xml
[2.820s] -- Up-to-date symlink: /home/brilliant/ros2_ws/install/nav2_common/share/nav2_common/cmake/nav2_package.cmake
[3.020s] Listing '/home/brilliant/ros2_ws/install/nav2_common/lib/python3.12/site-packages/nav2_common'...
[3.020s] Listing '/home/brilliant/ros2_ws/install/nav2_common/lib/python3.12/site-packages/nav2_common/launch'...
[3.073s] Invoked command in '/home/brilliant/ros2_ws/build/nav2_common' returned '0': CMAKE_PREFIX_PATH=${CMAKE_PREFIX_PATH}:/home/brilliant/ros2_ws/install/twist_stamper:/opt/ros/jazzy DEBUGINFOD_URLS=https://debuginfod.ubuntu.com /usr/bin/cmake --install /home/brilliant/ros2_ws/build/nav2_common
