[0.063s] Invoking command in '/home/brilliant/ros2_ws/build/nav2_map_server': AMENT_PREFIX_PATH=/home/brilliant/ros2_ws/install/nav2_util:/home/brilliant/ros2_ws/install/nav2_msgs:/home/brilliant/ros2_ws/install/nav2_common:${AMENT_PREFIX_PATH} CMAKE_PREFIX_PATH=/home/brilliant/ros2_ws/install/nav2_util:/home/brilliant/ros2_ws/install/nav2_msgs:/home/brilliant/ros2_ws/install/nav2_common:/home/brilliant/ros2_ws/install/sllidar_ros2:/home/brilliant/ros2_ws/install/serial:/home/brilliant/ros2_ws/install/minibot:/home/brilliant/ros2_ws/install/diffdrive_arduino:/opt/ros/jazzy/opt/gz_sim_vendor:/opt/ros/jazzy/opt/gz_sensors_vendor:/opt/ros/jazzy/opt/gz_physics_vendor:/opt/ros/jazzy/opt/sdformat_vendor:/opt/ros/jazzy/opt/gz_gui_vendor:/opt/ros/jazzy/opt/gz_transport_vendor:/opt/ros/jazzy/opt/gz_rendering_vendor:/opt/ros/jazzy/opt/gz_plugin_vendor:/opt/ros/jazzy/opt/gz_fuel_tools_vendor:/opt/ros/jazzy/opt/gz_msgs_vendor:/opt/ros/jazzy/opt/gz_common_vendor:/opt/ros/jazzy/opt/gz_math_vendor:/opt/ros/jazzy/opt/gz_utils_vendor:/opt/ros/jazzy/opt/gz_tools_vendor:/opt/ros/jazzy/opt/gz_ogre_next_vendor:/opt/ros/jazzy/opt/gz_dartsim_vendor:/opt/ros/jazzy/opt/gz_cmake_vendor:/home/brilliant/ros2_ws/install/twist_stamper:/opt/ros/jazzy DEBUGINFOD_URLS=https://debuginfod.ubuntu.com LD_LIBRARY_PATH=/home/brilliant/ros2_ws/install/nav2_util/lib:/home/brilliant/ros2_ws/install/nav2_msgs/lib:${LD_LIBRARY_PATH} PYTHONPATH=/home/brilliant/ros2_ws/install/nav2_msgs/lib/python3.12/site-packages:/home/brilliant/ros2_ws/install/nav2_common/lib/python3.12/site-packages:${PYTHONPATH} /usr/bin/cmake /home/brilliant/ros2_ws/src/navigation2/nav2_map_server -DAMENT_CMAKE_SYMLINK_INSTALL=1 -DCMAKE_INSTALL_PREFIX=/home/brilliant/ros2_ws/install/nav2_map_server
[0.459s] -- The C compiler identification is GNU 13.3.0
[0.684s] -- The CXX compiler identification is GNU 13.3.0
[0.757s] -- Detecting C compiler ABI info
[1.246s] -- Detecting C compiler ABI info - done
[1.314s] -- Check for working C compiler: /usr/bin/cc - skipped
[1.314s] -- Detecting C compile features
[1.321s] -- Detecting C compile features - done
[1.394s] -- Detecting CXX compiler ABI info
[1.837s] -- Detecting CXX compiler ABI info - done
[1.887s] -- Check for working CXX compiler: /usr/bin/c++ - skipped
[1.888s] -- Detecting CXX compile features
[1.890s] -- Detecting CXX compile features - done
[1.908s] -- Found ament_cmake: 2.5.4 (/opt/ros/jazzy/share/ament_cmake/cmake)
[2.660s] -- Found Python3: /usr/bin/python3 (found version "3.12.3") found components: Interpreter 
[2.959s] -- Override CMake install command with custom implementation using symlinks instead of copying resources
[3.189s] -- Found nav2_common: 1.3.7 (/home/brilliant/ros2_ws/install/nav2_common/share/nav2_common/cmake)
[3.203s] -- Found rclcpp: 28.1.10 (/opt/ros/jazzy/share/rclcpp/cmake)
[3.459s] -- Found rosidl_generator_c: 4.6.5 (/opt/ros/jazzy/share/rosidl_generator_c/cmake)
[3.519s] -- Found rosidl_generator_cpp: 4.6.5 (/opt/ros/jazzy/share/rosidl_generator_cpp/cmake)
[3.589s] -- Using all available rosidl_typesupport_c: rosidl_typesupport_fastrtps_c;rosidl_typesupport_introspection_c
[3.687s] -- Using all available rosidl_typesupport_cpp: rosidl_typesupport_fastrtps_cpp;rosidl_typesupport_introspection_cpp
[4.025s] -- Found rmw_implementation_cmake: 7.3.2 (/opt/ros/jazzy/share/rmw_implementation_cmake/cmake)
[4.057s] -- Found rmw_fastrtps_cpp: 8.4.2 (/opt/ros/jazzy/share/rmw_fastrtps_cpp/cmake)
[4.551s] -- Found OpenSSL: /usr/lib/x86_64-linux-gnu/libcrypto.so (found version "3.0.13")  
[4.640s] -- Found FastRTPS: /opt/ros/jazzy/include (Required is at least version "2.13") 
[4.743s] -- Using RMW implementation 'rmw_fastrtps_cpp' as default
[5.154s] -- Found rclcpp_lifecycle: 28.1.10 (/opt/ros/jazzy/share/rclcpp_lifecycle/cmake)
[5.378s] -- Found rclcpp_components: 28.1.10 (/opt/ros/jazzy/share/rclcpp_components/cmake)
[5.612s] -- Found nav_msgs: 5.3.6 (/opt/ros/jazzy/share/nav_msgs/cmake)
[5.797s] -- Found nav2_msgs: 1.3.7 (/home/brilliant/ros2_ws/install/nav2_msgs/share/nav2_msgs/cmake)
[6.205s] -- Found yaml_cpp_vendor: 9.0.1 (/opt/ros/jazzy/share/yaml_cpp_vendor/cmake)
[6.205s] -- Setting yaml-cpp_DIR to: '/opt/ros/jazzy/share/yaml_cpp_vendor/cmake/../../../opt/yaml_cpp_vendor/share/cmake/yaml-cpp'
[6.224s] -- Found tf2: 0.36.12 (/opt/ros/jazzy/share/tf2/cmake)
[6.234s] -- Found nav2_util: 1.3.7 (/home/brilliant/ros2_ws/install/nav2_util/share/nav2_util/cmake)
[6.576s] -- Found eigen3_cmake_module: 0.3.0 (/opt/ros/jazzy/share/eigen3_cmake_module/cmake)
[6.581s] -- Found Eigen3: TRUE (found version "3.4.0") 
[6.583s] -- Ensuring Eigen3 include directory is part of orocos-kdl CMake target
[6.789s] -- Found GRAPHICSMAGICKCPP: /usr/include/GraphicsMagick  
[6.825s] -- Setting build type to Release as none was specified.
[6.877s] -- Found ament_lint_auto: 0.17.2 (/opt/ros/jazzy/share/ament_lint_auto/cmake)
[7.563s] -- Found gtest sources under '/opt/ros/jazzy/src/gtest_vendor': C++ tests using 'Google Test' will be built
[7.573s] -- Performing Test CMAKE_HAVE_LIBC_PTHREAD
[7.933s] -- Performing Test CMAKE_HAVE_LIBC_PTHREAD - Success
[7.935s] -- Found Threads: TRUE  
[7.955s] -- Found gtest sources under '/opt/ros/jazzy/src/gtest_vendor': C++ tests using 'Google Test' will be built
[7.996s] -- Found gtest sources under '/opt/ros/jazzy/src/gtest_vendor': C++ tests using 'Google Test' will be built
[8.067s] -- Added test 'cppcheck' to perform static code analysis on C / C++ code
[8.071s] -- Configured cppcheck include dirs: /home/brilliant/ros2_ws/src/navigation2/nav2_map_server/include
[8.072s] -- Configured cppcheck exclude dirs and/or files: 
[8.087s] -- Added test 'cpplint' to check C / C++ code against the Google style
[8.094s] -- Configured cpplint exclude dirs and/or files: 
[8.095s] -- Added test 'flake8' to check Python code syntax and style conventions
[8.095s] -- Configured 'flake8' exclude dirs and/or files: 
[8.118s] -- Added test 'lint_cmake' to check CMake code style
[8.129s] -- Added test 'pep257' to check Python code against some of the docstring style conventions in PEP 257
[8.163s] -- Added test 'uncrustify' to check C / C++ code style
[8.164s] -- Configured uncrustify additional arguments: 
[8.175s] -- Added test 'xmllint' to check XML markup files
[8.202s] -- Configuring done (8.1s)
[8.732s] -- Generating done (0.4s)
[8.869s] -- Build files have been written to: /home/brilliant/ros2_ws/build/nav2_map_server
[8.961s] Invoked command in '/home/brilliant/ros2_ws/build/nav2_map_server' returned '0': AMENT_PREFIX_PATH=/home/brilliant/ros2_ws/install/nav2_util:/home/brilliant/ros2_ws/install/nav2_msgs:/home/brilliant/ros2_ws/install/nav2_common:${AMENT_PREFIX_PATH} CMAKE_PREFIX_PATH=/home/brilliant/ros2_ws/install/nav2_util:/home/brilliant/ros2_ws/install/nav2_msgs:/home/brilliant/ros2_ws/install/nav2_common:/home/brilliant/ros2_ws/install/sllidar_ros2:/home/brilliant/ros2_ws/install/serial:/home/brilliant/ros2_ws/install/minibot:/home/brilliant/ros2_ws/install/diffdrive_arduino:/opt/ros/jazzy/opt/gz_sim_vendor:/opt/ros/jazzy/opt/gz_sensors_vendor:/opt/ros/jazzy/opt/gz_physics_vendor:/opt/ros/jazzy/opt/sdformat_vendor:/opt/ros/jazzy/opt/gz_gui_vendor:/opt/ros/jazzy/opt/gz_transport_vendor:/opt/ros/jazzy/opt/gz_rendering_vendor:/opt/ros/jazzy/opt/gz_plugin_vendor:/opt/ros/jazzy/opt/gz_fuel_tools_vendor:/opt/ros/jazzy/opt/gz_msgs_vendor:/opt/ros/jazzy/opt/gz_common_vendor:/opt/ros/jazzy/opt/gz_math_vendor:/opt/ros/jazzy/opt/gz_utils_vendor:/opt/ros/jazzy/opt/gz_tools_vendor:/opt/ros/jazzy/opt/gz_ogre_next_vendor:/opt/ros/jazzy/opt/gz_dartsim_vendor:/opt/ros/jazzy/opt/gz_cmake_vendor:/home/brilliant/ros2_ws/install/twist_stamper:/opt/ros/jazzy DEBUGINFOD_URLS=https://debuginfod.ubuntu.com LD_LIBRARY_PATH=/home/brilliant/ros2_ws/install/nav2_util/lib:/home/brilliant/ros2_ws/install/nav2_msgs/lib:${LD_LIBRARY_PATH} PYTHONPATH=/home/brilliant/ros2_ws/install/nav2_msgs/lib/python3.12/site-packages:/home/brilliant/ros2_ws/install/nav2_common/lib/python3.12/site-packages:${PYTHONPATH} /usr/bin/cmake /home/brilliant/ros2_ws/src/navigation2/nav2_map_server -DAMENT_CMAKE_SYMLINK_INSTALL=1 -DCMAKE_INSTALL_PREFIX=/home/brilliant/ros2_ws/install/nav2_map_server
[8.966s] Invoking command in '/home/brilliant/ros2_ws/build/nav2_map_server': AMENT_PREFIX_PATH=/home/brilliant/ros2_ws/install/nav2_util:/home/brilliant/ros2_ws/install/nav2_msgs:/home/brilliant/ros2_ws/install/nav2_common:${AMENT_PREFIX_PATH} CMAKE_PREFIX_PATH=/home/brilliant/ros2_ws/install/nav2_util:/home/brilliant/ros2_ws/install/nav2_msgs:/home/brilliant/ros2_ws/install/nav2_common:/home/brilliant/ros2_ws/install/sllidar_ros2:/home/brilliant/ros2_ws/install/serial:/home/brilliant/ros2_ws/install/minibot:/home/brilliant/ros2_ws/install/diffdrive_arduino:/opt/ros/jazzy/opt/gz_sim_vendor:/opt/ros/jazzy/opt/gz_sensors_vendor:/opt/ros/jazzy/opt/gz_physics_vendor:/opt/ros/jazzy/opt/sdformat_vendor:/opt/ros/jazzy/opt/gz_gui_vendor:/opt/ros/jazzy/opt/gz_transport_vendor:/opt/ros/jazzy/opt/gz_rendering_vendor:/opt/ros/jazzy/opt/gz_plugin_vendor:/opt/ros/jazzy/opt/gz_fuel_tools_vendor:/opt/ros/jazzy/opt/gz_msgs_vendor:/opt/ros/jazzy/opt/gz_common_vendor:/opt/ros/jazzy/opt/gz_math_vendor:/opt/ros/jazzy/opt/gz_utils_vendor:/opt/ros/jazzy/opt/gz_tools_vendor:/opt/ros/jazzy/opt/gz_ogre_next_vendor:/opt/ros/jazzy/opt/gz_dartsim_vendor:/opt/ros/jazzy/opt/gz_cmake_vendor:/home/brilliant/ros2_ws/install/twist_stamper:/opt/ros/jazzy DEBUGINFOD_URLS=https://debuginfod.ubuntu.com LD_LIBRARY_PATH=/home/brilliant/ros2_ws/install/nav2_util/lib:/home/brilliant/ros2_ws/install/nav2_msgs/lib:${LD_LIBRARY_PATH} PYTHONPATH=/home/brilliant/ros2_ws/install/nav2_msgs/lib/python3.12/site-packages:/home/brilliant/ros2_ws/install/nav2_common/lib/python3.12/site-packages:${PYTHONPATH} /usr/bin/cmake --build /home/brilliant/ros2_ws/build/nav2_map_server -- -j4 -l4
[9.331s] [  2%] [32mBuilding CXX object CMakeFiles/map_io.dir/src/map_mode.cpp.o[0m
[10.280s] [  5%] [32mBuilding CXX object CMakeFiles/map_io.dir/src/map_io.cpp.o[0m
[40.359s] [  8%] [32m[1mLinking CXX shared library libmap_io.so[0m
[41.190s] [  8%] Built target map_io
[41.340s] [ 11%] [32mBuilding CXX object gtest/CMakeFiles/gtest.dir/src/gtest-all.cc.o[0m
[72.598s] [ 13%] [32m[1mLinking CXX static library libgtest.a[0m
[72.889s] [ 13%] Built target gtest
[73.041s] [ 16%] [32mBuilding CXX object test/component/CMakeFiles/test_map_saver_publisher.dir/test_map_saver_publisher.cpp.o[0m
[92.862s] [ 19%] [32mBuilding CXX object test/component/CMakeFiles/test_map_saver_publisher.dir/__/test_constants.cpp.o[0m
[93.415s] [ 22%] [32m[1mLinking CXX executable test_map_saver_publisher[0m
[94.469s] [ 22%] Built target test_map_saver_publisher
[94.630s] [ 25%] [32mBuilding CXX object CMakeFiles/map_server_core.dir/src/map_server/map_server.cpp.o[0m
[124.585s] [ 27%] [32mBuilding CXX object CMakeFiles/map_server_core.dir/src/costmap_filter_info/costmap_filter_info_server.cpp.o[0m
[145.039s] [ 30%] [32mBuilding CXX object CMakeFiles/map_server_core.dir/src/map_saver/map_saver.cpp.o[0m
[198.456s] [ 33%] [32m[1mLinking CXX shared library libmap_server_core.so[0m
[200.807s] [ 33%] Built target map_server_core
[200.948s] [ 36%] [32mBuilding CXX object gtest/CMakeFiles/gtest_main.dir/src/gtest_main.cc.o[0m
[203.832s] [ 38%] [32m[1mLinking CXX static library libgtest_main.a[0m
[203.989s] [ 38%] Built target gtest_main
[204.059s] [ 41%] [32mBuilding CXX object CMakeFiles/map_saver_server.dir/src/map_saver/main_server.cpp.o[0m
[215.645s] [ 44%] [32m[1mLinking CXX executable map_saver_server[0m
[217.124s] [ 44%] Built target map_saver_server
[217.192s] [ 47%] [32mBuilding CXX object CMakeFiles/costmap_filter_info_server.dir/src/costmap_filter_info/main.cpp.o[0m
[227.561s] [ 50%] [32m[1mLinking CXX executable costmap_filter_info_server[0m
[228.399s] [ 50%] Built target costmap_filter_info_server
[228.482s] [ 52%] [32mBuilding CXX object test/unit/CMakeFiles/test_map_io.dir/test_map_io.cpp.o[0m
[245.288s] [ 55%] [32mBuilding CXX object test/unit/CMakeFiles/test_map_io.dir/__/test_constants.cpp.o[0m
[245.852s] [ 58%] [32m[1mLinking CXX executable test_map_io[0m
[246.565s] [ 58%] Built target test_map_io
[246.641s] [ 61%] [32mBuilding CXX object test/unit/CMakeFiles/test_costmap_filter_info_server.dir/test_costmap_filter_info_server.cpp.o[0m
[279.076s] [ 63%] [32m[1mLinking CXX executable test_costmap_filter_info_server[0m
[280.333s] [ 63%] Built target test_costmap_filter_info_server
[280.416s] [ 66%] [32mBuilding CXX object test/component/CMakeFiles/test_map_server_node.dir/test_map_server_node.cpp.o[0m
[300.444s] [ 69%] [32mBuilding CXX object test/component/CMakeFiles/test_map_server_node.dir/__/test_constants.cpp.o[0m
[301.187s] [ 72%] [32m[1mLinking CXX executable test_map_server_node[0m
[302.405s] [ 72%] Built target test_map_server_node
[302.480s] [ 75%] [32mBuilding CXX object test/component/CMakeFiles/test_map_saver_node.dir/test_map_saver_node.cpp.o[0m
[321.581s] [ 77%] [32mBuilding CXX object test/component/CMakeFiles/test_map_saver_node.dir/__/test_constants.cpp.o[0m
[322.271s] [ 80%] [32m[1mLinking CXX executable test_map_saver_node[0m
[323.861s] [ 80%] Built target test_map_saver_node
[324.005s] [ 83%] [32mBuilding CXX object test/map_saver_cli/CMakeFiles/test_map_saver_cli.dir/test_map_saver_cli.cpp.o[0m
[345.258s] [ 86%] [32mBuilding CXX object test/map_saver_cli/CMakeFiles/test_map_saver_cli.dir/__/test_constants.cpp.o[0m
[345.683s] [ 88%] [32m[1mLinking CXX executable test_map_saver_cli[0m
[346.197s] [ 88%] Built target test_map_saver_cli
[346.268s] [ 91%] [32mBuilding CXX object CMakeFiles/map_saver_cli.dir/src/map_saver/main_cli.cpp.o[0m
[355.705s] [ 94%] [32m[1mLinking CXX executable map_saver_cli[0m
[356.412s] [ 94%] Built target map_saver_cli
[356.492s] [ 97%] [32mBuilding CXX object CMakeFiles/map_server.dir/src/map_server/main.cpp.o[0m
[365.286s] [100%] [32m[1mLinking CXX executable map_server[0m
[365.793s] [100%] Built target map_server
[365.853s] Invoked command in '/home/brilliant/ros2_ws/build/nav2_map_server' returned '0': AMENT_PREFIX_PATH=/home/brilliant/ros2_ws/install/nav2_util:/home/brilliant/ros2_ws/install/nav2_msgs:/home/brilliant/ros2_ws/install/nav2_common:${AMENT_PREFIX_PATH} CMAKE_PREFIX_PATH=/home/brilliant/ros2_ws/install/nav2_util:/home/brilliant/ros2_ws/install/nav2_msgs:/home/brilliant/ros2_ws/install/nav2_common:/home/brilliant/ros2_ws/install/sllidar_ros2:/home/brilliant/ros2_ws/install/serial:/home/brilliant/ros2_ws/install/minibot:/home/brilliant/ros2_ws/install/diffdrive_arduino:/opt/ros/jazzy/opt/gz_sim_vendor:/opt/ros/jazzy/opt/gz_sensors_vendor:/opt/ros/jazzy/opt/gz_physics_vendor:/opt/ros/jazzy/opt/sdformat_vendor:/opt/ros/jazzy/opt/gz_gui_vendor:/opt/ros/jazzy/opt/gz_transport_vendor:/opt/ros/jazzy/opt/gz_rendering_vendor:/opt/ros/jazzy/opt/gz_plugin_vendor:/opt/ros/jazzy/opt/gz_fuel_tools_vendor:/opt/ros/jazzy/opt/gz_msgs_vendor:/opt/ros/jazzy/opt/gz_common_vendor:/opt/ros/jazzy/opt/gz_math_vendor:/opt/ros/jazzy/opt/gz_utils_vendor:/opt/ros/jazzy/opt/gz_tools_vendor:/opt/ros/jazzy/opt/gz_ogre_next_vendor:/opt/ros/jazzy/opt/gz_dartsim_vendor:/opt/ros/jazzy/opt/gz_cmake_vendor:/home/brilliant/ros2_ws/install/twist_stamper:/opt/ros/jazzy DEBUGINFOD_URLS=https://debuginfod.ubuntu.com LD_LIBRARY_PATH=/home/brilliant/ros2_ws/install/nav2_util/lib:/home/brilliant/ros2_ws/install/nav2_msgs/lib:${LD_LIBRARY_PATH} PYTHONPATH=/home/brilliant/ros2_ws/install/nav2_msgs/lib/python3.12/site-packages:/home/brilliant/ros2_ws/install/nav2_common/lib/python3.12/site-packages:${PYTHONPATH} /usr/bin/cmake --build /home/brilliant/ros2_ws/build/nav2_map_server -- -j4 -l4
[365.862s] Invoking command in '/home/brilliant/ros2_ws/build/nav2_map_server': AMENT_PREFIX_PATH=/home/brilliant/ros2_ws/install/nav2_util:/home/brilliant/ros2_ws/install/nav2_msgs:/home/brilliant/ros2_ws/install/nav2_common:${AMENT_PREFIX_PATH} CMAKE_PREFIX_PATH=/home/brilliant/ros2_ws/install/nav2_util:/home/brilliant/ros2_ws/install/nav2_msgs:/home/brilliant/ros2_ws/install/nav2_common:/home/brilliant/ros2_ws/install/sllidar_ros2:/home/brilliant/ros2_ws/install/serial:/home/brilliant/ros2_ws/install/minibot:/home/brilliant/ros2_ws/install/diffdrive_arduino:/opt/ros/jazzy/opt/gz_sim_vendor:/opt/ros/jazzy/opt/gz_sensors_vendor:/opt/ros/jazzy/opt/gz_physics_vendor:/opt/ros/jazzy/opt/sdformat_vendor:/opt/ros/jazzy/opt/gz_gui_vendor:/opt/ros/jazzy/opt/gz_transport_vendor:/opt/ros/jazzy/opt/gz_rendering_vendor:/opt/ros/jazzy/opt/gz_plugin_vendor:/opt/ros/jazzy/opt/gz_fuel_tools_vendor:/opt/ros/jazzy/opt/gz_msgs_vendor:/opt/ros/jazzy/opt/gz_common_vendor:/opt/ros/jazzy/opt/gz_math_vendor:/opt/ros/jazzy/opt/gz_utils_vendor:/opt/ros/jazzy/opt/gz_tools_vendor:/opt/ros/jazzy/opt/gz_ogre_next_vendor:/opt/ros/jazzy/opt/gz_dartsim_vendor:/opt/ros/jazzy/opt/gz_cmake_vendor:/home/brilliant/ros2_ws/install/twist_stamper:/opt/ros/jazzy DEBUGINFOD_URLS=https://debuginfod.ubuntu.com LD_LIBRARY_PATH=/home/brilliant/ros2_ws/install/nav2_util/lib:/home/brilliant/ros2_ws/install/nav2_msgs/lib:${LD_LIBRARY_PATH} PYTHONPATH=/home/brilliant/ros2_ws/install/nav2_msgs/lib/python3.12/site-packages:/home/brilliant/ros2_ws/install/nav2_common/lib/python3.12/site-packages:${PYTHONPATH} /usr/bin/cmake --install /home/brilliant/ros2_ws/build/nav2_map_server
[365.885s] -- Install configuration: "Release"
[365.888s] -- Execute custom install script
[365.891s] -- Symlinking: /home/brilliant/ros2_ws/install/nav2_map_server/lib/libmap_server_core.so
[365.923s] -- Symlinking: /home/brilliant/ros2_ws/install/nav2_map_server/lib/libmap_io.so
[365.955s] -- Symlinking: /home/brilliant/ros2_ws/install/nav2_map_server/lib/nav2_map_server/map_server
[365.979s] -- Symlinking: /home/brilliant/ros2_ws/install/nav2_map_server/lib/nav2_map_server/map_saver_cli
[366.006s] -- Symlinking: /home/brilliant/ros2_ws/install/nav2_map_server/lib/nav2_map_server/map_saver_server
[366.037s] -- Symlinking: /home/brilliant/ros2_ws/install/nav2_map_server/lib/nav2_map_server/costmap_filter_info_server
[366.071s] -- Symlinking: /home/brilliant/ros2_ws/install/nav2_map_server/include//nav2_map_server/costmap_filter_info_server.hpp
[366.103s] -- Symlinking: /home/brilliant/ros2_ws/install/nav2_map_server/include//nav2_map_server/map_io.hpp
[366.127s] -- Symlinking: /home/brilliant/ros2_ws/install/nav2_map_server/include//nav2_map_server/map_mode.hpp
[366.155s] -- Symlinking: /home/brilliant/ros2_ws/install/nav2_map_server/include//nav2_map_server/map_saver.hpp
[366.190s] -- Symlinking: /home/brilliant/ros2_ws/install/nav2_map_server/include//nav2_map_server/map_server.hpp
[366.223s] -- Symlinking: /home/brilliant/ros2_ws/install/nav2_map_server/share/nav2_map_server/launch/map_saver_server.launch.py
[366.250s] -- Symlinking: /home/brilliant/ros2_ws/install/nav2_map_server/share/nav2_map_server/environment/library_path.sh
[366.274s] -- Symlinking: /home/brilliant/ros2_ws/install/nav2_map_server/share/nav2_map_server/environment/library_path.dsv
[366.299s] -- Symlinking: /home/brilliant/ros2_ws/install/nav2_map_server/share/ament_index/resource_index/package_run_dependencies/nav2_map_server
[366.335s] -- Symlinking: /home/brilliant/ros2_ws/install/nav2_map_server/share/ament_index/resource_index/parent_prefix_path/nav2_map_server
[366.360s] -- Symlinking: /home/brilliant/ros2_ws/install/nav2_map_server/share/nav2_map_server/environment/ament_prefix_path.sh
[366.389s] -- Symlinking: /home/brilliant/ros2_ws/install/nav2_map_server/share/nav2_map_server/environment/ament_prefix_path.dsv
[366.417s] -- Symlinking: /home/brilliant/ros2_ws/install/nav2_map_server/share/nav2_map_server/environment/path.sh
[366.449s] -- Symlinking: /home/brilliant/ros2_ws/install/nav2_map_server/share/nav2_map_server/environment/path.dsv
[366.481s] -- Symlinking: /home/brilliant/ros2_ws/install/nav2_map_server/share/nav2_map_server/local_setup.bash
[366.510s] -- Symlinking: /home/brilliant/ros2_ws/install/nav2_map_server/share/nav2_map_server/local_setup.sh
[366.540s] -- Symlinking: /home/brilliant/ros2_ws/install/nav2_map_server/share/nav2_map_server/local_setup.zsh
[366.572s] -- Symlinking: /home/brilliant/ros2_ws/install/nav2_map_server/share/nav2_map_server/local_setup.dsv
[366.603s] -- Symlinking: /home/brilliant/ros2_ws/install/nav2_map_server/share/nav2_map_server/package.dsv
[366.636s] -- Symlinking: /home/brilliant/ros2_ws/install/nav2_map_server/share/ament_index/resource_index/packages/nav2_map_server
[366.673s] -- Symlinking: /home/brilliant/ros2_ws/install/nav2_map_server/share/ament_index/resource_index/rclcpp_components/nav2_map_server
[366.706s] -- Symlinking: /home/brilliant/ros2_ws/install/nav2_map_server/share/nav2_map_server/cmake/ament_cmake_export_include_directories-extras.cmake
[366.732s] -- Symlinking: /home/brilliant/ros2_ws/install/nav2_map_server/share/nav2_map_server/cmake/ament_cmake_export_libraries-extras.cmake
[366.764s] -- Symlinking: /home/brilliant/ros2_ws/install/nav2_map_server/share/nav2_map_server/cmake/ament_cmake_export_dependencies-extras.cmake
[366.792s] -- Symlinking: /home/brilliant/ros2_ws/install/nav2_map_server/share/nav2_map_server/cmake/nav2_map_serverConfig.cmake
[366.845s] -- Symlinking: /home/brilliant/ros2_ws/install/nav2_map_server/share/nav2_map_server/cmake/nav2_map_serverConfig-version.cmake
[366.914s] -- Symlinking: /home/brilliant/ros2_ws/install/nav2_map_server/share/nav2_map_server/package.xml
[366.987s] Invoked command in '/home/brilliant/ros2_ws/build/nav2_map_server' returned '0': AMENT_PREFIX_PATH=/home/brilliant/ros2_ws/install/nav2_util:/home/brilliant/ros2_ws/install/nav2_msgs:/home/brilliant/ros2_ws/install/nav2_common:${AMENT_PREFIX_PATH} CMAKE_PREFIX_PATH=/home/brilliant/ros2_ws/install/nav2_util:/home/brilliant/ros2_ws/install/nav2_msgs:/home/brilliant/ros2_ws/install/nav2_common:/home/brilliant/ros2_ws/install/sllidar_ros2:/home/brilliant/ros2_ws/install/serial:/home/brilliant/ros2_ws/install/minibot:/home/brilliant/ros2_ws/install/diffdrive_arduino:/opt/ros/jazzy/opt/gz_sim_vendor:/opt/ros/jazzy/opt/gz_sensors_vendor:/opt/ros/jazzy/opt/gz_physics_vendor:/opt/ros/jazzy/opt/sdformat_vendor:/opt/ros/jazzy/opt/gz_gui_vendor:/opt/ros/jazzy/opt/gz_transport_vendor:/opt/ros/jazzy/opt/gz_rendering_vendor:/opt/ros/jazzy/opt/gz_plugin_vendor:/opt/ros/jazzy/opt/gz_fuel_tools_vendor:/opt/ros/jazzy/opt/gz_msgs_vendor:/opt/ros/jazzy/opt/gz_common_vendor:/opt/ros/jazzy/opt/gz_math_vendor:/opt/ros/jazzy/opt/gz_utils_vendor:/opt/ros/jazzy/opt/gz_tools_vendor:/opt/ros/jazzy/opt/gz_ogre_next_vendor:/opt/ros/jazzy/opt/gz_dartsim_vendor:/opt/ros/jazzy/opt/gz_cmake_vendor:/home/brilliant/ros2_ws/install/twist_stamper:/opt/ros/jazzy DEBUGINFOD_URLS=https://debuginfod.ubuntu.com LD_LIBRARY_PATH=/home/brilliant/ros2_ws/install/nav2_util/lib:/home/brilliant/ros2_ws/install/nav2_msgs/lib:${LD_LIBRARY_PATH} PYTHONPATH=/home/brilliant/ros2_ws/install/nav2_msgs/lib/python3.12/site-packages:/home/brilliant/ros2_ws/install/nav2_common/lib/python3.12/site-packages:${PYTHONPATH} /usr/bin/cmake --install /home/brilliant/ros2_ws/build/nav2_map_server
