[0.034s] Invoking command in '/home/brilliant/ros2_ws/build/sllidar_ros2': CMAKE_PREFIX_PATH=${CMAKE_PREFIX_PATH}:/home/brilliant/ros2_ws/install/twist_stamper:/home/brilliant/ros2_ws/install/nav2_simple_commander:/home/brilliant/ros2_ws/install/nav2_loopback_sim:/opt/ros/jazzy DEBUGINFOD_URLS=https://debuginfod.ubuntu.com /usr/bin/cmake --build /home/brilliant/ros2_ws/build/sllidar_ros2 -- -j4 -l4
[0.341s] [ 90%] Built target sllidar_node
[0.457s] [100%] Built target sllidar_client
[0.523s] Invoked command in '/home/brilliant/ros2_ws/build/sllidar_ros2' returned '0': CMAKE_PREFIX_PATH=${CMAKE_PREFIX_PATH}:/home/brilliant/ros2_ws/install/twist_stamper:/home/brilliant/ros2_ws/install/nav2_simple_commander:/home/brilliant/ros2_ws/install/nav2_loopback_sim:/opt/ros/jazzy DEBUGINFOD_URLS=https://debuginfod.ubuntu.com /usr/bin/cmake --build /home/brilliant/ros2_ws/build/sllidar_ros2 -- -j4 -l4
[0.530s] Invoking command in '/home/brilliant/ros2_ws/build/sllidar_ros2': CMAKE_PREFIX_PATH=${CMAKE_PREFIX_PATH}:/home/brilliant/ros2_ws/install/twist_stamper:/home/brilliant/ros2_ws/install/nav2_simple_commander:/home/brilliant/ros2_ws/install/nav2_loopback_sim:/opt/ros/jazzy DEBUGINFOD_URLS=https://debuginfod.ubuntu.com /usr/bin/cmake --install /home/brilliant/ros2_ws/build/sllidar_ros2
[0.560s] -- Install configuration: ""
[0.561s] -- Execute custom install script
[0.568s] -- Up-to-date symlink: /home/brilliant/ros2_ws/install/sllidar_ros2/share/sllidar_ros2/launch/sllidar_a1_launch.py
[0.568s] -- Up-to-date symlink: /home/brilliant/ros2_ws/install/sllidar_ros2/share/sllidar_ros2/launch/sllidar_a2m12_launch .py
[0.570s] -- Up-to-date symlink: /home/brilliant/ros2_ws/install/sllidar_ros2/share/sllidar_ros2/launch/sllidar_a2m7_launch.py
[0.575s] -- Up-to-date symlink: /home/brilliant/ros2_ws/install/sllidar_ros2/share/sllidar_ros2/launch/sllidar_a2m8_launch.py
[0.576s] -- Up-to-date symlink: /home/brilliant/ros2_ws/install/sllidar_ros2/share/sllidar_ros2/launch/sllidar_a3_launch.py
[0.578s] -- Up-to-date symlink: /home/brilliant/ros2_ws/install/sllidar_ros2/share/sllidar_ros2/launch/sllidar_c1_launch.py
[0.579s] -- Up-to-date symlink: /home/brilliant/ros2_ws/install/sllidar_ros2/share/sllidar_ros2/launch/sllidar_s1_launch.py
[0.580s] -- Up-to-date symlink: /home/brilliant/ros2_ws/install/sllidar_ros2/share/sllidar_ros2/launch/sllidar_s1_tcp_launch.py
[0.583s] -- Up-to-date symlink: /home/brilliant/ros2_ws/install/sllidar_ros2/share/sllidar_ros2/launch/sllidar_s2_launch.py
[0.584s] -- Up-to-date symlink: /home/brilliant/ros2_ws/install/sllidar_ros2/share/sllidar_ros2/launch/sllidar_s2e_launch.py
[0.586s] -- Up-to-date symlink: /home/brilliant/ros2_ws/install/sllidar_ros2/share/sllidar_ros2/launch/sllidar_s3_launch.py
[0.588s] -- Up-to-date symlink: /home/brilliant/ros2_ws/install/sllidar_ros2/share/sllidar_ros2/launch/sllidar_t1_launch.py
[0.589s] -- Up-to-date symlink: /home/brilliant/ros2_ws/install/sllidar_ros2/share/sllidar_ros2/launch/view_sllidar_a1_launch.py
[0.591s] -- Up-to-date symlink: /home/brilliant/ros2_ws/install/sllidar_ros2/share/sllidar_ros2/launch/view_sllidar_a2m12_launch.py
[0.595s] -- Up-to-date symlink: /home/brilliant/ros2_ws/install/sllidar_ros2/share/sllidar_ros2/launch/view_sllidar_a2m7_launch.py
[0.598s] -- Up-to-date symlink: /home/brilliant/ros2_ws/install/sllidar_ros2/share/sllidar_ros2/launch/view_sllidar_a2m8_launch.py
[0.599s] -- Up-to-date symlink: /home/brilliant/ros2_ws/install/sllidar_ros2/share/sllidar_ros2/launch/view_sllidar_a3_launch.py
[0.599s] -- Up-to-date symlink: /home/brilliant/ros2_ws/install/sllidar_ros2/share/sllidar_ros2/launch/view_sllidar_c1_launch.py
[0.599s] -- Up-to-date symlink: /home/brilliant/ros2_ws/install/sllidar_ros2/share/sllidar_ros2/launch/view_sllidar_s1_launch.py
[0.600s] -- Up-to-date symlink: /home/brilliant/ros2_ws/install/sllidar_ros2/share/sllidar_ros2/launch/view_sllidar_s1_tcp_launch.py
[0.601s] -- Up-to-date symlink: /home/brilliant/ros2_ws/install/sllidar_ros2/share/sllidar_ros2/launch/view_sllidar_s2_launch.py
[0.602s] -- Up-to-date symlink: /home/brilliant/ros2_ws/install/sllidar_ros2/share/sllidar_ros2/launch/view_sllidar_s2e_launch.py
[0.602s] -- Up-to-date symlink: /home/brilliant/ros2_ws/install/sllidar_ros2/share/sllidar_ros2/launch/view_sllidar_s3_launch.py
[0.605s] -- Up-to-date symlink: /home/brilliant/ros2_ws/install/sllidar_ros2/share/sllidar_ros2/launch/view_sllidar_t1_launch.py
[0.606s] -- Up-to-date symlink: /home/brilliant/ros2_ws/install/sllidar_ros2/share/sllidar_ros2/rviz/sllidar_ros2.rviz
[0.608s] -- Up-to-date symlink: /home/brilliant/ros2_ws/install/sllidar_ros2/lib/sllidar_ros2/sllidar_node
[0.610s] -- Up-to-date symlink: /home/brilliant/ros2_ws/install/sllidar_ros2/lib/sllidar_ros2/sllidar_client
[0.611s] -- Up-to-date symlink: /home/brilliant/ros2_ws/install/sllidar_ros2/share/ament_index/resource_index/package_run_dependencies/sllidar_ros2
[0.613s] -- Up-to-date symlink: /home/brilliant/ros2_ws/install/sllidar_ros2/share/ament_index/resource_index/parent_prefix_path/sllidar_ros2
[0.613s] -- Up-to-date symlink: /home/brilliant/ros2_ws/install/sllidar_ros2/share/sllidar_ros2/environment/ament_prefix_path.sh
[0.618s] -- Up-to-date symlink: /home/brilliant/ros2_ws/install/sllidar_ros2/share/sllidar_ros2/environment/ament_prefix_path.dsv
[0.618s] -- Up-to-date symlink: /home/brilliant/ros2_ws/install/sllidar_ros2/share/sllidar_ros2/environment/path.sh
[0.618s] -- Up-to-date symlink: /home/brilliant/ros2_ws/install/sllidar_ros2/share/sllidar_ros2/environment/path.dsv
[0.619s] -- Up-to-date symlink: /home/brilliant/ros2_ws/install/sllidar_ros2/share/sllidar_ros2/local_setup.bash
[0.621s] -- Up-to-date symlink: /home/brilliant/ros2_ws/install/sllidar_ros2/share/sllidar_ros2/local_setup.sh
[0.625s] -- Up-to-date symlink: /home/brilliant/ros2_ws/install/sllidar_ros2/share/sllidar_ros2/local_setup.zsh
[0.625s] -- Up-to-date symlink: /home/brilliant/ros2_ws/install/sllidar_ros2/share/sllidar_ros2/local_setup.dsv
[0.626s] -- Symlinking: /home/brilliant/ros2_ws/install/sllidar_ros2/share/sllidar_ros2/package.dsv
[0.665s] -- Up-to-date symlink: /home/brilliant/ros2_ws/install/sllidar_ros2/share/ament_index/resource_index/packages/sllidar_ros2
[0.667s] -- Up-to-date symlink: /home/brilliant/ros2_ws/install/sllidar_ros2/share/sllidar_ros2/cmake/ament_cmake_export_dependencies-extras.cmake
[0.667s] -- Up-to-date symlink: /home/brilliant/ros2_ws/install/sllidar_ros2/share/sllidar_ros2/cmake/ament_cmake_export_include_directories-extras.cmake
[0.670s] -- Up-to-date symlink: /home/brilliant/ros2_ws/install/sllidar_ros2/share/sllidar_ros2/cmake/sllidar_ros2Config.cmake
[0.670s] -- Up-to-date symlink: /home/brilliant/ros2_ws/install/sllidar_ros2/share/sllidar_ros2/cmake/sllidar_ros2Config-version.cmake
[0.672s] -- Up-to-date symlink: /home/brilliant/ros2_ws/install/sllidar_ros2/share/sllidar_ros2/package.xml
[0.677s] Invoked command in '/home/brilliant/ros2_ws/build/sllidar_ros2' returned '0': CMAKE_PREFIX_PATH=${CMAKE_PREFIX_PATH}:/home/brilliant/ros2_ws/install/twist_stamper:/home/brilliant/ros2_ws/install/nav2_simple_commander:/home/brilliant/ros2_ws/install/nav2_loopback_sim:/opt/ros/jazzy DEBUGINFOD_URLS=https://debuginfod.ubuntu.com /usr/bin/cmake --install /home/brilliant/ros2_ws/build/sllidar_ros2
