[0.052s] Invoking command in '/home/brilliant/ros2_ws/build/minibot': CMAKE_PREFIX_PATH=${CMAKE_PREFIX_PATH}:/home/brilliant/ros2_ws/install/twist_stamper:/home/brilliant/ros2_ws/install/nav2_simple_commander:/home/brilliant/ros2_ws/install/nav2_loopback_sim:/opt/ros/jazzy DEBUGINFOD_URLS=https://debuginfod.ubuntu.com /usr/bin/cmake --build /home/brilliant/ros2_ws/build/minibot -- -j4 -l4
[0.405s] [100%] Built target velocity_publisher
[0.489s] Invoked command in '/home/brilliant/ros2_ws/build/minibot' returned '0': CMAKE_PREFIX_PATH=${CMAKE_PREFIX_PATH}:/home/brilliant/ros2_ws/install/twist_stamper:/home/brilliant/ros2_ws/install/nav2_simple_commander:/home/brilliant/ros2_ws/install/nav2_loopback_sim:/opt/ros/jazzy DEBUGINFOD_URLS=https://debuginfod.ubuntu.com /usr/bin/cmake --build /home/brilliant/ros2_ws/build/minibot -- -j4 -l4
[0.492s] Invoking command in '/home/brilliant/ros2_ws/build/minibot': CMAKE_PREFIX_PATH=${CMAKE_PREFIX_PATH}:/home/brilliant/ros2_ws/install/twist_stamper:/home/brilliant/ros2_ws/install/nav2_simple_commander:/home/brilliant/ros2_ws/install/nav2_loopback_sim:/opt/ros/jazzy DEBUGINFOD_URLS=https://debuginfod.ubuntu.com /usr/bin/cmake --install /home/brilliant/ros2_ws/build/minibot
[0.527s] -- Install configuration: ""
[0.529s] -- Execute custom install script
[0.532s] -- Up-to-date symlink: /home/brilliant/ros2_ws/install/minibot/lib/minibot/velocity_publisher
[0.534s] -- Up-to-date symlink: /home/brilliant/ros2_ws/install/minibot/share/minibot/config/controller.yaml
[0.535s] -- Up-to-date symlink: /home/brilliant/ros2_ws/install/minibot/share/minibot/config/controller_gz_sim.yaml
[0.537s] -- Up-to-date symlink: /home/brilliant/ros2_ws/install/minibot/share/minibot/config/empty.yaml
[0.537s] -- Up-to-date symlink: /home/brilliant/ros2_ws/install/minibot/share/minibot/config/gz_params.yaml
[0.538s] -- Up-to-date symlink: /home/brilliant/ros2_ws/install/minibot/share/minibot/config/joystick_params.yaml
[0.541s] -- Up-to-date symlink: /home/brilliant/ros2_ws/install/minibot/share/minibot/config/mapper_params_localization.yaml
[0.541s] -- Up-to-date symlink: /home/brilliant/ros2_ws/install/minibot/share/minibot/config/mapper_params_online_async.yaml
[0.542s] -- Up-to-date symlink: /home/brilliant/ros2_ws/install/minibot/share/minibot/config/minibot_config.rviz
[0.542s] -- Up-to-date symlink: /home/brilliant/ros2_ws/install/minibot/share/minibot/config/minibot_display.rviz
[0.543s] -- Up-to-date symlink: /home/brilliant/ros2_ws/install/minibot/share/minibot/config/nav2_params.yaml
[0.543s] -- Symlinking: /home/brilliant/ros2_ws/install/minibot/share/minibot/config/navigation_lifecycle_params.yaml
[0.580s] -- Up-to-date symlink: /home/brilliant/ros2_ws/install/minibot/share/minibot/config/sim_config.rviz
[0.580s] -- Up-to-date symlink: /home/brilliant/ros2_ws/install/minibot/share/minibot/config/twist_mux.yaml
[0.582s] -- Up-to-date symlink: /home/brilliant/ros2_ws/install/minibot/share/minibot/description/camera.xacro
[0.582s] -- Up-to-date symlink: /home/brilliant/ros2_ws/install/minibot/share/minibot/description/depth_camera.xacro
[0.584s] -- Up-to-date symlink: /home/brilliant/ros2_ws/install/minibot/share/minibot/description/gz_diff_drive_control.xacro
[0.586s] -- Up-to-date symlink: /home/brilliant/ros2_ws/install/minibot/share/minibot/description/inertial_macros.xacro
[0.586s] -- Up-to-date symlink: /home/brilliant/ros2_ws/install/minibot/share/minibot/description/lidar.xacro
[0.588s] -- Up-to-date symlink: /home/brilliant/ros2_ws/install/minibot/share/minibot/description/robot.urdf.xacro
[0.589s] -- Up-to-date symlink: /home/brilliant/ros2_ws/install/minibot/share/minibot/description/robot_main.xacro
[0.590s] -- Up-to-date symlink: /home/brilliant/ros2_ws/install/minibot/share/minibot/description/ros2_control.xacro
[0.590s] -- Up-to-date symlink: /home/brilliant/ros2_ws/install/minibot/share/minibot/launch/joystick_teleop.launch.py
[0.591s] -- Up-to-date symlink: /home/brilliant/ros2_ws/install/minibot/share/minibot/launch/robot.launch.py
[0.591s] -- Up-to-date symlink: /home/brilliant/ros2_ws/install/minibot/share/minibot/launch/robot_remote_station.launch.py
[0.591s] -- Up-to-date symlink: /home/brilliant/ros2_ws/install/minibot/share/minibot/launch/sim.launch.py
[0.591s] -- Up-to-date symlink: /home/brilliant/ros2_ws/install/minibot/share/minibot/launch/sim_control_station.launch.py
[0.596s] -- Up-to-date symlink: /home/brilliant/ros2_ws/install/minibot/share/minibot/worlds/empty.sdf
[0.596s] -- Up-to-date symlink: /home/brilliant/ros2_ws/install/minibot/share/minibot/worlds/playground.sdf
[0.597s] -- Up-to-date symlink: /home/brilliant/ros2_ws/install/minibot/share/minibot/demo_publisher_node/velocity_publisher.cpp
[0.598s] -- Up-to-date symlink: /home/brilliant/ros2_ws/install/minibot/share/minibot/maps/map_01.pgm
[0.598s] -- Up-to-date symlink: /home/brilliant/ros2_ws/install/minibot/share/minibot/maps/map_01.yaml
[0.600s] -- Up-to-date symlink: /home/brilliant/ros2_ws/install/minibot/share/minibot/maps/map_01_serial.data
[0.602s] -- Up-to-date symlink: /home/brilliant/ros2_ws/install/minibot/share/minibot/maps/map_01_serial.posegraph
[0.603s] -- Up-to-date symlink: /home/brilliant/ros2_ws/install/minibot/share/minibot/maps/sample_map.pgm
[0.603s] -- Up-to-date symlink: /home/brilliant/ros2_ws/install/minibot/share/minibot/maps/sample_map.yaml
[0.604s] -- Up-to-date symlink: /home/brilliant/ros2_ws/install/minibot/share/minibot/maps/sample_map_serial.data
[0.604s] -- Up-to-date symlink: /home/brilliant/ros2_ws/install/minibot/share/minibot/maps/sample_map_serial.posegraph
[0.606s] -- Up-to-date symlink: /home/brilliant/ros2_ws/install/minibot/share/minibot/visual_demos/Nav2_demostration-ezgif.com-video-to-gif-converter.gif
[0.607s] -- Up-to-date symlink: /home/brilliant/ros2_ws/install/minibot/share/minibot/visual_demos/SLAM_demostration-ezgif.com-video-to-gif-converter.gif
[0.608s] -- Up-to-date symlink: /home/brilliant/ros2_ws/install/minibot/share/minibot/visual_demos/robot_hardware.jpg
[0.608s] -- Up-to-date symlink: /home/brilliant/ros2_ws/install/minibot/share/minibot/visual_demos/robot_visual.jpg
[0.609s] -- Up-to-date symlink: /home/brilliant/ros2_ws/install/minibot/share/ament_index/resource_index/package_run_dependencies/minibot
[0.611s] -- Up-to-date symlink: /home/brilliant/ros2_ws/install/minibot/share/ament_index/resource_index/parent_prefix_path/minibot
[0.611s] -- Up-to-date symlink: /home/brilliant/ros2_ws/install/minibot/share/minibot/environment/ament_prefix_path.sh
[0.612s] -- Up-to-date symlink: /home/brilliant/ros2_ws/install/minibot/share/minibot/environment/ament_prefix_path.dsv
[0.617s] -- Up-to-date symlink: /home/brilliant/ros2_ws/install/minibot/share/minibot/environment/path.sh
[0.617s] -- Up-to-date symlink: /home/brilliant/ros2_ws/install/minibot/share/minibot/environment/path.dsv
[0.617s] -- Up-to-date symlink: /home/brilliant/ros2_ws/install/minibot/share/minibot/local_setup.bash
[0.618s] -- Up-to-date symlink: /home/brilliant/ros2_ws/install/minibot/share/minibot/local_setup.sh
[0.618s] -- Up-to-date symlink: /home/brilliant/ros2_ws/install/minibot/share/minibot/local_setup.zsh
[0.618s] -- Up-to-date symlink: /home/brilliant/ros2_ws/install/minibot/share/minibot/local_setup.dsv
[0.618s] -- Symlinking: /home/brilliant/ros2_ws/install/minibot/share/minibot/package.dsv
[0.658s] -- Up-to-date symlink: /home/brilliant/ros2_ws/install/minibot/share/ament_index/resource_index/packages/minibot
[0.659s] -- Up-to-date symlink: /home/brilliant/ros2_ws/install/minibot/share/minibot/cmake/minibotConfig.cmake
[0.659s] -- Up-to-date symlink: /home/brilliant/ros2_ws/install/minibot/share/minibot/cmake/minibotConfig-version.cmake
[0.660s] -- Up-to-date symlink: /home/brilliant/ros2_ws/install/minibot/share/minibot/package.xml
[0.735s] Invoked command in '/home/brilliant/ros2_ws/build/minibot' returned '0': CMAKE_PREFIX_PATH=${CMAKE_PREFIX_PATH}:/home/brilliant/ros2_ws/install/twist_stamper:/home/brilliant/ros2_ws/install/nav2_simple_commander:/home/brilliant/ros2_ws/install/nav2_loopback_sim:/opt/ros/jazzy DEBUGINFOD_URLS=https://debuginfod.ubuntu.com /usr/bin/cmake --install /home/brilliant/ros2_ws/build/minibot
