[  1%] Built target nav2_compute_path_through_poses_action_bt_node
[  2%] Built target nav2_compute_path_to_pose_action_bt_node
[  2%] Built target nav2_behavior_tree
[  3%] Built target nav2_controller_cancel_bt_node
[  3%] Built target nav2_spin_cancel_bt_node
[  4%] Built target nav2_wait_cancel_bt_node
[  5%] Built target nav2_assisted_teleop_cancel_bt_node
[  6%] Built target nav2_back_up_cancel_bt_node
[  7%] Built target nav2_follow_path_action_bt_node
[  8%] Built target nav2_smooth_path_action_bt_node
[  9%] Built target nav2_drive_on_heading_cancel_bt_node
[ 10%] Built target nav2_back_up_action_bt_node
[ 11%] Built target nav2_spin_action_bt_node
[ 11%] Built target nav2_drive_on_heading_bt_node
[ 12%] Built target nav2_wait_action_bt_node
[ 13%] Built target nav2_assisted_teleop_action_bt_node
[ 14%] Built target nav2_clear_costmap_service_bt_node
[ 15%] Built target nav2_transform_available_condition_bt_node
[ 16%] Built target nav2_is_stuck_condition_bt_node
[ 17%] Built target nav2_goal_reached_condition_bt_node
[ 18%] Built target nav2_is_path_valid_condition_bt_node
[ 19%] Built target nav2_time_expired_condition_bt_node
[ 20%] Built target nav2_path_expiring_timer_condition
[ 21%] Built target nav2_distance_traveled_condition_bt_node
[ 22%] Built target nav2_initial_pose_received_condition_bt_node
[ 23%] Built target nav2_is_battery_charging_condition_bt_node
[ 24%] Built target nav2_is_battery_low_condition_bt_node
[ 25%] Built target nav2_are_error_codes_active_condition_bt_node
[ 26%] Built target nav2_would_a_controller_recovery_help_condition_bt_node
[ 27%] Built target nav2_would_a_planner_recovery_help_condition_bt_node
[ 27%] Built target nav2_would_a_smoother_recovery_help_condition_bt_node
[ 27%] Built target nav2_reinitialize_global_localization_service_bt_node
[ 28%] Built target nav2_rate_controller_bt_node
[ 29%] Built target nav2_distance_controller_bt_node
[ 30%] Built target nav2_speed_controller_bt_node
[ 31%] Built target nav2_truncate_path_action_bt_node
[ 32%] Built target nav2_truncate_path_local_action_bt_node
[ 33%] Built target nav2_goal_updater_node_bt_node
[ 34%] Built target nav2_path_longer_on_approach_bt_node
[ 35%] Built target nav2_recovery_node_bt_node
[ 35%] Built target nav2_navigate_to_pose_action_bt_node
[ 36%] Built target nav2_navigate_through_poses_action_bt_node
[ 37%] Built target nav2_remove_passed_goals_action_bt_node
[ 38%] Built target nav2_get_pose_from_path_action_bt_node
[ 39%] Built target nav2_pipeline_sequence_bt_node
[ 40%] Built target nav2_round_robin_node_bt_node
[ 41%] Built target nav2_single_trigger_bt_node
[ 42%] Built target nav2_planner_selector_bt_node
[ 43%] Built target nav2_controller_selector_bt_node
[ 43%] [32mBuilding CXX object CMakeFiles/nav2_smoother_selector_bt_node.dir/plugins/action/smoother_selector_node.cpp.o[0m
[ 43%] [32mBuilding CXX object CMakeFiles/nav2_goal_checker_selector_bt_node.dir/plugins/action/goal_checker_selector_node.cpp.o[0m
[ 44%] Built target nav2_goal_updated_condition_bt_node
[ 45%] Built target nav2_globally_updated_goal_condition_bt_node
[ 46%] Built target nav2_progress_checker_selector_bt_node
[ 46%] Built target nav2_goal_updated_controller_bt_node
[ 46%] Built target generate_nav2_tree_nodes_xml
[ 47%] Built target gtest_main
[ 48%] Built target gtest
[ 48%] [32mBuilding CXX object test/CMakeFiles/test_bt_utils.dir/test_bt_utils.cpp.o[0m
[ 48%] [32mBuilding CXX object test/plugins/condition/CMakeFiles/test_condition_distance_traveled.dir/test_distance_traveled.cpp.o[0m
[ 49%] [32m[1mLinking CXX shared library libnav2_smoother_selector_bt_node.so[0m
[ 49%] Built target nav2_smoother_selector_bt_node
[ 50%] [32m[1mLinking CXX executable test_bt_utils[0m
[ 50%] Built target test_bt_utils
[ 51%] [32m[1mLinking CXX executable test_condition_distance_traveled[0m
[ 51%] Built target test_condition_distance_traveled
[ 52%] [32m[1mLinking CXX shared library libnav2_goal_checker_selector_bt_node.so[0m
[ 52%] Built target nav2_goal_checker_selector_bt_node
[ 53%] [32mBuilding CXX object test/plugins/condition/CMakeFiles/test_condition_goal_reached.dir/test_goal_reached.cpp.o[0m
[ 53%] [32m[1mLinking CXX executable test_condition_goal_reached[0m
[ 53%] Built target test_condition_goal_reached
[ 54%] [32mBuilding CXX object test/plugins/condition/CMakeFiles/test_condition_goal_updated.dir/test_goal_updated.cpp.o[0m
[ 54%] [32m[1mLinking CXX executable test_condition_goal_updated[0m
[ 54%] [32mBuilding CXX object test/plugins/condition/CMakeFiles/test_condition_globally_updated_goal.dir/test_globally_updated_goal.cpp.o[0m
[ 54%] Built target test_condition_goal_updated
[ 54%] [32mBuilding CXX object test/plugins/condition/CMakeFiles/test_condition_path_expiring_timer.dir/test_path_expiring_timer.cpp.o[0m
[ 55%] [32mBuilding CXX object test/plugins/condition/CMakeFiles/test_condition_initial_pose_received.dir/test_initial_pose_received.cpp.o[0m
[ 56%] [32mBuilding CXX object test/plugins/condition/CMakeFiles/test_condition_time_expired.dir/test_time_expired.cpp.o[0m
[ 56%] [32m[1mLinking CXX executable test_condition_initial_pose_received[0m
[ 56%] [32m[1mLinking CXX executable test_condition_globally_updated_goal[0m
[ 56%] [32m[1mLinking CXX executable test_condition_path_expiring_timer[0m
[ 56%] [32m[1mLinking CXX executable test_condition_time_expired[0m
[ 56%] Built target test_condition_initial_pose_received
[ 56%] Built target test_condition_globally_updated_goal
[ 56%] Built target test_condition_path_expiring_timer
[ 56%] Built target test_condition_time_expired
[ 57%] [32mBuilding CXX object test/plugins/condition/CMakeFiles/test_condition_is_battery_charging.dir/test_is_battery_charging.cpp.o[0m
[ 57%] [32m[1mLinking CXX executable test_condition_is_battery_charging[0m
[ 57%] Built target test_condition_is_battery_charging
[ 57%] [32mBuilding CXX object test/plugins/condition/CMakeFiles/test_condition_is_battery_low.dir/test_is_battery_low.cpp.o[0m
[ 58%] [32m[1mLinking CXX executable test_condition_is_battery_low[0m
[ 58%] Built target test_condition_is_battery_low
[ 58%] [32mBuilding CXX object test/plugins/condition/CMakeFiles/test_condition_is_path_valid.dir/test_is_path_valid.cpp.o[0m
[ 59%] [32m[1mLinking CXX executable test_condition_is_path_valid[0m
[ 59%] Built target test_condition_is_path_valid
[ 59%] [32mBuilding CXX object test/plugins/condition/CMakeFiles/test_are_error_codes_present.dir/test_are_error_codes_present.cpp.o[0m
[ 59%] [32mBuilding CXX object test/plugins/condition/CMakeFiles/test_would_a_controller_recovery_help.dir/test_would_a_controller_recovery_help.cpp.o[0m
[ 59%] [32mBuilding CXX object test/plugins/condition/CMakeFiles/test_condition_is_stuck.dir/test_is_stuck.cpp.o[0m
[ 60%] [32mBuilding CXX object test/plugins/condition/CMakeFiles/test_condition_transform_available.dir/test_transform_available.cpp.o[0m
[ 61%] [32m[1mLinking CXX executable test_are_error_codes_present[0m
[ 61%] Built target test_are_error_codes_present
[ 62%] [32m[1mLinking CXX executable test_would_a_controller_recovery_help[0m
[ 62%] Built target test_would_a_controller_recovery_help
[ 62%] [32m[1mLinking CXX executable test_condition_transform_available[0m
[ 63%] [32m[1mLinking CXX executable test_condition_is_stuck[0m
[ 63%] Built target test_condition_transform_available
[ 63%] Built target test_condition_is_stuck
[ 63%] [32mBuilding CXX object test/plugins/decorator/CMakeFiles/test_decorator_distance_controller.dir/test_distance_controller.cpp.o[0m
[ 64%] [32m[1mLinking CXX executable test_decorator_distance_controller[0m
[ 64%] Built target test_decorator_distance_controller
[ 65%] [32mBuilding CXX object test/plugins/decorator/CMakeFiles/test_decorator_speed_controller.dir/test_speed_controller.cpp.o[0m
[ 66%] [32mBuilding CXX object test/plugins/decorator/CMakeFiles/test_decorator_rate_controller.dir/test_rate_controller.cpp.o[0m
[ 66%] [32mBuilding CXX object test/plugins/condition/CMakeFiles/test_would_a_smoother_recovery_help.dir/test_would_a_smoother_recovery_help.cpp.o[0m
[ 66%] [32mBuilding CXX object test/plugins/condition/CMakeFiles/test_would_a_planner_recovery_help.dir/test_would_a_planner_recovery_help.cpp.o[0m
[ 66%] [32m[1mLinking CXX executable test_decorator_speed_controller[0m
[ 66%] Built target test_decorator_speed_controller
[ 66%] [32m[1mLinking CXX executable test_decorator_rate_controller[0m
[ 66%] Built target test_decorator_rate_controller
[ 67%] [32m[1mLinking CXX executable test_would_a_smoother_recovery_help[0m
[ 68%] [32m[1mLinking CXX executable test_would_a_planner_recovery_help[0m
[ 68%] Built target test_would_a_smoother_recovery_help
[ 68%] Built target test_would_a_planner_recovery_help
[ 68%] [32mBuilding CXX object test/plugins/decorator/CMakeFiles/test_goal_updated_controller.dir/test_goal_updated_controller.cpp.o[0m
[ 68%] [32mBuilding CXX object test/plugins/decorator/CMakeFiles/test_decorator_path_longer_on_approach.dir/test_path_longer_on_approach.cpp.o[0m
[ 69%] [32mBuilding CXX object test/plugins/decorator/CMakeFiles/test_single_trigger_node.dir/test_single_trigger_node.cpp.o[0m
[ 69%] [32mBuilding CXX object test/plugins/decorator/CMakeFiles/test_goal_updater_node.dir/test_goal_updater_node.cpp.o[0m
[ 70%] [32m[1mLinking CXX executable test_goal_updated_controller[0m
[ 70%] Built target test_goal_updated_controller
[ 70%] [32m[1mLinking CXX executable test_decorator_path_longer_on_approach[0m
[ 70%] Built target test_decorator_path_longer_on_approach
[ 71%] [32m[1mLinking CXX executable test_goal_updater_node[0m
[ 71%] Built target test_goal_updater_node
[ 71%] [32mBuilding CXX object test/plugins/control/CMakeFiles/test_control_round_robin_node.dir/test_round_robin_node.cpp.o[0m
[ 71%] [32m[1mLinking CXX executable test_single_trigger_node[0m
[ 71%] Built target test_single_trigger_node
[ 72%] [32mBuilding CXX object test/plugins/control/CMakeFiles/test_control_pipeline_sequence.dir/test_pipeline_sequence.cpp.o[0m
[ 72%] [32mBuilding CXX object test/plugins/action/CMakeFiles/test_bt_action_node.dir/test_bt_action_node.cpp.o[0m
[ 73%] [32m[1mLinking CXX executable test_control_round_robin_node[0m
[ 73%] Built target test_control_round_robin_node
[ 73%] [32m[1mLinking CXX executable test_control_pipeline_sequence[0m
[ 73%] Built target test_control_pipeline_sequence
[ 74%] [32m[1mLinking CXX executable test_bt_action_node[0m
[ 74%] Built target test_bt_action_node
[ 75%] [32mBuilding CXX object test/plugins/action/CMakeFiles/test_action_back_up_action.dir/test_back_up_action.cpp.o[0m
[ 76%] [32mBuilding CXX object test/plugins/action/CMakeFiles/test_action_drive_on_heading.dir/test_drive_on_heading_action.cpp.o[0m
[ 76%] [32mBuilding CXX object test/plugins/action/CMakeFiles/test_action_spin_action.dir/test_spin_action.cpp.o[0m
[ 77%] [32mBuilding CXX object test/plugins/control/CMakeFiles/test_control_recovery_node.dir/test_recovery_node.cpp.o[0m
[ 77%] [32m[1mLinking CXX executable test_action_back_up_action[0m
[ 77%] Built target test_action_back_up_action
[ 77%] [32m[1mLinking CXX executable test_action_drive_on_heading[0m
[ 77%] [32m[1mLinking CXX executable test_action_spin_action[0m
[ 77%] Built target test_action_drive_on_heading
[ 77%] Built target test_action_spin_action
[ 77%] [32m[1mLinking CXX executable test_control_recovery_node[0m
[ 77%] Built target test_control_recovery_node
[ 77%] [32mBuilding CXX object test/plugins/action/CMakeFiles/test_action_controller_cancel_action.dir/test_controller_cancel_node.cpp.o[0m
[ 78%] [32mBuilding CXX object test/plugins/action/CMakeFiles/test_action_wait_cancel_action.dir/test_wait_cancel_node.cpp.o[0m
[ 79%] [32mBuilding CXX object test/plugins/action/CMakeFiles/test_action_assisted_teleop_action.dir/test_assisted_teleop_action.cpp.o[0m
[ 80%] [32mBuilding CXX object test/plugins/action/CMakeFiles/test_action_wait_action.dir/test_wait_action.cpp.o[0m
[ 80%] [32m[1mLinking CXX executable test_action_controller_cancel_action[0m
[ 80%] Built target test_action_controller_cancel_action
[ 80%] [32m[1mLinking CXX executable test_action_wait_cancel_action[0m
[ 80%] [32m[1mLinking CXX executable test_action_assisted_teleop_action[0m
[ 80%] [32m[1mLinking CXX executable test_action_wait_action[0m
[ 80%] Built target test_action_wait_cancel_action
[ 80%] Built target test_action_assisted_teleop_action
[ 80%] Built target test_action_wait_action
[ 81%] [32mBuilding CXX object test/plugins/action/CMakeFiles/test_action_assisted_teleop_cancel_action.dir/test_assisted_teleop_cancel_node.cpp.o[0m
[ 82%] [32mBuilding CXX object test/plugins/action/CMakeFiles/test_action_drive_on_heading_cancel_action.dir/test_drive_on_heading_cancel_node.cpp.o[0m
[ 82%] [32mBuilding CXX object test/plugins/action/CMakeFiles/test_action_back_up_cancel_action.dir/test_back_up_cancel_node.cpp.o[0m
[ 83%] [32mBuilding CXX object test/plugins/action/CMakeFiles/test_action_spin_cancel_action.dir/test_spin_cancel_node.cpp.o[0m
[ 83%] [32m[1mLinking CXX executable test_action_assisted_teleop_cancel_action[0m
[ 83%] Built target test_action_assisted_teleop_cancel_action
[ 83%] [32m[1mLinking CXX executable test_action_drive_on_heading_cancel_action[0m
[ 83%] Built target test_action_drive_on_heading_cancel_action
[ 83%] [32m[1mLinking CXX executable test_action_spin_cancel_action[0m
[ 84%] [32m[1mLinking CXX executable test_action_back_up_cancel_action[0m
[ 84%] Built target test_action_spin_cancel_action
[ 84%] Built target test_action_back_up_cancel_action
[ 84%] [32mBuilding CXX object test/plugins/action/CMakeFiles/test_action_compute_path_to_pose_action.dir/test_compute_path_to_pose_action.cpp.o[0m
[ 84%] [32mBuilding CXX object test/plugins/action/CMakeFiles/test_action_compute_path_through_poses_action.dir/test_compute_path_through_poses_action.cpp.o[0m
[ 84%] [32mBuilding CXX object test/plugins/action/CMakeFiles/test_action_reinitialize_global_localization_service.dir/test_reinitialize_global_localization_service.cpp.o[0m
[ 84%] [32mBuilding CXX object test/plugins/action/CMakeFiles/test_action_clear_costmap_service.dir/test_clear_costmap_service.cpp.o[0m
[ 85%] [32m[1mLinking CXX executable test_action_compute_path_to_pose_action[0m
[ 85%] Built target test_action_compute_path_to_pose_action
[ 86%] [32m[1mLinking CXX executable test_action_reinitialize_global_localization_service[0m
[ 86%] Built target test_action_reinitialize_global_localization_service
[ 87%] [32m[1mLinking CXX executable test_action_compute_path_through_poses_action[0m
[ 87%] Built target test_action_compute_path_through_poses_action
[ 88%] [32m[1mLinking CXX executable test_action_clear_costmap_service[0m
[ 88%] Built target test_action_clear_costmap_service
[ 88%] [32mBuilding CXX object test/plugins/action/CMakeFiles/test_action_navigate_to_pose_action.dir/test_navigate_to_pose_action.cpp.o[0m
[ 89%] [32m[1mLinking CXX executable test_action_navigate_to_pose_action[0m
[ 89%] Built target test_action_navigate_to_pose_action
[ 89%] [32mBuilding CXX object test/plugins/action/CMakeFiles/test_action_navigate_through_poses_action.dir/test_navigate_through_poses_action.cpp.o[0m
[ 90%] [32mBuilding CXX object test/plugins/action/CMakeFiles/test_truncate_path_action.dir/test_truncate_path_action.cpp.o[0m
[ 91%] [32mBuilding CXX object test/plugins/action/CMakeFiles/test_action_follow_path_action.dir/test_follow_path_action.cpp.o[0m
[ 91%] [32mBuilding CXX object test/plugins/action/CMakeFiles/test_action_smooth_path_action.dir/test_smooth_path_action.cpp.o[0m
[ 92%] [32m[1mLinking CXX executable test_action_navigate_through_poses_action[0m
[ 92%] Built target test_action_navigate_through_poses_action
[ 92%] [32m[1mLinking CXX executable test_truncate_path_action[0m
[ 92%] Built target test_truncate_path_action
[ 92%] [32m[1mLinking CXX executable test_action_follow_path_action[0m
[ 93%] [32m[1mLinking CXX executable test_action_smooth_path_action[0m
[ 93%] Built target test_action_follow_path_action
[ 93%] Built target test_action_smooth_path_action
[ 94%] [32mBuilding CXX object test/plugins/action/CMakeFiles/test_get_pose_from_path_action.dir/test_get_pose_from_path_action.cpp.o[0m
[ 94%] [32mBuilding CXX object test/plugins/action/CMakeFiles/test_planner_selector_node.dir/test_planner_selector_node.cpp.o[0m
[ 95%] [32mBuilding CXX object test/plugins/action/CMakeFiles/test_remove_passed_goals_action.dir/test_remove_passed_goals_action.cpp.o[0m
[ 95%] [32mBuilding CXX object test/plugins/action/CMakeFiles/test_truncate_path_local_action.dir/test_truncate_path_local_action.cpp.o[0m
[ 95%] [32m[1mLinking CXX executable test_get_pose_from_path_action[0m
[ 95%] Built target test_get_pose_from_path_action
[ 96%] [32m[1mLinking CXX executable test_planner_selector_node[0m
[ 96%] Built target test_planner_selector_node
[ 96%] [32m[1mLinking CXX executable test_remove_passed_goals_action[0m
[ 96%] Built target test_remove_passed_goals_action
[ 97%] [32m[1mLinking CXX executable test_truncate_path_local_action[0m
[ 97%] Built target test_truncate_path_local_action
[ 98%] [32mBuilding CXX object test/plugins/action/CMakeFiles/test_goal_checker_selector_node.dir/test_goal_checker_selector_node.cpp.o[0m
[ 98%] [32m[1mLinking CXX executable test_goal_checker_selector_node[0m
[ 98%] Built target test_goal_checker_selector_node
[ 99%] [32mBuilding CXX object test/plugins/action/CMakeFiles/test_smoother_selector_node.dir/test_smoother_selector_node.cpp.o[0m
[ 99%] [32mBuilding CXX object test/plugins/action/CMakeFiles/test_progress_checker_selector_node.dir/test_progress_checker_selector_node.cpp.o[0m
[ 99%] [32m[1mLinking CXX executable test_progress_checker_selector_node[0m
[ 99%] Built target test_progress_checker_selector_node
[ 99%] [32mBuilding CXX object test/plugins/action/CMakeFiles/test_controller_selector_node.dir/test_controller_selector_node.cpp.o[0m
[ 99%] [32m[1mLinking CXX executable test_smoother_selector_node[0m
[ 99%] Built target test_smoother_selector_node
[100%] [32m[1mLinking CXX executable test_controller_selector_node[0m
[100%] Built target test_controller_selector_node
-- Install configuration: "Release"
-- Execute custom install script
-- Symlinking: /home/brilliant/ros2_ws/install/nav2_behavior_tree/lib/libnav2_behavior_tree.so
-- Symlinking: /home/brilliant/ros2_ws/install/nav2_behavior_tree/lib/libnav2_compute_path_to_pose_action_bt_node.so
-- Symlinking: /home/brilliant/ros2_ws/install/nav2_behavior_tree/lib/libnav2_compute_path_through_poses_action_bt_node.so
-- Symlinking: /home/brilliant/ros2_ws/install/nav2_behavior_tree/lib/libnav2_controller_cancel_bt_node.so
-- Symlinking: /home/brilliant/ros2_ws/install/nav2_behavior_tree/lib/libnav2_wait_cancel_bt_node.so
-- Symlinking: /home/brilliant/ros2_ws/install/nav2_behavior_tree/lib/libnav2_spin_cancel_bt_node.so
-- Symlinking: /home/brilliant/ros2_ws/install/nav2_behavior_tree/lib/libnav2_back_up_cancel_bt_node.so
-- Symlinking: /home/brilliant/ros2_ws/install/nav2_behavior_tree/lib/libnav2_assisted_teleop_cancel_bt_node.so
-- Symlinking: /home/brilliant/ros2_ws/install/nav2_behavior_tree/lib/libnav2_drive_on_heading_cancel_bt_node.so
-- Symlinking: /home/brilliant/ros2_ws/install/nav2_behavior_tree/lib/libnav2_smooth_path_action_bt_node.so
-- Symlinking: /home/brilliant/ros2_ws/install/nav2_behavior_tree/lib/libnav2_follow_path_action_bt_node.so
-- Symlinking: /home/brilliant/ros2_ws/install/nav2_behavior_tree/lib/libnav2_back_up_action_bt_node.so
-- Symlinking: /home/brilliant/ros2_ws/install/nav2_behavior_tree/lib/libnav2_drive_on_heading_bt_node.so
-- Symlinking: /home/brilliant/ros2_ws/install/nav2_behavior_tree/lib/libnav2_spin_action_bt_node.so
-- Symlinking: /home/brilliant/ros2_ws/install/nav2_behavior_tree/lib/libnav2_wait_action_bt_node.so
-- Symlinking: /home/brilliant/ros2_ws/install/nav2_behavior_tree/lib/libnav2_assisted_teleop_action_bt_node.so
-- Symlinking: /home/brilliant/ros2_ws/install/nav2_behavior_tree/lib/libnav2_clear_costmap_service_bt_node.so
-- Symlinking: /home/brilliant/ros2_ws/install/nav2_behavior_tree/lib/libnav2_is_stuck_condition_bt_node.so
-- Symlinking: /home/brilliant/ros2_ws/install/nav2_behavior_tree/lib/libnav2_transform_available_condition_bt_node.so
-- Symlinking: /home/brilliant/ros2_ws/install/nav2_behavior_tree/lib/libnav2_goal_reached_condition_bt_node.so
-- Symlinking: /home/brilliant/ros2_ws/install/nav2_behavior_tree/lib/libnav2_globally_updated_goal_condition_bt_node.so
-- Symlinking: /home/brilliant/ros2_ws/install/nav2_behavior_tree/lib/libnav2_goal_updated_condition_bt_node.so
-- Symlinking: /home/brilliant/ros2_ws/install/nav2_behavior_tree/lib/libnav2_is_path_valid_condition_bt_node.so
-- Symlinking: /home/brilliant/ros2_ws/install/nav2_behavior_tree/lib/libnav2_time_expired_condition_bt_node.so
-- Symlinking: /home/brilliant/ros2_ws/install/nav2_behavior_tree/lib/libnav2_path_expiring_timer_condition.so
-- Symlinking: /home/brilliant/ros2_ws/install/nav2_behavior_tree/lib/libnav2_distance_traveled_condition_bt_node.so
-- Symlinking: /home/brilliant/ros2_ws/install/nav2_behavior_tree/lib/libnav2_initial_pose_received_condition_bt_node.so
-- Symlinking: /home/brilliant/ros2_ws/install/nav2_behavior_tree/lib/libnav2_is_battery_charging_condition_bt_node.so
-- Symlinking: /home/brilliant/ros2_ws/install/nav2_behavior_tree/lib/libnav2_is_battery_low_condition_bt_node.so
-- Symlinking: /home/brilliant/ros2_ws/install/nav2_behavior_tree/lib/libnav2_are_error_codes_active_condition_bt_node.so
-- Symlinking: /home/brilliant/ros2_ws/install/nav2_behavior_tree/lib/libnav2_would_a_controller_recovery_help_condition_bt_node.so
-- Symlinking: /home/brilliant/ros2_ws/install/nav2_behavior_tree/lib/libnav2_would_a_planner_recovery_help_condition_bt_node.so
-- Symlinking: /home/brilliant/ros2_ws/install/nav2_behavior_tree/lib/libnav2_would_a_smoother_recovery_help_condition_bt_node.so
-- Symlinking: /home/brilliant/ros2_ws/install/nav2_behavior_tree/lib/libnav2_reinitialize_global_localization_service_bt_node.so
-- Symlinking: /home/brilliant/ros2_ws/install/nav2_behavior_tree/lib/libnav2_rate_controller_bt_node.so
-- Symlinking: /home/brilliant/ros2_ws/install/nav2_behavior_tree/lib/libnav2_distance_controller_bt_node.so
-- Symlinking: /home/brilliant/ros2_ws/install/nav2_behavior_tree/lib/libnav2_speed_controller_bt_node.so
-- Symlinking: /home/brilliant/ros2_ws/install/nav2_behavior_tree/lib/libnav2_truncate_path_action_bt_node.so
-- Symlinking: /home/brilliant/ros2_ws/install/nav2_behavior_tree/lib/libnav2_truncate_path_local_action_bt_node.so
-- Symlinking: /home/brilliant/ros2_ws/install/nav2_behavior_tree/lib/libnav2_goal_updater_node_bt_node.so
-- Symlinking: /home/brilliant/ros2_ws/install/nav2_behavior_tree/lib/libnav2_path_longer_on_approach_bt_node.so
-- Symlinking: /home/brilliant/ros2_ws/install/nav2_behavior_tree/lib/libnav2_recovery_node_bt_node.so
-- Symlinking: /home/brilliant/ros2_ws/install/nav2_behavior_tree/lib/libnav2_navigate_to_pose_action_bt_node.so
-- Symlinking: /home/brilliant/ros2_ws/install/nav2_behavior_tree/lib/libnav2_navigate_through_poses_action_bt_node.so
-- Symlinking: /home/brilliant/ros2_ws/install/nav2_behavior_tree/lib/libnav2_remove_passed_goals_action_bt_node.so
-- Symlinking: /home/brilliant/ros2_ws/install/nav2_behavior_tree/lib/libnav2_get_pose_from_path_action_bt_node.so
-- Symlinking: /home/brilliant/ros2_ws/install/nav2_behavior_tree/lib/libnav2_pipeline_sequence_bt_node.so
-- Symlinking: /home/brilliant/ros2_ws/install/nav2_behavior_tree/lib/libnav2_round_robin_node_bt_node.so
-- Symlinking: /home/brilliant/ros2_ws/install/nav2_behavior_tree/lib/libnav2_single_trigger_bt_node.so
-- Symlinking: /home/brilliant/ros2_ws/install/nav2_behavior_tree/lib/libnav2_planner_selector_bt_node.so
-- Symlinking: /home/brilliant/ros2_ws/install/nav2_behavior_tree/lib/libnav2_controller_selector_bt_node.so
-- Symlinking: /home/brilliant/ros2_ws/install/nav2_behavior_tree/lib/libnav2_smoother_selector_bt_node.so
-- Symlinking: /home/brilliant/ros2_ws/install/nav2_behavior_tree/lib/libnav2_goal_checker_selector_bt_node.so
-- Symlinking: /home/brilliant/ros2_ws/install/nav2_behavior_tree/lib/libnav2_progress_checker_selector_bt_node.so
-- Symlinking: /home/brilliant/ros2_ws/install/nav2_behavior_tree/lib/libnav2_goal_updated_controller_bt_node.so
-- Symlinking: /home/brilliant/ros2_ws/install/nav2_behavior_tree/lib/nav2_behavior_tree/generate_nav2_tree_nodes_xml
-- Symlinking: /home/brilliant/ros2_ws/install/nav2_behavior_tree/include//nav2_behavior_tree/behavior_tree_engine.hpp
-- Symlinking: /home/brilliant/ros2_ws/install/nav2_behavior_tree/include//nav2_behavior_tree/bt_action_node.hpp
-- Symlinking: /home/brilliant/ros2_ws/install/nav2_behavior_tree/include//nav2_behavior_tree/bt_action_server.hpp
-- Symlinking: /home/brilliant/ros2_ws/install/nav2_behavior_tree/include//nav2_behavior_tree/bt_action_server_impl.hpp
-- Symlinking: /home/brilliant/ros2_ws/install/nav2_behavior_tree/include//nav2_behavior_tree/bt_cancel_action_node.hpp
-- Symlinking: /home/brilliant/ros2_ws/install/nav2_behavior_tree/include//nav2_behavior_tree/bt_service_node.hpp
-- Symlinking: /home/brilliant/ros2_ws/install/nav2_behavior_tree/include//nav2_behavior_tree/bt_utils.hpp
-- Symlinking: /home/brilliant/ros2_ws/install/nav2_behavior_tree/include//nav2_behavior_tree/plugins/action/assisted_teleop_action.hpp
-- Symlinking: /home/brilliant/ros2_ws/install/nav2_behavior_tree/include//nav2_behavior_tree/plugins/action/assisted_teleop_cancel_node.hpp
-- Symlinking: /home/brilliant/ros2_ws/install/nav2_behavior_tree/include//nav2_behavior_tree/plugins/action/back_up_action.hpp
-- Symlinking: /home/brilliant/ros2_ws/install/nav2_behavior_tree/include//nav2_behavior_tree/plugins/action/back_up_cancel_node.hpp
-- Symlinking: /home/brilliant/ros2_ws/install/nav2_behavior_tree/include//nav2_behavior_tree/plugins/action/clear_costmap_service.hpp
-- Symlinking: /home/brilliant/ros2_ws/install/nav2_behavior_tree/include//nav2_behavior_tree/plugins/action/compute_path_through_poses_action.hpp
-- Symlinking: /home/brilliant/ros2_ws/install/nav2_behavior_tree/include//nav2_behavior_tree/plugins/action/compute_path_to_pose_action.hpp
-- Symlinking: /home/brilliant/ros2_ws/install/nav2_behavior_tree/include//nav2_behavior_tree/plugins/action/controller_cancel_node.hpp
-- Symlinking: /home/brilliant/ros2_ws/install/nav2_behavior_tree/include//nav2_behavior_tree/plugins/action/controller_selector_node.hpp
-- Symlinking: /home/brilliant/ros2_ws/install/nav2_behavior_tree/include//nav2_behavior_tree/plugins/action/drive_on_heading_action.hpp
-- Symlinking: /home/brilliant/ros2_ws/install/nav2_behavior_tree/include//nav2_behavior_tree/plugins/action/drive_on_heading_cancel_node.hpp
-- Symlinking: /home/brilliant/ros2_ws/install/nav2_behavior_tree/include//nav2_behavior_tree/plugins/action/follow_path_action.hpp
-- Symlinking: /home/brilliant/ros2_ws/install/nav2_behavior_tree/include//nav2_behavior_tree/plugins/action/get_pose_from_path_action.hpp
-- Symlinking: /home/brilliant/ros2_ws/install/nav2_behavior_tree/include//nav2_behavior_tree/plugins/action/goal_checker_selector_node.hpp
-- Symlinking: /home/brilliant/ros2_ws/install/nav2_behavior_tree/include//nav2_behavior_tree/plugins/action/navigate_through_poses_action.hpp
-- Symlinking: /home/brilliant/ros2_ws/install/nav2_behavior_tree/include//nav2_behavior_tree/plugins/action/navigate_to_pose_action.hpp
-- Symlinking: /home/brilliant/ros2_ws/install/nav2_behavior_tree/include//nav2_behavior_tree/plugins/action/planner_selector_node.hpp
-- Symlinking: /home/brilliant/ros2_ws/install/nav2_behavior_tree/include//nav2_behavior_tree/plugins/action/progress_checker_selector_node.hpp
-- Symlinking: /home/brilliant/ros2_ws/install/nav2_behavior_tree/include//nav2_behavior_tree/plugins/action/reinitialize_global_localization_service.hpp
-- Symlinking: /home/brilliant/ros2_ws/install/nav2_behavior_tree/include//nav2_behavior_tree/plugins/action/remove_passed_goals_action.hpp
-- Symlinking: /home/brilliant/ros2_ws/install/nav2_behavior_tree/include//nav2_behavior_tree/plugins/action/smooth_path_action.hpp
-- Symlinking: /home/brilliant/ros2_ws/install/nav2_behavior_tree/include//nav2_behavior_tree/plugins/action/smoother_selector_node.hpp
-- Symlinking: /home/brilliant/ros2_ws/install/nav2_behavior_tree/include//nav2_behavior_tree/plugins/action/spin_action.hpp
-- Symlinking: /home/brilliant/ros2_ws/install/nav2_behavior_tree/include//nav2_behavior_tree/plugins/action/spin_cancel_node.hpp
-- Symlinking: /home/brilliant/ros2_ws/install/nav2_behavior_tree/include//nav2_behavior_tree/plugins/action/truncate_path_action.hpp
-- Symlinking: /home/brilliant/ros2_ws/install/nav2_behavior_tree/include//nav2_behavior_tree/plugins/action/truncate_path_local_action.hpp
-- Symlinking: /home/brilliant/ros2_ws/install/nav2_behavior_tree/include//nav2_behavior_tree/plugins/action/wait_action.hpp
-- Symlinking: /home/brilliant/ros2_ws/install/nav2_behavior_tree/include//nav2_behavior_tree/plugins/action/wait_cancel_node.hpp
-- Symlinking: /home/brilliant/ros2_ws/install/nav2_behavior_tree/include//nav2_behavior_tree/plugins/condition/are_error_codes_present_condition.hpp
-- Symlinking: /home/brilliant/ros2_ws/install/nav2_behavior_tree/include//nav2_behavior_tree/plugins/condition/distance_traveled_condition.hpp
-- Symlinking: /home/brilliant/ros2_ws/install/nav2_behavior_tree/include//nav2_behavior_tree/plugins/condition/globally_updated_goal_condition.hpp
-- Symlinking: /home/brilliant/ros2_ws/install/nav2_behavior_tree/include//nav2_behavior_tree/plugins/condition/goal_reached_condition.hpp
-- Symlinking: /home/brilliant/ros2_ws/install/nav2_behavior_tree/include//nav2_behavior_tree/plugins/condition/goal_updated_condition.hpp
-- Symlinking: /home/brilliant/ros2_ws/install/nav2_behavior_tree/include//nav2_behavior_tree/plugins/condition/initial_pose_received_condition.hpp
-- Symlinking: /home/brilliant/ros2_ws/install/nav2_behavior_tree/include//nav2_behavior_tree/plugins/condition/is_battery_charging_condition.hpp
-- Symlinking: /home/brilliant/ros2_ws/install/nav2_behavior_tree/include//nav2_behavior_tree/plugins/condition/is_battery_low_condition.hpp
-- Symlinking: /home/brilliant/ros2_ws/install/nav2_behavior_tree/include//nav2_behavior_tree/plugins/condition/is_path_valid_condition.hpp
-- Symlinking: /home/brilliant/ros2_ws/install/nav2_behavior_tree/include//nav2_behavior_tree/plugins/condition/is_stuck_condition.hpp
-- Symlinking: /home/brilliant/ros2_ws/install/nav2_behavior_tree/include//nav2_behavior_tree/plugins/condition/path_expiring_timer_condition.hpp
-- Symlinking: /home/brilliant/ros2_ws/install/nav2_behavior_tree/include//nav2_behavior_tree/plugins/condition/time_expired_condition.hpp
-- Symlinking: /home/brilliant/ros2_ws/install/nav2_behavior_tree/include//nav2_behavior_tree/plugins/condition/transform_available_condition.hpp
-- Symlinking: /home/brilliant/ros2_ws/install/nav2_behavior_tree/include//nav2_behavior_tree/plugins/condition/would_a_controller_recovery_help_condition.hpp
-- Symlinking: /home/brilliant/ros2_ws/install/nav2_behavior_tree/include//nav2_behavior_tree/plugins/condition/would_a_planner_recovery_help_condition.hpp
-- Symlinking: /home/brilliant/ros2_ws/install/nav2_behavior_tree/include//nav2_behavior_tree/plugins/condition/would_a_smoother_recovery_help_condition.hpp
-- Symlinking: /home/brilliant/ros2_ws/install/nav2_behavior_tree/include//nav2_behavior_tree/plugins/control/pipeline_sequence.hpp
-- Symlinking: /home/brilliant/ros2_ws/install/nav2_behavior_tree/include//nav2_behavior_tree/plugins/control/recovery_node.hpp
-- Symlinking: /home/brilliant/ros2_ws/install/nav2_behavior_tree/include//nav2_behavior_tree/plugins/control/round_robin_node.hpp
-- Symlinking: /home/brilliant/ros2_ws/install/nav2_behavior_tree/include//nav2_behavior_tree/plugins/decorator/distance_controller.hpp
-- Symlinking: /home/brilliant/ros2_ws/install/nav2_behavior_tree/include//nav2_behavior_tree/plugins/decorator/goal_updated_controller.hpp
-- Symlinking: /home/brilliant/ros2_ws/install/nav2_behavior_tree/include//nav2_behavior_tree/plugins/decorator/goal_updater_node.hpp
-- Symlinking: /home/brilliant/ros2_ws/install/nav2_behavior_tree/include//nav2_behavior_tree/plugins/decorator/path_longer_on_approach.hpp
-- Symlinking: /home/brilliant/ros2_ws/install/nav2_behavior_tree/include//nav2_behavior_tree/plugins/decorator/rate_controller.hpp
-- Symlinking: /home/brilliant/ros2_ws/install/nav2_behavior_tree/include//nav2_behavior_tree/plugins/decorator/single_trigger_node.hpp
-- Symlinking: /home/brilliant/ros2_ws/install/nav2_behavior_tree/include//nav2_behavior_tree/plugins/decorator/speed_controller.hpp
-- Symlinking: /home/brilliant/ros2_ws/install/nav2_behavior_tree/include//nav2_behavior_tree/ros_topic_logger.hpp
-- Symlinking: /home/brilliant/ros2_ws/install/nav2_behavior_tree/include/nav2_behavior_tree/utils//test_action_server.hpp
-- Symlinking: /home/brilliant/ros2_ws/install/nav2_behavior_tree/include/nav2_behavior_tree/utils//test_behavior_tree_fixture.hpp
-- Symlinking: /home/brilliant/ros2_ws/install/nav2_behavior_tree/include/nav2_behavior_tree/utils//test_dummy_tree_node.hpp
-- Symlinking: /home/brilliant/ros2_ws/install/nav2_behavior_tree/include/nav2_behavior_tree/utils//test_service.hpp
-- Symlinking: /home/brilliant/ros2_ws/install/nav2_behavior_tree/include/nav2_behavior_tree/utils//test_transform_handler.hpp
-- Symlinking: /home/brilliant/ros2_ws/install/nav2_behavior_tree/include/nav2_behavior_tree/nav2_behavior_tree/test/utils/test_action_server.hpp
-- Symlinking: /home/brilliant/ros2_ws/install/nav2_behavior_tree/include/nav2_behavior_tree/nav2_behavior_tree/test/utils/test_behavior_tree_fixture.hpp
-- Symlinking: /home/brilliant/ros2_ws/install/nav2_behavior_tree/include/nav2_behavior_tree/nav2_behavior_tree/test/utils/test_dummy_tree_node.hpp
-- Symlinking: /home/brilliant/ros2_ws/install/nav2_behavior_tree/include/nav2_behavior_tree/nav2_behavior_tree/test/utils/test_service.hpp
-- Symlinking: /home/brilliant/ros2_ws/install/nav2_behavior_tree/include/nav2_behavior_tree/nav2_behavior_tree/test/utils/test_transform_handler.hpp
-- Symlinking: /home/brilliant/ros2_ws/install/nav2_behavior_tree/share/nav2_behavior_tree/nav2_tree_nodes.xml
-- Symlinking: /home/brilliant/ros2_ws/install/nav2_behavior_tree/include/nav2_behavior_tree/plugins_list.hpp
-- Symlinking: /home/brilliant/ros2_ws/install/nav2_behavior_tree/share/nav2_behavior_tree/environment/library_path.sh
-- Symlinking: /home/brilliant/ros2_ws/install/nav2_behavior_tree/share/nav2_behavior_tree/environment/library_path.dsv
-- Symlinking: /home/brilliant/ros2_ws/install/nav2_behavior_tree/share/ament_index/resource_index/package_run_dependencies/nav2_behavior_tree
-- Symlinking: /home/brilliant/ros2_ws/install/nav2_behavior_tree/share/ament_index/resource_index/parent_prefix_path/nav2_behavior_tree
-- Symlinking: /home/brilliant/ros2_ws/install/nav2_behavior_tree/share/nav2_behavior_tree/environment/ament_prefix_path.sh
-- Symlinking: /home/brilliant/ros2_ws/install/nav2_behavior_tree/share/nav2_behavior_tree/environment/ament_prefix_path.dsv
-- Symlinking: /home/brilliant/ros2_ws/install/nav2_behavior_tree/share/nav2_behavior_tree/environment/path.sh
-- Symlinking: /home/brilliant/ros2_ws/install/nav2_behavior_tree/share/nav2_behavior_tree/environment/path.dsv
-- Symlinking: /home/brilliant/ros2_ws/install/nav2_behavior_tree/share/nav2_behavior_tree/local_setup.bash
-- Symlinking: /home/brilliant/ros2_ws/install/nav2_behavior_tree/share/nav2_behavior_tree/local_setup.sh
-- Symlinking: /home/brilliant/ros2_ws/install/nav2_behavior_tree/share/nav2_behavior_tree/local_setup.zsh
-- Symlinking: /home/brilliant/ros2_ws/install/nav2_behavior_tree/share/nav2_behavior_tree/local_setup.dsv
-- Symlinking: /home/brilliant/ros2_ws/install/nav2_behavior_tree/share/nav2_behavior_tree/package.dsv
-- Symlinking: /home/brilliant/ros2_ws/install/nav2_behavior_tree/share/ament_index/resource_index/packages/nav2_behavior_tree
-- Symlinking: /home/brilliant/ros2_ws/install/nav2_behavior_tree/share/nav2_behavior_tree/cmake/ament_cmake_export_include_directories-extras.cmake
-- Symlinking: /home/brilliant/ros2_ws/install/nav2_behavior_tree/share/nav2_behavior_tree/cmake/ament_cmake_export_libraries-extras.cmake
-- Symlinking: /home/brilliant/ros2_ws/install/nav2_behavior_tree/share/nav2_behavior_tree/cmake/ament_cmake_export_dependencies-extras.cmake
-- Symlinking: /home/brilliant/ros2_ws/install/nav2_behavior_tree/share/nav2_behavior_tree/cmake/nav2_behavior_treeConfig.cmake
-- Symlinking: /home/brilliant/ros2_ws/install/nav2_behavior_tree/share/nav2_behavior_tree/cmake/nav2_behavior_treeConfig-version.cmake
-- Symlinking: /home/brilliant/ros2_ws/install/nav2_behavior_tree/share/nav2_behavior_tree/package.xml
