[0.091s] Invoking command in '/home/brilliant/ros2_ws/build/nav2_common': CMAKE_PREFIX_PATH=${CMAKE_PREFIX_PATH}:/home/brilliant/ros2_ws/install/twist_stamper:/home/brilliant/ros2_ws/install/nav2_simple_commander:/home/brilliant/ros2_ws/install/nav2_loopback_sim:/opt/ros/jazzy DEBUGINFOD_URLS=https://debuginfod.ubuntu.com /usr/bin/cmake --build /home/brilliant/ros2_ws/build/nav2_common -- -j4 -l4
[0.400s] Built target ament_cmake_python_symlink_nav2_common
[1.032s] running egg_info
[1.094s] writing nav2_common.egg-info/PKG-INFO
[1.094s] writing dependency_links to nav2_common.egg-info/dependency_links.txt
[1.095s] writing top-level names to nav2_common.egg-info/top_level.txt
[1.270s] reading manifest file 'nav2_common.egg-info/SOURCES.txt'
[1.276s] writing manifest file 'nav2_common.egg-info/SOURCES.txt'
[1.417s] Built target ament_cmake_python_build_nav2_common_egg
[1.483s] Invoked command in '/home/brilliant/ros2_ws/build/nav2_common' returned '0': CMAKE_PREFIX_PATH=${CMAKE_PREFIX_PATH}:/home/brilliant/ros2_ws/install/twist_stamper:/home/brilliant/ros2_ws/install/nav2_simple_commander:/home/brilliant/ros2_ws/install/nav2_loopback_sim:/opt/ros/jazzy DEBUGINFOD_URLS=https://debuginfod.ubuntu.com /usr/bin/cmake --build /home/brilliant/ros2_ws/build/nav2_common -- -j4 -l4
[1.487s] Invoking command in '/home/brilliant/ros2_ws/build/nav2_common': CMAKE_PREFIX_PATH=${CMAKE_PREFIX_PATH}:/home/brilliant/ros2_ws/install/twist_stamper:/home/brilliant/ros2_ws/install/nav2_simple_commander:/home/brilliant/ros2_ws/install/nav2_loopback_sim:/opt/ros/jazzy DEBUGINFOD_URLS=https://debuginfod.ubuntu.com /usr/bin/cmake --install /home/brilliant/ros2_ws/build/nav2_common
[1.525s] -- Install configuration: ""
[1.528s] -- Execute custom install script
[1.531s] -- Up-to-date symlink: /home/brilliant/ros2_ws/install/nav2_common/share/nav2_common/environment/pythonpath.sh
[1.531s] -- Up-to-date symlink: /home/brilliant/ros2_ws/install/nav2_common/share/nav2_common/environment/pythonpath.dsv
[1.532s] -- Up-to-date symlink: /home/brilliant/ros2_ws/install/nav2_common/lib/python3.12/site-packages/nav2_common-1.3.7-py3.12.egg-info/PKG-INFO
[1.533s] -- Up-to-date symlink: /home/brilliant/ros2_ws/install/nav2_common/lib/python3.12/site-packages/nav2_common-1.3.7-py3.12.egg-info/SOURCES.txt
[1.533s] -- Up-to-date symlink: /home/brilliant/ros2_ws/install/nav2_common/lib/python3.12/site-packages/nav2_common-1.3.7-py3.12.egg-info/dependency_links.txt
[1.533s] -- Up-to-date symlink: /home/brilliant/ros2_ws/install/nav2_common/lib/python3.12/site-packages/nav2_common-1.3.7-py3.12.egg-info/top_level.txt
[1.537s] -- Up-to-date symlink: /home/brilliant/ros2_ws/install/nav2_common/lib/python3.12/site-packages/nav2_common/__init__.py
[1.538s] -- Up-to-date symlink: /home/brilliant/ros2_ws/install/nav2_common/lib/python3.12/site-packages/nav2_common/launch/__init__.py
[1.538s] -- Up-to-date symlink: /home/brilliant/ros2_ws/install/nav2_common/lib/python3.12/site-packages/nav2_common/launch/has_node_params.py
[1.539s] -- Up-to-date symlink: /home/brilliant/ros2_ws/install/nav2_common/lib/python3.12/site-packages/nav2_common/launch/parse_multirobot_pose.py
[1.541s] -- Up-to-date symlink: /home/brilliant/ros2_ws/install/nav2_common/lib/python3.12/site-packages/nav2_common/launch/replace_string.py
[1.542s] -- Up-to-date symlink: /home/brilliant/ros2_ws/install/nav2_common/lib/python3.12/site-packages/nav2_common/launch/rewritten_yaml.py
[1.543s] -- Up-to-date symlink: /home/brilliant/ros2_ws/install/nav2_common/share/ament_index/resource_index/package_run_dependencies/nav2_common
[1.543s] -- Up-to-date symlink: /home/brilliant/ros2_ws/install/nav2_common/share/ament_index/resource_index/parent_prefix_path/nav2_common
[1.544s] -- Up-to-date symlink: /home/brilliant/ros2_ws/install/nav2_common/share/nav2_common/environment/ament_prefix_path.sh
[1.544s] -- Up-to-date symlink: /home/brilliant/ros2_ws/install/nav2_common/share/nav2_common/environment/ament_prefix_path.dsv
[1.547s] -- Up-to-date symlink: /home/brilliant/ros2_ws/install/nav2_common/share/nav2_common/environment/path.sh
[1.547s] -- Up-to-date symlink: /home/brilliant/ros2_ws/install/nav2_common/share/nav2_common/environment/path.dsv
[1.548s] -- Up-to-date symlink: /home/brilliant/ros2_ws/install/nav2_common/share/nav2_common/local_setup.bash
[1.549s] -- Up-to-date symlink: /home/brilliant/ros2_ws/install/nav2_common/share/nav2_common/local_setup.sh
[1.549s] -- Up-to-date symlink: /home/brilliant/ros2_ws/install/nav2_common/share/nav2_common/local_setup.zsh
[1.549s] -- Up-to-date symlink: /home/brilliant/ros2_ws/install/nav2_common/share/nav2_common/local_setup.dsv
[1.550s] -- Symlinking: /home/brilliant/ros2_ws/install/nav2_common/share/nav2_common/package.dsv
[1.593s] -- Up-to-date symlink: /home/brilliant/ros2_ws/install/nav2_common/share/ament_index/resource_index/packages/nav2_common
[1.594s] -- Up-to-date symlink: /home/brilliant/ros2_ws/install/nav2_common/share/nav2_common/cmake/nav2_common-extras.cmake
[1.596s] -- Up-to-date symlink: /home/brilliant/ros2_ws/install/nav2_common/share/nav2_common/cmake/nav2_commonConfig.cmake
[1.598s] -- Up-to-date symlink: /home/brilliant/ros2_ws/install/nav2_common/share/nav2_common/cmake/nav2_commonConfig-version.cmake
[1.601s] -- Up-to-date symlink: /home/brilliant/ros2_ws/install/nav2_common/share/nav2_common/package.xml
[1.604s] -- Up-to-date symlink: /home/brilliant/ros2_ws/install/nav2_common/share/nav2_common/cmake/nav2_package.cmake
[1.719s] Listing '/home/brilliant/ros2_ws/install/nav2_common/lib/python3.12/site-packages/nav2_common'...
[1.720s] Listing '/home/brilliant/ros2_ws/install/nav2_common/lib/python3.12/site-packages/nav2_common/launch'...
[1.755s] Invoked command in '/home/brilliant/ros2_ws/build/nav2_common' returned '0': CMAKE_PREFIX_PATH=${CMAKE_PREFIX_PATH}:/home/brilliant/ros2_ws/install/twist_stamper:/home/brilliant/ros2_ws/install/nav2_simple_commander:/home/brilliant/ros2_ws/install/nav2_loopback_sim:/opt/ros/jazzy DEBUGINFOD_URLS=https://debuginfod.ubuntu.com /usr/bin/cmake --install /home/brilliant/ros2_ws/build/nav2_common
