[0.038s] Invoking command in '/home/brilliant/ros2_ws/build/sllidar_ros2': CMAKE_PREFIX_PATH=${CMAKE_PREFIX_PATH}:/home/brilliant/ros2_ws/install/twist_stamper:/home/brilliant/ros2_ws/src/install/twist_stamper:/opt/ros/jazzy DEBUGINFOD_URLS=https://debuginfod.ubuntu.com /usr/bin/cmake /home/brilliant/ros2_ws/src/sllidar_ros2 -DAMENT_CMAKE_SYMLINK_INSTALL=1 -DCMAKE_INSTALL_PREFIX=/home/brilliant/ros2_ws/install/sllidar_ros2
[0.074s] -- Found ament_cmake: 2.5.4 (/opt/ros/jazzy/share/ament_cmake/cmake)
[0.597s] -- Override CMake install command with custom implementation using symlinks instead of copying resources
[0.618s] -- Found rclcpp: 28.1.10 (/opt/ros/jazzy/share/rclcpp/cmake)
[0.685s] -- Found rosidl_generator_c: 4.6.5 (/opt/ros/jazzy/share/rosidl_generator_c/cmake)
[0.707s] -- Found rosidl_generator_cpp: 4.6.5 (/opt/ros/jazzy/share/rosidl_generator_cpp/cmake)
[0.734s] -- Using all available rosidl_typesupport_c: rosidl_typesupport_fastrtps_c;rosidl_typesupport_introspection_c
[0.769s] -- Using all available rosidl_typesupport_cpp: rosidl_typesupport_fastrtps_cpp;rosidl_typesupport_introspection_cpp
[0.916s] -- Found rmw_implementation_cmake: 7.3.2 (/opt/ros/jazzy/share/rmw_implementation_cmake/cmake)
[0.919s] -- Found rmw_fastrtps_cpp: 8.4.2 (/opt/ros/jazzy/share/rmw_fastrtps_cpp/cmake)
[1.104s] -- Using RMW implementation 'rmw_fastrtps_cpp' as default
[1.363s] -- Found sensor_msgs: 5.3.6 (/opt/ros/jazzy/share/sensor_msgs/cmake)
[1.524s] -- Found std_srvs: 5.3.6 (/opt/ros/jazzy/share/std_srvs/cmake)
[1.810s] -- Configuring done (1.7s)
[1.856s] -- Generating done (0.0s)
[1.870s] -- Build files have been written to: /home/brilliant/ros2_ws/build/sllidar_ros2
[2.029s] Invoked command in '/home/brilliant/ros2_ws/build/sllidar_ros2' returned '0': CMAKE_PREFIX_PATH=${CMAKE_PREFIX_PATH}:/home/brilliant/ros2_ws/install/twist_stamper:/home/brilliant/ros2_ws/src/install/twist_stamper:/opt/ros/jazzy DEBUGINFOD_URLS=https://debuginfod.ubuntu.com /usr/bin/cmake /home/brilliant/ros2_ws/src/sllidar_ros2 -DAMENT_CMAKE_SYMLINK_INSTALL=1 -DCMAKE_INSTALL_PREFIX=/home/brilliant/ros2_ws/install/sllidar_ros2
[2.030s] Invoking command in '/home/brilliant/ros2_ws/build/sllidar_ros2': CMAKE_PREFIX_PATH=${CMAKE_PREFIX_PATH}:/home/brilliant/ros2_ws/install/twist_stamper:/home/brilliant/ros2_ws/src/install/twist_stamper:/opt/ros/jazzy DEBUGINFOD_URLS=https://debuginfod.ubuntu.com /usr/bin/cmake --build /home/brilliant/ros2_ws/build/sllidar_ros2 -- -j4 -l4
[2.232s] [ 90%] Built target sllidar_node
[2.237s] [100%] Built target sllidar_client
[2.275s] Invoked command in '/home/brilliant/ros2_ws/build/sllidar_ros2' returned '0': CMAKE_PREFIX_PATH=${CMAKE_PREFIX_PATH}:/home/brilliant/ros2_ws/install/twist_stamper:/home/brilliant/ros2_ws/src/install/twist_stamper:/opt/ros/jazzy DEBUGINFOD_URLS=https://debuginfod.ubuntu.com /usr/bin/cmake --build /home/brilliant/ros2_ws/build/sllidar_ros2 -- -j4 -l4
[2.279s] Invoking command in '/home/brilliant/ros2_ws/build/sllidar_ros2': CMAKE_PREFIX_PATH=${CMAKE_PREFIX_PATH}:/home/brilliant/ros2_ws/install/twist_stamper:/home/brilliant/ros2_ws/src/install/twist_stamper:/opt/ros/jazzy DEBUGINFOD_URLS=https://debuginfod.ubuntu.com /usr/bin/cmake --install /home/brilliant/ros2_ws/build/sllidar_ros2
[2.317s] -- Install configuration: ""
[2.318s] -- Execute custom install script
[2.318s] -- Up-to-date symlink: /home/brilliant/ros2_ws/install/sllidar_ros2/share/sllidar_ros2/launch/sllidar_a1_launch.py
[2.318s] -- Up-to-date symlink: /home/brilliant/ros2_ws/install/sllidar_ros2/share/sllidar_ros2/launch/sllidar_a2m12_launch .py
[2.319s] -- Up-to-date symlink: /home/brilliant/ros2_ws/install/sllidar_ros2/share/sllidar_ros2/launch/sllidar_a2m7_launch.py
[2.320s] -- Up-to-date symlink: /home/brilliant/ros2_ws/install/sllidar_ros2/share/sllidar_ros2/launch/sllidar_a2m8_launch.py
[2.320s] -- Up-to-date symlink: /home/brilliant/ros2_ws/install/sllidar_ros2/share/sllidar_ros2/launch/sllidar_a3_launch.py
[2.321s] -- Up-to-date symlink: /home/brilliant/ros2_ws/install/sllidar_ros2/share/sllidar_ros2/launch/sllidar_c1_launch.py
[2.321s] -- Up-to-date symlink: /home/brilliant/ros2_ws/install/sllidar_ros2/share/sllidar_ros2/launch/sllidar_s1_launch.py
[2.324s] -- Up-to-date symlink: /home/brilliant/ros2_ws/install/sllidar_ros2/share/sllidar_ros2/launch/sllidar_s1_tcp_launch.py
[2.324s] -- Up-to-date symlink: /home/brilliant/ros2_ws/install/sllidar_ros2/share/sllidar_ros2/launch/sllidar_s2_launch.py
[2.324s] -- Up-to-date symlink: /home/brilliant/ros2_ws/install/sllidar_ros2/share/sllidar_ros2/launch/sllidar_s2e_launch.py
[2.325s] -- Up-to-date symlink: /home/brilliant/ros2_ws/install/sllidar_ros2/share/sllidar_ros2/launch/sllidar_s3_launch.py
[2.326s] -- Up-to-date symlink: /home/brilliant/ros2_ws/install/sllidar_ros2/share/sllidar_ros2/launch/sllidar_t1_launch.py
[2.326s] -- Up-to-date symlink: /home/brilliant/ros2_ws/install/sllidar_ros2/share/sllidar_ros2/launch/view_sllidar_a1_launch.py
[2.326s] -- Up-to-date symlink: /home/brilliant/ros2_ws/install/sllidar_ros2/share/sllidar_ros2/launch/view_sllidar_a2m12_launch.py
[2.327s] -- Up-to-date symlink: /home/brilliant/ros2_ws/install/sllidar_ros2/share/sllidar_ros2/launch/view_sllidar_a2m7_launch.py
[2.327s] -- Up-to-date symlink: /home/brilliant/ros2_ws/install/sllidar_ros2/share/sllidar_ros2/launch/view_sllidar_a2m8_launch.py
[2.328s] -- Up-to-date symlink: /home/brilliant/ros2_ws/install/sllidar_ros2/share/sllidar_ros2/launch/view_sllidar_a3_launch.py
[2.329s] -- Up-to-date symlink: /home/brilliant/ros2_ws/install/sllidar_ros2/share/sllidar_ros2/launch/view_sllidar_c1_launch.py
[2.329s] -- Up-to-date symlink: /home/brilliant/ros2_ws/install/sllidar_ros2/share/sllidar_ros2/launch/view_sllidar_s1_launch.py
[2.332s] -- Up-to-date symlink: /home/brilliant/ros2_ws/install/sllidar_ros2/share/sllidar_ros2/launch/view_sllidar_s1_tcp_launch.py
[2.333s] -- Up-to-date symlink: /home/brilliant/ros2_ws/install/sllidar_ros2/share/sllidar_ros2/launch/view_sllidar_s2_launch.py
[2.333s] -- Up-to-date symlink: /home/brilliant/ros2_ws/install/sllidar_ros2/share/sllidar_ros2/launch/view_sllidar_s2e_launch.py
[2.333s] -- Up-to-date symlink: /home/brilliant/ros2_ws/install/sllidar_ros2/share/sllidar_ros2/launch/view_sllidar_s3_launch.py
[2.333s] -- Up-to-date symlink: /home/brilliant/ros2_ws/install/sllidar_ros2/share/sllidar_ros2/launch/view_sllidar_t1_launch.py
[2.334s] -- Up-to-date symlink: /home/brilliant/ros2_ws/install/sllidar_ros2/share/sllidar_ros2/rviz/sllidar_ros2.rviz
[2.334s] -- Up-to-date symlink: /home/brilliant/ros2_ws/install/sllidar_ros2/lib/sllidar_ros2/sllidar_node
[2.334s] -- Up-to-date symlink: /home/brilliant/ros2_ws/install/sllidar_ros2/lib/sllidar_ros2/sllidar_client
[2.334s] -- Up-to-date symlink: /home/brilliant/ros2_ws/install/sllidar_ros2/share/ament_index/resource_index/package_run_dependencies/sllidar_ros2
[2.335s] -- Up-to-date symlink: /home/brilliant/ros2_ws/install/sllidar_ros2/share/ament_index/resource_index/parent_prefix_path/sllidar_ros2
[2.335s] -- Up-to-date symlink: /home/brilliant/ros2_ws/install/sllidar_ros2/share/sllidar_ros2/environment/ament_prefix_path.sh
[2.338s] -- Up-to-date symlink: /home/brilliant/ros2_ws/install/sllidar_ros2/share/sllidar_ros2/environment/ament_prefix_path.dsv
[2.338s] -- Up-to-date symlink: /home/brilliant/ros2_ws/install/sllidar_ros2/share/sllidar_ros2/environment/path.sh
[2.339s] -- Up-to-date symlink: /home/brilliant/ros2_ws/install/sllidar_ros2/share/sllidar_ros2/environment/path.dsv
[2.339s] -- Up-to-date symlink: /home/brilliant/ros2_ws/install/sllidar_ros2/share/sllidar_ros2/local_setup.bash
[2.339s] -- Up-to-date symlink: /home/brilliant/ros2_ws/install/sllidar_ros2/share/sllidar_ros2/local_setup.sh
[2.339s] -- Up-to-date symlink: /home/brilliant/ros2_ws/install/sllidar_ros2/share/sllidar_ros2/local_setup.zsh
[2.340s] -- Up-to-date symlink: /home/brilliant/ros2_ws/install/sllidar_ros2/share/sllidar_ros2/local_setup.dsv
[2.340s] -- Symlinking: /home/brilliant/ros2_ws/install/sllidar_ros2/share/sllidar_ros2/package.dsv
[2.362s] -- Up-to-date symlink: /home/brilliant/ros2_ws/install/sllidar_ros2/share/ament_index/resource_index/packages/sllidar_ros2
[2.363s] -- Up-to-date symlink: /home/brilliant/ros2_ws/install/sllidar_ros2/share/sllidar_ros2/cmake/ament_cmake_export_dependencies-extras.cmake
[2.363s] -- Up-to-date symlink: /home/brilliant/ros2_ws/install/sllidar_ros2/share/sllidar_ros2/cmake/ament_cmake_export_include_directories-extras.cmake
[2.365s] -- Up-to-date symlink: /home/brilliant/ros2_ws/install/sllidar_ros2/share/sllidar_ros2/cmake/sllidar_ros2Config.cmake
[2.365s] -- Up-to-date symlink: /home/brilliant/ros2_ws/install/sllidar_ros2/share/sllidar_ros2/cmake/sllidar_ros2Config-version.cmake
[2.366s] -- Up-to-date symlink: /home/brilliant/ros2_ws/install/sllidar_ros2/share/sllidar_ros2/package.xml
[2.371s] Invoked command in '/home/brilliant/ros2_ws/build/sllidar_ros2' returned '0': CMAKE_PREFIX_PATH=${CMAKE_PREFIX_PATH}:/home/brilliant/ros2_ws/install/twist_stamper:/home/brilliant/ros2_ws/src/install/twist_stamper:/opt/ros/jazzy DEBUGINFOD_URLS=https://debuginfod.ubuntu.com /usr/bin/cmake --install /home/brilliant/ros2_ws/build/sllidar_ros2
