[0.071s] Invoking command in '/home/brilliant/ros2_ws/build/nav_2d_msgs': CMAKE_PREFIX_PATH=${CMAKE_PREFIX_PATH}:/home/brilliant/ros2_ws/install/twist_stamper:/opt/ros/jazzy DEBUGINFOD_URLS=https://debuginfod.ubuntu.com /usr/bin/cmake --build /home/brilliant/ros2_ws/build/nav_2d_msgs -- -j4 -l4
[0.358s] [  1%] Built target nav_2d_msgs__rosidl_generator_type_description
[0.453s] [  2%] Built target nav_2d_msgs__cpp
[0.479s] [  2%] Built target ament_cmake_python_symlink_nav_2d_msgs
[0.540s] [ 26%] Built target nav_2d_msgs__rosidl_generator_c
[0.689s] [ 35%] Built target nav_2d_msgs__rosidl_typesupport_c
[0.716s] [ 45%] Built target nav_2d_msgs__rosidl_typesupport_introspection_c
[0.778s] [ 54%] Built target nav_2d_msgs__rosidl_typesupport_fastrtps_cpp
[0.812s] [ 64%] Built target nav_2d_msgs__rosidl_typesupport_introspection_cpp
[0.985s] [ 73%] Built target nav_2d_msgs__rosidl_typesupport_cpp
[0.992s] [ 83%] Built target nav_2d_msgs__rosidl_typesupport_fastrtps_c
[1.151s] [ 83%] Built target nav_2d_msgs
[1.280s] [ 84%] Built target nav_2d_msgs__py
[1.455s] [ 92%] Built target nav_2d_msgs__rosidl_generator_py
[1.620s] [ 95%] Built target nav_2d_msgs_s__rosidl_typesupport_c
[1.645s] [ 97%] Built target nav_2d_msgs_s__rosidl_typesupport_fastrtps_c
[1.676s] [100%] Built target nav_2d_msgs_s__rosidl_typesupport_introspection_c
[1.893s] running egg_info
[1.963s] writing nav_2d_msgs.egg-info/PKG-INFO
[1.968s] writing dependency_links to nav_2d_msgs.egg-info/dependency_links.txt
[1.971s] writing top-level names to nav_2d_msgs.egg-info/top_level.txt
[2.308s] reading manifest file 'nav_2d_msgs.egg-info/SOURCES.txt'
[2.314s] writing manifest file 'nav_2d_msgs.egg-info/SOURCES.txt'
[2.433s] [100%] Built target ament_cmake_python_build_nav_2d_msgs_egg
[2.489s] Invoked command in '/home/brilliant/ros2_ws/build/nav_2d_msgs' returned '0': CMAKE_PREFIX_PATH=${CMAKE_PREFIX_PATH}:/home/brilliant/ros2_ws/install/twist_stamper:/opt/ros/jazzy DEBUGINFOD_URLS=https://debuginfod.ubuntu.com /usr/bin/cmake --build /home/brilliant/ros2_ws/build/nav_2d_msgs -- -j4 -l4
[2.490s] Invoking command in '/home/brilliant/ros2_ws/build/nav_2d_msgs': CMAKE_PREFIX_PATH=${CMAKE_PREFIX_PATH}:/home/brilliant/ros2_ws/install/twist_stamper:/opt/ros/jazzy DEBUGINFOD_URLS=https://debuginfod.ubuntu.com /usr/bin/cmake --install /home/brilliant/ros2_ws/build/nav_2d_msgs
[2.526s] -- Install configuration: ""
[2.529s] -- Execute custom install script
[2.532s] -- Up-to-date symlink: /home/brilliant/ros2_ws/install/nav_2d_msgs/share/ament_index/resource_index/rosidl_interfaces/nav_2d_msgs
[2.533s] -- Up-to-date symlink: /home/brilliant/ros2_ws/install/nav_2d_msgs/share/nav_2d_msgs/msg/Path2D.json
[2.533s] -- Up-to-date symlink: /home/brilliant/ros2_ws/install/nav_2d_msgs/share/nav_2d_msgs/msg/Pose2D32.json
[2.536s] -- Up-to-date symlink: /home/brilliant/ros2_ws/install/nav_2d_msgs/share/nav_2d_msgs/msg/Pose2DStamped.json
[2.536s] -- Up-to-date symlink: /home/brilliant/ros2_ws/install/nav_2d_msgs/share/nav_2d_msgs/msg/Twist2D.json
[2.536s] -- Up-to-date symlink: /home/brilliant/ros2_ws/install/nav_2d_msgs/share/nav_2d_msgs/msg/Twist2D32.json
[2.536s] -- Up-to-date symlink: /home/brilliant/ros2_ws/install/nav_2d_msgs/share/nav_2d_msgs/msg/Twist2DStamped.json
[2.538s] -- Up-to-date symlink: /home/brilliant/ros2_ws/install/nav_2d_msgs/include/nav_2d_msgs/nav_2d_msgs/msg/detail/path2_d__functions.h
[2.538s] -- Up-to-date symlink: /home/brilliant/ros2_ws/install/nav_2d_msgs/include/nav_2d_msgs/nav_2d_msgs/msg/detail/path2_d__struct.h
[2.541s] -- Up-to-date symlink: /home/brilliant/ros2_ws/install/nav_2d_msgs/include/nav_2d_msgs/nav_2d_msgs/msg/detail/path2_d__type_support.h
[2.541s] -- Up-to-date symlink: /home/brilliant/ros2_ws/install/nav_2d_msgs/include/nav_2d_msgs/nav_2d_msgs/msg/detail/pose2_d32__functions.h
[2.543s] -- Up-to-date symlink: /home/brilliant/ros2_ws/install/nav_2d_msgs/include/nav_2d_msgs/nav_2d_msgs/msg/detail/pose2_d32__struct.h
[2.545s] -- Up-to-date symlink: /home/brilliant/ros2_ws/install/nav_2d_msgs/include/nav_2d_msgs/nav_2d_msgs/msg/detail/pose2_d32__type_support.h
[2.549s] -- Up-to-date symlink: /home/brilliant/ros2_ws/install/nav_2d_msgs/include/nav_2d_msgs/nav_2d_msgs/msg/detail/pose2_d_stamped__functions.h
[2.550s] -- Up-to-date symlink: /home/brilliant/ros2_ws/install/nav_2d_msgs/include/nav_2d_msgs/nav_2d_msgs/msg/detail/pose2_d_stamped__struct.h
[2.550s] -- Up-to-date symlink: /home/brilliant/ros2_ws/install/nav_2d_msgs/include/nav_2d_msgs/nav_2d_msgs/msg/detail/pose2_d_stamped__type_support.h
[2.550s] -- Up-to-date symlink: /home/brilliant/ros2_ws/install/nav_2d_msgs/include/nav_2d_msgs/nav_2d_msgs/msg/detail/twist2_d32__functions.h
[2.550s] -- Up-to-date symlink: /home/brilliant/ros2_ws/install/nav_2d_msgs/include/nav_2d_msgs/nav_2d_msgs/msg/detail/twist2_d32__struct.h
[2.550s] -- Up-to-date symlink: /home/brilliant/ros2_ws/install/nav_2d_msgs/include/nav_2d_msgs/nav_2d_msgs/msg/detail/twist2_d32__type_support.h
[2.551s] -- Up-to-date symlink: /home/brilliant/ros2_ws/install/nav_2d_msgs/include/nav_2d_msgs/nav_2d_msgs/msg/detail/twist2_d__functions.h
[2.553s] -- Up-to-date symlink: /home/brilliant/ros2_ws/install/nav_2d_msgs/include/nav_2d_msgs/nav_2d_msgs/msg/detail/twist2_d__struct.h
[2.553s] -- Up-to-date symlink: /home/brilliant/ros2_ws/install/nav_2d_msgs/include/nav_2d_msgs/nav_2d_msgs/msg/detail/twist2_d__type_support.h
[2.554s] -- Up-to-date symlink: /home/brilliant/ros2_ws/install/nav_2d_msgs/include/nav_2d_msgs/nav_2d_msgs/msg/detail/twist2_d_stamped__functions.h
[2.554s] -- Up-to-date symlink: /home/brilliant/ros2_ws/install/nav_2d_msgs/include/nav_2d_msgs/nav_2d_msgs/msg/detail/twist2_d_stamped__struct.h
[2.558s] -- Up-to-date symlink: /home/brilliant/ros2_ws/install/nav_2d_msgs/include/nav_2d_msgs/nav_2d_msgs/msg/detail/twist2_d_stamped__type_support.h
[2.562s] -- Up-to-date symlink: /home/brilliant/ros2_ws/install/nav_2d_msgs/include/nav_2d_msgs/nav_2d_msgs/msg/path2_d.h
[2.562s] -- Up-to-date symlink: /home/brilliant/ros2_ws/install/nav_2d_msgs/include/nav_2d_msgs/nav_2d_msgs/msg/pose2_d32.h
[2.563s] -- Up-to-date symlink: /home/brilliant/ros2_ws/install/nav_2d_msgs/include/nav_2d_msgs/nav_2d_msgs/msg/pose2_d_stamped.h
[2.563s] -- Up-to-date symlink: /home/brilliant/ros2_ws/install/nav_2d_msgs/include/nav_2d_msgs/nav_2d_msgs/msg/rosidl_generator_c__visibility_control.h
[2.563s] -- Up-to-date symlink: /home/brilliant/ros2_ws/install/nav_2d_msgs/include/nav_2d_msgs/nav_2d_msgs/msg/twist2_d.h
[2.563s] -- Up-to-date symlink: /home/brilliant/ros2_ws/install/nav_2d_msgs/include/nav_2d_msgs/nav_2d_msgs/msg/twist2_d32.h
[2.564s] -- Up-to-date symlink: /home/brilliant/ros2_ws/install/nav_2d_msgs/include/nav_2d_msgs/nav_2d_msgs/msg/twist2_d_stamped.h
[2.564s] -- Up-to-date symlink: /home/brilliant/ros2_ws/install/nav_2d_msgs/share/nav_2d_msgs/environment/library_path.sh
[2.564s] -- Up-to-date symlink: /home/brilliant/ros2_ws/install/nav_2d_msgs/share/nav_2d_msgs/environment/library_path.dsv
[2.564s] -- Up-to-date symlink: /home/brilliant/ros2_ws/install/nav_2d_msgs/include/nav_2d_msgs/nav_2d_msgs/msg/detail/path2_d__rosidl_typesupport_fastrtps_c.h
[2.565s] -- Up-to-date symlink: /home/brilliant/ros2_ws/install/nav_2d_msgs/include/nav_2d_msgs/nav_2d_msgs/msg/detail/pose2_d32__rosidl_typesupport_fastrtps_c.h
[2.575s] -- Up-to-date symlink: /home/brilliant/ros2_ws/install/nav_2d_msgs/include/nav_2d_msgs/nav_2d_msgs/msg/detail/pose2_d_stamped__rosidl_typesupport_fastrtps_c.h
[2.575s] -- Up-to-date symlink: /home/brilliant/ros2_ws/install/nav_2d_msgs/include/nav_2d_msgs/nav_2d_msgs/msg/detail/twist2_d32__rosidl_typesupport_fastrtps_c.h
[2.575s] -- Up-to-date symlink: /home/brilliant/ros2_ws/install/nav_2d_msgs/include/nav_2d_msgs/nav_2d_msgs/msg/detail/twist2_d__rosidl_typesupport_fastrtps_c.h
[2.576s] -- Up-to-date symlink: /home/brilliant/ros2_ws/install/nav_2d_msgs/include/nav_2d_msgs/nav_2d_msgs/msg/detail/twist2_d_stamped__rosidl_typesupport_fastrtps_c.h
[2.576s] -- Up-to-date symlink: /home/brilliant/ros2_ws/install/nav_2d_msgs/include/nav_2d_msgs/nav_2d_msgs/msg/rosidl_typesupport_fastrtps_c__visibility_control.h
[2.576s] -- Up-to-date symlink: /home/brilliant/ros2_ws/install/nav_2d_msgs/include/nav_2d_msgs/nav_2d_msgs/msg/detail/path2_d__builder.hpp
[2.576s] -- Up-to-date symlink: /home/brilliant/ros2_ws/install/nav_2d_msgs/include/nav_2d_msgs/nav_2d_msgs/msg/detail/path2_d__struct.hpp
[2.577s] -- Up-to-date symlink: /home/brilliant/ros2_ws/install/nav_2d_msgs/include/nav_2d_msgs/nav_2d_msgs/msg/detail/path2_d__traits.hpp
[2.580s] -- Up-to-date symlink: /home/brilliant/ros2_ws/install/nav_2d_msgs/include/nav_2d_msgs/nav_2d_msgs/msg/detail/path2_d__type_support.hpp
[2.581s] -- Up-to-date symlink: /home/brilliant/ros2_ws/install/nav_2d_msgs/include/nav_2d_msgs/nav_2d_msgs/msg/detail/pose2_d32__builder.hpp
[2.581s] -- Up-to-date symlink: /home/brilliant/ros2_ws/install/nav_2d_msgs/include/nav_2d_msgs/nav_2d_msgs/msg/detail/pose2_d32__struct.hpp
[2.582s] -- Up-to-date symlink: /home/brilliant/ros2_ws/install/nav_2d_msgs/include/nav_2d_msgs/nav_2d_msgs/msg/detail/pose2_d32__traits.hpp
[2.582s] -- Up-to-date symlink: /home/brilliant/ros2_ws/install/nav_2d_msgs/include/nav_2d_msgs/nav_2d_msgs/msg/detail/pose2_d32__type_support.hpp
[2.582s] -- Up-to-date symlink: /home/brilliant/ros2_ws/install/nav_2d_msgs/include/nav_2d_msgs/nav_2d_msgs/msg/detail/pose2_d_stamped__builder.hpp
[2.582s] -- Up-to-date symlink: /home/brilliant/ros2_ws/install/nav_2d_msgs/include/nav_2d_msgs/nav_2d_msgs/msg/detail/pose2_d_stamped__struct.hpp
[2.583s] -- Up-to-date symlink: /home/brilliant/ros2_ws/install/nav_2d_msgs/include/nav_2d_msgs/nav_2d_msgs/msg/detail/pose2_d_stamped__traits.hpp
[2.583s] -- Up-to-date symlink: /home/brilliant/ros2_ws/install/nav_2d_msgs/include/nav_2d_msgs/nav_2d_msgs/msg/detail/pose2_d_stamped__type_support.hpp
[2.589s] -- Up-to-date symlink: /home/brilliant/ros2_ws/install/nav_2d_msgs/include/nav_2d_msgs/nav_2d_msgs/msg/detail/twist2_d32__builder.hpp
[2.589s] -- Up-to-date symlink: /home/brilliant/ros2_ws/install/nav_2d_msgs/include/nav_2d_msgs/nav_2d_msgs/msg/detail/twist2_d32__struct.hpp
[2.589s] -- Up-to-date symlink: /home/brilliant/ros2_ws/install/nav_2d_msgs/include/nav_2d_msgs/nav_2d_msgs/msg/detail/twist2_d32__traits.hpp
[2.590s] -- Up-to-date symlink: /home/brilliant/ros2_ws/install/nav_2d_msgs/include/nav_2d_msgs/nav_2d_msgs/msg/detail/twist2_d32__type_support.hpp
[2.594s] -- Up-to-date symlink: /home/brilliant/ros2_ws/install/nav_2d_msgs/include/nav_2d_msgs/nav_2d_msgs/msg/detail/twist2_d__builder.hpp
[2.595s] -- Up-to-date symlink: /home/brilliant/ros2_ws/install/nav_2d_msgs/include/nav_2d_msgs/nav_2d_msgs/msg/detail/twist2_d__struct.hpp
[2.595s] -- Up-to-date symlink: /home/brilliant/ros2_ws/install/nav_2d_msgs/include/nav_2d_msgs/nav_2d_msgs/msg/detail/twist2_d__traits.hpp
[2.596s] -- Up-to-date symlink: /home/brilliant/ros2_ws/install/nav_2d_msgs/include/nav_2d_msgs/nav_2d_msgs/msg/detail/twist2_d__type_support.hpp
[2.596s] -- Up-to-date symlink: /home/brilliant/ros2_ws/install/nav_2d_msgs/include/nav_2d_msgs/nav_2d_msgs/msg/detail/twist2_d_stamped__builder.hpp
[2.596s] -- Up-to-date symlink: /home/brilliant/ros2_ws/install/nav_2d_msgs/include/nav_2d_msgs/nav_2d_msgs/msg/detail/twist2_d_stamped__struct.hpp
[2.596s] -- Up-to-date symlink: /home/brilliant/ros2_ws/install/nav_2d_msgs/include/nav_2d_msgs/nav_2d_msgs/msg/detail/twist2_d_stamped__traits.hpp
[2.597s] -- Up-to-date symlink: /home/brilliant/ros2_ws/install/nav_2d_msgs/include/nav_2d_msgs/nav_2d_msgs/msg/detail/twist2_d_stamped__type_support.hpp
[2.605s] -- Up-to-date symlink: /home/brilliant/ros2_ws/install/nav_2d_msgs/include/nav_2d_msgs/nav_2d_msgs/msg/path2_d.hpp
[2.606s] -- Up-to-date symlink: /home/brilliant/ros2_ws/install/nav_2d_msgs/include/nav_2d_msgs/nav_2d_msgs/msg/pose2_d32.hpp
[2.606s] -- Up-to-date symlink: /home/brilliant/ros2_ws/install/nav_2d_msgs/include/nav_2d_msgs/nav_2d_msgs/msg/pose2_d_stamped.hpp
[2.607s] -- Up-to-date symlink: /home/brilliant/ros2_ws/install/nav_2d_msgs/include/nav_2d_msgs/nav_2d_msgs/msg/rosidl_generator_cpp__visibility_control.hpp
[2.607s] -- Up-to-date symlink: /home/brilliant/ros2_ws/install/nav_2d_msgs/include/nav_2d_msgs/nav_2d_msgs/msg/twist2_d.hpp
[2.607s] -- Up-to-date symlink: /home/brilliant/ros2_ws/install/nav_2d_msgs/include/nav_2d_msgs/nav_2d_msgs/msg/twist2_d32.hpp
[2.607s] -- Up-to-date symlink: /home/brilliant/ros2_ws/install/nav_2d_msgs/include/nav_2d_msgs/nav_2d_msgs/msg/twist2_d_stamped.hpp
[2.608s] -- Up-to-date symlink: /home/brilliant/ros2_ws/install/nav_2d_msgs/include/nav_2d_msgs/nav_2d_msgs/msg/detail/path2_d__rosidl_typesupport_fastrtps_cpp.hpp
[2.608s] -- Up-to-date symlink: /home/brilliant/ros2_ws/install/nav_2d_msgs/include/nav_2d_msgs/nav_2d_msgs/msg/detail/pose2_d32__rosidl_typesupport_fastrtps_cpp.hpp
[2.622s] -- Up-to-date symlink: /home/brilliant/ros2_ws/install/nav_2d_msgs/include/nav_2d_msgs/nav_2d_msgs/msg/detail/pose2_d_stamped__rosidl_typesupport_fastrtps_cpp.hpp
[2.622s] -- Up-to-date symlink: /home/brilliant/ros2_ws/install/nav_2d_msgs/include/nav_2d_msgs/nav_2d_msgs/msg/detail/twist2_d32__rosidl_typesupport_fastrtps_cpp.hpp
[2.622s] -- Up-to-date symlink: /home/brilliant/ros2_ws/install/nav_2d_msgs/include/nav_2d_msgs/nav_2d_msgs/msg/detail/twist2_d__rosidl_typesupport_fastrtps_cpp.hpp
[2.623s] -- Up-to-date symlink: /home/brilliant/ros2_ws/install/nav_2d_msgs/include/nav_2d_msgs/nav_2d_msgs/msg/detail/twist2_d_stamped__rosidl_typesupport_fastrtps_cpp.hpp
[2.623s] -- Up-to-date symlink: /home/brilliant/ros2_ws/install/nav_2d_msgs/include/nav_2d_msgs/nav_2d_msgs/msg/rosidl_typesupport_fastrtps_cpp__visibility_control.h
[2.623s] -- Up-to-date symlink: /home/brilliant/ros2_ws/install/nav_2d_msgs/include/nav_2d_msgs/nav_2d_msgs/msg/detail/path2_d__rosidl_typesupport_introspection_c.h
[2.623s] -- Up-to-date symlink: /home/brilliant/ros2_ws/install/nav_2d_msgs/include/nav_2d_msgs/nav_2d_msgs/msg/detail/pose2_d32__rosidl_typesupport_introspection_c.h
[2.624s] -- Up-to-date symlink: /home/brilliant/ros2_ws/install/nav_2d_msgs/include/nav_2d_msgs/nav_2d_msgs/msg/detail/pose2_d_stamped__rosidl_typesupport_introspection_c.h
[2.628s] -- Up-to-date symlink: /home/brilliant/ros2_ws/install/nav_2d_msgs/include/nav_2d_msgs/nav_2d_msgs/msg/detail/twist2_d32__rosidl_typesupport_introspection_c.h
[2.628s] -- Up-to-date symlink: /home/brilliant/ros2_ws/install/nav_2d_msgs/include/nav_2d_msgs/nav_2d_msgs/msg/detail/twist2_d__rosidl_typesupport_introspection_c.h
[2.629s] -- Up-to-date symlink: /home/brilliant/ros2_ws/install/nav_2d_msgs/include/nav_2d_msgs/nav_2d_msgs/msg/detail/twist2_d_stamped__rosidl_typesupport_introspection_c.h
[2.629s] -- Up-to-date symlink: /home/brilliant/ros2_ws/install/nav_2d_msgs/include/nav_2d_msgs/nav_2d_msgs/msg/rosidl_typesupport_introspection_c__visibility_control.h
[2.633s] -- Up-to-date symlink: /home/brilliant/ros2_ws/install/nav_2d_msgs/include/nav_2d_msgs/nav_2d_msgs/msg/detail/path2_d__rosidl_typesupport_introspection_cpp.hpp
[2.636s] -- Up-to-date symlink: /home/brilliant/ros2_ws/install/nav_2d_msgs/include/nav_2d_msgs/nav_2d_msgs/msg/detail/pose2_d32__rosidl_typesupport_introspection_cpp.hpp
[2.636s] -- Up-to-date symlink: /home/brilliant/ros2_ws/install/nav_2d_msgs/include/nav_2d_msgs/nav_2d_msgs/msg/detail/pose2_d_stamped__rosidl_typesupport_introspection_cpp.hpp
[2.637s] -- Up-to-date symlink: /home/brilliant/ros2_ws/install/nav_2d_msgs/include/nav_2d_msgs/nav_2d_msgs/msg/detail/twist2_d32__rosidl_typesupport_introspection_cpp.hpp
[2.637s] -- Up-to-date symlink: /home/brilliant/ros2_ws/install/nav_2d_msgs/include/nav_2d_msgs/nav_2d_msgs/msg/detail/twist2_d__rosidl_typesupport_introspection_cpp.hpp
[2.637s] -- Up-to-date symlink: /home/brilliant/ros2_ws/install/nav_2d_msgs/include/nav_2d_msgs/nav_2d_msgs/msg/detail/twist2_d_stamped__rosidl_typesupport_introspection_cpp.hpp
[2.638s] -- Up-to-date symlink: /home/brilliant/ros2_ws/install/nav_2d_msgs/share/nav_2d_msgs/environment/pythonpath.sh
[2.642s] -- Up-to-date symlink: /home/brilliant/ros2_ws/install/nav_2d_msgs/share/nav_2d_msgs/environment/pythonpath.dsv
[2.644s] -- Up-to-date symlink: /home/brilliant/ros2_ws/install/nav_2d_msgs/lib/python3.12/site-packages/nav_2d_msgs-1.3.7-py3.12.egg-info/PKG-INFO
[2.644s] -- Up-to-date symlink: /home/brilliant/ros2_ws/install/nav_2d_msgs/lib/python3.12/site-packages/nav_2d_msgs-1.3.7-py3.12.egg-info/SOURCES.txt
[2.645s] -- Up-to-date symlink: /home/brilliant/ros2_ws/install/nav_2d_msgs/lib/python3.12/site-packages/nav_2d_msgs-1.3.7-py3.12.egg-info/dependency_links.txt
[2.645s] -- Up-to-date symlink: /home/brilliant/ros2_ws/install/nav_2d_msgs/lib/python3.12/site-packages/nav_2d_msgs-1.3.7-py3.12.egg-info/top_level.txt
[2.651s] -- Up-to-date symlink: /home/brilliant/ros2_ws/install/nav_2d_msgs/lib/python3.12/site-packages/nav_2d_msgs/__init__.py
[2.655s] -- Up-to-date symlink: /home/brilliant/ros2_ws/install/nav_2d_msgs/lib/python3.12/site-packages/nav_2d_msgs/_nav_2d_msgs_s.ep.rosidl_typesupport_c.c
[2.655s] -- Up-to-date symlink: /home/brilliant/ros2_ws/install/nav_2d_msgs/lib/python3.12/site-packages/nav_2d_msgs/_nav_2d_msgs_s.ep.rosidl_typesupport_fastrtps_c.c
[2.656s] -- Up-to-date symlink: /home/brilliant/ros2_ws/install/nav_2d_msgs/lib/python3.12/site-packages/nav_2d_msgs/_nav_2d_msgs_s.ep.rosidl_typesupport_introspection_c.c
[2.656s] -- Up-to-date symlink: /home/brilliant/ros2_ws/install/nav_2d_msgs/lib/python3.12/site-packages/nav_2d_msgs/msg/__init__.py
[2.657s] -- Up-to-date symlink: /home/brilliant/ros2_ws/install/nav_2d_msgs/lib/python3.12/site-packages/nav_2d_msgs/msg/_path2_d.py
[2.661s] -- Up-to-date symlink: /home/brilliant/ros2_ws/install/nav_2d_msgs/lib/python3.12/site-packages/nav_2d_msgs/msg/_path2_d_s.c
[2.661s] -- Up-to-date symlink: /home/brilliant/ros2_ws/install/nav_2d_msgs/lib/python3.12/site-packages/nav_2d_msgs/msg/_pose2_d32.py
[2.662s] -- Up-to-date symlink: /home/brilliant/ros2_ws/install/nav_2d_msgs/lib/python3.12/site-packages/nav_2d_msgs/msg/_pose2_d32_s.c
[2.663s] -- Up-to-date symlink: /home/brilliant/ros2_ws/install/nav_2d_msgs/lib/python3.12/site-packages/nav_2d_msgs/msg/_pose2_d_stamped.py
[2.668s] -- Up-to-date symlink: /home/brilliant/ros2_ws/install/nav_2d_msgs/lib/python3.12/site-packages/nav_2d_msgs/msg/_pose2_d_stamped_s.c
[2.670s] -- Up-to-date symlink: /home/brilliant/ros2_ws/install/nav_2d_msgs/lib/python3.12/site-packages/nav_2d_msgs/msg/_twist2_d.py
[2.672s] -- Up-to-date symlink: /home/brilliant/ros2_ws/install/nav_2d_msgs/lib/python3.12/site-packages/nav_2d_msgs/msg/_twist2_d32.py
[2.673s] -- Up-to-date symlink: /home/brilliant/ros2_ws/install/nav_2d_msgs/lib/python3.12/site-packages/nav_2d_msgs/msg/_twist2_d32_s.c
[2.673s] -- Up-to-date symlink: /home/brilliant/ros2_ws/install/nav_2d_msgs/lib/python3.12/site-packages/nav_2d_msgs/msg/_twist2_d_s.c
[2.674s] -- Up-to-date symlink: /home/brilliant/ros2_ws/install/nav_2d_msgs/lib/python3.12/site-packages/nav_2d_msgs/msg/_twist2_d_stamped.py
[2.677s] -- Up-to-date symlink: /home/brilliant/ros2_ws/install/nav_2d_msgs/lib/python3.12/site-packages/nav_2d_msgs/msg/_twist2_d_stamped_s.c
[2.688s] -- Up-to-date symlink: /home/brilliant/ros2_ws/install/nav_2d_msgs/lib/python3.12/site-packages/nav_2d_msgs/nav_2d_msgs_s__rosidl_typesupport_c.so
[2.689s] -- Up-to-date symlink: /home/brilliant/ros2_ws/install/nav_2d_msgs/lib/python3.12/site-packages/nav_2d_msgs/nav_2d_msgs_s__rosidl_typesupport_fastrtps_c.so
[2.690s] -- Up-to-date symlink: /home/brilliant/ros2_ws/install/nav_2d_msgs/lib/python3.12/site-packages/nav_2d_msgs/nav_2d_msgs_s__rosidl_typesupport_introspection_c.so
[2.690s] -- Up-to-date symlink: /home/brilliant/ros2_ws/install/nav_2d_msgs/lib/python3.12/site-packages/nav_2d_msgs/nav_2d_msgs_s__rosidl_typesupport_fastrtps_c.so
[2.694s] -- Up-to-date symlink: /home/brilliant/ros2_ws/install/nav_2d_msgs/lib/python3.12/site-packages/nav_2d_msgs/nav_2d_msgs_s__rosidl_typesupport_introspection_c.so
[2.694s] -- Up-to-date symlink: /home/brilliant/ros2_ws/install/nav_2d_msgs/lib/python3.12/site-packages/nav_2d_msgs/nav_2d_msgs_s__rosidl_typesupport_c.so
[2.698s] -- Up-to-date symlink: /home/brilliant/ros2_ws/install/nav_2d_msgs/share/nav_2d_msgs/msg/Path2D.idl
[2.698s] -- Up-to-date symlink: /home/brilliant/ros2_ws/install/nav_2d_msgs/share/nav_2d_msgs/msg/Pose2D32.idl
[2.698s] -- Up-to-date symlink: /home/brilliant/ros2_ws/install/nav_2d_msgs/share/nav_2d_msgs/msg/Pose2DStamped.idl
[2.699s] -- Up-to-date symlink: /home/brilliant/ros2_ws/install/nav_2d_msgs/share/nav_2d_msgs/msg/Twist2D.idl
[2.701s] -- Up-to-date symlink: /home/brilliant/ros2_ws/install/nav_2d_msgs/share/nav_2d_msgs/msg/Twist2D32.idl
[2.702s] -- Up-to-date symlink: /home/brilliant/ros2_ws/install/nav_2d_msgs/share/nav_2d_msgs/msg/Twist2DStamped.idl
[2.703s] -- Up-to-date symlink: /home/brilliant/ros2_ws/install/nav_2d_msgs/share/nav_2d_msgs/msg/Path2D.msg
[2.703s] -- Up-to-date symlink: /home/brilliant/ros2_ws/install/nav_2d_msgs/share/nav_2d_msgs/msg/Pose2D32.msg
[2.703s] -- Up-to-date symlink: /home/brilliant/ros2_ws/install/nav_2d_msgs/share/nav_2d_msgs/msg/Pose2DStamped.msg
[2.703s] -- Up-to-date symlink: /home/brilliant/ros2_ws/install/nav_2d_msgs/share/nav_2d_msgs/msg/Twist2D.msg
[2.704s] -- Up-to-date symlink: /home/brilliant/ros2_ws/install/nav_2d_msgs/share/nav_2d_msgs/msg/Twist2D32.msg
[2.704s] -- Up-to-date symlink: /home/brilliant/ros2_ws/install/nav_2d_msgs/share/nav_2d_msgs/msg/Twist2DStamped.msg
[2.710s] -- Up-to-date symlink: /home/brilliant/ros2_ws/install/nav_2d_msgs/share/ament_index/resource_index/package_run_dependencies/nav_2d_msgs
[2.710s] -- Up-to-date symlink: /home/brilliant/ros2_ws/install/nav_2d_msgs/share/ament_index/resource_index/parent_prefix_path/nav_2d_msgs
[2.710s] -- Up-to-date symlink: /home/brilliant/ros2_ws/install/nav_2d_msgs/share/nav_2d_msgs/environment/ament_prefix_path.sh
[2.710s] -- Up-to-date symlink: /home/brilliant/ros2_ws/install/nav_2d_msgs/share/nav_2d_msgs/environment/ament_prefix_path.dsv
[2.711s] -- Up-to-date symlink: /home/brilliant/ros2_ws/install/nav_2d_msgs/share/nav_2d_msgs/environment/path.sh
[2.711s] -- Up-to-date symlink: /home/brilliant/ros2_ws/install/nav_2d_msgs/share/nav_2d_msgs/environment/path.dsv
[2.711s] -- Up-to-date symlink: /home/brilliant/ros2_ws/install/nav_2d_msgs/share/nav_2d_msgs/local_setup.bash
[2.711s] -- Up-to-date symlink: /home/brilliant/ros2_ws/install/nav_2d_msgs/share/nav_2d_msgs/local_setup.sh
[2.711s] -- Up-to-date symlink: /home/brilliant/ros2_ws/install/nav_2d_msgs/share/nav_2d_msgs/local_setup.zsh
[2.712s] -- Up-to-date symlink: /home/brilliant/ros2_ws/install/nav_2d_msgs/share/nav_2d_msgs/local_setup.dsv
[2.716s] -- Symlinking: /home/brilliant/ros2_ws/install/nav_2d_msgs/share/nav_2d_msgs/package.dsv
[2.790s] -- Up-to-date symlink: /home/brilliant/ros2_ws/install/nav_2d_msgs/share/ament_index/resource_index/packages/nav_2d_msgs
[2.792s] -- Up-to-date symlink: /home/brilliant/ros2_ws/install/nav_2d_msgs/share/nav_2d_msgs/cmake/rosidl_cmake-extras.cmake
[2.793s] -- Up-to-date symlink: /home/brilliant/ros2_ws/install/nav_2d_msgs/share/nav_2d_msgs/cmake/ament_cmake_export_dependencies-extras.cmake
[2.794s] -- Up-to-date symlink: /home/brilliant/ros2_ws/install/nav_2d_msgs/share/nav_2d_msgs/cmake/ament_cmake_export_include_directories-extras.cmake
[2.797s] -- Up-to-date symlink: /home/brilliant/ros2_ws/install/nav_2d_msgs/share/nav_2d_msgs/cmake/ament_cmake_export_libraries-extras.cmake
[2.798s] -- Up-to-date symlink: /home/brilliant/ros2_ws/install/nav_2d_msgs/share/nav_2d_msgs/cmake/ament_cmake_export_targets-extras.cmake
[2.798s] -- Up-to-date symlink: /home/brilliant/ros2_ws/install/nav_2d_msgs/share/nav_2d_msgs/cmake/rosidl_cmake_export_typesupport_targets-extras.cmake
[2.799s] -- Up-to-date symlink: /home/brilliant/ros2_ws/install/nav_2d_msgs/share/nav_2d_msgs/cmake/rosidl_cmake_export_typesupport_libraries-extras.cmake
[2.799s] -- Up-to-date symlink: /home/brilliant/ros2_ws/install/nav_2d_msgs/share/nav_2d_msgs/cmake/nav_2d_msgsConfig.cmake
[2.800s] -- Up-to-date symlink: /home/brilliant/ros2_ws/install/nav_2d_msgs/share/nav_2d_msgs/cmake/nav_2d_msgsConfig-version.cmake
[2.804s] -- Up-to-date symlink: /home/brilliant/ros2_ws/install/nav_2d_msgs/share/nav_2d_msgs/package.xml
[2.805s] -- Up-to-date: /home/brilliant/ros2_ws/install/nav_2d_msgs/lib/libnav_2d_msgs__rosidl_generator_c.so
[2.810s] -- Up-to-date: /home/brilliant/ros2_ws/install/nav_2d_msgs/lib/libnav_2d_msgs__rosidl_typesupport_fastrtps_c.so
[2.811s] -- Up-to-date: /home/brilliant/ros2_ws/install/nav_2d_msgs/lib/libnav_2d_msgs__rosidl_typesupport_fastrtps_cpp.so
[2.814s] -- Up-to-date: /home/brilliant/ros2_ws/install/nav_2d_msgs/lib/libnav_2d_msgs__rosidl_typesupport_introspection_c.so
[2.821s] -- Up-to-date: /home/brilliant/ros2_ws/install/nav_2d_msgs/lib/libnav_2d_msgs__rosidl_typesupport_c.so
[2.822s] -- Up-to-date: /home/brilliant/ros2_ws/install/nav_2d_msgs/lib/libnav_2d_msgs__rosidl_typesupport_introspection_cpp.so
[2.826s] -- Up-to-date: /home/brilliant/ros2_ws/install/nav_2d_msgs/lib/libnav_2d_msgs__rosidl_typesupport_cpp.so
[2.988s] Listing '/home/brilliant/ros2_ws/install/nav_2d_msgs/lib/python3.12/site-packages/nav_2d_msgs'...
[2.989s] Listing '/home/brilliant/ros2_ws/install/nav_2d_msgs/lib/python3.12/site-packages/nav_2d_msgs/msg'...
[3.025s] -- Up-to-date: /home/brilliant/ros2_ws/install/nav_2d_msgs/lib/libnav_2d_msgs__rosidl_generator_py.so
[3.026s] -- Up-to-date: /home/brilliant/ros2_ws/install/nav_2d_msgs/share/nav_2d_msgs/cmake/export_nav_2d_msgs__rosidl_generator_cExport.cmake
[3.028s] -- Up-to-date: /home/brilliant/ros2_ws/install/nav_2d_msgs/share/nav_2d_msgs/cmake/export_nav_2d_msgs__rosidl_generator_cExport-noconfig.cmake
[3.030s] -- Up-to-date: /home/brilliant/ros2_ws/install/nav_2d_msgs/share/nav_2d_msgs/cmake/export_nav_2d_msgs__rosidl_typesupport_fastrtps_cExport.cmake
[3.030s] -- Up-to-date: /home/brilliant/ros2_ws/install/nav_2d_msgs/share/nav_2d_msgs/cmake/export_nav_2d_msgs__rosidl_typesupport_fastrtps_cExport-noconfig.cmake
[3.033s] -- Up-to-date: /home/brilliant/ros2_ws/install/nav_2d_msgs/share/nav_2d_msgs/cmake/export_nav_2d_msgs__rosidl_generator_cppExport.cmake
[3.034s] -- Up-to-date: /home/brilliant/ros2_ws/install/nav_2d_msgs/share/nav_2d_msgs/cmake/export_nav_2d_msgs__rosidl_typesupport_fastrtps_cppExport.cmake
[3.034s] -- Up-to-date: /home/brilliant/ros2_ws/install/nav_2d_msgs/share/nav_2d_msgs/cmake/export_nav_2d_msgs__rosidl_typesupport_fastrtps_cppExport-noconfig.cmake
[3.034s] -- Up-to-date: /home/brilliant/ros2_ws/install/nav_2d_msgs/share/nav_2d_msgs/cmake/nav_2d_msgs__rosidl_typesupport_introspection_cExport.cmake
[3.048s] -- Up-to-date: /home/brilliant/ros2_ws/install/nav_2d_msgs/share/nav_2d_msgs/cmake/nav_2d_msgs__rosidl_typesupport_introspection_cExport-noconfig.cmake
[3.048s] -- Up-to-date: /home/brilliant/ros2_ws/install/nav_2d_msgs/share/nav_2d_msgs/cmake/nav_2d_msgs__rosidl_typesupport_cExport.cmake
[3.057s] -- Up-to-date: /home/brilliant/ros2_ws/install/nav_2d_msgs/share/nav_2d_msgs/cmake/nav_2d_msgs__rosidl_typesupport_cExport-noconfig.cmake
[3.057s] -- Up-to-date: /home/brilliant/ros2_ws/install/nav_2d_msgs/share/nav_2d_msgs/cmake/nav_2d_msgs__rosidl_typesupport_introspection_cppExport.cmake
[3.057s] -- Up-to-date: /home/brilliant/ros2_ws/install/nav_2d_msgs/share/nav_2d_msgs/cmake/nav_2d_msgs__rosidl_typesupport_introspection_cppExport-noconfig.cmake
[3.057s] -- Up-to-date: /home/brilliant/ros2_ws/install/nav_2d_msgs/share/nav_2d_msgs/cmake/nav_2d_msgs__rosidl_typesupport_cppExport.cmake
[3.058s] -- Up-to-date: /home/brilliant/ros2_ws/install/nav_2d_msgs/share/nav_2d_msgs/cmake/nav_2d_msgs__rosidl_typesupport_cppExport-noconfig.cmake
[3.058s] -- Up-to-date: /home/brilliant/ros2_ws/install/nav_2d_msgs/share/nav_2d_msgs/cmake/export_nav_2d_msgs__rosidl_generator_pyExport.cmake
[3.058s] -- Up-to-date: /home/brilliant/ros2_ws/install/nav_2d_msgs/share/nav_2d_msgs/cmake/export_nav_2d_msgs__rosidl_generator_pyExport-noconfig.cmake
[3.156s] Invoked command in '/home/brilliant/ros2_ws/build/nav_2d_msgs' returned '0': CMAKE_PREFIX_PATH=${CMAKE_PREFIX_PATH}:/home/brilliant/ros2_ws/install/twist_stamper:/opt/ros/jazzy DEBUGINFOD_URLS=https://debuginfod.ubuntu.com /usr/bin/cmake --install /home/brilliant/ros2_ws/build/nav_2d_msgs
