[1.273s] Invoking command in '/home/brilliant/ros2_ws/build/serial': CMAKE_PREFIX_PATH=${CMAKE_PREFIX_PATH}:/home/brilliant/ros2_ws/install/twist_stamper:/opt/ros/jazzy DEBUGINFOD_URLS=https://debuginfod.ubuntu.com /usr/bin/cmake --build /home/brilliant/ros2_ws/build/serial -- -j4 -l4
[1.593s] [ 14%] Built target gtest_main
[1.607s] [ 28%] Built target gtest
[1.615s] [ 57%] Built target serial
[1.749s] [ 71%] Built target serial_example
[1.762s] [ 85%] Built target serial-test-timer
[1.788s] [100%] Built target serial-test
[1.960s] Invoked command in '/home/brilliant/ros2_ws/build/serial' returned '0': CMAKE_PREFIX_PATH=${CMAKE_PREFIX_PATH}:/home/brilliant/ros2_ws/install/twist_stamper:/opt/ros/jazzy DEBUGINFOD_URLS=https://debuginfod.ubuntu.com /usr/bin/cmake --build /home/brilliant/ros2_ws/build/serial -- -j4 -l4
[1.967s] Invoking command in '/home/brilliant/ros2_ws/build/serial': CMAKE_PREFIX_PATH=${CMAKE_PREFIX_PATH}:/home/brilliant/ros2_ws/install/twist_stamper:/opt/ros/jazzy DEBUGINFOD_URLS=https://debuginfod.ubuntu.com /usr/bin/cmake --install /home/brilliant/ros2_ws/build/serial
[2.059s] -- Install configuration: ""
[2.059s] -- Execute custom install script
[2.059s] -- Up-to-date symlink: /home/brilliant/ros2_ws/install/serial/lib/libserial.a
[2.059s] -- Up-to-date symlink: /home/brilliant/ros2_ws/install/serial/include/serial/serial.h
[2.060s] -- Up-to-date symlink: /home/brilliant/ros2_ws/install/serial/include/serial/v8stdint.h
[2.060s] -- Up-to-date symlink: /home/brilliant/ros2_ws/install/serial/share/serial/environment/library_path.sh
[2.060s] -- Up-to-date symlink: /home/brilliant/ros2_ws/install/serial/share/serial/environment/library_path.dsv
[2.060s] -- Up-to-date symlink: /home/brilliant/ros2_ws/install/serial/share/ament_index/resource_index/package_run_dependencies/serial
[2.064s] -- Up-to-date symlink: /home/brilliant/ros2_ws/install/serial/share/ament_index/resource_index/parent_prefix_path/serial
[2.064s] -- Up-to-date symlink: /home/brilliant/ros2_ws/install/serial/share/serial/environment/ament_prefix_path.sh
[2.064s] -- Up-to-date symlink: /home/brilliant/ros2_ws/install/serial/share/serial/environment/ament_prefix_path.dsv
[2.065s] -- Up-to-date symlink: /home/brilliant/ros2_ws/install/serial/share/serial/environment/path.sh
[2.065s] -- Up-to-date symlink: /home/brilliant/ros2_ws/install/serial/share/serial/environment/path.dsv
[2.065s] -- Up-to-date symlink: /home/brilliant/ros2_ws/install/serial/share/serial/local_setup.bash
[2.065s] -- Up-to-date symlink: /home/brilliant/ros2_ws/install/serial/share/serial/local_setup.sh
[2.072s] -- Up-to-date symlink: /home/brilliant/ros2_ws/install/serial/share/serial/local_setup.zsh
[2.072s] -- Up-to-date symlink: /home/brilliant/ros2_ws/install/serial/share/serial/local_setup.dsv
[2.075s] -- Symlinking: /home/brilliant/ros2_ws/install/serial/share/serial/package.dsv
[2.088s] -- Up-to-date symlink: /home/brilliant/ros2_ws/install/serial/share/ament_index/resource_index/packages/serial
[2.088s] -- Up-to-date symlink: /home/brilliant/ros2_ws/install/serial/share/serial/cmake/ament_cmake_export_include_directories-extras.cmake
[2.089s] -- Up-to-date symlink: /home/brilliant/ros2_ws/install/serial/share/serial/cmake/ament_cmake_export_libraries-extras.cmake
[2.089s] -- Up-to-date symlink: /home/brilliant/ros2_ws/install/serial/share/serial/cmake/serialConfig.cmake
[2.091s] -- Up-to-date symlink: /home/brilliant/ros2_ws/install/serial/share/serial/cmake/serialConfig-version.cmake
[2.091s] -- Up-to-date symlink: /home/brilliant/ros2_ws/install/serial/share/serial/package.xml
[2.114s] Invoked command in '/home/brilliant/ros2_ws/build/serial' returned '0': CMAKE_PREFIX_PATH=${CMAKE_PREFIX_PATH}:/home/brilliant/ros2_ws/install/twist_stamper:/opt/ros/jazzy DEBUGINFOD_URLS=https://debuginfod.ubuntu.com /usr/bin/cmake --install /home/brilliant/ros2_ws/build/serial
