[0.045s] Invoking command in '/home/brilliant/ros2_ws/build/dwb_msgs': CMAKE_PREFIX_PATH=/home/brilliant/ros2_ws/install/nav_2d_msgs:/home/brilliant/ros2_ws/install/sllidar_ros2:/home/brilliant/ros2_ws/install/serial:/home/brilliant/ros2_ws/install/opennav_docking_core:/home/brilliant/ros2_ws/install/nav_2d_utils:/home/brilliant/ros2_ws/install/dwb_msgs:/home/brilliant/ros2_ws/install/nav2_voxel_grid:/home/brilliant/ros2_ws/install/nav2_velocity_smoother:/home/brilliant/ros2_ws/install/nav2_rviz_plugins:/home/brilliant/ros2_ws/install/nav2_map_server:/home/brilliant/ros2_ws/install/nav2_lifecycle_manager:/home/brilliant/ros2_ws/install/nav2_amcl:/home/brilliant/ros2_ws/install/nav2_util:/home/brilliant/ros2_ws/install/nav2_msgs:/home/brilliant/ros2_ws/install/nav2_common:/home/brilliant/ros2_ws/install/minibot:/home/brilliant/ros2_ws/install/diffdrive_arduino:/opt/ros/jazzy/opt/gz_sim_vendor:/opt/ros/jazzy/opt/gz_sensors_vendor:/opt/ros/jazzy/opt/gz_physics_vendor:/opt/ros/jazzy/opt/sdformat_vendor:/opt/ros/jazzy/opt/gz_gui_vendor:/opt/ros/jazzy/opt/gz_transport_vendor:/opt/ros/jazzy/opt/gz_rendering_vendor:/opt/ros/jazzy/opt/gz_plugin_vendor:/opt/ros/jazzy/opt/gz_fuel_tools_vendor:/opt/ros/jazzy/opt/gz_msgs_vendor:/opt/ros/jazzy/opt/gz_common_vendor:/opt/ros/jazzy/opt/gz_math_vendor:/opt/ros/jazzy/opt/gz_utils_vendor:/opt/ros/jazzy/opt/gz_tools_vendor:/opt/ros/jazzy/opt/gz_ogre_next_vendor:/opt/ros/jazzy/opt/gz_dartsim_vendor:/opt/ros/jazzy/opt/gz_cmake_vendor:/home/brilliant/ros2_ws/install/twist_stamper:/home/brilliant/ros2_ws/install/nav2_simple_commander:/home/brilliant/ros2_ws/install/nav2_loopback_sim:/opt/ros/jazzy DEBUGINFOD_URLS=https://debuginfod.ubuntu.com LD_LIBRARY_PATH=/home/brilliant/ros2_ws/install/nav_2d_msgs/lib:/home/brilliant/ros2_ws/install/serial/lib:/home/brilliant/ros2_ws/install/nav_2d_utils/lib:/home/brilliant/ros2_ws/install/dwb_msgs/lib:/home/brilliant/ros2_ws/install/nav2_voxel_grid/lib:/home/brilliant/ros2_ws/install/nav2_velocity_smoother/lib:/home/brilliant/ros2_ws/install/nav2_rviz_plugins/lib:/home/brilliant/ros2_ws/install/nav2_map_server/lib:/home/brilliant/ros2_ws/install/nav2_lifecycle_manager/lib:/home/brilliant/ros2_ws/install/nav2_amcl/lib:/home/brilliant/ros2_ws/install/nav2_util/lib:/home/brilliant/ros2_ws/install/nav2_msgs/lib:/home/brilliant/ros2_ws/install/diffdrive_arduino/lib:/opt/ros/jazzy/opt/gz_sim_vendor/lib:/opt/ros/jazzy/opt/gz_sensors_vendor/lib:/opt/ros/jazzy/opt/gz_physics_vendor/lib:/opt/ros/jazzy/opt/sdformat_vendor/lib:/opt/ros/jazzy/opt/rviz_ogre_vendor/lib:/opt/ros/jazzy/lib/x86_64-linux-gnu:/opt/ros/jazzy/opt/gz_gui_vendor/lib:/opt/ros/jazzy/opt/gz_transport_vendor/lib:/opt/ros/jazzy/opt/gz_rendering_vendor/lib:/opt/ros/jazzy/opt/gz_plugin_vendor/lib:/opt/ros/jazzy/opt/gz_fuel_tools_vendor/lib:/opt/ros/jazzy/opt/gz_msgs_vendor/lib:/opt/ros/jazzy/opt/gz_common_vendor/lib:/opt/ros/jazzy/opt/gz_math_vendor/lib:/opt/ros/jazzy/opt/gz_utils_vendor/lib:/opt/ros/jazzy/opt/gz_tools_vendor/lib:/opt/ros/jazzy/opt/gz_ogre_next_vendor/lib:/opt/ros/jazzy/opt/gz_dartsim_vendor/lib:/opt/ros/jazzy/opt/gz_cmake_vendor/lib:/opt/ros/jazzy/lib PYTHONPATH=/home/brilliant/ros2_ws/install/nav_2d_msgs/lib/python3.12/site-packages:/home/brilliant/ros2_ws/build/twist_stamper:/home/brilliant/ros2_ws/install/twist_stamper/lib/python3.12/site-packages:/home/brilliant/ros2_ws/install/dwb_msgs/lib/python3.12/site-packages:/home/brilliant/ros2_ws/build/nav2_simple_commander:/home/brilliant/ros2_ws/install/nav2_simple_commander/lib/python3.12/site-packages:/home/brilliant/ros2_ws/install/nav2_msgs/lib/python3.12/site-packages:/home/brilliant/ros2_ws/build/nav2_loopback_sim:/home/brilliant/ros2_ws/install/nav2_loopback_sim/lib/python3.12/site-packages:/home/brilliant/ros2_ws/install/nav2_common/lib/python3.12/site-packages:/opt/ros/jazzy/lib/python3.12/site-packages /usr/bin/cmake --build /home/brilliant/ros2_ws/build/dwb_msgs -- -j4 -l4
[0.277s] [  1%] Built target dwb_msgs__rosidl_generator_type_description
[0.330s] [  1%] Built target ament_cmake_python_symlink_dwb_msgs
[0.418s] [  1%] Built target dwb_msgs__cpp
[0.443s] [ 27%] Built target dwb_msgs__rosidl_generator_c
[0.556s] [ 37%] Built target dwb_msgs__rosidl_typesupport_cpp
[0.603s] [ 46%] Built target dwb_msgs__rosidl_typesupport_fastrtps_c
[0.645s] [ 56%] Built target dwb_msgs__rosidl_typesupport_fastrtps_cpp
[0.738s] [ 66%] Built target dwb_msgs__rosidl_typesupport_introspection_c
[0.751s] [ 76%] Built target dwb_msgs__rosidl_typesupport_c
[0.759s] [ 85%] Built target dwb_msgs__rosidl_typesupport_introspection_cpp
[0.852s] [ 85%] Built target dwb_msgs
[0.974s] [ 86%] Built target dwb_msgs__py
[1.118s] [ 94%] Built target dwb_msgs__rosidl_generator_py
[1.264s] [ 96%] Built target dwb_msgs_s__rosidl_typesupport_introspection_c
[1.272s] [ 98%] Built target dwb_msgs_s__rosidl_typesupport_fastrtps_c
[1.279s] [100%] Built target dwb_msgs_s__rosidl_typesupport_c
[1.322s] running egg_info
[1.378s] writing dwb_msgs.egg-info/PKG-INFO
[1.381s] writing dependency_links to dwb_msgs.egg-info/dependency_links.txt
[1.381s] writing top-level names to dwb_msgs.egg-info/top_level.txt
[1.529s] reading manifest file 'dwb_msgs.egg-info/SOURCES.txt'
[1.532s] writing manifest file 'dwb_msgs.egg-info/SOURCES.txt'
[1.616s] [100%] Built target ament_cmake_python_build_dwb_msgs_egg
[1.988s] Invoked command in '/home/brilliant/ros2_ws/build/dwb_msgs' returned '0': CMAKE_PREFIX_PATH=/home/brilliant/ros2_ws/install/nav_2d_msgs:/home/brilliant/ros2_ws/install/sllidar_ros2:/home/brilliant/ros2_ws/install/serial:/home/brilliant/ros2_ws/install/opennav_docking_core:/home/brilliant/ros2_ws/install/nav_2d_utils:/home/brilliant/ros2_ws/install/dwb_msgs:/home/brilliant/ros2_ws/install/nav2_voxel_grid:/home/brilliant/ros2_ws/install/nav2_velocity_smoother:/home/brilliant/ros2_ws/install/nav2_rviz_plugins:/home/brilliant/ros2_ws/install/nav2_map_server:/home/brilliant/ros2_ws/install/nav2_lifecycle_manager:/home/brilliant/ros2_ws/install/nav2_amcl:/home/brilliant/ros2_ws/install/nav2_util:/home/brilliant/ros2_ws/install/nav2_msgs:/home/brilliant/ros2_ws/install/nav2_common:/home/brilliant/ros2_ws/install/minibot:/home/brilliant/ros2_ws/install/diffdrive_arduino:/opt/ros/jazzy/opt/gz_sim_vendor:/opt/ros/jazzy/opt/gz_sensors_vendor:/opt/ros/jazzy/opt/gz_physics_vendor:/opt/ros/jazzy/opt/sdformat_vendor:/opt/ros/jazzy/opt/gz_gui_vendor:/opt/ros/jazzy/opt/gz_transport_vendor:/opt/ros/jazzy/opt/gz_rendering_vendor:/opt/ros/jazzy/opt/gz_plugin_vendor:/opt/ros/jazzy/opt/gz_fuel_tools_vendor:/opt/ros/jazzy/opt/gz_msgs_vendor:/opt/ros/jazzy/opt/gz_common_vendor:/opt/ros/jazzy/opt/gz_math_vendor:/opt/ros/jazzy/opt/gz_utils_vendor:/opt/ros/jazzy/opt/gz_tools_vendor:/opt/ros/jazzy/opt/gz_ogre_next_vendor:/opt/ros/jazzy/opt/gz_dartsim_vendor:/opt/ros/jazzy/opt/gz_cmake_vendor:/home/brilliant/ros2_ws/install/twist_stamper:/home/brilliant/ros2_ws/install/nav2_simple_commander:/home/brilliant/ros2_ws/install/nav2_loopback_sim:/opt/ros/jazzy DEBUGINFOD_URLS=https://debuginfod.ubuntu.com LD_LIBRARY_PATH=/home/brilliant/ros2_ws/install/nav_2d_msgs/lib:/home/brilliant/ros2_ws/install/serial/lib:/home/brilliant/ros2_ws/install/nav_2d_utils/lib:/home/brilliant/ros2_ws/install/dwb_msgs/lib:/home/brilliant/ros2_ws/install/nav2_voxel_grid/lib:/home/brilliant/ros2_ws/install/nav2_velocity_smoother/lib:/home/brilliant/ros2_ws/install/nav2_rviz_plugins/lib:/home/brilliant/ros2_ws/install/nav2_map_server/lib:/home/brilliant/ros2_ws/install/nav2_lifecycle_manager/lib:/home/brilliant/ros2_ws/install/nav2_amcl/lib:/home/brilliant/ros2_ws/install/nav2_util/lib:/home/brilliant/ros2_ws/install/nav2_msgs/lib:/home/brilliant/ros2_ws/install/diffdrive_arduino/lib:/opt/ros/jazzy/opt/gz_sim_vendor/lib:/opt/ros/jazzy/opt/gz_sensors_vendor/lib:/opt/ros/jazzy/opt/gz_physics_vendor/lib:/opt/ros/jazzy/opt/sdformat_vendor/lib:/opt/ros/jazzy/opt/rviz_ogre_vendor/lib:/opt/ros/jazzy/lib/x86_64-linux-gnu:/opt/ros/jazzy/opt/gz_gui_vendor/lib:/opt/ros/jazzy/opt/gz_transport_vendor/lib:/opt/ros/jazzy/opt/gz_rendering_vendor/lib:/opt/ros/jazzy/opt/gz_plugin_vendor/lib:/opt/ros/jazzy/opt/gz_fuel_tools_vendor/lib:/opt/ros/jazzy/opt/gz_msgs_vendor/lib:/opt/ros/jazzy/opt/gz_common_vendor/lib:/opt/ros/jazzy/opt/gz_math_vendor/lib:/opt/ros/jazzy/opt/gz_utils_vendor/lib:/opt/ros/jazzy/opt/gz_tools_vendor/lib:/opt/ros/jazzy/opt/gz_ogre_next_vendor/lib:/opt/ros/jazzy/opt/gz_dartsim_vendor/lib:/opt/ros/jazzy/opt/gz_cmake_vendor/lib:/opt/ros/jazzy/lib PYTHONPATH=/home/brilliant/ros2_ws/install/nav_2d_msgs/lib/python3.12/site-packages:/home/brilliant/ros2_ws/build/twist_stamper:/home/brilliant/ros2_ws/install/twist_stamper/lib/python3.12/site-packages:/home/brilliant/ros2_ws/install/dwb_msgs/lib/python3.12/site-packages:/home/brilliant/ros2_ws/build/nav2_simple_commander:/home/brilliant/ros2_ws/install/nav2_simple_commander/lib/python3.12/site-packages:/home/brilliant/ros2_ws/install/nav2_msgs/lib/python3.12/site-packages:/home/brilliant/ros2_ws/build/nav2_loopback_sim:/home/brilliant/ros2_ws/install/nav2_loopback_sim/lib/python3.12/site-packages:/home/brilliant/ros2_ws/install/nav2_common/lib/python3.12/site-packages:/opt/ros/jazzy/lib/python3.12/site-packages /usr/bin/cmake --build /home/brilliant/ros2_ws/build/dwb_msgs -- -j4 -l4
[1.991s] Invoking command in '/home/brilliant/ros2_ws/build/dwb_msgs': CMAKE_PREFIX_PATH=/home/brilliant/ros2_ws/install/nav_2d_msgs:/home/brilliant/ros2_ws/install/sllidar_ros2:/home/brilliant/ros2_ws/install/serial:/home/brilliant/ros2_ws/install/opennav_docking_core:/home/brilliant/ros2_ws/install/nav_2d_utils:/home/brilliant/ros2_ws/install/dwb_msgs:/home/brilliant/ros2_ws/install/nav2_voxel_grid:/home/brilliant/ros2_ws/install/nav2_velocity_smoother:/home/brilliant/ros2_ws/install/nav2_rviz_plugins:/home/brilliant/ros2_ws/install/nav2_map_server:/home/brilliant/ros2_ws/install/nav2_lifecycle_manager:/home/brilliant/ros2_ws/install/nav2_amcl:/home/brilliant/ros2_ws/install/nav2_util:/home/brilliant/ros2_ws/install/nav2_msgs:/home/brilliant/ros2_ws/install/nav2_common:/home/brilliant/ros2_ws/install/minibot:/home/brilliant/ros2_ws/install/diffdrive_arduino:/opt/ros/jazzy/opt/gz_sim_vendor:/opt/ros/jazzy/opt/gz_sensors_vendor:/opt/ros/jazzy/opt/gz_physics_vendor:/opt/ros/jazzy/opt/sdformat_vendor:/opt/ros/jazzy/opt/gz_gui_vendor:/opt/ros/jazzy/opt/gz_transport_vendor:/opt/ros/jazzy/opt/gz_rendering_vendor:/opt/ros/jazzy/opt/gz_plugin_vendor:/opt/ros/jazzy/opt/gz_fuel_tools_vendor:/opt/ros/jazzy/opt/gz_msgs_vendor:/opt/ros/jazzy/opt/gz_common_vendor:/opt/ros/jazzy/opt/gz_math_vendor:/opt/ros/jazzy/opt/gz_utils_vendor:/opt/ros/jazzy/opt/gz_tools_vendor:/opt/ros/jazzy/opt/gz_ogre_next_vendor:/opt/ros/jazzy/opt/gz_dartsim_vendor:/opt/ros/jazzy/opt/gz_cmake_vendor:/home/brilliant/ros2_ws/install/twist_stamper:/home/brilliant/ros2_ws/install/nav2_simple_commander:/home/brilliant/ros2_ws/install/nav2_loopback_sim:/opt/ros/jazzy DEBUGINFOD_URLS=https://debuginfod.ubuntu.com LD_LIBRARY_PATH=/home/brilliant/ros2_ws/install/nav_2d_msgs/lib:/home/brilliant/ros2_ws/install/serial/lib:/home/brilliant/ros2_ws/install/nav_2d_utils/lib:/home/brilliant/ros2_ws/install/dwb_msgs/lib:/home/brilliant/ros2_ws/install/nav2_voxel_grid/lib:/home/brilliant/ros2_ws/install/nav2_velocity_smoother/lib:/home/brilliant/ros2_ws/install/nav2_rviz_plugins/lib:/home/brilliant/ros2_ws/install/nav2_map_server/lib:/home/brilliant/ros2_ws/install/nav2_lifecycle_manager/lib:/home/brilliant/ros2_ws/install/nav2_amcl/lib:/home/brilliant/ros2_ws/install/nav2_util/lib:/home/brilliant/ros2_ws/install/nav2_msgs/lib:/home/brilliant/ros2_ws/install/diffdrive_arduino/lib:/opt/ros/jazzy/opt/gz_sim_vendor/lib:/opt/ros/jazzy/opt/gz_sensors_vendor/lib:/opt/ros/jazzy/opt/gz_physics_vendor/lib:/opt/ros/jazzy/opt/sdformat_vendor/lib:/opt/ros/jazzy/opt/rviz_ogre_vendor/lib:/opt/ros/jazzy/lib/x86_64-linux-gnu:/opt/ros/jazzy/opt/gz_gui_vendor/lib:/opt/ros/jazzy/opt/gz_transport_vendor/lib:/opt/ros/jazzy/opt/gz_rendering_vendor/lib:/opt/ros/jazzy/opt/gz_plugin_vendor/lib:/opt/ros/jazzy/opt/gz_fuel_tools_vendor/lib:/opt/ros/jazzy/opt/gz_msgs_vendor/lib:/opt/ros/jazzy/opt/gz_common_vendor/lib:/opt/ros/jazzy/opt/gz_math_vendor/lib:/opt/ros/jazzy/opt/gz_utils_vendor/lib:/opt/ros/jazzy/opt/gz_tools_vendor/lib:/opt/ros/jazzy/opt/gz_ogre_next_vendor/lib:/opt/ros/jazzy/opt/gz_dartsim_vendor/lib:/opt/ros/jazzy/opt/gz_cmake_vendor/lib:/opt/ros/jazzy/lib PYTHONPATH=/home/brilliant/ros2_ws/install/nav_2d_msgs/lib/python3.12/site-packages:/home/brilliant/ros2_ws/build/twist_stamper:/home/brilliant/ros2_ws/install/twist_stamper/lib/python3.12/site-packages:/home/brilliant/ros2_ws/install/dwb_msgs/lib/python3.12/site-packages:/home/brilliant/ros2_ws/build/nav2_simple_commander:/home/brilliant/ros2_ws/install/nav2_simple_commander/lib/python3.12/site-packages:/home/brilliant/ros2_ws/install/nav2_msgs/lib/python3.12/site-packages:/home/brilliant/ros2_ws/build/nav2_loopback_sim:/home/brilliant/ros2_ws/install/nav2_loopback_sim/lib/python3.12/site-packages:/home/brilliant/ros2_ws/install/nav2_common/lib/python3.12/site-packages:/opt/ros/jazzy/lib/python3.12/site-packages /usr/bin/cmake --install /home/brilliant/ros2_ws/build/dwb_msgs
[2.016s] -- Install configuration: ""
[2.018s] -- Execute custom install script
[2.019s] -- Up-to-date symlink: /home/brilliant/ros2_ws/install/dwb_msgs/share/ament_index/resource_index/rosidl_interfaces/dwb_msgs
[2.020s] -- Up-to-date symlink: /home/brilliant/ros2_ws/install/dwb_msgs/share/dwb_msgs/msg/CriticScore.json
[2.021s] -- Up-to-date symlink: /home/brilliant/ros2_ws/install/dwb_msgs/share/dwb_msgs/msg/LocalPlanEvaluation.json
[2.023s] -- Up-to-date symlink: /home/brilliant/ros2_ws/install/dwb_msgs/share/dwb_msgs/msg/Trajectory2D.json
[2.024s] -- Up-to-date symlink: /home/brilliant/ros2_ws/install/dwb_msgs/share/dwb_msgs/msg/TrajectoryScore.json
[2.026s] -- Up-to-date symlink: /home/brilliant/ros2_ws/install/dwb_msgs/share/dwb_msgs/srv/DebugLocalPlan.json
[2.027s] -- Up-to-date symlink: /home/brilliant/ros2_ws/install/dwb_msgs/share/dwb_msgs/srv/GenerateTrajectory.json
[2.029s] -- Up-to-date symlink: /home/brilliant/ros2_ws/install/dwb_msgs/share/dwb_msgs/srv/GenerateTwists.json
[2.030s] -- Up-to-date symlink: /home/brilliant/ros2_ws/install/dwb_msgs/share/dwb_msgs/srv/GetCriticScore.json
[2.031s] -- Up-to-date symlink: /home/brilliant/ros2_ws/install/dwb_msgs/share/dwb_msgs/srv/ScoreTrajectory.json
[2.034s] -- Up-to-date symlink: /home/brilliant/ros2_ws/install/dwb_msgs/include/dwb_msgs/dwb_msgs/msg/critic_score.h
[2.035s] -- Up-to-date symlink: /home/brilliant/ros2_ws/install/dwb_msgs/include/dwb_msgs/dwb_msgs/msg/detail/critic_score__functions.h
[2.036s] -- Up-to-date symlink: /home/brilliant/ros2_ws/install/dwb_msgs/include/dwb_msgs/dwb_msgs/msg/detail/critic_score__struct.h
[2.038s] -- Up-to-date symlink: /home/brilliant/ros2_ws/install/dwb_msgs/include/dwb_msgs/dwb_msgs/msg/detail/critic_score__type_support.h
[2.038s] -- Up-to-date symlink: /home/brilliant/ros2_ws/install/dwb_msgs/include/dwb_msgs/dwb_msgs/msg/detail/local_plan_evaluation__functions.h
[2.039s] -- Up-to-date symlink: /home/brilliant/ros2_ws/install/dwb_msgs/include/dwb_msgs/dwb_msgs/msg/detail/local_plan_evaluation__struct.h
[2.040s] -- Up-to-date symlink: /home/brilliant/ros2_ws/install/dwb_msgs/include/dwb_msgs/dwb_msgs/msg/detail/local_plan_evaluation__type_support.h
[2.042s] -- Up-to-date symlink: /home/brilliant/ros2_ws/install/dwb_msgs/include/dwb_msgs/dwb_msgs/msg/detail/trajectory2_d__functions.h
[2.043s] -- Up-to-date symlink: /home/brilliant/ros2_ws/install/dwb_msgs/include/dwb_msgs/dwb_msgs/msg/detail/trajectory2_d__struct.h
[2.043s] -- Up-to-date symlink: /home/brilliant/ros2_ws/install/dwb_msgs/include/dwb_msgs/dwb_msgs/msg/detail/trajectory2_d__type_support.h
[2.044s] -- Up-to-date symlink: /home/brilliant/ros2_ws/install/dwb_msgs/include/dwb_msgs/dwb_msgs/msg/detail/trajectory_score__functions.h
[2.045s] -- Up-to-date symlink: /home/brilliant/ros2_ws/install/dwb_msgs/include/dwb_msgs/dwb_msgs/msg/detail/trajectory_score__struct.h
[2.046s] -- Up-to-date symlink: /home/brilliant/ros2_ws/install/dwb_msgs/include/dwb_msgs/dwb_msgs/msg/detail/trajectory_score__type_support.h
[2.047s] -- Up-to-date symlink: /home/brilliant/ros2_ws/install/dwb_msgs/include/dwb_msgs/dwb_msgs/msg/local_plan_evaluation.h
[2.048s] -- Up-to-date symlink: /home/brilliant/ros2_ws/install/dwb_msgs/include/dwb_msgs/dwb_msgs/msg/rosidl_generator_c__visibility_control.h
[2.049s] -- Up-to-date symlink: /home/brilliant/ros2_ws/install/dwb_msgs/include/dwb_msgs/dwb_msgs/msg/trajectory2_d.h
[2.050s] -- Up-to-date symlink: /home/brilliant/ros2_ws/install/dwb_msgs/include/dwb_msgs/dwb_msgs/msg/trajectory_score.h
[2.051s] -- Up-to-date symlink: /home/brilliant/ros2_ws/install/dwb_msgs/include/dwb_msgs/dwb_msgs/srv/debug_local_plan.h
[2.052s] -- Up-to-date symlink: /home/brilliant/ros2_ws/install/dwb_msgs/include/dwb_msgs/dwb_msgs/srv/detail/debug_local_plan__functions.h
[2.053s] -- Up-to-date symlink: /home/brilliant/ros2_ws/install/dwb_msgs/include/dwb_msgs/dwb_msgs/srv/detail/debug_local_plan__struct.h
[2.054s] -- Up-to-date symlink: /home/brilliant/ros2_ws/install/dwb_msgs/include/dwb_msgs/dwb_msgs/srv/detail/debug_local_plan__type_support.h
[2.055s] -- Up-to-date symlink: /home/brilliant/ros2_ws/install/dwb_msgs/include/dwb_msgs/dwb_msgs/srv/detail/generate_trajectory__functions.h
[2.056s] -- Up-to-date symlink: /home/brilliant/ros2_ws/install/dwb_msgs/include/dwb_msgs/dwb_msgs/srv/detail/generate_trajectory__struct.h
[2.057s] -- Up-to-date symlink: /home/brilliant/ros2_ws/install/dwb_msgs/include/dwb_msgs/dwb_msgs/srv/detail/generate_trajectory__type_support.h
[2.058s] -- Up-to-date symlink: /home/brilliant/ros2_ws/install/dwb_msgs/include/dwb_msgs/dwb_msgs/srv/detail/generate_twists__functions.h
[2.059s] -- Up-to-date symlink: /home/brilliant/ros2_ws/install/dwb_msgs/include/dwb_msgs/dwb_msgs/srv/detail/generate_twists__struct.h
[2.060s] -- Up-to-date symlink: /home/brilliant/ros2_ws/install/dwb_msgs/include/dwb_msgs/dwb_msgs/srv/detail/generate_twists__type_support.h
[2.061s] -- Up-to-date symlink: /home/brilliant/ros2_ws/install/dwb_msgs/include/dwb_msgs/dwb_msgs/srv/detail/get_critic_score__functions.h
[2.062s] -- Up-to-date symlink: /home/brilliant/ros2_ws/install/dwb_msgs/include/dwb_msgs/dwb_msgs/srv/detail/get_critic_score__struct.h
[2.063s] -- Up-to-date symlink: /home/brilliant/ros2_ws/install/dwb_msgs/include/dwb_msgs/dwb_msgs/srv/detail/get_critic_score__type_support.h
[2.063s] -- Up-to-date symlink: /home/brilliant/ros2_ws/install/dwb_msgs/include/dwb_msgs/dwb_msgs/srv/detail/score_trajectory__functions.h
[2.064s] -- Up-to-date symlink: /home/brilliant/ros2_ws/install/dwb_msgs/include/dwb_msgs/dwb_msgs/srv/detail/score_trajectory__struct.h
[2.065s] -- Up-to-date symlink: /home/brilliant/ros2_ws/install/dwb_msgs/include/dwb_msgs/dwb_msgs/srv/detail/score_trajectory__type_support.h
[2.066s] -- Up-to-date symlink: /home/brilliant/ros2_ws/install/dwb_msgs/include/dwb_msgs/dwb_msgs/srv/generate_trajectory.h
[2.066s] -- Up-to-date symlink: /home/brilliant/ros2_ws/install/dwb_msgs/include/dwb_msgs/dwb_msgs/srv/generate_twists.h
[2.067s] -- Up-to-date symlink: /home/brilliant/ros2_ws/install/dwb_msgs/include/dwb_msgs/dwb_msgs/srv/get_critic_score.h
[2.068s] -- Up-to-date symlink: /home/brilliant/ros2_ws/install/dwb_msgs/include/dwb_msgs/dwb_msgs/srv/score_trajectory.h
[2.068s] -- Up-to-date symlink: /home/brilliant/ros2_ws/install/dwb_msgs/share/dwb_msgs/environment/library_path.sh
[2.069s] -- Up-to-date symlink: /home/brilliant/ros2_ws/install/dwb_msgs/share/dwb_msgs/environment/library_path.dsv
[2.071s] -- Up-to-date symlink: /home/brilliant/ros2_ws/install/dwb_msgs/include/dwb_msgs/dwb_msgs/msg/detail/critic_score__rosidl_typesupport_fastrtps_c.h
[2.072s] -- Up-to-date symlink: /home/brilliant/ros2_ws/install/dwb_msgs/include/dwb_msgs/dwb_msgs/msg/detail/local_plan_evaluation__rosidl_typesupport_fastrtps_c.h
[2.073s] -- Up-to-date symlink: /home/brilliant/ros2_ws/install/dwb_msgs/include/dwb_msgs/dwb_msgs/msg/detail/trajectory2_d__rosidl_typesupport_fastrtps_c.h
[2.073s] -- Up-to-date symlink: /home/brilliant/ros2_ws/install/dwb_msgs/include/dwb_msgs/dwb_msgs/msg/detail/trajectory_score__rosidl_typesupport_fastrtps_c.h
[2.074s] -- Up-to-date symlink: /home/brilliant/ros2_ws/install/dwb_msgs/include/dwb_msgs/dwb_msgs/msg/rosidl_typesupport_fastrtps_c__visibility_control.h
[2.075s] -- Up-to-date symlink: /home/brilliant/ros2_ws/install/dwb_msgs/include/dwb_msgs/dwb_msgs/srv/detail/debug_local_plan__rosidl_typesupport_fastrtps_c.h
[2.076s] -- Up-to-date symlink: /home/brilliant/ros2_ws/install/dwb_msgs/include/dwb_msgs/dwb_msgs/srv/detail/generate_trajectory__rosidl_typesupport_fastrtps_c.h
[2.077s] -- Up-to-date symlink: /home/brilliant/ros2_ws/install/dwb_msgs/include/dwb_msgs/dwb_msgs/srv/detail/generate_twists__rosidl_typesupport_fastrtps_c.h
[2.077s] -- Up-to-date symlink: /home/brilliant/ros2_ws/install/dwb_msgs/include/dwb_msgs/dwb_msgs/srv/detail/get_critic_score__rosidl_typesupport_fastrtps_c.h
[2.079s] -- Up-to-date symlink: /home/brilliant/ros2_ws/install/dwb_msgs/include/dwb_msgs/dwb_msgs/srv/detail/score_trajectory__rosidl_typesupport_fastrtps_c.h
[2.081s] -- Up-to-date symlink: /home/brilliant/ros2_ws/install/dwb_msgs/include/dwb_msgs/dwb_msgs/msg/critic_score.hpp
[2.082s] -- Up-to-date symlink: /home/brilliant/ros2_ws/install/dwb_msgs/include/dwb_msgs/dwb_msgs/msg/detail/critic_score__builder.hpp
[2.083s] -- Up-to-date symlink: /home/brilliant/ros2_ws/install/dwb_msgs/include/dwb_msgs/dwb_msgs/msg/detail/critic_score__struct.hpp
[2.083s] -- Up-to-date symlink: /home/brilliant/ros2_ws/install/dwb_msgs/include/dwb_msgs/dwb_msgs/msg/detail/critic_score__traits.hpp
[2.084s] -- Up-to-date symlink: /home/brilliant/ros2_ws/install/dwb_msgs/include/dwb_msgs/dwb_msgs/msg/detail/critic_score__type_support.hpp
[2.085s] -- Up-to-date symlink: /home/brilliant/ros2_ws/install/dwb_msgs/include/dwb_msgs/dwb_msgs/msg/detail/local_plan_evaluation__builder.hpp
[2.086s] -- Up-to-date symlink: /home/brilliant/ros2_ws/install/dwb_msgs/include/dwb_msgs/dwb_msgs/msg/detail/local_plan_evaluation__struct.hpp
[2.089s] -- Up-to-date symlink: /home/brilliant/ros2_ws/install/dwb_msgs/include/dwb_msgs/dwb_msgs/msg/detail/local_plan_evaluation__traits.hpp
[2.090s] -- Up-to-date symlink: /home/brilliant/ros2_ws/install/dwb_msgs/include/dwb_msgs/dwb_msgs/msg/detail/local_plan_evaluation__type_support.hpp
[2.090s] -- Up-to-date symlink: /home/brilliant/ros2_ws/install/dwb_msgs/include/dwb_msgs/dwb_msgs/msg/detail/trajectory2_d__builder.hpp
[2.092s] -- Up-to-date symlink: /home/brilliant/ros2_ws/install/dwb_msgs/include/dwb_msgs/dwb_msgs/msg/detail/trajectory2_d__struct.hpp
[2.092s] -- Up-to-date symlink: /home/brilliant/ros2_ws/install/dwb_msgs/include/dwb_msgs/dwb_msgs/msg/detail/trajectory2_d__traits.hpp
[2.094s] -- Up-to-date symlink: /home/brilliant/ros2_ws/install/dwb_msgs/include/dwb_msgs/dwb_msgs/msg/detail/trajectory2_d__type_support.hpp
[2.095s] -- Up-to-date symlink: /home/brilliant/ros2_ws/install/dwb_msgs/include/dwb_msgs/dwb_msgs/msg/detail/trajectory_score__builder.hpp
[2.098s] -- Up-to-date symlink: /home/brilliant/ros2_ws/install/dwb_msgs/include/dwb_msgs/dwb_msgs/msg/detail/trajectory_score__struct.hpp
[2.098s] -- Up-to-date symlink: /home/brilliant/ros2_ws/install/dwb_msgs/include/dwb_msgs/dwb_msgs/msg/detail/trajectory_score__traits.hpp
[2.098s] -- Up-to-date symlink: /home/brilliant/ros2_ws/install/dwb_msgs/include/dwb_msgs/dwb_msgs/msg/detail/trajectory_score__type_support.hpp
[2.099s] -- Up-to-date symlink: /home/brilliant/ros2_ws/install/dwb_msgs/include/dwb_msgs/dwb_msgs/msg/local_plan_evaluation.hpp
[2.100s] -- Up-to-date symlink: /home/brilliant/ros2_ws/install/dwb_msgs/include/dwb_msgs/dwb_msgs/msg/rosidl_generator_cpp__visibility_control.hpp
[2.101s] -- Up-to-date symlink: /home/brilliant/ros2_ws/install/dwb_msgs/include/dwb_msgs/dwb_msgs/msg/trajectory2_d.hpp
[2.101s] -- Up-to-date symlink: /home/brilliant/ros2_ws/install/dwb_msgs/include/dwb_msgs/dwb_msgs/msg/trajectory_score.hpp
[2.101s] -- Up-to-date symlink: /home/brilliant/ros2_ws/install/dwb_msgs/include/dwb_msgs/dwb_msgs/srv/debug_local_plan.hpp
[2.102s] -- Up-to-date symlink: /home/brilliant/ros2_ws/install/dwb_msgs/include/dwb_msgs/dwb_msgs/srv/detail/debug_local_plan__builder.hpp
[2.104s] -- Up-to-date symlink: /home/brilliant/ros2_ws/install/dwb_msgs/include/dwb_msgs/dwb_msgs/srv/detail/debug_local_plan__struct.hpp
[2.104s] -- Up-to-date symlink: /home/brilliant/ros2_ws/install/dwb_msgs/include/dwb_msgs/dwb_msgs/srv/detail/debug_local_plan__traits.hpp
[2.104s] -- Up-to-date symlink: /home/brilliant/ros2_ws/install/dwb_msgs/include/dwb_msgs/dwb_msgs/srv/detail/debug_local_plan__type_support.hpp
[2.105s] -- Up-to-date symlink: /home/brilliant/ros2_ws/install/dwb_msgs/include/dwb_msgs/dwb_msgs/srv/detail/generate_trajectory__builder.hpp
[2.105s] -- Up-to-date symlink: /home/brilliant/ros2_ws/install/dwb_msgs/include/dwb_msgs/dwb_msgs/srv/detail/generate_trajectory__struct.hpp
[2.107s] -- Up-to-date symlink: /home/brilliant/ros2_ws/install/dwb_msgs/include/dwb_msgs/dwb_msgs/srv/detail/generate_trajectory__traits.hpp
[2.108s] -- Up-to-date symlink: /home/brilliant/ros2_ws/install/dwb_msgs/include/dwb_msgs/dwb_msgs/srv/detail/generate_trajectory__type_support.hpp
[2.109s] -- Up-to-date symlink: /home/brilliant/ros2_ws/install/dwb_msgs/include/dwb_msgs/dwb_msgs/srv/detail/generate_twists__builder.hpp
[2.110s] -- Up-to-date symlink: /home/brilliant/ros2_ws/install/dwb_msgs/include/dwb_msgs/dwb_msgs/srv/detail/generate_twists__struct.hpp
[2.113s] -- Up-to-date symlink: /home/brilliant/ros2_ws/install/dwb_msgs/include/dwb_msgs/dwb_msgs/srv/detail/generate_twists__traits.hpp
[2.114s] -- Up-to-date symlink: /home/brilliant/ros2_ws/install/dwb_msgs/include/dwb_msgs/dwb_msgs/srv/detail/generate_twists__type_support.hpp
[2.116s] -- Up-to-date symlink: /home/brilliant/ros2_ws/install/dwb_msgs/include/dwb_msgs/dwb_msgs/srv/detail/get_critic_score__builder.hpp
[2.118s] -- Up-to-date symlink: /home/brilliant/ros2_ws/install/dwb_msgs/include/dwb_msgs/dwb_msgs/srv/detail/get_critic_score__struct.hpp
[2.118s] -- Up-to-date symlink: /home/brilliant/ros2_ws/install/dwb_msgs/include/dwb_msgs/dwb_msgs/srv/detail/get_critic_score__traits.hpp
[2.119s] -- Up-to-date symlink: /home/brilliant/ros2_ws/install/dwb_msgs/include/dwb_msgs/dwb_msgs/srv/detail/get_critic_score__type_support.hpp
[2.119s] -- Up-to-date symlink: /home/brilliant/ros2_ws/install/dwb_msgs/include/dwb_msgs/dwb_msgs/srv/detail/score_trajectory__builder.hpp
[2.124s] -- Up-to-date symlink: /home/brilliant/ros2_ws/install/dwb_msgs/include/dwb_msgs/dwb_msgs/srv/detail/score_trajectory__struct.hpp
[2.126s] -- Up-to-date symlink: /home/brilliant/ros2_ws/install/dwb_msgs/include/dwb_msgs/dwb_msgs/srv/detail/score_trajectory__traits.hpp
[2.126s] -- Up-to-date symlink: /home/brilliant/ros2_ws/install/dwb_msgs/include/dwb_msgs/dwb_msgs/srv/detail/score_trajectory__type_support.hpp
[2.127s] -- Up-to-date symlink: /home/brilliant/ros2_ws/install/dwb_msgs/include/dwb_msgs/dwb_msgs/srv/generate_trajectory.hpp
[2.127s] -- Up-to-date symlink: /home/brilliant/ros2_ws/install/dwb_msgs/include/dwb_msgs/dwb_msgs/srv/generate_twists.hpp
[2.128s] -- Up-to-date symlink: /home/brilliant/ros2_ws/install/dwb_msgs/include/dwb_msgs/dwb_msgs/srv/get_critic_score.hpp
[2.128s] -- Up-to-date symlink: /home/brilliant/ros2_ws/install/dwb_msgs/include/dwb_msgs/dwb_msgs/srv/score_trajectory.hpp
[2.130s] -- Up-to-date symlink: /home/brilliant/ros2_ws/install/dwb_msgs/include/dwb_msgs/dwb_msgs/msg/detail/critic_score__rosidl_typesupport_fastrtps_cpp.hpp
[2.130s] -- Up-to-date symlink: /home/brilliant/ros2_ws/install/dwb_msgs/include/dwb_msgs/dwb_msgs/msg/detail/local_plan_evaluation__rosidl_typesupport_fastrtps_cpp.hpp
[2.130s] -- Up-to-date symlink: /home/brilliant/ros2_ws/install/dwb_msgs/include/dwb_msgs/dwb_msgs/msg/detail/trajectory2_d__rosidl_typesupport_fastrtps_cpp.hpp
[2.132s] -- Up-to-date symlink: /home/brilliant/ros2_ws/install/dwb_msgs/include/dwb_msgs/dwb_msgs/msg/detail/trajectory_score__rosidl_typesupport_fastrtps_cpp.hpp
[2.133s] -- Up-to-date symlink: /home/brilliant/ros2_ws/install/dwb_msgs/include/dwb_msgs/dwb_msgs/msg/rosidl_typesupport_fastrtps_cpp__visibility_control.h
[2.133s] -- Up-to-date symlink: /home/brilliant/ros2_ws/install/dwb_msgs/include/dwb_msgs/dwb_msgs/srv/detail/debug_local_plan__rosidl_typesupport_fastrtps_cpp.hpp
[2.133s] -- Up-to-date symlink: /home/brilliant/ros2_ws/install/dwb_msgs/include/dwb_msgs/dwb_msgs/srv/detail/generate_trajectory__rosidl_typesupport_fastrtps_cpp.hpp
[2.133s] -- Up-to-date symlink: /home/brilliant/ros2_ws/install/dwb_msgs/include/dwb_msgs/dwb_msgs/srv/detail/generate_twists__rosidl_typesupport_fastrtps_cpp.hpp
[2.134s] -- Up-to-date symlink: /home/brilliant/ros2_ws/install/dwb_msgs/include/dwb_msgs/dwb_msgs/srv/detail/get_critic_score__rosidl_typesupport_fastrtps_cpp.hpp
[2.136s] -- Up-to-date symlink: /home/brilliant/ros2_ws/install/dwb_msgs/include/dwb_msgs/dwb_msgs/srv/detail/score_trajectory__rosidl_typesupport_fastrtps_cpp.hpp
[2.136s] -- Up-to-date symlink: /home/brilliant/ros2_ws/install/dwb_msgs/include/dwb_msgs/dwb_msgs/msg/detail/critic_score__rosidl_typesupport_introspection_c.h
[2.138s] -- Up-to-date symlink: /home/brilliant/ros2_ws/install/dwb_msgs/include/dwb_msgs/dwb_msgs/msg/detail/local_plan_evaluation__rosidl_typesupport_introspection_c.h
[2.138s] -- Up-to-date symlink: /home/brilliant/ros2_ws/install/dwb_msgs/include/dwb_msgs/dwb_msgs/msg/detail/trajectory2_d__rosidl_typesupport_introspection_c.h
[2.138s] -- Up-to-date symlink: /home/brilliant/ros2_ws/install/dwb_msgs/include/dwb_msgs/dwb_msgs/msg/detail/trajectory_score__rosidl_typesupport_introspection_c.h
[2.138s] -- Up-to-date symlink: /home/brilliant/ros2_ws/install/dwb_msgs/include/dwb_msgs/dwb_msgs/msg/rosidl_typesupport_introspection_c__visibility_control.h
[2.139s] -- Up-to-date symlink: /home/brilliant/ros2_ws/install/dwb_msgs/include/dwb_msgs/dwb_msgs/srv/detail/debug_local_plan__rosidl_typesupport_introspection_c.h
[2.140s] -- Up-to-date symlink: /home/brilliant/ros2_ws/install/dwb_msgs/include/dwb_msgs/dwb_msgs/srv/detail/generate_trajectory__rosidl_typesupport_introspection_c.h
[2.141s] -- Up-to-date symlink: /home/brilliant/ros2_ws/install/dwb_msgs/include/dwb_msgs/dwb_msgs/srv/detail/generate_twists__rosidl_typesupport_introspection_c.h
[2.141s] -- Up-to-date symlink: /home/brilliant/ros2_ws/install/dwb_msgs/include/dwb_msgs/dwb_msgs/srv/detail/get_critic_score__rosidl_typesupport_introspection_c.h
[2.142s] -- Up-to-date symlink: /home/brilliant/ros2_ws/install/dwb_msgs/include/dwb_msgs/dwb_msgs/srv/detail/score_trajectory__rosidl_typesupport_introspection_c.h
[2.142s] -- Up-to-date symlink: /home/brilliant/ros2_ws/install/dwb_msgs/include/dwb_msgs/dwb_msgs/msg/detail/critic_score__rosidl_typesupport_introspection_cpp.hpp
[2.142s] -- Up-to-date symlink: /home/brilliant/ros2_ws/install/dwb_msgs/include/dwb_msgs/dwb_msgs/msg/detail/local_plan_evaluation__rosidl_typesupport_introspection_cpp.hpp
[2.142s] -- Up-to-date symlink: /home/brilliant/ros2_ws/install/dwb_msgs/include/dwb_msgs/dwb_msgs/msg/detail/trajectory2_d__rosidl_typesupport_introspection_cpp.hpp
[2.144s] -- Up-to-date symlink: /home/brilliant/ros2_ws/install/dwb_msgs/include/dwb_msgs/dwb_msgs/msg/detail/trajectory_score__rosidl_typesupport_introspection_cpp.hpp
[2.144s] -- Up-to-date symlink: /home/brilliant/ros2_ws/install/dwb_msgs/include/dwb_msgs/dwb_msgs/srv/detail/debug_local_plan__rosidl_typesupport_introspection_cpp.hpp
[2.145s] -- Up-to-date symlink: /home/brilliant/ros2_ws/install/dwb_msgs/include/dwb_msgs/dwb_msgs/srv/detail/generate_trajectory__rosidl_typesupport_introspection_cpp.hpp
[2.145s] -- Up-to-date symlink: /home/brilliant/ros2_ws/install/dwb_msgs/include/dwb_msgs/dwb_msgs/srv/detail/generate_twists__rosidl_typesupport_introspection_cpp.hpp
[2.145s] -- Up-to-date symlink: /home/brilliant/ros2_ws/install/dwb_msgs/include/dwb_msgs/dwb_msgs/srv/detail/get_critic_score__rosidl_typesupport_introspection_cpp.hpp
[2.145s] -- Up-to-date symlink: /home/brilliant/ros2_ws/install/dwb_msgs/include/dwb_msgs/dwb_msgs/srv/detail/score_trajectory__rosidl_typesupport_introspection_cpp.hpp
[2.145s] -- Up-to-date symlink: /home/brilliant/ros2_ws/install/dwb_msgs/share/dwb_msgs/environment/pythonpath.sh
[2.146s] -- Up-to-date symlink: /home/brilliant/ros2_ws/install/dwb_msgs/share/dwb_msgs/environment/pythonpath.dsv
[2.146s] -- Up-to-date symlink: /home/brilliant/ros2_ws/install/dwb_msgs/lib/python3.12/site-packages/dwb_msgs-1.3.7-py3.12.egg-info/PKG-INFO
[2.148s] -- Up-to-date symlink: /home/brilliant/ros2_ws/install/dwb_msgs/lib/python3.12/site-packages/dwb_msgs-1.3.7-py3.12.egg-info/SOURCES.txt
[2.149s] -- Up-to-date symlink: /home/brilliant/ros2_ws/install/dwb_msgs/lib/python3.12/site-packages/dwb_msgs-1.3.7-py3.12.egg-info/dependency_links.txt
[2.149s] -- Up-to-date symlink: /home/brilliant/ros2_ws/install/dwb_msgs/lib/python3.12/site-packages/dwb_msgs-1.3.7-py3.12.egg-info/top_level.txt
[2.150s] -- Up-to-date symlink: /home/brilliant/ros2_ws/install/dwb_msgs/lib/python3.12/site-packages/dwb_msgs/__init__.py
[2.151s] -- Up-to-date symlink: /home/brilliant/ros2_ws/install/dwb_msgs/lib/python3.12/site-packages/dwb_msgs/_dwb_msgs_s.ep.rosidl_typesupport_c.c
[2.151s] -- Up-to-date symlink: /home/brilliant/ros2_ws/install/dwb_msgs/lib/python3.12/site-packages/dwb_msgs/_dwb_msgs_s.ep.rosidl_typesupport_fastrtps_c.c
[2.159s] -- Up-to-date symlink: /home/brilliant/ros2_ws/install/dwb_msgs/lib/python3.12/site-packages/dwb_msgs/_dwb_msgs_s.ep.rosidl_typesupport_introspection_c.c
[2.161s] -- Up-to-date symlink: /home/brilliant/ros2_ws/install/dwb_msgs/lib/python3.12/site-packages/dwb_msgs/dwb_msgs_s__rosidl_typesupport_c.so
[2.161s] -- Up-to-date symlink: /home/brilliant/ros2_ws/install/dwb_msgs/lib/python3.12/site-packages/dwb_msgs/dwb_msgs_s__rosidl_typesupport_fastrtps_c.so
[2.163s] -- Up-to-date symlink: /home/brilliant/ros2_ws/install/dwb_msgs/lib/python3.12/site-packages/dwb_msgs/dwb_msgs_s__rosidl_typesupport_introspection_c.so
[2.164s] -- Up-to-date symlink: /home/brilliant/ros2_ws/install/dwb_msgs/lib/python3.12/site-packages/dwb_msgs/msg/__init__.py
[2.164s] -- Up-to-date symlink: /home/brilliant/ros2_ws/install/dwb_msgs/lib/python3.12/site-packages/dwb_msgs/msg/_critic_score.py
[2.164s] -- Up-to-date symlink: /home/brilliant/ros2_ws/install/dwb_msgs/lib/python3.12/site-packages/dwb_msgs/msg/_critic_score_s.c
[2.165s] -- Up-to-date symlink: /home/brilliant/ros2_ws/install/dwb_msgs/lib/python3.12/site-packages/dwb_msgs/msg/_local_plan_evaluation.py
[2.165s] -- Up-to-date symlink: /home/brilliant/ros2_ws/install/dwb_msgs/lib/python3.12/site-packages/dwb_msgs/msg/_local_plan_evaluation_s.c
[2.166s] -- Up-to-date symlink: /home/brilliant/ros2_ws/install/dwb_msgs/lib/python3.12/site-packages/dwb_msgs/msg/_trajectory2_d.py
[2.166s] -- Up-to-date symlink: /home/brilliant/ros2_ws/install/dwb_msgs/lib/python3.12/site-packages/dwb_msgs/msg/_trajectory2_d_s.c
[2.167s] -- Up-to-date symlink: /home/brilliant/ros2_ws/install/dwb_msgs/lib/python3.12/site-packages/dwb_msgs/msg/_trajectory_score.py
[2.168s] -- Up-to-date symlink: /home/brilliant/ros2_ws/install/dwb_msgs/lib/python3.12/site-packages/dwb_msgs/msg/_trajectory_score_s.c
[2.168s] -- Up-to-date symlink: /home/brilliant/ros2_ws/install/dwb_msgs/lib/python3.12/site-packages/dwb_msgs/srv/__init__.py
[2.169s] -- Up-to-date symlink: /home/brilliant/ros2_ws/install/dwb_msgs/lib/python3.12/site-packages/dwb_msgs/srv/_debug_local_plan.py
[2.169s] -- Up-to-date symlink: /home/brilliant/ros2_ws/install/dwb_msgs/lib/python3.12/site-packages/dwb_msgs/srv/_debug_local_plan_s.c
[2.170s] -- Up-to-date symlink: /home/brilliant/ros2_ws/install/dwb_msgs/lib/python3.12/site-packages/dwb_msgs/srv/_generate_trajectory.py
[2.170s] -- Up-to-date symlink: /home/brilliant/ros2_ws/install/dwb_msgs/lib/python3.12/site-packages/dwb_msgs/srv/_generate_trajectory_s.c
[2.170s] -- Up-to-date symlink: /home/brilliant/ros2_ws/install/dwb_msgs/lib/python3.12/site-packages/dwb_msgs/srv/_generate_twists.py
[2.170s] -- Up-to-date symlink: /home/brilliant/ros2_ws/install/dwb_msgs/lib/python3.12/site-packages/dwb_msgs/srv/_generate_twists_s.c
[2.170s] -- Up-to-date symlink: /home/brilliant/ros2_ws/install/dwb_msgs/lib/python3.12/site-packages/dwb_msgs/srv/_get_critic_score.py
[2.171s] -- Up-to-date symlink: /home/brilliant/ros2_ws/install/dwb_msgs/lib/python3.12/site-packages/dwb_msgs/srv/_get_critic_score_s.c
[2.171s] -- Up-to-date symlink: /home/brilliant/ros2_ws/install/dwb_msgs/lib/python3.12/site-packages/dwb_msgs/srv/_score_trajectory.py
[2.172s] -- Up-to-date symlink: /home/brilliant/ros2_ws/install/dwb_msgs/lib/python3.12/site-packages/dwb_msgs/srv/_score_trajectory_s.c
[2.172s] -- Up-to-date symlink: /home/brilliant/ros2_ws/install/dwb_msgs/lib/python3.12/site-packages/dwb_msgs/dwb_msgs_s__rosidl_typesupport_fastrtps_c.so
[2.173s] -- Up-to-date symlink: /home/brilliant/ros2_ws/install/dwb_msgs/lib/python3.12/site-packages/dwb_msgs/dwb_msgs_s__rosidl_typesupport_introspection_c.so
[2.174s] -- Up-to-date symlink: /home/brilliant/ros2_ws/install/dwb_msgs/lib/python3.12/site-packages/dwb_msgs/dwb_msgs_s__rosidl_typesupport_c.so
[2.176s] -- Up-to-date symlink: /home/brilliant/ros2_ws/install/dwb_msgs/share/dwb_msgs/msg/CriticScore.idl
[2.176s] -- Up-to-date symlink: /home/brilliant/ros2_ws/install/dwb_msgs/share/dwb_msgs/msg/LocalPlanEvaluation.idl
[2.177s] -- Up-to-date symlink: /home/brilliant/ros2_ws/install/dwb_msgs/share/dwb_msgs/msg/Trajectory2D.idl
[2.178s] -- Up-to-date symlink: /home/brilliant/ros2_ws/install/dwb_msgs/share/dwb_msgs/msg/TrajectoryScore.idl
[2.181s] -- Up-to-date symlink: /home/brilliant/ros2_ws/install/dwb_msgs/share/dwb_msgs/srv/DebugLocalPlan.idl
[2.181s] -- Up-to-date symlink: /home/brilliant/ros2_ws/install/dwb_msgs/share/dwb_msgs/srv/GenerateTrajectory.idl
[2.182s] -- Up-to-date symlink: /home/brilliant/ros2_ws/install/dwb_msgs/share/dwb_msgs/srv/GenerateTwists.idl
[2.183s] -- Up-to-date symlink: /home/brilliant/ros2_ws/install/dwb_msgs/share/dwb_msgs/srv/GetCriticScore.idl
[2.184s] -- Up-to-date symlink: /home/brilliant/ros2_ws/install/dwb_msgs/share/dwb_msgs/srv/ScoreTrajectory.idl
[2.184s] -- Up-to-date symlink: /home/brilliant/ros2_ws/install/dwb_msgs/share/dwb_msgs/msg/CriticScore.msg
[2.186s] -- Up-to-date symlink: /home/brilliant/ros2_ws/install/dwb_msgs/share/dwb_msgs/msg/LocalPlanEvaluation.msg
[2.186s] -- Up-to-date symlink: /home/brilliant/ros2_ws/install/dwb_msgs/share/dwb_msgs/msg/Trajectory2D.msg
[2.186s] -- Up-to-date symlink: /home/brilliant/ros2_ws/install/dwb_msgs/share/dwb_msgs/msg/TrajectoryScore.msg
[2.187s] -- Up-to-date symlink: /home/brilliant/ros2_ws/install/dwb_msgs/share/dwb_msgs/srv/DebugLocalPlan.srv
[2.187s] -- Up-to-date symlink: /home/brilliant/ros2_ws/install/dwb_msgs/share/dwb_msgs/srv/GenerateTrajectory.srv
[2.187s] -- Up-to-date symlink: /home/brilliant/ros2_ws/install/dwb_msgs/share/dwb_msgs/srv/GenerateTwists.srv
[2.187s] -- Up-to-date symlink: /home/brilliant/ros2_ws/install/dwb_msgs/share/dwb_msgs/srv/GetCriticScore.srv
[2.188s] -- Up-to-date symlink: /home/brilliant/ros2_ws/install/dwb_msgs/share/dwb_msgs/srv/ScoreTrajectory.srv
[2.188s] -- Up-to-date symlink: /home/brilliant/ros2_ws/install/dwb_msgs/share/ament_index/resource_index/package_run_dependencies/dwb_msgs
[2.188s] -- Up-to-date symlink: /home/brilliant/ros2_ws/install/dwb_msgs/share/ament_index/resource_index/parent_prefix_path/dwb_msgs
[2.188s] -- Up-to-date symlink: /home/brilliant/ros2_ws/install/dwb_msgs/share/dwb_msgs/environment/ament_prefix_path.sh
[2.192s] -- Up-to-date symlink: /home/brilliant/ros2_ws/install/dwb_msgs/share/dwb_msgs/environment/ament_prefix_path.dsv
[2.192s] -- Up-to-date symlink: /home/brilliant/ros2_ws/install/dwb_msgs/share/dwb_msgs/environment/path.sh
[2.193s] -- Up-to-date symlink: /home/brilliant/ros2_ws/install/dwb_msgs/share/dwb_msgs/environment/path.dsv
[2.193s] -- Up-to-date symlink: /home/brilliant/ros2_ws/install/dwb_msgs/share/dwb_msgs/local_setup.bash
[2.193s] -- Up-to-date symlink: /home/brilliant/ros2_ws/install/dwb_msgs/share/dwb_msgs/local_setup.sh
[2.193s] -- Up-to-date symlink: /home/brilliant/ros2_ws/install/dwb_msgs/share/dwb_msgs/local_setup.zsh
[2.194s] -- Up-to-date symlink: /home/brilliant/ros2_ws/install/dwb_msgs/share/dwb_msgs/local_setup.dsv
[2.194s] -- Symlinking: /home/brilliant/ros2_ws/install/dwb_msgs/share/dwb_msgs/package.dsv
[2.212s] -- Up-to-date symlink: /home/brilliant/ros2_ws/install/dwb_msgs/share/ament_index/resource_index/packages/dwb_msgs
[2.213s] -- Up-to-date symlink: /home/brilliant/ros2_ws/install/dwb_msgs/share/dwb_msgs/cmake/rosidl_cmake-extras.cmake
[2.214s] -- Up-to-date symlink: /home/brilliant/ros2_ws/install/dwb_msgs/share/dwb_msgs/cmake/ament_cmake_export_dependencies-extras.cmake
[2.214s] -- Up-to-date symlink: /home/brilliant/ros2_ws/install/dwb_msgs/share/dwb_msgs/cmake/ament_cmake_export_include_directories-extras.cmake
[2.215s] -- Up-to-date symlink: /home/brilliant/ros2_ws/install/dwb_msgs/share/dwb_msgs/cmake/ament_cmake_export_libraries-extras.cmake
[2.215s] -- Up-to-date symlink: /home/brilliant/ros2_ws/install/dwb_msgs/share/dwb_msgs/cmake/ament_cmake_export_targets-extras.cmake
[2.216s] -- Up-to-date symlink: /home/brilliant/ros2_ws/install/dwb_msgs/share/dwb_msgs/cmake/rosidl_cmake_export_typesupport_targets-extras.cmake
[2.217s] -- Up-to-date symlink: /home/brilliant/ros2_ws/install/dwb_msgs/share/dwb_msgs/cmake/rosidl_cmake_export_typesupport_libraries-extras.cmake
[2.217s] -- Up-to-date symlink: /home/brilliant/ros2_ws/install/dwb_msgs/share/dwb_msgs/cmake/dwb_msgsConfig.cmake
[2.219s] -- Up-to-date symlink: /home/brilliant/ros2_ws/install/dwb_msgs/share/dwb_msgs/cmake/dwb_msgsConfig-version.cmake
[2.219s] -- Up-to-date symlink: /home/brilliant/ros2_ws/install/dwb_msgs/share/dwb_msgs/package.xml
[2.220s] -- Up-to-date: /home/brilliant/ros2_ws/install/dwb_msgs/lib/libdwb_msgs__rosidl_generator_c.so
[2.223s] -- Up-to-date: /home/brilliant/ros2_ws/install/dwb_msgs/lib/libdwb_msgs__rosidl_typesupport_fastrtps_c.so
[2.224s] -- Up-to-date: /home/brilliant/ros2_ws/install/dwb_msgs/lib/libdwb_msgs__rosidl_typesupport_fastrtps_cpp.so
[2.226s] -- Up-to-date: /home/brilliant/ros2_ws/install/dwb_msgs/lib/libdwb_msgs__rosidl_typesupport_introspection_c.so
[2.228s] -- Up-to-date: /home/brilliant/ros2_ws/install/dwb_msgs/lib/libdwb_msgs__rosidl_typesupport_c.so
[2.229s] -- Up-to-date: /home/brilliant/ros2_ws/install/dwb_msgs/lib/libdwb_msgs__rosidl_typesupport_introspection_cpp.so
[2.232s] -- Up-to-date: /home/brilliant/ros2_ws/install/dwb_msgs/lib/libdwb_msgs__rosidl_typesupport_cpp.so
[2.326s] Listing '/home/brilliant/ros2_ws/install/dwb_msgs/lib/python3.12/site-packages/dwb_msgs'...
[2.326s] Listing '/home/brilliant/ros2_ws/install/dwb_msgs/lib/python3.12/site-packages/dwb_msgs/msg'...
[2.326s] Listing '/home/brilliant/ros2_ws/install/dwb_msgs/lib/python3.12/site-packages/dwb_msgs/srv'...
[2.341s] -- Up-to-date: /home/brilliant/ros2_ws/install/dwb_msgs/lib/libdwb_msgs__rosidl_generator_py.so
[2.342s] -- Up-to-date: /home/brilliant/ros2_ws/install/dwb_msgs/share/dwb_msgs/cmake/export_dwb_msgs__rosidl_generator_cExport.cmake
[2.343s] -- Up-to-date: /home/brilliant/ros2_ws/install/dwb_msgs/share/dwb_msgs/cmake/export_dwb_msgs__rosidl_generator_cExport-noconfig.cmake
[2.344s] -- Up-to-date: /home/brilliant/ros2_ws/install/dwb_msgs/share/dwb_msgs/cmake/export_dwb_msgs__rosidl_typesupport_fastrtps_cExport.cmake
[2.344s] -- Up-to-date: /home/brilliant/ros2_ws/install/dwb_msgs/share/dwb_msgs/cmake/export_dwb_msgs__rosidl_typesupport_fastrtps_cExport-noconfig.cmake
[2.346s] -- Up-to-date: /home/brilliant/ros2_ws/install/dwb_msgs/share/dwb_msgs/cmake/export_dwb_msgs__rosidl_generator_cppExport.cmake
[2.347s] -- Up-to-date: /home/brilliant/ros2_ws/install/dwb_msgs/share/dwb_msgs/cmake/export_dwb_msgs__rosidl_typesupport_fastrtps_cppExport.cmake
[2.348s] -- Up-to-date: /home/brilliant/ros2_ws/install/dwb_msgs/share/dwb_msgs/cmake/export_dwb_msgs__rosidl_typesupport_fastrtps_cppExport-noconfig.cmake
[2.348s] -- Up-to-date: /home/brilliant/ros2_ws/install/dwb_msgs/share/dwb_msgs/cmake/dwb_msgs__rosidl_typesupport_introspection_cExport.cmake
[2.349s] -- Up-to-date: /home/brilliant/ros2_ws/install/dwb_msgs/share/dwb_msgs/cmake/dwb_msgs__rosidl_typesupport_introspection_cExport-noconfig.cmake
[2.350s] -- Up-to-date: /home/brilliant/ros2_ws/install/dwb_msgs/share/dwb_msgs/cmake/dwb_msgs__rosidl_typesupport_cExport.cmake
[2.350s] -- Up-to-date: /home/brilliant/ros2_ws/install/dwb_msgs/share/dwb_msgs/cmake/dwb_msgs__rosidl_typesupport_cExport-noconfig.cmake
[2.351s] -- Up-to-date: /home/brilliant/ros2_ws/install/dwb_msgs/share/dwb_msgs/cmake/dwb_msgs__rosidl_typesupport_introspection_cppExport.cmake
[2.352s] -- Up-to-date: /home/brilliant/ros2_ws/install/dwb_msgs/share/dwb_msgs/cmake/dwb_msgs__rosidl_typesupport_introspection_cppExport-noconfig.cmake
[2.353s] -- Up-to-date: /home/brilliant/ros2_ws/install/dwb_msgs/share/dwb_msgs/cmake/dwb_msgs__rosidl_typesupport_cppExport.cmake
[2.353s] -- Up-to-date: /home/brilliant/ros2_ws/install/dwb_msgs/share/dwb_msgs/cmake/dwb_msgs__rosidl_typesupport_cppExport-noconfig.cmake
[2.354s] -- Up-to-date: /home/brilliant/ros2_ws/install/dwb_msgs/share/dwb_msgs/cmake/export_dwb_msgs__rosidl_generator_pyExport.cmake
[2.358s] -- Up-to-date: /home/brilliant/ros2_ws/install/dwb_msgs/share/dwb_msgs/cmake/export_dwb_msgs__rosidl_generator_pyExport-noconfig.cmake
[2.360s] Invoked command in '/home/brilliant/ros2_ws/build/dwb_msgs' returned '0': CMAKE_PREFIX_PATH=/home/brilliant/ros2_ws/install/nav_2d_msgs:/home/brilliant/ros2_ws/install/sllidar_ros2:/home/brilliant/ros2_ws/install/serial:/home/brilliant/ros2_ws/install/opennav_docking_core:/home/brilliant/ros2_ws/install/nav_2d_utils:/home/brilliant/ros2_ws/install/dwb_msgs:/home/brilliant/ros2_ws/install/nav2_voxel_grid:/home/brilliant/ros2_ws/install/nav2_velocity_smoother:/home/brilliant/ros2_ws/install/nav2_rviz_plugins:/home/brilliant/ros2_ws/install/nav2_map_server:/home/brilliant/ros2_ws/install/nav2_lifecycle_manager:/home/brilliant/ros2_ws/install/nav2_amcl:/home/brilliant/ros2_ws/install/nav2_util:/home/brilliant/ros2_ws/install/nav2_msgs:/home/brilliant/ros2_ws/install/nav2_common:/home/brilliant/ros2_ws/install/minibot:/home/brilliant/ros2_ws/install/diffdrive_arduino:/opt/ros/jazzy/opt/gz_sim_vendor:/opt/ros/jazzy/opt/gz_sensors_vendor:/opt/ros/jazzy/opt/gz_physics_vendor:/opt/ros/jazzy/opt/sdformat_vendor:/opt/ros/jazzy/opt/gz_gui_vendor:/opt/ros/jazzy/opt/gz_transport_vendor:/opt/ros/jazzy/opt/gz_rendering_vendor:/opt/ros/jazzy/opt/gz_plugin_vendor:/opt/ros/jazzy/opt/gz_fuel_tools_vendor:/opt/ros/jazzy/opt/gz_msgs_vendor:/opt/ros/jazzy/opt/gz_common_vendor:/opt/ros/jazzy/opt/gz_math_vendor:/opt/ros/jazzy/opt/gz_utils_vendor:/opt/ros/jazzy/opt/gz_tools_vendor:/opt/ros/jazzy/opt/gz_ogre_next_vendor:/opt/ros/jazzy/opt/gz_dartsim_vendor:/opt/ros/jazzy/opt/gz_cmake_vendor:/home/brilliant/ros2_ws/install/twist_stamper:/home/brilliant/ros2_ws/install/nav2_simple_commander:/home/brilliant/ros2_ws/install/nav2_loopback_sim:/opt/ros/jazzy DEBUGINFOD_URLS=https://debuginfod.ubuntu.com LD_LIBRARY_PATH=/home/brilliant/ros2_ws/install/nav_2d_msgs/lib:/home/brilliant/ros2_ws/install/serial/lib:/home/brilliant/ros2_ws/install/nav_2d_utils/lib:/home/brilliant/ros2_ws/install/dwb_msgs/lib:/home/brilliant/ros2_ws/install/nav2_voxel_grid/lib:/home/brilliant/ros2_ws/install/nav2_velocity_smoother/lib:/home/brilliant/ros2_ws/install/nav2_rviz_plugins/lib:/home/brilliant/ros2_ws/install/nav2_map_server/lib:/home/brilliant/ros2_ws/install/nav2_lifecycle_manager/lib:/home/brilliant/ros2_ws/install/nav2_amcl/lib:/home/brilliant/ros2_ws/install/nav2_util/lib:/home/brilliant/ros2_ws/install/nav2_msgs/lib:/home/brilliant/ros2_ws/install/diffdrive_arduino/lib:/opt/ros/jazzy/opt/gz_sim_vendor/lib:/opt/ros/jazzy/opt/gz_sensors_vendor/lib:/opt/ros/jazzy/opt/gz_physics_vendor/lib:/opt/ros/jazzy/opt/sdformat_vendor/lib:/opt/ros/jazzy/opt/rviz_ogre_vendor/lib:/opt/ros/jazzy/lib/x86_64-linux-gnu:/opt/ros/jazzy/opt/gz_gui_vendor/lib:/opt/ros/jazzy/opt/gz_transport_vendor/lib:/opt/ros/jazzy/opt/gz_rendering_vendor/lib:/opt/ros/jazzy/opt/gz_plugin_vendor/lib:/opt/ros/jazzy/opt/gz_fuel_tools_vendor/lib:/opt/ros/jazzy/opt/gz_msgs_vendor/lib:/opt/ros/jazzy/opt/gz_common_vendor/lib:/opt/ros/jazzy/opt/gz_math_vendor/lib:/opt/ros/jazzy/opt/gz_utils_vendor/lib:/opt/ros/jazzy/opt/gz_tools_vendor/lib:/opt/ros/jazzy/opt/gz_ogre_next_vendor/lib:/opt/ros/jazzy/opt/gz_dartsim_vendor/lib:/opt/ros/jazzy/opt/gz_cmake_vendor/lib:/opt/ros/jazzy/lib PYTHONPATH=/home/brilliant/ros2_ws/install/nav_2d_msgs/lib/python3.12/site-packages:/home/brilliant/ros2_ws/build/twist_stamper:/home/brilliant/ros2_ws/install/twist_stamper/lib/python3.12/site-packages:/home/brilliant/ros2_ws/install/dwb_msgs/lib/python3.12/site-packages:/home/brilliant/ros2_ws/build/nav2_simple_commander:/home/brilliant/ros2_ws/install/nav2_simple_commander/lib/python3.12/site-packages:/home/brilliant/ros2_ws/install/nav2_msgs/lib/python3.12/site-packages:/home/brilliant/ros2_ws/build/nav2_loopback_sim:/home/brilliant/ros2_ws/install/nav2_loopback_sim/lib/python3.12/site-packages:/home/brilliant/ros2_ws/install/nav2_common/lib/python3.12/site-packages:/opt/ros/jazzy/lib/python3.12/site-packages /usr/bin/cmake --install /home/brilliant/ros2_ws/build/dwb_msgs
