[0.070s] Invoking command in '/home/brilliant/ros2_ws/build/diffdrive_arduino': CMAKE_PREFIX_PATH=${CMAKE_PREFIX_PATH}:/home/brilliant/ros2_ws/install/twist_stamper:/opt/ros/jazzy DEBUGINFOD_URLS=https://debuginfod.ubuntu.com /usr/bin/cmake --build /home/brilliant/ros2_ws/build/diffdrive_arduino -- -j4 -l4
[0.501s] [100%] Built target diffdrive_arduino
[0.660s] Invoked command in '/home/brilliant/ros2_ws/build/diffdrive_arduino' returned '0': CMAKE_PREFIX_PATH=${CMAKE_PREFIX_PATH}:/home/brilliant/ros2_ws/install/twist_stamper:/opt/ros/jazzy DEBUGINFOD_URLS=https://debuginfod.ubuntu.com /usr/bin/cmake --build /home/brilliant/ros2_ws/build/diffdrive_arduino -- -j4 -l4
[0.666s] Invoking command in '/home/brilliant/ros2_ws/build/diffdrive_arduino': CMAKE_PREFIX_PATH=${CMAKE_PREFIX_PATH}:/home/brilliant/ros2_ws/install/twist_stamper:/opt/ros/jazzy DEBUGINFOD_URLS=https://debuginfod.ubuntu.com /usr/bin/cmake --install /home/brilliant/ros2_ws/build/diffdrive_arduino
[0.750s] -- Install configuration: ""
[0.758s] -- Execute custom install script
[0.761s] -- Up-to-date symlink: /home/brilliant/ros2_ws/install/diffdrive_arduino/share/diffdrive_arduino//diffdrive_arduino.xml
[0.770s] -- Up-to-date symlink: /home/brilliant/ros2_ws/install/diffdrive_arduino/include/diffdrive_arduino/diffdrive_arduino/arduino_comms.hpp
[0.775s] -- Up-to-date symlink: /home/brilliant/ros2_ws/install/diffdrive_arduino/include/diffdrive_arduino/diffdrive_arduino/diffbot_system.hpp
[0.779s] -- Up-to-date symlink: /home/brilliant/ros2_ws/install/diffdrive_arduino/include/diffdrive_arduino/diffdrive_arduino/visibility_control.h
[0.779s] -- Up-to-date symlink: /home/brilliant/ros2_ws/install/diffdrive_arduino/include/diffdrive_arduino/diffdrive_arduino/wheel.hpp
[0.779s] -- Up-to-date symlink: /home/brilliant/ros2_ws/install/diffdrive_arduino/share/diffdrive_arduino/launch/view_robot.launch.py
[0.788s] -- Up-to-date symlink: /home/brilliant/ros2_ws/install/diffdrive_arduino/share/diffdrive_arduino/ros2_control/diffbot.ros2_control.xacro
[0.788s] -- Up-to-date symlink: /home/brilliant/ros2_ws/install/diffdrive_arduino/share/diffdrive_arduino/urdf/diffbot.materials.xacro
[0.788s] -- Up-to-date symlink: /home/brilliant/ros2_ws/install/diffdrive_arduino/share/diffdrive_arduino/urdf/diffbot.urdf.xacro
[0.795s] -- Up-to-date symlink: /home/brilliant/ros2_ws/install/diffdrive_arduino/share/diffdrive_arduino/urdf/diffbot_description.urdf.xacro
[0.795s] -- Up-to-date symlink: /home/brilliant/ros2_ws/install/diffdrive_arduino/share/diffdrive_arduino/rviz/diffbot.rviz
[0.795s] -- Up-to-date symlink: /home/brilliant/ros2_ws/install/diffdrive_arduino/share/diffdrive_arduino/rviz/diffbot_view.rviz
[0.797s] -- Up-to-date symlink: /home/brilliant/ros2_ws/install/diffdrive_arduino/share/diffdrive_arduino/launch/diffbot.launch.py
[0.798s] -- Up-to-date symlink: /home/brilliant/ros2_ws/install/diffdrive_arduino/share/diffdrive_arduino/config/diffbot_controllers.yaml
[0.798s] -- Up-to-date symlink: /home/brilliant/ros2_ws/install/diffdrive_arduino/share/diffdrive_arduino/environment/library_path.sh
[0.798s] -- Up-to-date symlink: /home/brilliant/ros2_ws/install/diffdrive_arduino/share/diffdrive_arduino/environment/library_path.dsv
[0.799s] -- Up-to-date symlink: /home/brilliant/ros2_ws/install/diffdrive_arduino/share/ament_index/resource_index/package_run_dependencies/diffdrive_arduino
[0.799s] -- Up-to-date symlink: /home/brilliant/ros2_ws/install/diffdrive_arduino/share/ament_index/resource_index/parent_prefix_path/diffdrive_arduino
[0.799s] -- Up-to-date symlink: /home/brilliant/ros2_ws/install/diffdrive_arduino/share/diffdrive_arduino/environment/ament_prefix_path.sh
[0.813s] -- Up-to-date symlink: /home/brilliant/ros2_ws/install/diffdrive_arduino/share/diffdrive_arduino/environment/ament_prefix_path.dsv
[0.814s] -- Up-to-date symlink: /home/brilliant/ros2_ws/install/diffdrive_arduino/share/diffdrive_arduino/environment/path.sh
[0.814s] -- Up-to-date symlink: /home/brilliant/ros2_ws/install/diffdrive_arduino/share/diffdrive_arduino/environment/path.dsv
[0.814s] -- Up-to-date symlink: /home/brilliant/ros2_ws/install/diffdrive_arduino/share/diffdrive_arduino/local_setup.bash
[0.814s] -- Up-to-date symlink: /home/brilliant/ros2_ws/install/diffdrive_arduino/share/diffdrive_arduino/local_setup.sh
[0.815s] -- Up-to-date symlink: /home/brilliant/ros2_ws/install/diffdrive_arduino/share/diffdrive_arduino/local_setup.zsh
[0.815s] -- Up-to-date symlink: /home/brilliant/ros2_ws/install/diffdrive_arduino/share/diffdrive_arduino/local_setup.dsv
[0.819s] -- Symlinking: /home/brilliant/ros2_ws/install/diffdrive_arduino/share/diffdrive_arduino/package.dsv
[0.873s] -- Up-to-date symlink: /home/brilliant/ros2_ws/install/diffdrive_arduino/share/ament_index/resource_index/packages/diffdrive_arduino
[0.873s] -- Up-to-date symlink: /home/brilliant/ros2_ws/install/diffdrive_arduino/share/ament_index/resource_index/hardware_interface__pluginlib__plugin/diffdrive_arduino
[0.875s] -- Up-to-date symlink: /home/brilliant/ros2_ws/install/diffdrive_arduino/share/diffdrive_arduino/cmake/ament_cmake_export_targets-extras.cmake
[0.879s] -- Up-to-date symlink: /home/brilliant/ros2_ws/install/diffdrive_arduino/share/diffdrive_arduino/cmake/ament_cmake_export_dependencies-extras.cmake
[0.879s] -- Up-to-date symlink: /home/brilliant/ros2_ws/install/diffdrive_arduino/share/diffdrive_arduino/cmake/diffdrive_arduinoConfig.cmake
[0.884s] -- Up-to-date symlink: /home/brilliant/ros2_ws/install/diffdrive_arduino/share/diffdrive_arduino/cmake/diffdrive_arduinoConfig-version.cmake
[0.885s] -- Up-to-date symlink: /home/brilliant/ros2_ws/install/diffdrive_arduino/share/diffdrive_arduino/package.xml
[0.888s] -- Up-to-date: /home/brilliant/ros2_ws/install/diffdrive_arduino/lib/libdiffdrive_arduino.so
[0.893s] -- Up-to-date: /home/brilliant/ros2_ws/install/diffdrive_arduino/share/diffdrive_arduino/cmake/export_diffdrive_arduinoExport.cmake
[0.893s] -- Up-to-date: /home/brilliant/ros2_ws/install/diffdrive_arduino/share/diffdrive_arduino/cmake/export_diffdrive_arduinoExport-noconfig.cmake
[1.068s] Invoked command in '/home/brilliant/ros2_ws/build/diffdrive_arduino' returned '0': CMAKE_PREFIX_PATH=${CMAKE_PREFIX_PATH}:/home/brilliant/ros2_ws/install/twist_stamper:/opt/ros/jazzy DEBUGINFOD_URLS=https://debuginfod.ubuntu.com /usr/bin/cmake --install /home/brilliant/ros2_ws/build/diffdrive_arduino
