[0.079s] Invoking command in '/home/brilliant/ros2_ws/build/nav_2d_msgs': CMAKE_PREFIX_PATH=${CMAKE_PREFIX_PATH}:/home/brilliant/ros2_ws/install/twist_stamper:/home/brilliant/ros2_ws/install/nav2_simple_commander:/home/brilliant/ros2_ws/install/nav2_loopback_sim:/opt/ros/jazzy DEBUGINFOD_URLS=https://debuginfod.ubuntu.com /usr/bin/cmake --build /home/brilliant/ros2_ws/build/nav_2d_msgs -- -j4 -l4
[0.374s] [  1%] Built target nav_2d_msgs__rosidl_generator_type_description
[0.462s] [  1%] Built target ament_cmake_python_symlink_nav_2d_msgs
[0.595s] [ 25%] Built target nav_2d_msgs__rosidl_generator_c
[1.230s] running egg_info
[1.307s] writing nav_2d_msgs.egg-info/PKG-INFO
[1.309s] writing dependency_links to nav_2d_msgs.egg-info/dependency_links.txt
[1.309s] writing top-level names to nav_2d_msgs.egg-info/top_level.txt
[1.528s] reading manifest file 'nav_2d_msgs.egg-info/SOURCES.txt'
[1.530s] writing manifest file 'nav_2d_msgs.egg-info/SOURCES.txt'
[1.639s] [ 25%] Built target ament_cmake_python_build_nav_2d_msgs_egg
[1.778s] [ 34%] Built target nav_2d_msgs__rosidl_typesupport_c
[1.889s] [ 44%] Built target nav_2d_msgs__rosidl_typesupport_fastrtps_c
[1.989s] [ 53%] Built target nav_2d_msgs__rosidl_typesupport_introspection_c
[2.096s] [ 54%] Built target nav_2d_msgs__cpp
[2.205s] [ 64%] Built target nav_2d_msgs__rosidl_typesupport_fastrtps_cpp
[2.309s] [ 73%] Built target nav_2d_msgs__rosidl_typesupport_cpp
[2.408s] [ 83%] Built target nav_2d_msgs__rosidl_typesupport_introspection_cpp
[2.493s] [ 83%] Built target nav_2d_msgs
[2.587s] [ 84%] Built target nav_2d_msgs__py
[2.691s] [ 92%] Built target nav_2d_msgs__rosidl_generator_py
[2.798s] [ 95%] Built target nav_2d_msgs_s__rosidl_typesupport_fastrtps_c
[2.914s] [ 97%] Built target nav_2d_msgs_s__rosidl_typesupport_c
[2.998s] [100%] Built target nav_2d_msgs_s__rosidl_typesupport_introspection_c
[3.053s] Invoked command in '/home/brilliant/ros2_ws/build/nav_2d_msgs' returned '0': CMAKE_PREFIX_PATH=${CMAKE_PREFIX_PATH}:/home/brilliant/ros2_ws/install/twist_stamper:/home/brilliant/ros2_ws/install/nav2_simple_commander:/home/brilliant/ros2_ws/install/nav2_loopback_sim:/opt/ros/jazzy DEBUGINFOD_URLS=https://debuginfod.ubuntu.com /usr/bin/cmake --build /home/brilliant/ros2_ws/build/nav_2d_msgs -- -j4 -l4
[3.058s] Invoking command in '/home/brilliant/ros2_ws/build/nav_2d_msgs': CMAKE_PREFIX_PATH=${CMAKE_PREFIX_PATH}:/home/brilliant/ros2_ws/install/twist_stamper:/home/brilliant/ros2_ws/install/nav2_simple_commander:/home/brilliant/ros2_ws/install/nav2_loopback_sim:/opt/ros/jazzy DEBUGINFOD_URLS=https://debuginfod.ubuntu.com /usr/bin/cmake --install /home/brilliant/ros2_ws/build/nav_2d_msgs
[3.098s] -- Install configuration: ""
[3.102s] -- Execute custom install script
[3.105s] -- Up-to-date symlink: /home/brilliant/ros2_ws/install/nav_2d_msgs/share/ament_index/resource_index/rosidl_interfaces/nav_2d_msgs
[3.106s] -- Up-to-date symlink: /home/brilliant/ros2_ws/install/nav_2d_msgs/share/nav_2d_msgs/msg/Path2D.json
[3.107s] -- Up-to-date symlink: /home/brilliant/ros2_ws/install/nav_2d_msgs/share/nav_2d_msgs/msg/Pose2D32.json
[3.108s] -- Up-to-date symlink: /home/brilliant/ros2_ws/install/nav_2d_msgs/share/nav_2d_msgs/msg/Pose2DStamped.json
[3.109s] -- Up-to-date symlink: /home/brilliant/ros2_ws/install/nav_2d_msgs/share/nav_2d_msgs/msg/Twist2D.json
[3.110s] -- Up-to-date symlink: /home/brilliant/ros2_ws/install/nav_2d_msgs/share/nav_2d_msgs/msg/Twist2D32.json
[3.111s] -- Up-to-date symlink: /home/brilliant/ros2_ws/install/nav_2d_msgs/share/nav_2d_msgs/msg/Twist2DStamped.json
[3.116s] -- Up-to-date symlink: /home/brilliant/ros2_ws/install/nav_2d_msgs/include/nav_2d_msgs/nav_2d_msgs/msg/detail/path2_d__functions.h
[3.118s] -- Up-to-date symlink: /home/brilliant/ros2_ws/install/nav_2d_msgs/include/nav_2d_msgs/nav_2d_msgs/msg/detail/path2_d__struct.h
[3.119s] -- Up-to-date symlink: /home/brilliant/ros2_ws/install/nav_2d_msgs/include/nav_2d_msgs/nav_2d_msgs/msg/detail/path2_d__type_support.h
[3.121s] -- Up-to-date symlink: /home/brilliant/ros2_ws/install/nav_2d_msgs/include/nav_2d_msgs/nav_2d_msgs/msg/detail/pose2_d32__functions.h
[3.122s] -- Up-to-date symlink: /home/brilliant/ros2_ws/install/nav_2d_msgs/include/nav_2d_msgs/nav_2d_msgs/msg/detail/pose2_d32__struct.h
[3.124s] -- Up-to-date symlink: /home/brilliant/ros2_ws/install/nav_2d_msgs/include/nav_2d_msgs/nav_2d_msgs/msg/detail/pose2_d32__type_support.h
[3.126s] -- Up-to-date symlink: /home/brilliant/ros2_ws/install/nav_2d_msgs/include/nav_2d_msgs/nav_2d_msgs/msg/detail/pose2_d_stamped__functions.h
[3.129s] -- Up-to-date symlink: /home/brilliant/ros2_ws/install/nav_2d_msgs/include/nav_2d_msgs/nav_2d_msgs/msg/detail/pose2_d_stamped__struct.h
[3.133s] -- Up-to-date symlink: /home/brilliant/ros2_ws/install/nav_2d_msgs/include/nav_2d_msgs/nav_2d_msgs/msg/detail/pose2_d_stamped__type_support.h
[3.135s] -- Up-to-date symlink: /home/brilliant/ros2_ws/install/nav_2d_msgs/include/nav_2d_msgs/nav_2d_msgs/msg/detail/twist2_d32__functions.h
[3.135s] -- Up-to-date symlink: /home/brilliant/ros2_ws/install/nav_2d_msgs/include/nav_2d_msgs/nav_2d_msgs/msg/detail/twist2_d32__struct.h
[3.138s] -- Up-to-date symlink: /home/brilliant/ros2_ws/install/nav_2d_msgs/include/nav_2d_msgs/nav_2d_msgs/msg/detail/twist2_d32__type_support.h
[3.138s] -- Up-to-date symlink: /home/brilliant/ros2_ws/install/nav_2d_msgs/include/nav_2d_msgs/nav_2d_msgs/msg/detail/twist2_d__functions.h
[3.142s] -- Up-to-date symlink: /home/brilliant/ros2_ws/install/nav_2d_msgs/include/nav_2d_msgs/nav_2d_msgs/msg/detail/twist2_d__struct.h
[3.142s] -- Up-to-date symlink: /home/brilliant/ros2_ws/install/nav_2d_msgs/include/nav_2d_msgs/nav_2d_msgs/msg/detail/twist2_d__type_support.h
[3.146s] -- Up-to-date symlink: /home/brilliant/ros2_ws/install/nav_2d_msgs/include/nav_2d_msgs/nav_2d_msgs/msg/detail/twist2_d_stamped__functions.h
[3.146s] -- Up-to-date symlink: /home/brilliant/ros2_ws/install/nav_2d_msgs/include/nav_2d_msgs/nav_2d_msgs/msg/detail/twist2_d_stamped__struct.h
[3.148s] -- Up-to-date symlink: /home/brilliant/ros2_ws/install/nav_2d_msgs/include/nav_2d_msgs/nav_2d_msgs/msg/detail/twist2_d_stamped__type_support.h
[3.149s] -- Up-to-date symlink: /home/brilliant/ros2_ws/install/nav_2d_msgs/include/nav_2d_msgs/nav_2d_msgs/msg/path2_d.h
[3.150s] -- Up-to-date symlink: /home/brilliant/ros2_ws/install/nav_2d_msgs/include/nav_2d_msgs/nav_2d_msgs/msg/pose2_d32.h
[3.151s] -- Up-to-date symlink: /home/brilliant/ros2_ws/install/nav_2d_msgs/include/nav_2d_msgs/nav_2d_msgs/msg/pose2_d_stamped.h
[3.152s] -- Up-to-date symlink: /home/brilliant/ros2_ws/install/nav_2d_msgs/include/nav_2d_msgs/nav_2d_msgs/msg/rosidl_generator_c__visibility_control.h
[3.157s] -- Up-to-date symlink: /home/brilliant/ros2_ws/install/nav_2d_msgs/include/nav_2d_msgs/nav_2d_msgs/msg/twist2_d.h
[3.158s] -- Up-to-date symlink: /home/brilliant/ros2_ws/install/nav_2d_msgs/include/nav_2d_msgs/nav_2d_msgs/msg/twist2_d32.h
[3.158s] -- Up-to-date symlink: /home/brilliant/ros2_ws/install/nav_2d_msgs/include/nav_2d_msgs/nav_2d_msgs/msg/twist2_d_stamped.h
[3.160s] -- Up-to-date symlink: /home/brilliant/ros2_ws/install/nav_2d_msgs/share/nav_2d_msgs/environment/library_path.sh
[3.160s] -- Up-to-date symlink: /home/brilliant/ros2_ws/install/nav_2d_msgs/share/nav_2d_msgs/environment/library_path.dsv
[3.161s] -- Up-to-date symlink: /home/brilliant/ros2_ws/install/nav_2d_msgs/include/nav_2d_msgs/nav_2d_msgs/msg/detail/path2_d__rosidl_typesupport_fastrtps_c.h
[3.163s] -- Up-to-date symlink: /home/brilliant/ros2_ws/install/nav_2d_msgs/include/nav_2d_msgs/nav_2d_msgs/msg/detail/pose2_d32__rosidl_typesupport_fastrtps_c.h
[3.163s] -- Up-to-date symlink: /home/brilliant/ros2_ws/install/nav_2d_msgs/include/nav_2d_msgs/nav_2d_msgs/msg/detail/pose2_d_stamped__rosidl_typesupport_fastrtps_c.h
[3.166s] -- Up-to-date symlink: /home/brilliant/ros2_ws/install/nav_2d_msgs/include/nav_2d_msgs/nav_2d_msgs/msg/detail/twist2_d32__rosidl_typesupport_fastrtps_c.h
[3.166s] -- Up-to-date symlink: /home/brilliant/ros2_ws/install/nav_2d_msgs/include/nav_2d_msgs/nav_2d_msgs/msg/detail/twist2_d__rosidl_typesupport_fastrtps_c.h
[3.167s] -- Up-to-date symlink: /home/brilliant/ros2_ws/install/nav_2d_msgs/include/nav_2d_msgs/nav_2d_msgs/msg/detail/twist2_d_stamped__rosidl_typesupport_fastrtps_c.h
[3.168s] -- Up-to-date symlink: /home/brilliant/ros2_ws/install/nav_2d_msgs/include/nav_2d_msgs/nav_2d_msgs/msg/rosidl_typesupport_fastrtps_c__visibility_control.h
[3.171s] -- Up-to-date symlink: /home/brilliant/ros2_ws/install/nav_2d_msgs/include/nav_2d_msgs/nav_2d_msgs/msg/detail/path2_d__builder.hpp
[3.172s] -- Up-to-date symlink: /home/brilliant/ros2_ws/install/nav_2d_msgs/include/nav_2d_msgs/nav_2d_msgs/msg/detail/path2_d__struct.hpp
[3.173s] -- Up-to-date symlink: /home/brilliant/ros2_ws/install/nav_2d_msgs/include/nav_2d_msgs/nav_2d_msgs/msg/detail/path2_d__traits.hpp
[3.173s] -- Up-to-date symlink: /home/brilliant/ros2_ws/install/nav_2d_msgs/include/nav_2d_msgs/nav_2d_msgs/msg/detail/path2_d__type_support.hpp
[3.174s] -- Up-to-date symlink: /home/brilliant/ros2_ws/install/nav_2d_msgs/include/nav_2d_msgs/nav_2d_msgs/msg/detail/pose2_d32__builder.hpp
[3.175s] -- Up-to-date symlink: /home/brilliant/ros2_ws/install/nav_2d_msgs/include/nav_2d_msgs/nav_2d_msgs/msg/detail/pose2_d32__struct.hpp
[3.176s] -- Up-to-date symlink: /home/brilliant/ros2_ws/install/nav_2d_msgs/include/nav_2d_msgs/nav_2d_msgs/msg/detail/pose2_d32__traits.hpp
[3.177s] -- Up-to-date symlink: /home/brilliant/ros2_ws/install/nav_2d_msgs/include/nav_2d_msgs/nav_2d_msgs/msg/detail/pose2_d32__type_support.hpp
[3.178s] -- Up-to-date symlink: /home/brilliant/ros2_ws/install/nav_2d_msgs/include/nav_2d_msgs/nav_2d_msgs/msg/detail/pose2_d_stamped__builder.hpp
[3.179s] -- Up-to-date symlink: /home/brilliant/ros2_ws/install/nav_2d_msgs/include/nav_2d_msgs/nav_2d_msgs/msg/detail/pose2_d_stamped__struct.hpp
[3.180s] -- Up-to-date symlink: /home/brilliant/ros2_ws/install/nav_2d_msgs/include/nav_2d_msgs/nav_2d_msgs/msg/detail/pose2_d_stamped__traits.hpp
[3.181s] -- Up-to-date symlink: /home/brilliant/ros2_ws/install/nav_2d_msgs/include/nav_2d_msgs/nav_2d_msgs/msg/detail/pose2_d_stamped__type_support.hpp
[3.182s] -- Up-to-date symlink: /home/brilliant/ros2_ws/install/nav_2d_msgs/include/nav_2d_msgs/nav_2d_msgs/msg/detail/twist2_d32__builder.hpp
[3.183s] -- Up-to-date symlink: /home/brilliant/ros2_ws/install/nav_2d_msgs/include/nav_2d_msgs/nav_2d_msgs/msg/detail/twist2_d32__struct.hpp
[3.185s] -- Up-to-date symlink: /home/brilliant/ros2_ws/install/nav_2d_msgs/include/nav_2d_msgs/nav_2d_msgs/msg/detail/twist2_d32__traits.hpp
[3.185s] -- Up-to-date symlink: /home/brilliant/ros2_ws/install/nav_2d_msgs/include/nav_2d_msgs/nav_2d_msgs/msg/detail/twist2_d32__type_support.hpp
[3.186s] -- Up-to-date symlink: /home/brilliant/ros2_ws/install/nav_2d_msgs/include/nav_2d_msgs/nav_2d_msgs/msg/detail/twist2_d__builder.hpp
[3.187s] -- Up-to-date symlink: /home/brilliant/ros2_ws/install/nav_2d_msgs/include/nav_2d_msgs/nav_2d_msgs/msg/detail/twist2_d__struct.hpp
[3.187s] -- Up-to-date symlink: /home/brilliant/ros2_ws/install/nav_2d_msgs/include/nav_2d_msgs/nav_2d_msgs/msg/detail/twist2_d__traits.hpp
[3.195s] -- Up-to-date symlink: /home/brilliant/ros2_ws/install/nav_2d_msgs/include/nav_2d_msgs/nav_2d_msgs/msg/detail/twist2_d__type_support.hpp
[3.195s] -- Up-to-date symlink: /home/brilliant/ros2_ws/install/nav_2d_msgs/include/nav_2d_msgs/nav_2d_msgs/msg/detail/twist2_d_stamped__builder.hpp
[3.195s] -- Up-to-date symlink: /home/brilliant/ros2_ws/install/nav_2d_msgs/include/nav_2d_msgs/nav_2d_msgs/msg/detail/twist2_d_stamped__struct.hpp
[3.196s] -- Up-to-date symlink: /home/brilliant/ros2_ws/install/nav_2d_msgs/include/nav_2d_msgs/nav_2d_msgs/msg/detail/twist2_d_stamped__traits.hpp
[3.196s] -- Up-to-date symlink: /home/brilliant/ros2_ws/install/nav_2d_msgs/include/nav_2d_msgs/nav_2d_msgs/msg/detail/twist2_d_stamped__type_support.hpp
[3.196s] -- Up-to-date symlink: /home/brilliant/ros2_ws/install/nav_2d_msgs/include/nav_2d_msgs/nav_2d_msgs/msg/path2_d.hpp
[3.196s] -- Up-to-date symlink: /home/brilliant/ros2_ws/install/nav_2d_msgs/include/nav_2d_msgs/nav_2d_msgs/msg/pose2_d32.hpp
[3.197s] -- Up-to-date symlink: /home/brilliant/ros2_ws/install/nav_2d_msgs/include/nav_2d_msgs/nav_2d_msgs/msg/pose2_d_stamped.hpp
[3.198s] -- Up-to-date symlink: /home/brilliant/ros2_ws/install/nav_2d_msgs/include/nav_2d_msgs/nav_2d_msgs/msg/rosidl_generator_cpp__visibility_control.hpp
[3.198s] -- Up-to-date symlink: /home/brilliant/ros2_ws/install/nav_2d_msgs/include/nav_2d_msgs/nav_2d_msgs/msg/twist2_d.hpp
[3.200s] -- Up-to-date symlink: /home/brilliant/ros2_ws/install/nav_2d_msgs/include/nav_2d_msgs/nav_2d_msgs/msg/twist2_d32.hpp
[3.200s] -- Up-to-date symlink: /home/brilliant/ros2_ws/install/nav_2d_msgs/include/nav_2d_msgs/nav_2d_msgs/msg/twist2_d_stamped.hpp
[3.202s] -- Up-to-date symlink: /home/brilliant/ros2_ws/install/nav_2d_msgs/include/nav_2d_msgs/nav_2d_msgs/msg/detail/path2_d__rosidl_typesupport_fastrtps_cpp.hpp
[3.203s] -- Up-to-date symlink: /home/brilliant/ros2_ws/install/nav_2d_msgs/include/nav_2d_msgs/nav_2d_msgs/msg/detail/pose2_d32__rosidl_typesupport_fastrtps_cpp.hpp
[3.204s] -- Up-to-date symlink: /home/brilliant/ros2_ws/install/nav_2d_msgs/include/nav_2d_msgs/nav_2d_msgs/msg/detail/pose2_d_stamped__rosidl_typesupport_fastrtps_cpp.hpp
[3.207s] -- Up-to-date symlink: /home/brilliant/ros2_ws/install/nav_2d_msgs/include/nav_2d_msgs/nav_2d_msgs/msg/detail/twist2_d32__rosidl_typesupport_fastrtps_cpp.hpp
[3.207s] -- Up-to-date symlink: /home/brilliant/ros2_ws/install/nav_2d_msgs/include/nav_2d_msgs/nav_2d_msgs/msg/detail/twist2_d__rosidl_typesupport_fastrtps_cpp.hpp
[3.208s] -- Up-to-date symlink: /home/brilliant/ros2_ws/install/nav_2d_msgs/include/nav_2d_msgs/nav_2d_msgs/msg/detail/twist2_d_stamped__rosidl_typesupport_fastrtps_cpp.hpp
[3.209s] -- Up-to-date symlink: /home/brilliant/ros2_ws/install/nav_2d_msgs/include/nav_2d_msgs/nav_2d_msgs/msg/rosidl_typesupport_fastrtps_cpp__visibility_control.h
[3.210s] -- Up-to-date symlink: /home/brilliant/ros2_ws/install/nav_2d_msgs/include/nav_2d_msgs/nav_2d_msgs/msg/detail/path2_d__rosidl_typesupport_introspection_c.h
[3.213s] -- Up-to-date symlink: /home/brilliant/ros2_ws/install/nav_2d_msgs/include/nav_2d_msgs/nav_2d_msgs/msg/detail/pose2_d32__rosidl_typesupport_introspection_c.h
[3.213s] -- Up-to-date symlink: /home/brilliant/ros2_ws/install/nav_2d_msgs/include/nav_2d_msgs/nav_2d_msgs/msg/detail/pose2_d_stamped__rosidl_typesupport_introspection_c.h
[3.214s] -- Up-to-date symlink: /home/brilliant/ros2_ws/install/nav_2d_msgs/include/nav_2d_msgs/nav_2d_msgs/msg/detail/twist2_d32__rosidl_typesupport_introspection_c.h
[3.217s] -- Up-to-date symlink: /home/brilliant/ros2_ws/install/nav_2d_msgs/include/nav_2d_msgs/nav_2d_msgs/msg/detail/twist2_d__rosidl_typesupport_introspection_c.h
[3.217s] -- Up-to-date symlink: /home/brilliant/ros2_ws/install/nav_2d_msgs/include/nav_2d_msgs/nav_2d_msgs/msg/detail/twist2_d_stamped__rosidl_typesupport_introspection_c.h
[3.218s] -- Up-to-date symlink: /home/brilliant/ros2_ws/install/nav_2d_msgs/include/nav_2d_msgs/nav_2d_msgs/msg/rosidl_typesupport_introspection_c__visibility_control.h
[3.219s] -- Up-to-date symlink: /home/brilliant/ros2_ws/install/nav_2d_msgs/include/nav_2d_msgs/nav_2d_msgs/msg/detail/path2_d__rosidl_typesupport_introspection_cpp.hpp
[3.220s] -- Up-to-date symlink: /home/brilliant/ros2_ws/install/nav_2d_msgs/include/nav_2d_msgs/nav_2d_msgs/msg/detail/pose2_d32__rosidl_typesupport_introspection_cpp.hpp
[3.221s] -- Up-to-date symlink: /home/brilliant/ros2_ws/install/nav_2d_msgs/include/nav_2d_msgs/nav_2d_msgs/msg/detail/pose2_d_stamped__rosidl_typesupport_introspection_cpp.hpp
[3.222s] -- Up-to-date symlink: /home/brilliant/ros2_ws/install/nav_2d_msgs/include/nav_2d_msgs/nav_2d_msgs/msg/detail/twist2_d32__rosidl_typesupport_introspection_cpp.hpp
[3.223s] -- Up-to-date symlink: /home/brilliant/ros2_ws/install/nav_2d_msgs/include/nav_2d_msgs/nav_2d_msgs/msg/detail/twist2_d__rosidl_typesupport_introspection_cpp.hpp
[3.224s] -- Up-to-date symlink: /home/brilliant/ros2_ws/install/nav_2d_msgs/include/nav_2d_msgs/nav_2d_msgs/msg/detail/twist2_d_stamped__rosidl_typesupport_introspection_cpp.hpp
[3.226s] -- Up-to-date symlink: /home/brilliant/ros2_ws/install/nav_2d_msgs/share/nav_2d_msgs/environment/pythonpath.sh
[3.227s] -- Up-to-date symlink: /home/brilliant/ros2_ws/install/nav_2d_msgs/share/nav_2d_msgs/environment/pythonpath.dsv
[3.229s] -- Up-to-date symlink: /home/brilliant/ros2_ws/install/nav_2d_msgs/lib/python3.12/site-packages/nav_2d_msgs-1.3.7-py3.12.egg-info/PKG-INFO
[3.230s] -- Up-to-date symlink: /home/brilliant/ros2_ws/install/nav_2d_msgs/lib/python3.12/site-packages/nav_2d_msgs-1.3.7-py3.12.egg-info/SOURCES.txt
[3.232s] -- Up-to-date symlink: /home/brilliant/ros2_ws/install/nav_2d_msgs/lib/python3.12/site-packages/nav_2d_msgs-1.3.7-py3.12.egg-info/dependency_links.txt
[3.233s] -- Up-to-date symlink: /home/brilliant/ros2_ws/install/nav_2d_msgs/lib/python3.12/site-packages/nav_2d_msgs-1.3.7-py3.12.egg-info/top_level.txt
[3.236s] -- Up-to-date symlink: /home/brilliant/ros2_ws/install/nav_2d_msgs/lib/python3.12/site-packages/nav_2d_msgs/__init__.py
[3.237s] -- Up-to-date symlink: /home/brilliant/ros2_ws/install/nav_2d_msgs/lib/python3.12/site-packages/nav_2d_msgs/_nav_2d_msgs_s.ep.rosidl_typesupport_c.c
[3.239s] -- Up-to-date symlink: /home/brilliant/ros2_ws/install/nav_2d_msgs/lib/python3.12/site-packages/nav_2d_msgs/_nav_2d_msgs_s.ep.rosidl_typesupport_fastrtps_c.c
[3.239s] -- Up-to-date symlink: /home/brilliant/ros2_ws/install/nav_2d_msgs/lib/python3.12/site-packages/nav_2d_msgs/_nav_2d_msgs_s.ep.rosidl_typesupport_introspection_c.c
[3.241s] -- Up-to-date symlink: /home/brilliant/ros2_ws/install/nav_2d_msgs/lib/python3.12/site-packages/nav_2d_msgs/msg/__init__.py
[3.243s] -- Up-to-date symlink: /home/brilliant/ros2_ws/install/nav_2d_msgs/lib/python3.12/site-packages/nav_2d_msgs/msg/_path2_d.py
[3.244s] -- Up-to-date symlink: /home/brilliant/ros2_ws/install/nav_2d_msgs/lib/python3.12/site-packages/nav_2d_msgs/msg/_path2_d_s.c
[3.246s] -- Up-to-date symlink: /home/brilliant/ros2_ws/install/nav_2d_msgs/lib/python3.12/site-packages/nav_2d_msgs/msg/_pose2_d32.py
[3.248s] -- Up-to-date symlink: /home/brilliant/ros2_ws/install/nav_2d_msgs/lib/python3.12/site-packages/nav_2d_msgs/msg/_pose2_d32_s.c
[3.250s] -- Up-to-date symlink: /home/brilliant/ros2_ws/install/nav_2d_msgs/lib/python3.12/site-packages/nav_2d_msgs/msg/_pose2_d_stamped.py
[3.251s] -- Up-to-date symlink: /home/brilliant/ros2_ws/install/nav_2d_msgs/lib/python3.12/site-packages/nav_2d_msgs/msg/_pose2_d_stamped_s.c
[3.252s] -- Up-to-date symlink: /home/brilliant/ros2_ws/install/nav_2d_msgs/lib/python3.12/site-packages/nav_2d_msgs/msg/_twist2_d.py
[3.253s] -- Up-to-date symlink: /home/brilliant/ros2_ws/install/nav_2d_msgs/lib/python3.12/site-packages/nav_2d_msgs/msg/_twist2_d32.py
[3.254s] -- Up-to-date symlink: /home/brilliant/ros2_ws/install/nav_2d_msgs/lib/python3.12/site-packages/nav_2d_msgs/msg/_twist2_d32_s.c
[3.255s] -- Up-to-date symlink: /home/brilliant/ros2_ws/install/nav_2d_msgs/lib/python3.12/site-packages/nav_2d_msgs/msg/_twist2_d_s.c
[3.256s] -- Up-to-date symlink: /home/brilliant/ros2_ws/install/nav_2d_msgs/lib/python3.12/site-packages/nav_2d_msgs/msg/_twist2_d_stamped.py
[3.260s] -- Up-to-date symlink: /home/brilliant/ros2_ws/install/nav_2d_msgs/lib/python3.12/site-packages/nav_2d_msgs/msg/_twist2_d_stamped_s.c
[3.261s] -- Up-to-date symlink: /home/brilliant/ros2_ws/install/nav_2d_msgs/lib/python3.12/site-packages/nav_2d_msgs/nav_2d_msgs_s__rosidl_typesupport_c.so
[3.261s] -- Up-to-date symlink: /home/brilliant/ros2_ws/install/nav_2d_msgs/lib/python3.12/site-packages/nav_2d_msgs/nav_2d_msgs_s__rosidl_typesupport_fastrtps_c.so
[3.264s] -- Up-to-date symlink: /home/brilliant/ros2_ws/install/nav_2d_msgs/lib/python3.12/site-packages/nav_2d_msgs/nav_2d_msgs_s__rosidl_typesupport_introspection_c.so
[3.265s] -- Up-to-date symlink: /home/brilliant/ros2_ws/install/nav_2d_msgs/lib/python3.12/site-packages/nav_2d_msgs/nav_2d_msgs_s__rosidl_typesupport_fastrtps_c.so
[3.266s] -- Up-to-date symlink: /home/brilliant/ros2_ws/install/nav_2d_msgs/lib/python3.12/site-packages/nav_2d_msgs/nav_2d_msgs_s__rosidl_typesupport_introspection_c.so
[3.271s] -- Up-to-date symlink: /home/brilliant/ros2_ws/install/nav_2d_msgs/lib/python3.12/site-packages/nav_2d_msgs/nav_2d_msgs_s__rosidl_typesupport_c.so
[3.271s] -- Up-to-date symlink: /home/brilliant/ros2_ws/install/nav_2d_msgs/share/nav_2d_msgs/msg/Path2D.idl
[3.272s] -- Up-to-date symlink: /home/brilliant/ros2_ws/install/nav_2d_msgs/share/nav_2d_msgs/msg/Pose2D32.idl
[3.273s] -- Up-to-date symlink: /home/brilliant/ros2_ws/install/nav_2d_msgs/share/nav_2d_msgs/msg/Pose2DStamped.idl
[3.275s] -- Up-to-date symlink: /home/brilliant/ros2_ws/install/nav_2d_msgs/share/nav_2d_msgs/msg/Twist2D.idl
[3.276s] -- Up-to-date symlink: /home/brilliant/ros2_ws/install/nav_2d_msgs/share/nav_2d_msgs/msg/Twist2D32.idl
[3.279s] -- Up-to-date symlink: /home/brilliant/ros2_ws/install/nav_2d_msgs/share/nav_2d_msgs/msg/Twist2DStamped.idl
[3.282s] -- Up-to-date symlink: /home/brilliant/ros2_ws/install/nav_2d_msgs/share/nav_2d_msgs/msg/Path2D.msg
[3.282s] -- Up-to-date symlink: /home/brilliant/ros2_ws/install/nav_2d_msgs/share/nav_2d_msgs/msg/Pose2D32.msg
[3.283s] -- Up-to-date symlink: /home/brilliant/ros2_ws/install/nav_2d_msgs/share/nav_2d_msgs/msg/Pose2DStamped.msg
[3.285s] -- Up-to-date symlink: /home/brilliant/ros2_ws/install/nav_2d_msgs/share/nav_2d_msgs/msg/Twist2D.msg
[3.286s] -- Up-to-date symlink: /home/brilliant/ros2_ws/install/nav_2d_msgs/share/nav_2d_msgs/msg/Twist2D32.msg
[3.287s] -- Up-to-date symlink: /home/brilliant/ros2_ws/install/nav_2d_msgs/share/nav_2d_msgs/msg/Twist2DStamped.msg
[3.290s] -- Up-to-date symlink: /home/brilliant/ros2_ws/install/nav_2d_msgs/share/ament_index/resource_index/package_run_dependencies/nav_2d_msgs
[3.294s] -- Up-to-date symlink: /home/brilliant/ros2_ws/install/nav_2d_msgs/share/ament_index/resource_index/parent_prefix_path/nav_2d_msgs
[3.296s] -- Up-to-date symlink: /home/brilliant/ros2_ws/install/nav_2d_msgs/share/nav_2d_msgs/environment/ament_prefix_path.sh
[3.297s] -- Up-to-date symlink: /home/brilliant/ros2_ws/install/nav_2d_msgs/share/nav_2d_msgs/environment/ament_prefix_path.dsv
[3.299s] -- Up-to-date symlink: /home/brilliant/ros2_ws/install/nav_2d_msgs/share/nav_2d_msgs/environment/path.sh
[3.300s] -- Up-to-date symlink: /home/brilliant/ros2_ws/install/nav_2d_msgs/share/nav_2d_msgs/environment/path.dsv
[3.301s] -- Up-to-date symlink: /home/brilliant/ros2_ws/install/nav_2d_msgs/share/nav_2d_msgs/local_setup.bash
[3.303s] -- Up-to-date symlink: /home/brilliant/ros2_ws/install/nav_2d_msgs/share/nav_2d_msgs/local_setup.sh
[3.306s] -- Up-to-date symlink: /home/brilliant/ros2_ws/install/nav_2d_msgs/share/nav_2d_msgs/local_setup.zsh
[3.308s] -- Up-to-date symlink: /home/brilliant/ros2_ws/install/nav_2d_msgs/share/nav_2d_msgs/local_setup.dsv
[3.309s] -- Symlinking: /home/brilliant/ros2_ws/install/nav_2d_msgs/share/nav_2d_msgs/package.dsv
[3.359s] -- Up-to-date symlink: /home/brilliant/ros2_ws/install/nav_2d_msgs/share/ament_index/resource_index/packages/nav_2d_msgs
[3.359s] -- Up-to-date symlink: /home/brilliant/ros2_ws/install/nav_2d_msgs/share/nav_2d_msgs/cmake/rosidl_cmake-extras.cmake
[3.361s] -- Up-to-date symlink: /home/brilliant/ros2_ws/install/nav_2d_msgs/share/nav_2d_msgs/cmake/ament_cmake_export_dependencies-extras.cmake
[3.362s] -- Up-to-date symlink: /home/brilliant/ros2_ws/install/nav_2d_msgs/share/nav_2d_msgs/cmake/ament_cmake_export_include_directories-extras.cmake
[3.364s] -- Up-to-date symlink: /home/brilliant/ros2_ws/install/nav_2d_msgs/share/nav_2d_msgs/cmake/ament_cmake_export_libraries-extras.cmake
[3.371s] -- Up-to-date symlink: /home/brilliant/ros2_ws/install/nav_2d_msgs/share/nav_2d_msgs/cmake/ament_cmake_export_targets-extras.cmake
[3.371s] -- Up-to-date symlink: /home/brilliant/ros2_ws/install/nav_2d_msgs/share/nav_2d_msgs/cmake/rosidl_cmake_export_typesupport_targets-extras.cmake
[3.375s] -- Up-to-date symlink: /home/brilliant/ros2_ws/install/nav_2d_msgs/share/nav_2d_msgs/cmake/rosidl_cmake_export_typesupport_libraries-extras.cmake
[3.376s] -- Up-to-date symlink: /home/brilliant/ros2_ws/install/nav_2d_msgs/share/nav_2d_msgs/cmake/nav_2d_msgsConfig.cmake
[3.380s] -- Up-to-date symlink: /home/brilliant/ros2_ws/install/nav_2d_msgs/share/nav_2d_msgs/cmake/nav_2d_msgsConfig-version.cmake
[3.380s] -- Up-to-date symlink: /home/brilliant/ros2_ws/install/nav_2d_msgs/share/nav_2d_msgs/package.xml
[3.385s] -- Up-to-date: /home/brilliant/ros2_ws/install/nav_2d_msgs/lib/libnav_2d_msgs__rosidl_generator_c.so
[3.389s] -- Up-to-date: /home/brilliant/ros2_ws/install/nav_2d_msgs/lib/libnav_2d_msgs__rosidl_typesupport_fastrtps_c.so
[3.401s] -- Up-to-date: /home/brilliant/ros2_ws/install/nav_2d_msgs/lib/libnav_2d_msgs__rosidl_typesupport_fastrtps_cpp.so
[3.401s] -- Up-to-date: /home/brilliant/ros2_ws/install/nav_2d_msgs/lib/libnav_2d_msgs__rosidl_typesupport_introspection_c.so
[3.407s] -- Up-to-date: /home/brilliant/ros2_ws/install/nav_2d_msgs/lib/libnav_2d_msgs__rosidl_typesupport_c.so
[3.407s] -- Up-to-date: /home/brilliant/ros2_ws/install/nav_2d_msgs/lib/libnav_2d_msgs__rosidl_typesupport_introspection_cpp.so
[3.415s] -- Up-to-date: /home/brilliant/ros2_ws/install/nav_2d_msgs/lib/libnav_2d_msgs__rosidl_typesupport_cpp.so
[3.611s] Listing '/home/brilliant/ros2_ws/install/nav_2d_msgs/lib/python3.12/site-packages/nav_2d_msgs'...
[3.612s] Listing '/home/brilliant/ros2_ws/install/nav_2d_msgs/lib/python3.12/site-packages/nav_2d_msgs/msg'...
[3.644s] -- Up-to-date: /home/brilliant/ros2_ws/install/nav_2d_msgs/lib/libnav_2d_msgs__rosidl_generator_py.so
[3.644s] -- Up-to-date: /home/brilliant/ros2_ws/install/nav_2d_msgs/share/nav_2d_msgs/cmake/export_nav_2d_msgs__rosidl_generator_cExport.cmake
[3.647s] -- Up-to-date: /home/brilliant/ros2_ws/install/nav_2d_msgs/share/nav_2d_msgs/cmake/export_nav_2d_msgs__rosidl_generator_cExport-noconfig.cmake
[3.647s] -- Up-to-date: /home/brilliant/ros2_ws/install/nav_2d_msgs/share/nav_2d_msgs/cmake/export_nav_2d_msgs__rosidl_typesupport_fastrtps_cExport.cmake
[3.647s] -- Up-to-date: /home/brilliant/ros2_ws/install/nav_2d_msgs/share/nav_2d_msgs/cmake/export_nav_2d_msgs__rosidl_typesupport_fastrtps_cExport-noconfig.cmake
[3.648s] -- Up-to-date: /home/brilliant/ros2_ws/install/nav_2d_msgs/share/nav_2d_msgs/cmake/export_nav_2d_msgs__rosidl_generator_cppExport.cmake
[3.648s] -- Up-to-date: /home/brilliant/ros2_ws/install/nav_2d_msgs/share/nav_2d_msgs/cmake/export_nav_2d_msgs__rosidl_typesupport_fastrtps_cppExport.cmake
[3.649s] -- Up-to-date: /home/brilliant/ros2_ws/install/nav_2d_msgs/share/nav_2d_msgs/cmake/export_nav_2d_msgs__rosidl_typesupport_fastrtps_cppExport-noconfig.cmake
[3.651s] -- Up-to-date: /home/brilliant/ros2_ws/install/nav_2d_msgs/share/nav_2d_msgs/cmake/nav_2d_msgs__rosidl_typesupport_introspection_cExport.cmake
[3.652s] -- Up-to-date: /home/brilliant/ros2_ws/install/nav_2d_msgs/share/nav_2d_msgs/cmake/nav_2d_msgs__rosidl_typesupport_introspection_cExport-noconfig.cmake
[3.652s] -- Up-to-date: /home/brilliant/ros2_ws/install/nav_2d_msgs/share/nav_2d_msgs/cmake/nav_2d_msgs__rosidl_typesupport_cExport.cmake
[3.653s] -- Up-to-date: /home/brilliant/ros2_ws/install/nav_2d_msgs/share/nav_2d_msgs/cmake/nav_2d_msgs__rosidl_typesupport_cExport-noconfig.cmake
[3.660s] -- Up-to-date: /home/brilliant/ros2_ws/install/nav_2d_msgs/share/nav_2d_msgs/cmake/nav_2d_msgs__rosidl_typesupport_introspection_cppExport.cmake
[3.664s] -- Up-to-date: /home/brilliant/ros2_ws/install/nav_2d_msgs/share/nav_2d_msgs/cmake/nav_2d_msgs__rosidl_typesupport_introspection_cppExport-noconfig.cmake
[3.664s] -- Up-to-date: /home/brilliant/ros2_ws/install/nav_2d_msgs/share/nav_2d_msgs/cmake/nav_2d_msgs__rosidl_typesupport_cppExport.cmake
[3.664s] -- Up-to-date: /home/brilliant/ros2_ws/install/nav_2d_msgs/share/nav_2d_msgs/cmake/nav_2d_msgs__rosidl_typesupport_cppExport-noconfig.cmake
[3.666s] -- Up-to-date: /home/brilliant/ros2_ws/install/nav_2d_msgs/share/nav_2d_msgs/cmake/export_nav_2d_msgs__rosidl_generator_pyExport.cmake
[3.666s] -- Up-to-date: /home/brilliant/ros2_ws/install/nav_2d_msgs/share/nav_2d_msgs/cmake/export_nav_2d_msgs__rosidl_generator_pyExport-noconfig.cmake
[3.685s] Invoked command in '/home/brilliant/ros2_ws/build/nav_2d_msgs' returned '0': CMAKE_PREFIX_PATH=${CMAKE_PREFIX_PATH}:/home/brilliant/ros2_ws/install/twist_stamper:/home/brilliant/ros2_ws/install/nav2_simple_commander:/home/brilliant/ros2_ws/install/nav2_loopback_sim:/opt/ros/jazzy DEBUGINFOD_URLS=https://debuginfod.ubuntu.com /usr/bin/cmake --install /home/brilliant/ros2_ws/build/nav_2d_msgs
