[0.033s] Invoking command in '/home/brilliant/ros2_ws/build/minibot': CMAKE_PREFIX_PATH=${CMAKE_PREFIX_PATH}:/home/brilliant/ros2_ws/install/twist_stamper:/home/brilliant/ros2_ws/src/install/twist_stamper:/opt/ros/jazzy DEBUGINFOD_URLS=https://debuginfod.ubuntu.com /usr/bin/cmake /home/brilliant/ros2_ws/src/minibot -DCMAKE_INSTALL_PREFIX=/home/brilliant/ros2_ws/install/minibot
[0.066s] -- Found ament_cmake: 2.5.4 (/opt/ros/jazzy/share/ament_cmake/cmake)
[0.563s] -- Override CMake install command with custom implementation using symlinks instead of copying resources
[0.578s] -- Found rclcpp: 28.1.10 (/opt/ros/jazzy/share/rclcpp/cmake)
[0.649s] -- Found rosidl_generator_c: 4.6.5 (/opt/ros/jazzy/share/rosidl_generator_c/cmake)
[0.677s] -- Found rosidl_generator_cpp: 4.6.5 (/opt/ros/jazzy/share/rosidl_generator_cpp/cmake)
[0.706s] -- Using all available rosidl_typesupport_c: rosidl_typesupport_fastrtps_c;rosidl_typesupport_introspection_c
[0.740s] -- Using all available rosidl_typesupport_cpp: rosidl_typesupport_fastrtps_cpp;rosidl_typesupport_introspection_cpp
[0.890s] -- Found rmw_implementation_cmake: 7.3.2 (/opt/ros/jazzy/share/rmw_implementation_cmake/cmake)
[0.895s] -- Found rmw_fastrtps_cpp: 8.4.2 (/opt/ros/jazzy/share/rmw_fastrtps_cpp/cmake)
[1.043s] -- Using RMW implementation 'rmw_fastrtps_cpp' as default
[1.264s] -- Found geometry_msgs: 5.3.6 (/opt/ros/jazzy/share/geometry_msgs/cmake)
[1.355s] -- Found ament_lint_auto: 0.17.2 (/opt/ros/jazzy/share/ament_lint_auto/cmake)
[1.603s] -- Added test 'copyright' to check source files copyright and LICENSE
[1.614s] -- Added test 'cppcheck' to perform static code analysis on C / C++ code
[1.615s] -- Configured cppcheck include dirs: 
[1.616s] -- Configured cppcheck exclude dirs and/or files: 
[1.629s] -- Added test 'cpplint' to check C / C++ code against the Google style
[1.632s] -- Configured cpplint exclude dirs and/or files: 
[1.632s] -- Added test 'flake8' to check Python code syntax and style conventions
[1.634s] -- Configured 'flake8' exclude dirs and/or files: 
[1.638s] -- Added test 'lint_cmake' to check CMake code style
[1.641s] -- Added test 'pep257' to check Python code against some of the docstring style conventions in PEP 257
[1.653s] -- Added test 'uncrustify' to check C / C++ code style
[1.656s] -- Configured uncrustify additional arguments: 
[1.657s] -- Added test 'xmllint' to check XML markup files
[1.662s] -- Configuring done (1.6s)
[1.707s] -- Generating done (0.0s)
[1.720s] -- Build files have been written to: /home/brilliant/ros2_ws/build/minibot
[2.044s] Invoked command in '/home/brilliant/ros2_ws/build/minibot' returned '0': CMAKE_PREFIX_PATH=${CMAKE_PREFIX_PATH}:/home/brilliant/ros2_ws/install/twist_stamper:/home/brilliant/ros2_ws/src/install/twist_stamper:/opt/ros/jazzy DEBUGINFOD_URLS=https://debuginfod.ubuntu.com /usr/bin/cmake /home/brilliant/ros2_ws/src/minibot -DCMAKE_INSTALL_PREFIX=/home/brilliant/ros2_ws/install/minibot
[2.051s] Invoking command in '/home/brilliant/ros2_ws/build/minibot': CMAKE_PREFIX_PATH=${CMAKE_PREFIX_PATH}:/home/brilliant/ros2_ws/install/twist_stamper:/home/brilliant/ros2_ws/src/install/twist_stamper:/opt/ros/jazzy DEBUGINFOD_URLS=https://debuginfod.ubuntu.com /usr/bin/cmake --build /home/brilliant/ros2_ws/build/minibot -- -j4 -l4
[2.270s] [100%] Built target velocity_publisher
[2.304s] Invoked command in '/home/brilliant/ros2_ws/build/minibot' returned '0': CMAKE_PREFIX_PATH=${CMAKE_PREFIX_PATH}:/home/brilliant/ros2_ws/install/twist_stamper:/home/brilliant/ros2_ws/src/install/twist_stamper:/opt/ros/jazzy DEBUGINFOD_URLS=https://debuginfod.ubuntu.com /usr/bin/cmake --build /home/brilliant/ros2_ws/build/minibot -- -j4 -l4
[2.307s] Invoking command in '/home/brilliant/ros2_ws/build/minibot': CMAKE_PREFIX_PATH=${CMAKE_PREFIX_PATH}:/home/brilliant/ros2_ws/install/twist_stamper:/home/brilliant/ros2_ws/src/install/twist_stamper:/opt/ros/jazzy DEBUGINFOD_URLS=https://debuginfod.ubuntu.com /usr/bin/cmake --install /home/brilliant/ros2_ws/build/minibot
[2.356s] -- Install configuration: ""
[2.358s] -- Execute custom install script
[2.358s] -- Up-to-date symlink: /home/brilliant/ros2_ws/install/minibot/lib/minibot/velocity_publisher
[2.359s] -- Up-to-date symlink: /home/brilliant/ros2_ws/install/minibot/share/minibot/config/controller.yaml
[2.361s] -- Up-to-date symlink: /home/brilliant/ros2_ws/install/minibot/share/minibot/config/controller_gz_sim.yaml
[2.361s] -- Up-to-date symlink: /home/brilliant/ros2_ws/install/minibot/share/minibot/config/empty.yaml
[2.361s] -- Up-to-date symlink: /home/brilliant/ros2_ws/install/minibot/share/minibot/config/gz_params.yaml
[2.362s] -- Up-to-date symlink: /home/brilliant/ros2_ws/install/minibot/share/minibot/config/joystick_params.yaml
[2.362s] -- Up-to-date symlink: /home/brilliant/ros2_ws/install/minibot/share/minibot/config/mapper_params_localization.yaml
[2.365s] -- Up-to-date symlink: /home/brilliant/ros2_ws/install/minibot/share/minibot/config/mapper_params_online_async.yaml
[2.365s] -- Up-to-date symlink: /home/brilliant/ros2_ws/install/minibot/share/minibot/config/minibot_config.rviz
[2.367s] -- Up-to-date symlink: /home/brilliant/ros2_ws/install/minibot/share/minibot/config/minibot_display.rviz
[2.368s] -- Up-to-date symlink: /home/brilliant/ros2_ws/install/minibot/share/minibot/config/nav2_params.yaml
[2.369s] -- Up-to-date symlink: /home/brilliant/ros2_ws/install/minibot/share/minibot/config/sim_config.rviz
[2.370s] -- Up-to-date symlink: /home/brilliant/ros2_ws/install/minibot/share/minibot/config/twist_mux.yaml
[2.372s] -- Up-to-date symlink: /home/brilliant/ros2_ws/install/minibot/share/minibot/description/camera.xacro
[2.373s] -- Up-to-date symlink: /home/brilliant/ros2_ws/install/minibot/share/minibot/description/depth_camera.xacro
[2.373s] -- Up-to-date symlink: /home/brilliant/ros2_ws/install/minibot/share/minibot/description/gz_diff_drive_control.xacro
[2.377s] -- Up-to-date symlink: /home/brilliant/ros2_ws/install/minibot/share/minibot/description/inertial_macros.xacro
[2.377s] -- Up-to-date symlink: /home/brilliant/ros2_ws/install/minibot/share/minibot/description/lidar.xacro
[2.377s] -- Up-to-date symlink: /home/brilliant/ros2_ws/install/minibot/share/minibot/description/robot.urdf.xacro
[2.378s] -- Up-to-date symlink: /home/brilliant/ros2_ws/install/minibot/share/minibot/description/robot_main.xacro
[2.378s] -- Up-to-date symlink: /home/brilliant/ros2_ws/install/minibot/share/minibot/description/ros2_control.xacro
[2.378s] -- Up-to-date symlink: /home/brilliant/ros2_ws/install/minibot/share/minibot/launch/joystick_teleop.launch.py
[2.378s] -- Up-to-date symlink: /home/brilliant/ros2_ws/install/minibot/share/minibot/launch/robot.launch.py
[2.378s] -- Up-to-date symlink: /home/brilliant/ros2_ws/install/minibot/share/minibot/launch/robot_remote_station.launch.py
[2.379s] -- Up-to-date symlink: /home/brilliant/ros2_ws/install/minibot/share/minibot/launch/sim.launch.py
[2.379s] -- Up-to-date symlink: /home/brilliant/ros2_ws/install/minibot/share/minibot/launch/sim_control_station.launch.py
[2.379s] -- Up-to-date symlink: /home/brilliant/ros2_ws/install/minibot/share/minibot/worlds/empty.sdf
[2.379s] -- Up-to-date symlink: /home/brilliant/ros2_ws/install/minibot/share/minibot/worlds/playground.sdf
[2.385s] -- Up-to-date symlink: /home/brilliant/ros2_ws/install/minibot/share/minibot/demo_publisher_node/velocity_publisher.cpp
[2.385s] -- Up-to-date symlink: /home/brilliant/ros2_ws/install/minibot/share/minibot/maps/map_01.pgm
[2.386s] -- Up-to-date symlink: /home/brilliant/ros2_ws/install/minibot/share/minibot/maps/map_01.yaml
[2.386s] -- Up-to-date symlink: /home/brilliant/ros2_ws/install/minibot/share/minibot/maps/map_01_serial.data
[2.386s] -- Up-to-date symlink: /home/brilliant/ros2_ws/install/minibot/share/minibot/maps/map_01_serial.posegraph
[2.386s] -- Up-to-date symlink: /home/brilliant/ros2_ws/install/minibot/share/minibot/maps/sample_map.pgm
[2.386s] -- Up-to-date symlink: /home/brilliant/ros2_ws/install/minibot/share/minibot/maps/sample_map.yaml
[2.387s] -- Up-to-date symlink: /home/brilliant/ros2_ws/install/minibot/share/minibot/maps/sample_map_serial.data
[2.387s] -- Up-to-date symlink: /home/brilliant/ros2_ws/install/minibot/share/minibot/maps/sample_map_serial.posegraph
[2.387s] -- Up-to-date symlink: /home/brilliant/ros2_ws/install/minibot/share/minibot/visual_demos/Nav2_demostration-ezgif.com-video-to-gif-converter.gif
[2.387s] -- Up-to-date symlink: /home/brilliant/ros2_ws/install/minibot/share/minibot/visual_demos/SLAM_demostration-ezgif.com-video-to-gif-converter.gif
[2.391s] -- Up-to-date symlink: /home/brilliant/ros2_ws/install/minibot/share/minibot/visual_demos/robot_hardware.jpg
[2.392s] -- Up-to-date symlink: /home/brilliant/ros2_ws/install/minibot/share/minibot/visual_demos/robot_visual.jpg
[2.392s] -- Up-to-date symlink: /home/brilliant/ros2_ws/install/minibot/share/ament_index/resource_index/package_run_dependencies/minibot
[2.392s] -- Up-to-date symlink: /home/brilliant/ros2_ws/install/minibot/share/ament_index/resource_index/parent_prefix_path/minibot
[2.393s] -- Up-to-date symlink: /home/brilliant/ros2_ws/install/minibot/share/minibot/environment/ament_prefix_path.sh
[2.394s] -- Up-to-date symlink: /home/brilliant/ros2_ws/install/minibot/share/minibot/environment/ament_prefix_path.dsv
[2.395s] -- Up-to-date symlink: /home/brilliant/ros2_ws/install/minibot/share/minibot/environment/path.sh
[2.396s] -- Up-to-date symlink: /home/brilliant/ros2_ws/install/minibot/share/minibot/environment/path.dsv
[2.396s] -- Up-to-date symlink: /home/brilliant/ros2_ws/install/minibot/share/minibot/local_setup.bash
[2.396s] -- Up-to-date symlink: /home/brilliant/ros2_ws/install/minibot/share/minibot/local_setup.sh
[2.397s] -- Up-to-date symlink: /home/brilliant/ros2_ws/install/minibot/share/minibot/local_setup.zsh
[2.398s] -- Up-to-date symlink: /home/brilliant/ros2_ws/install/minibot/share/minibot/local_setup.dsv
[2.398s] -- Symlinking: /home/brilliant/ros2_ws/install/minibot/share/minibot/package.dsv
[2.414s] -- Up-to-date symlink: /home/brilliant/ros2_ws/install/minibot/share/ament_index/resource_index/packages/minibot
[2.415s] -- Up-to-date symlink: /home/brilliant/ros2_ws/install/minibot/share/minibot/cmake/minibotConfig.cmake
[2.415s] -- Up-to-date symlink: /home/brilliant/ros2_ws/install/minibot/share/minibot/cmake/minibotConfig-version.cmake
[2.418s] -- Up-to-date symlink: /home/brilliant/ros2_ws/install/minibot/share/minibot/package.xml
[2.428s] Invoked command in '/home/brilliant/ros2_ws/build/minibot' returned '0': CMAKE_PREFIX_PATH=${CMAKE_PREFIX_PATH}:/home/brilliant/ros2_ws/install/twist_stamper:/home/brilliant/ros2_ws/src/install/twist_stamper:/opt/ros/jazzy DEBUGINFOD_URLS=https://debuginfod.ubuntu.com /usr/bin/cmake --install /home/brilliant/ros2_ws/build/minibot
