-- The CXX compiler identification is GNU 13.3.0
-- Detecting CXX compiler ABI info
-- Detecting CXX compiler ABI info - done
-- Check for working CXX compiler: /usr/bin/c++ - skipped
-- Detecting CXX compile features
-- Detecting CXX compile features - done
-- Found ament_cmake: 2.5.4 (/opt/ros/jazzy/share/ament_cmake/cmake)
-- Found Python3: /usr/bin/python3 (found version "3.12.3") found components: Interpreter 
-- Override CMake install command with custom implementation using symlinks instead of copying resources
-- Found nav2_common: 1.3.7 (/home/brilliant/ros2_ws/install/nav2_common/share/nav2_common/cmake)
-- Found rclcpp: 28.1.10 (/opt/ros/jazzy/share/rclcpp/cmake)
-- Found rosidl_generator_c: 4.6.5 (/opt/ros/jazzy/share/rosidl_generator_c/cmake)
-- Found rosidl_generator_cpp: 4.6.5 (/opt/ros/jazzy/share/rosidl_generator_cpp/cmake)
-- Using all available rosidl_typesupport_c: rosidl_typesupport_fastrtps_c;rosidl_typesupport_introspection_c
-- Using all available rosidl_typesupport_cpp: rosidl_typesupport_fastrtps_cpp;rosidl_typesupport_introspection_cpp
-- Found rmw_implementation_cmake: 7.3.2 (/opt/ros/jazzy/share/rmw_implementation_cmake/cmake)
-- Found rmw_fastrtps_cpp: 8.4.2 (/opt/ros/jazzy/share/rmw_fastrtps_cpp/cmake)
-- Found OpenSSL: /usr/lib/x86_64-linux-gnu/libcrypto.so (found version "3.0.13")  
-- Found FastRTPS: /opt/ros/jazzy/include (Required is at least version "2.13") 
-- Using RMW implementation 'rmw_fastrtps_cpp' as default
-- Found rclcpp_action: 28.1.10 (/opt/ros/jazzy/share/rclcpp_action/cmake)
-- Found rclcpp_lifecycle: 28.1.10 (/opt/ros/jazzy/share/rclcpp_lifecycle/cmake)
-- Found geometry_msgs: 5.3.6 (/opt/ros/jazzy/share/geometry_msgs/cmake)
-- Found sensor_msgs: 5.3.6 (/opt/ros/jazzy/share/sensor_msgs/cmake)
-- Found nav2_msgs: 1.3.7 (/home/brilliant/ros2_ws/install/nav2_msgs/share/nav2_msgs/cmake)
-- Found behaviortree_cpp: 4.7.1 (/opt/ros/jazzy/share/behaviortree_cpp/cmake)
-- Found tf2_ros: 0.36.12 (/opt/ros/jazzy/share/tf2_ros/cmake)
-- Found tf2_geometry_msgs: 0.36.12 (/opt/ros/jazzy/share/tf2_geometry_msgs/cmake)
-- Found eigen3_cmake_module: 0.3.0 (/opt/ros/jazzy/share/eigen3_cmake_module/cmake)
-- Found Eigen3: TRUE (found version "3.4.0") 
-- Ensuring Eigen3 include directory is part of orocos-kdl CMake target
-- Found std_srvs: 5.3.6 (/opt/ros/jazzy/share/std_srvs/cmake)
-- Found nav2_util: 1.3.7 (/home/brilliant/ros2_ws/install/nav2_util/share/nav2_util/cmake)
-- Setting build type to Release as none was specified.
-- Found ament_lint_auto: 0.17.2 (/opt/ros/jazzy/share/ament_lint_auto/cmake)
-- Found gtest sources under '/opt/ros/jazzy/src/gtest_vendor': C++ tests using 'Google Test' will be built
-- The C compiler identification is GNU 13.3.0
-- Detecting C compiler ABI info
-- Detecting C compiler ABI info - done
-- Check for working C compiler: /usr/bin/cc - skipped
-- Detecting C compile features
-- Detecting C compile features - done
-- Performing Test CMAKE_HAVE_LIBC_PTHREAD
-- Performing Test CMAKE_HAVE_LIBC_PTHREAD - Success
-- Found Threads: TRUE  
-- Added test 'copyright' to check source files copyright and LICENSE
-- Added test 'cppcheck' to perform static code analysis on C / C++ code
-- Configured cppcheck include dirs: /home/brilliant/ros2_ws/src/navigation2/nav2_behavior_tree/include
-- Configured cppcheck exclude dirs and/or files: 
-- Added test 'cpplint' to check C / C++ code against the Google style
-- Configured cpplint exclude dirs and/or files: 
-- Added test 'lint_cmake' to check CMake code style
-- Added test 'uncrustify' to check C / C++ code style
-- Configured uncrustify additional arguments: 
-- Added test 'xmllint' to check XML markup files
-- Configuring done (12.7s)
-- Generating done (4.4s)
-- Build files have been written to: /home/brilliant/ros2_ws/build/nav2_behavior_tree
[  0%] [32mBuilding CXX object CMakeFiles/nav2_behavior_tree.dir/src/behavior_tree_engine.cpp.o[0m
[  0%] [32m[1mLinking CXX shared library libnav2_behavior_tree.so[0m
[  0%] Built target nav2_behavior_tree
[  0%] [32mBuilding CXX object CMakeFiles/nav2_controller_cancel_bt_node.dir/plugins/action/controller_cancel_node.cpp.o[0m
[  1%] [32m[1mLinking CXX shared library libnav2_controller_cancel_bt_node.so[0m
[  1%] Built target nav2_controller_cancel_bt_node
[  1%] [32mBuilding CXX object CMakeFiles/nav2_wait_cancel_bt_node.dir/plugins/action/wait_cancel_node.cpp.o[0m
[  2%] [32m[1mLinking CXX shared library libnav2_wait_cancel_bt_node.so[0m
[  2%] Built target nav2_wait_cancel_bt_node
[  2%] [32mBuilding CXX object CMakeFiles/nav2_spin_cancel_bt_node.dir/plugins/action/spin_cancel_node.cpp.o[0m
[  2%] [32m[1mLinking CXX shared library libnav2_spin_cancel_bt_node.so[0m
[  2%] Built target nav2_spin_cancel_bt_node
[  2%] [32mBuilding CXX object CMakeFiles/nav2_back_up_cancel_bt_node.dir/plugins/action/back_up_cancel_node.cpp.o[0m
[  3%] [32m[1mLinking CXX shared library libnav2_back_up_cancel_bt_node.so[0m
[  3%] Built target nav2_back_up_cancel_bt_node
[  3%] [32mBuilding CXX object CMakeFiles/nav2_assisted_teleop_cancel_bt_node.dir/plugins/action/assisted_teleop_cancel_node.cpp.o[0m
[  4%] [32m[1mLinking CXX shared library libnav2_assisted_teleop_cancel_bt_node.so[0m
[  4%] Built target nav2_assisted_teleop_cancel_bt_node
[  5%] [32mBuilding CXX object CMakeFiles/nav2_drive_on_heading_cancel_bt_node.dir/plugins/action/drive_on_heading_cancel_node.cpp.o[0m
[  5%] [32m[1mLinking CXX shared library libnav2_drive_on_heading_cancel_bt_node.so[0m
[  5%] Built target nav2_drive_on_heading_cancel_bt_node
[  6%] [32mBuilding CXX object CMakeFiles/nav2_smooth_path_action_bt_node.dir/plugins/action/smooth_path_action.cpp.o[0m
[  6%] [32m[1mLinking CXX shared library libnav2_smooth_path_action_bt_node.so[0m
[  6%] Built target nav2_smooth_path_action_bt_node
[  7%] [32mBuilding CXX object CMakeFiles/nav2_follow_path_action_bt_node.dir/plugins/action/follow_path_action.cpp.o[0m
[  7%] [32m[1mLinking CXX shared library libnav2_follow_path_action_bt_node.so[0m
[  7%] Built target nav2_follow_path_action_bt_node
[  7%] [32mBuilding CXX object CMakeFiles/nav2_back_up_action_bt_node.dir/plugins/action/back_up_action.cpp.o[0m
[  8%] [32m[1mLinking CXX shared library libnav2_back_up_action_bt_node.so[0m
[  8%] Built target nav2_back_up_action_bt_node
[  8%] [32mBuilding CXX object CMakeFiles/nav2_drive_on_heading_bt_node.dir/plugins/action/drive_on_heading_action.cpp.o[0m
[  8%] [32m[1mLinking CXX shared library libnav2_drive_on_heading_bt_node.so[0m
[  8%] Built target nav2_drive_on_heading_bt_node
[  8%] [32mBuilding CXX object CMakeFiles/nav2_spin_action_bt_node.dir/plugins/action/spin_action.cpp.o[0m
[  9%] [32m[1mLinking CXX shared library libnav2_spin_action_bt_node.so[0m
[  9%] Built target nav2_spin_action_bt_node
[  9%] [32mBuilding CXX object CMakeFiles/nav2_wait_action_bt_node.dir/plugins/action/wait_action.cpp.o[0m
[ 10%] [32m[1mLinking CXX shared library libnav2_wait_action_bt_node.so[0m
[ 10%] Built target nav2_wait_action_bt_node
[ 10%] [32mBuilding CXX object CMakeFiles/nav2_assisted_teleop_action_bt_node.dir/plugins/action/assisted_teleop_action.cpp.o[0m
[ 11%] [32m[1mLinking CXX shared library libnav2_assisted_teleop_action_bt_node.so[0m
[ 11%] Built target nav2_assisted_teleop_action_bt_node
[ 12%] [32mBuilding CXX object CMakeFiles/nav2_clear_costmap_service_bt_node.dir/plugins/action/clear_costmap_service.cpp.o[0m
[ 12%] [32m[1mLinking CXX shared library libnav2_clear_costmap_service_bt_node.so[0m
[ 12%] Built target nav2_clear_costmap_service_bt_node
[ 12%] [32mBuilding CXX object CMakeFiles/nav2_is_stuck_condition_bt_node.dir/plugins/condition/is_stuck_condition.cpp.o[0m
[ 13%] [32m[1mLinking CXX shared library libnav2_is_stuck_condition_bt_node.so[0m
[ 13%] Built target nav2_is_stuck_condition_bt_node
[ 14%] [32mBuilding CXX object CMakeFiles/nav2_transform_available_condition_bt_node.dir/plugins/condition/transform_available_condition.cpp.o[0m
[ 14%] [32m[1mLinking CXX shared library libnav2_transform_available_condition_bt_node.so[0m
[ 14%] Built target nav2_transform_available_condition_bt_node
[ 14%] [32mBuilding CXX object CMakeFiles/nav2_goal_reached_condition_bt_node.dir/plugins/condition/goal_reached_condition.cpp.o[0m
[ 15%] [32m[1mLinking CXX shared library libnav2_goal_reached_condition_bt_node.so[0m
[ 15%] Built target nav2_goal_reached_condition_bt_node
[ 15%] [32mBuilding CXX object CMakeFiles/nav2_globally_updated_goal_condition_bt_node.dir/plugins/condition/globally_updated_goal_condition.cpp.o[0m
[ 16%] [32m[1mLinking CXX shared library libnav2_globally_updated_goal_condition_bt_node.so[0m
[ 16%] Built target nav2_globally_updated_goal_condition_bt_node
[ 16%] [32mBuilding CXX object CMakeFiles/nav2_goal_updated_condition_bt_node.dir/plugins/condition/goal_updated_condition.cpp.o[0m
[ 17%] [32m[1mLinking CXX shared library libnav2_goal_updated_condition_bt_node.so[0m
[ 17%] Built target nav2_goal_updated_condition_bt_node
[ 17%] [32mBuilding CXX object CMakeFiles/nav2_is_path_valid_condition_bt_node.dir/plugins/condition/is_path_valid_condition.cpp.o[0m
[ 18%] [32m[1mLinking CXX shared library libnav2_is_path_valid_condition_bt_node.so[0m
[ 18%] Built target nav2_is_path_valid_condition_bt_node
[ 19%] [32mBuilding CXX object CMakeFiles/nav2_time_expired_condition_bt_node.dir/plugins/condition/time_expired_condition.cpp.o[0m
[ 19%] [32m[1mLinking CXX shared library libnav2_time_expired_condition_bt_node.so[0m
[ 19%] Built target nav2_time_expired_condition_bt_node
[ 20%] [32mBuilding CXX object CMakeFiles/nav2_path_expiring_timer_condition.dir/plugins/condition/path_expiring_timer_condition.cpp.o[0m
[ 20%] [32m[1mLinking CXX shared library libnav2_path_expiring_timer_condition.so[0m
[ 20%] Built target nav2_path_expiring_timer_condition
[ 20%] [32mBuilding CXX object CMakeFiles/nav2_distance_traveled_condition_bt_node.dir/plugins/condition/distance_traveled_condition.cpp.o[0m
[ 21%] [32m[1mLinking CXX shared library libnav2_distance_traveled_condition_bt_node.so[0m
[ 21%] Built target nav2_distance_traveled_condition_bt_node
[ 22%] [32mBuilding CXX object CMakeFiles/nav2_initial_pose_received_condition_bt_node.dir/plugins/condition/initial_pose_received_condition.cpp.o[0m
[ 22%] [32m[1mLinking CXX shared library libnav2_initial_pose_received_condition_bt_node.so[0m
[ 22%] Built target nav2_initial_pose_received_condition_bt_node
[ 23%] [32mBuilding CXX object CMakeFiles/nav2_is_battery_charging_condition_bt_node.dir/plugins/condition/is_battery_charging_condition.cpp.o[0m
[ 23%] [32m[1mLinking CXX shared library libnav2_is_battery_charging_condition_bt_node.so[0m
[ 23%] Built target nav2_is_battery_charging_condition_bt_node
[ 24%] [32mBuilding CXX object CMakeFiles/nav2_is_battery_low_condition_bt_node.dir/plugins/condition/is_battery_low_condition.cpp.o[0m
[ 24%] [32m[1mLinking CXX shared library libnav2_is_battery_low_condition_bt_node.so[0m
[ 24%] Built target nav2_is_battery_low_condition_bt_node
[ 25%] [32mBuilding CXX object CMakeFiles/nav2_are_error_codes_active_condition_bt_node.dir/plugins/condition/are_error_codes_present_condition.cpp.o[0m
[ 25%] [32m[1mLinking CXX shared library libnav2_are_error_codes_active_condition_bt_node.so[0m
[ 25%] Built target nav2_are_error_codes_active_condition_bt_node
[ 25%] [32mBuilding CXX object CMakeFiles/nav2_would_a_controller_recovery_help_condition_bt_node.dir/plugins/condition/would_a_controller_recovery_help_condition.cpp.o[0m
[ 26%] [32m[1mLinking CXX shared library libnav2_would_a_controller_recovery_help_condition_bt_node.so[0m
[ 26%] Built target nav2_would_a_controller_recovery_help_condition_bt_node
[ 26%] [32mBuilding CXX object CMakeFiles/nav2_would_a_planner_recovery_help_condition_bt_node.dir/plugins/condition/would_a_planner_recovery_help_condition.cpp.o[0m
[ 26%] [32mBuilding CXX object CMakeFiles/nav2_would_a_smoother_recovery_help_condition_bt_node.dir/plugins/condition/would_a_smoother_recovery_help_condition.cpp.o[0m
[ 27%] [32mBuilding CXX object CMakeFiles/nav2_compute_path_through_poses_action_bt_node.dir/plugins/action/compute_path_through_poses_action.cpp.o[0m
[ 28%] [32mBuilding CXX object CMakeFiles/nav2_compute_path_to_pose_action_bt_node.dir/plugins/action/compute_path_to_pose_action.cpp.o[0m
[ 29%] [32m[1mLinking CXX shared library libnav2_would_a_planner_recovery_help_condition_bt_node.so[0m
[ 29%] Built target nav2_would_a_planner_recovery_help_condition_bt_node
[ 29%] [32m[1mLinking CXX shared library libnav2_would_a_smoother_recovery_help_condition_bt_node.so[0m
[ 29%] Built target nav2_would_a_smoother_recovery_help_condition_bt_node
[ 29%] [32m[1mLinking CXX shared library libnav2_compute_path_through_poses_action_bt_node.so[0m
[ 29%] Built target nav2_compute_path_through_poses_action_bt_node
[ 29%] [32m[1mLinking CXX shared library libnav2_compute_path_to_pose_action_bt_node.so[0m
[ 29%] Built target nav2_compute_path_to_pose_action_bt_node
[ 29%] [32mBuilding CXX object CMakeFiles/nav2_distance_controller_bt_node.dir/plugins/decorator/distance_controller.cpp.o[0m
[ 30%] [32m[1mLinking CXX shared library libnav2_distance_controller_bt_node.so[0m
[ 30%] Built target nav2_distance_controller_bt_node
[ 30%] [32mBuilding CXX object CMakeFiles/nav2_speed_controller_bt_node.dir/plugins/decorator/speed_controller.cpp.o[0m
[ 31%] [32m[1mLinking CXX shared library libnav2_speed_controller_bt_node.so[0m
[ 31%] Built target nav2_speed_controller_bt_node
[ 32%] [32mBuilding CXX object CMakeFiles/nav2_truncate_path_action_bt_node.dir/plugins/action/truncate_path_action.cpp.o[0m
[ 32%] [32m[1mLinking CXX shared library libnav2_truncate_path_action_bt_node.so[0m
[ 32%] Built target nav2_truncate_path_action_bt_node
[ 33%] [32mBuilding CXX object CMakeFiles/nav2_truncate_path_local_action_bt_node.dir/plugins/action/truncate_path_local_action.cpp.o[0m
[ 33%] [32m[1mLinking CXX shared library libnav2_truncate_path_local_action_bt_node.so[0m
[ 33%] Built target nav2_truncate_path_local_action_bt_node
[ 34%] [32mBuilding CXX object CMakeFiles/nav2_goal_updater_node_bt_node.dir/plugins/decorator/goal_updater_node.cpp.o[0m
[ 35%] [32mBuilding CXX object CMakeFiles/nav2_path_longer_on_approach_bt_node.dir/plugins/decorator/path_longer_on_approach.cpp.o[0m
[ 35%] [32mBuilding CXX object CMakeFiles/nav2_rate_controller_bt_node.dir/plugins/decorator/rate_controller.cpp.o[0m
[ 35%] [32mBuilding CXX object CMakeFiles/nav2_reinitialize_global_localization_service_bt_node.dir/plugins/action/reinitialize_global_localization_service.cpp.o[0m
[ 35%] [32m[1mLinking CXX shared library libnav2_goal_updater_node_bt_node.so[0m
[ 35%] Built target nav2_goal_updater_node_bt_node
[ 36%] [32m[1mLinking CXX shared library libnav2_rate_controller_bt_node.so[0m
[ 36%] Built target nav2_rate_controller_bt_node
[ 36%] [32m[1mLinking CXX shared library libnav2_path_longer_on_approach_bt_node.so[0m
[ 36%] Built target nav2_path_longer_on_approach_bt_node
[ 36%] [32m[1mLinking CXX shared library libnav2_reinitialize_global_localization_service_bt_node.so[0m
[ 36%] Built target nav2_reinitialize_global_localization_service_bt_node
[ 36%] [32mBuilding CXX object CMakeFiles/nav2_navigate_through_poses_action_bt_node.dir/plugins/action/navigate_through_poses_action.cpp.o[0m
[ 37%] [32m[1mLinking CXX shared library libnav2_navigate_through_poses_action_bt_node.so[0m
[ 37%] Built target nav2_navigate_through_poses_action_bt_node
[ 38%] [32mBuilding CXX object CMakeFiles/nav2_remove_passed_goals_action_bt_node.dir/plugins/action/remove_passed_goals_action.cpp.o[0m
[ 38%] [32m[1mLinking CXX shared library libnav2_remove_passed_goals_action_bt_node.so[0m
[ 38%] Built target nav2_remove_passed_goals_action_bt_node
[ 39%] [32mBuilding CXX object CMakeFiles/nav2_get_pose_from_path_action_bt_node.dir/plugins/action/get_pose_from_path_action.cpp.o[0m
[ 39%] [32m[1mLinking CXX shared library libnav2_get_pose_from_path_action_bt_node.so[0m
[ 39%] Built target nav2_get_pose_from_path_action_bt_node
[ 40%] [32mBuilding CXX object CMakeFiles/nav2_pipeline_sequence_bt_node.dir/plugins/control/pipeline_sequence.cpp.o[0m
[ 40%] [32m[1mLinking CXX shared library libnav2_pipeline_sequence_bt_node.so[0m
[ 40%] Built target nav2_pipeline_sequence_bt_node
[ 41%] [32mBuilding CXX object CMakeFiles/nav2_round_robin_node_bt_node.dir/plugins/control/round_robin_node.cpp.o[0m
[ 41%] [32m[1mLinking CXX shared library libnav2_round_robin_node_bt_node.so[0m
[ 41%] Built target nav2_round_robin_node_bt_node
[ 42%] [32mBuilding CXX object CMakeFiles/nav2_single_trigger_bt_node.dir/plugins/decorator/single_trigger_node.cpp.o[0m
[ 42%] [32m[1mLinking CXX shared library libnav2_single_trigger_bt_node.so[0m
[ 42%] Built target nav2_single_trigger_bt_node
[ 43%] [32mBuilding CXX object CMakeFiles/nav2_planner_selector_bt_node.dir/plugins/action/planner_selector_node.cpp.o[0m
[ 43%] [32mBuilding CXX object CMakeFiles/nav2_controller_selector_bt_node.dir/plugins/action/controller_selector_node.cpp.o[0m
[ 43%] [32mBuilding CXX object CMakeFiles/nav2_navigate_to_pose_action_bt_node.dir/plugins/action/navigate_to_pose_action.cpp.o[0m
[ 43%] [32mBuilding CXX object CMakeFiles/nav2_recovery_node_bt_node.dir/plugins/control/recovery_node.cpp.o[0m
[ 44%] [32m[1mLinking CXX shared library libnav2_recovery_node_bt_node.so[0m
[ 44%] Built target nav2_recovery_node_bt_node
[ 44%] [32m[1mLinking CXX shared library libnav2_navigate_to_pose_action_bt_node.so[0m
[ 44%] [32m[1mLinking CXX shared library libnav2_planner_selector_bt_node.so[0m
[ 44%] Built target nav2_navigate_to_pose_action_bt_node
[ 44%] Built target nav2_planner_selector_bt_node
[ 45%] [32m[1mLinking CXX shared library libnav2_controller_selector_bt_node.so[0m
[ 45%] Built target nav2_controller_selector_bt_node
[ 45%] [32mBuilding CXX object CMakeFiles/nav2_progress_checker_selector_bt_node.dir/plugins/action/progress_checker_selector_node.cpp.o[0m
[ 46%] [32m[1mLinking CXX shared library libnav2_progress_checker_selector_bt_node.so[0m
[ 46%] Built target nav2_progress_checker_selector_bt_node
[ 46%] [32mBuilding CXX object CMakeFiles/nav2_goal_updated_controller_bt_node.dir/plugins/decorator/goal_updated_controller.cpp.o[0m
[ 46%] [32m[1mLinking CXX shared library libnav2_goal_updated_controller_bt_node.so[0m
[ 46%] Built target nav2_goal_updated_controller_bt_node
[ 46%] [32mBuilding CXX object CMakeFiles/generate_nav2_tree_nodes_xml.dir/src/generate_nav2_tree_nodes_xml.cpp.o[0m
[ 46%] [32m[1mLinking CXX executable generate_nav2_tree_nodes_xml[0m
[ 46%] Built target generate_nav2_tree_nodes_xml
[ 47%] [32mBuilding CXX object gtest/CMakeFiles/gtest_main.dir/src/gtest_main.cc.o[0m
[ 47%] [32m[1mLinking CXX static library libgtest_main.a[0m
[ 47%] Built target gtest_main
[ 48%] [32mBuilding CXX object gtest/CMakeFiles/gtest.dir/src/gtest-all.cc.o[0m
[ 48%] [32m[1mLinking CXX static library libgtest.a[0m
[ 48%] Built target gtest
[ 48%] [32mBuilding CXX object CMakeFiles/nav2_goal_checker_selector_bt_node.dir/plugins/action/goal_checker_selector_node.cpp.o[0m
[ 48%] [32mBuilding CXX object test/plugins/condition/CMakeFiles/test_condition_distance_traveled.dir/test_distance_traveled.cpp.o[0m
[ 48%] [32mBuilding CXX object test/CMakeFiles/test_bt_utils.dir/test_bt_utils.cpp.o[0m
[ 48%] [32mBuilding CXX object CMakeFiles/nav2_smoother_selector_bt_node.dir/plugins/action/smoother_selector_node.cpp.o[0m
