[0.063s] Invoking command in '/home/brilliant/ros2_ws/build/nav2_behavior_tree': AMENT_PREFIX_PATH=/home/brilliant/ros2_ws/install/nav2_util:/home/brilliant/ros2_ws/install/nav2_msgs:/home/brilliant/ros2_ws/install/nav2_common:${AMENT_PREFIX_PATH} CMAKE_PREFIX_PATH=/home/brilliant/ros2_ws/install/nav2_util:/home/brilliant/ros2_ws/install/nav2_msgs:/home/brilliant/ros2_ws/install/nav2_common:/home/brilliant/ros2_ws/install/sllidar_ros2:/home/brilliant/ros2_ws/install/serial:/home/brilliant/ros2_ws/install/minibot:/home/brilliant/ros2_ws/install/diffdrive_arduino:/opt/ros/jazzy/opt/gz_sim_vendor:/opt/ros/jazzy/opt/gz_sensors_vendor:/opt/ros/jazzy/opt/gz_physics_vendor:/opt/ros/jazzy/opt/sdformat_vendor:/opt/ros/jazzy/opt/gz_gui_vendor:/opt/ros/jazzy/opt/gz_transport_vendor:/opt/ros/jazzy/opt/gz_rendering_vendor:/opt/ros/jazzy/opt/gz_plugin_vendor:/opt/ros/jazzy/opt/gz_fuel_tools_vendor:/opt/ros/jazzy/opt/gz_msgs_vendor:/opt/ros/jazzy/opt/gz_common_vendor:/opt/ros/jazzy/opt/gz_math_vendor:/opt/ros/jazzy/opt/gz_utils_vendor:/opt/ros/jazzy/opt/gz_tools_vendor:/opt/ros/jazzy/opt/gz_ogre_next_vendor:/opt/ros/jazzy/opt/gz_dartsim_vendor:/opt/ros/jazzy/opt/gz_cmake_vendor:/home/brilliant/ros2_ws/install/twist_stamper:/opt/ros/jazzy DEBUGINFOD_URLS=https://debuginfod.ubuntu.com LD_LIBRARY_PATH=/home/brilliant/ros2_ws/install/nav2_util/lib:/home/brilliant/ros2_ws/install/nav2_msgs/lib:${LD_LIBRARY_PATH} PYTHONPATH=/home/brilliant/ros2_ws/install/nav2_msgs/lib/python3.12/site-packages:/home/brilliant/ros2_ws/install/nav2_common/lib/python3.12/site-packages:${PYTHONPATH} /usr/bin/cmake /home/brilliant/ros2_ws/src/navigation2/nav2_behavior_tree -DAMENT_CMAKE_SYMLINK_INSTALL=1 -DCMAKE_INSTALL_PREFIX=/home/brilliant/ros2_ws/install/nav2_behavior_tree
[0.327s] -- The CXX compiler identification is GNU 13.3.0
[0.431s] -- Detecting CXX compiler ABI info
[0.831s] -- Detecting CXX compiler ABI info - done
[0.884s] -- Check for working CXX compiler: /usr/bin/c++ - skipped
[0.891s] -- Detecting CXX compile features
[0.891s] -- Detecting CXX compile features - done
[0.940s] -- Found ament_cmake: 2.5.4 (/opt/ros/jazzy/share/ament_cmake/cmake)
[1.868s] -- Found Python3: /usr/bin/python3 (found version "3.12.3") found components: Interpreter 
[2.225s] -- Override CMake install command with custom implementation using symlinks instead of copying resources
[2.590s] -- Found nav2_common: 1.3.7 (/home/brilliant/ros2_ws/install/nav2_common/share/nav2_common/cmake)
[2.623s] -- Found rclcpp: 28.1.10 (/opt/ros/jazzy/share/rclcpp/cmake)
[3.034s] -- Found rosidl_generator_c: 4.6.5 (/opt/ros/jazzy/share/rosidl_generator_c/cmake)
[3.176s] -- Found rosidl_generator_cpp: 4.6.5 (/opt/ros/jazzy/share/rosidl_generator_cpp/cmake)
[3.322s] -- Using all available rosidl_typesupport_c: rosidl_typesupport_fastrtps_c;rosidl_typesupport_introspection_c
[3.475s] -- Using all available rosidl_typesupport_cpp: rosidl_typesupport_fastrtps_cpp;rosidl_typesupport_introspection_cpp
[4.012s] -- Found rmw_implementation_cmake: 7.3.2 (/opt/ros/jazzy/share/rmw_implementation_cmake/cmake)
[4.044s] -- Found rmw_fastrtps_cpp: 8.4.2 (/opt/ros/jazzy/share/rmw_fastrtps_cpp/cmake)
[4.543s] -- Found OpenSSL: /usr/lib/x86_64-linux-gnu/libcrypto.so (found version "3.0.13")  
[4.621s] -- Found FastRTPS: /opt/ros/jazzy/include (Required is at least version "2.13") 
[4.699s] -- Using RMW implementation 'rmw_fastrtps_cpp' as default
[5.123s] -- Found rclcpp_action: 28.1.10 (/opt/ros/jazzy/share/rclcpp_action/cmake)
[5.295s] -- Found rclcpp_lifecycle: 28.1.10 (/opt/ros/jazzy/share/rclcpp_lifecycle/cmake)
[5.402s] -- Found geometry_msgs: 5.3.6 (/opt/ros/jazzy/share/geometry_msgs/cmake)
[5.558s] -- Found sensor_msgs: 5.3.6 (/opt/ros/jazzy/share/sensor_msgs/cmake)
[5.714s] -- Found nav2_msgs: 1.3.7 (/home/brilliant/ros2_ws/install/nav2_msgs/share/nav2_msgs/cmake)
[6.197s] -- Found behaviortree_cpp: 4.7.1 (/opt/ros/jazzy/share/behaviortree_cpp/cmake)
[6.237s] -- Found tf2_ros: 0.36.12 (/opt/ros/jazzy/share/tf2_ros/cmake)
[6.637s] -- Found tf2_geometry_msgs: 0.36.12 (/opt/ros/jazzy/share/tf2_geometry_msgs/cmake)
[6.706s] -- Found eigen3_cmake_module: 0.3.0 (/opt/ros/jazzy/share/eigen3_cmake_module/cmake)
[6.711s] -- Found Eigen3: TRUE (found version "3.4.0") 
[6.713s] -- Ensuring Eigen3 include directory is part of orocos-kdl CMake target
[6.730s] -- Found std_srvs: 5.3.6 (/opt/ros/jazzy/share/std_srvs/cmake)
[6.780s] -- Found nav2_util: 1.3.7 (/home/brilliant/ros2_ws/install/nav2_util/share/nav2_util/cmake)
[6.953s] -- Setting build type to Release as none was specified.
[8.278s] -- Found ament_lint_auto: 0.17.2 (/opt/ros/jazzy/share/ament_lint_auto/cmake)
[9.279s] -- Found gtest sources under '/opt/ros/jazzy/src/gtest_vendor': C++ tests using 'Google Test' will be built
[9.439s] -- The C compiler identification is GNU 13.3.0
[9.505s] -- Detecting C compiler ABI info
[10.016s] -- Detecting C compiler ABI info - done
[10.061s] -- Check for working C compiler: /usr/bin/cc - skipped
[10.067s] -- Detecting C compile features
[10.070s] -- Detecting C compile features - done
[10.086s] -- Performing Test CMAKE_HAVE_LIBC_PTHREAD
[10.556s] -- Performing Test CMAKE_HAVE_LIBC_PTHREAD - Success
[10.561s] -- Found Threads: TRUE  
[12.526s] -- Added test 'copyright' to check source files copyright and LICENSE
[12.584s] -- Added test 'cppcheck' to perform static code analysis on C / C++ code
[12.650s] -- Configured cppcheck include dirs: /home/brilliant/ros2_ws/src/navigation2/nav2_behavior_tree/include
[12.650s] -- Configured cppcheck exclude dirs and/or files: 
[12.714s] -- Added test 'cpplint' to check C / C++ code against the Google style
[12.715s] -- Configured cpplint exclude dirs and/or files: 
[12.732s] -- Added test 'lint_cmake' to check CMake code style
[12.773s] -- Added test 'uncrustify' to check C / C++ code style
[12.773s] -- Configured uncrustify additional arguments: 
[12.782s] -- Added test 'xmllint' to check XML markup files
[12.807s] -- Configuring done (12.7s)
[18.048s] -- Generating done (4.4s)
[19.357s] -- Build files have been written to: /home/brilliant/ros2_ws/build/nav2_behavior_tree
[19.486s] Invoked command in '/home/brilliant/ros2_ws/build/nav2_behavior_tree' returned '0': AMENT_PREFIX_PATH=/home/brilliant/ros2_ws/install/nav2_util:/home/brilliant/ros2_ws/install/nav2_msgs:/home/brilliant/ros2_ws/install/nav2_common:${AMENT_PREFIX_PATH} CMAKE_PREFIX_PATH=/home/brilliant/ros2_ws/install/nav2_util:/home/brilliant/ros2_ws/install/nav2_msgs:/home/brilliant/ros2_ws/install/nav2_common:/home/brilliant/ros2_ws/install/sllidar_ros2:/home/brilliant/ros2_ws/install/serial:/home/brilliant/ros2_ws/install/minibot:/home/brilliant/ros2_ws/install/diffdrive_arduino:/opt/ros/jazzy/opt/gz_sim_vendor:/opt/ros/jazzy/opt/gz_sensors_vendor:/opt/ros/jazzy/opt/gz_physics_vendor:/opt/ros/jazzy/opt/sdformat_vendor:/opt/ros/jazzy/opt/gz_gui_vendor:/opt/ros/jazzy/opt/gz_transport_vendor:/opt/ros/jazzy/opt/gz_rendering_vendor:/opt/ros/jazzy/opt/gz_plugin_vendor:/opt/ros/jazzy/opt/gz_fuel_tools_vendor:/opt/ros/jazzy/opt/gz_msgs_vendor:/opt/ros/jazzy/opt/gz_common_vendor:/opt/ros/jazzy/opt/gz_math_vendor:/opt/ros/jazzy/opt/gz_utils_vendor:/opt/ros/jazzy/opt/gz_tools_vendor:/opt/ros/jazzy/opt/gz_ogre_next_vendor:/opt/ros/jazzy/opt/gz_dartsim_vendor:/opt/ros/jazzy/opt/gz_cmake_vendor:/home/brilliant/ros2_ws/install/twist_stamper:/opt/ros/jazzy DEBUGINFOD_URLS=https://debuginfod.ubuntu.com LD_LIBRARY_PATH=/home/brilliant/ros2_ws/install/nav2_util/lib:/home/brilliant/ros2_ws/install/nav2_msgs/lib:${LD_LIBRARY_PATH} PYTHONPATH=/home/brilliant/ros2_ws/install/nav2_msgs/lib/python3.12/site-packages:/home/brilliant/ros2_ws/install/nav2_common/lib/python3.12/site-packages:${PYTHONPATH} /usr/bin/cmake /home/brilliant/ros2_ws/src/navigation2/nav2_behavior_tree -DAMENT_CMAKE_SYMLINK_INSTALL=1 -DCMAKE_INSTALL_PREFIX=/home/brilliant/ros2_ws/install/nav2_behavior_tree
[19.487s] Invoking command in '/home/brilliant/ros2_ws/build/nav2_behavior_tree': AMENT_PREFIX_PATH=/home/brilliant/ros2_ws/install/nav2_util:/home/brilliant/ros2_ws/install/nav2_msgs:/home/brilliant/ros2_ws/install/nav2_common:${AMENT_PREFIX_PATH} CMAKE_PREFIX_PATH=/home/brilliant/ros2_ws/install/nav2_util:/home/brilliant/ros2_ws/install/nav2_msgs:/home/brilliant/ros2_ws/install/nav2_common:/home/brilliant/ros2_ws/install/sllidar_ros2:/home/brilliant/ros2_ws/install/serial:/home/brilliant/ros2_ws/install/minibot:/home/brilliant/ros2_ws/install/diffdrive_arduino:/opt/ros/jazzy/opt/gz_sim_vendor:/opt/ros/jazzy/opt/gz_sensors_vendor:/opt/ros/jazzy/opt/gz_physics_vendor:/opt/ros/jazzy/opt/sdformat_vendor:/opt/ros/jazzy/opt/gz_gui_vendor:/opt/ros/jazzy/opt/gz_transport_vendor:/opt/ros/jazzy/opt/gz_rendering_vendor:/opt/ros/jazzy/opt/gz_plugin_vendor:/opt/ros/jazzy/opt/gz_fuel_tools_vendor:/opt/ros/jazzy/opt/gz_msgs_vendor:/opt/ros/jazzy/opt/gz_common_vendor:/opt/ros/jazzy/opt/gz_math_vendor:/opt/ros/jazzy/opt/gz_utils_vendor:/opt/ros/jazzy/opt/gz_tools_vendor:/opt/ros/jazzy/opt/gz_ogre_next_vendor:/opt/ros/jazzy/opt/gz_dartsim_vendor:/opt/ros/jazzy/opt/gz_cmake_vendor:/home/brilliant/ros2_ws/install/twist_stamper:/opt/ros/jazzy DEBUGINFOD_URLS=https://debuginfod.ubuntu.com LD_LIBRARY_PATH=/home/brilliant/ros2_ws/install/nav2_util/lib:/home/brilliant/ros2_ws/install/nav2_msgs/lib:${LD_LIBRARY_PATH} PYTHONPATH=/home/brilliant/ros2_ws/install/nav2_msgs/lib/python3.12/site-packages:/home/brilliant/ros2_ws/install/nav2_common/lib/python3.12/site-packages:${PYTHONPATH} /usr/bin/cmake --build /home/brilliant/ros2_ws/build/nav2_behavior_tree -- -j4 -l4
[19.731s] [  0%] [32mBuilding CXX object CMakeFiles/nav2_behavior_tree.dir/src/behavior_tree_engine.cpp.o[0m
[38.634s] [  0%] [32m[1mLinking CXX shared library libnav2_behavior_tree.so[0m
[39.521s] [  0%] Built target nav2_behavior_tree
[39.653s] [  0%] [32mBuilding CXX object CMakeFiles/nav2_controller_cancel_bt_node.dir/plugins/action/controller_cancel_node.cpp.o[0m
[64.578s] [  1%] [32m[1mLinking CXX shared library libnav2_controller_cancel_bt_node.so[0m
[65.435s] [  1%] Built target nav2_controller_cancel_bt_node
[65.573s] [  1%] [32mBuilding CXX object CMakeFiles/nav2_wait_cancel_bt_node.dir/plugins/action/wait_cancel_node.cpp.o[0m
[91.019s] [  2%] [32m[1mLinking CXX shared library libnav2_wait_cancel_bt_node.so[0m
[91.808s] [  2%] Built target nav2_wait_cancel_bt_node
[91.919s] [  2%] [32mBuilding CXX object CMakeFiles/nav2_spin_cancel_bt_node.dir/plugins/action/spin_cancel_node.cpp.o[0m
[117.762s] [  2%] [32m[1mLinking CXX shared library libnav2_spin_cancel_bt_node.so[0m
[118.749s] [  2%] Built target nav2_spin_cancel_bt_node
[118.890s] [  2%] [32mBuilding CXX object CMakeFiles/nav2_back_up_cancel_bt_node.dir/plugins/action/back_up_cancel_node.cpp.o[0m
[143.406s] [  3%] [32m[1mLinking CXX shared library libnav2_back_up_cancel_bt_node.so[0m
[144.058s] [  3%] Built target nav2_back_up_cancel_bt_node
[144.193s] [  3%] [32mBuilding CXX object CMakeFiles/nav2_assisted_teleop_cancel_bt_node.dir/plugins/action/assisted_teleop_cancel_node.cpp.o[0m
[167.965s] [  4%] [32m[1mLinking CXX shared library libnav2_assisted_teleop_cancel_bt_node.so[0m
[168.744s] [  4%] Built target nav2_assisted_teleop_cancel_bt_node
[168.908s] [  5%] [32mBuilding CXX object CMakeFiles/nav2_drive_on_heading_cancel_bt_node.dir/plugins/action/drive_on_heading_cancel_node.cpp.o[0m
[203.938s] [  5%] [32m[1mLinking CXX shared library libnav2_drive_on_heading_cancel_bt_node.so[0m
[204.687s] [  5%] Built target nav2_drive_on_heading_cancel_bt_node
[204.763s] [  6%] [32mBuilding CXX object CMakeFiles/nav2_smooth_path_action_bt_node.dir/plugins/action/smooth_path_action.cpp.o[0m
[233.939s] [  6%] [32m[1mLinking CXX shared library libnav2_smooth_path_action_bt_node.so[0m
[234.680s] [  6%] Built target nav2_smooth_path_action_bt_node
[234.748s] [  7%] [32mBuilding CXX object CMakeFiles/nav2_follow_path_action_bt_node.dir/plugins/action/follow_path_action.cpp.o[0m
[261.526s] [  7%] [32m[1mLinking CXX shared library libnav2_follow_path_action_bt_node.so[0m
[262.870s] [  7%] Built target nav2_follow_path_action_bt_node
[262.950s] [  7%] [32mBuilding CXX object CMakeFiles/nav2_back_up_action_bt_node.dir/plugins/action/back_up_action.cpp.o[0m
[290.180s] [  8%] [32m[1mLinking CXX shared library libnav2_back_up_action_bt_node.so[0m
[290.881s] [  8%] Built target nav2_back_up_action_bt_node
[290.971s] [  8%] [32mBuilding CXX object CMakeFiles/nav2_drive_on_heading_bt_node.dir/plugins/action/drive_on_heading_action.cpp.o[0m
[318.619s] [  8%] [32m[1mLinking CXX shared library libnav2_drive_on_heading_bt_node.so[0m
[319.237s] [  8%] Built target nav2_drive_on_heading_bt_node
[319.304s] [  8%] [32mBuilding CXX object CMakeFiles/nav2_spin_action_bt_node.dir/plugins/action/spin_action.cpp.o[0m
[347.454s] [  9%] [32m[1mLinking CXX shared library libnav2_spin_action_bt_node.so[0m
[348.175s] [  9%] Built target nav2_spin_action_bt_node
[348.250s] [  9%] [32mBuilding CXX object CMakeFiles/nav2_wait_action_bt_node.dir/plugins/action/wait_action.cpp.o[0m
[371.456s] [ 10%] [32m[1mLinking CXX shared library libnav2_wait_action_bt_node.so[0m
[372.438s] [ 10%] Built target nav2_wait_action_bt_node
[372.510s] [ 10%] [32mBuilding CXX object CMakeFiles/nav2_assisted_teleop_action_bt_node.dir/plugins/action/assisted_teleop_action.cpp.o[0m
[397.464s] [ 11%] [32m[1mLinking CXX shared library libnav2_assisted_teleop_action_bt_node.so[0m
[398.089s] [ 11%] Built target nav2_assisted_teleop_action_bt_node
[398.160s] [ 12%] [32mBuilding CXX object CMakeFiles/nav2_clear_costmap_service_bt_node.dir/plugins/action/clear_costmap_service.cpp.o[0m
[422.951s] [ 12%] [32m[1mLinking CXX shared library libnav2_clear_costmap_service_bt_node.so[0m
[423.554s] [ 12%] Built target nav2_clear_costmap_service_bt_node
[423.608s] [ 12%] [32mBuilding CXX object CMakeFiles/nav2_is_stuck_condition_bt_node.dir/plugins/condition/is_stuck_condition.cpp.o[0m
[452.884s] [ 13%] [32m[1mLinking CXX shared library libnav2_is_stuck_condition_bt_node.so[0m
[453.415s] [ 13%] Built target nav2_is_stuck_condition_bt_node
[453.476s] [ 14%] [32mBuilding CXX object CMakeFiles/nav2_transform_available_condition_bt_node.dir/plugins/condition/transform_available_condition.cpp.o[0m
[469.106s] [ 14%] [32m[1mLinking CXX shared library libnav2_transform_available_condition_bt_node.so[0m
[469.606s] [ 14%] Built target nav2_transform_available_condition_bt_node
[469.658s] [ 14%] [32mBuilding CXX object CMakeFiles/nav2_goal_reached_condition_bt_node.dir/plugins/condition/goal_reached_condition.cpp.o[0m
[486.304s] [ 15%] [32m[1mLinking CXX shared library libnav2_goal_reached_condition_bt_node.so[0m
[486.885s] [ 15%] Built target nav2_goal_reached_condition_bt_node
[486.941s] [ 15%] [32mBuilding CXX object CMakeFiles/nav2_globally_updated_goal_condition_bt_node.dir/plugins/condition/globally_updated_goal_condition.cpp.o[0m
[503.474s] [ 16%] [32m[1mLinking CXX shared library libnav2_globally_updated_goal_condition_bt_node.so[0m
[503.973s] [ 16%] Built target nav2_globally_updated_goal_condition_bt_node
[504.022s] [ 16%] [32mBuilding CXX object CMakeFiles/nav2_goal_updated_condition_bt_node.dir/plugins/condition/goal_updated_condition.cpp.o[0m
[517.411s] [ 17%] [32m[1mLinking CXX shared library libnav2_goal_updated_condition_bt_node.so[0m
[517.958s] [ 17%] Built target nav2_goal_updated_condition_bt_node
[518.009s] [ 17%] [32mBuilding CXX object CMakeFiles/nav2_is_path_valid_condition_bt_node.dir/plugins/condition/is_path_valid_condition.cpp.o[0m
[534.745s] [ 18%] [32m[1mLinking CXX shared library libnav2_is_path_valid_condition_bt_node.so[0m
[535.372s] [ 18%] Built target nav2_is_path_valid_condition_bt_node
[535.436s] [ 19%] [32mBuilding CXX object CMakeFiles/nav2_time_expired_condition_bt_node.dir/plugins/condition/time_expired_condition.cpp.o[0m
[550.546s] [ 19%] [32m[1mLinking CXX shared library libnav2_time_expired_condition_bt_node.so[0m
[551.072s] [ 19%] Built target nav2_time_expired_condition_bt_node
[551.142s] [ 20%] [32mBuilding CXX object CMakeFiles/nav2_path_expiring_timer_condition.dir/plugins/condition/path_expiring_timer_condition.cpp.o[0m
[567.701s] [ 20%] [32m[1mLinking CXX shared library libnav2_path_expiring_timer_condition.so[0m
[568.085s] [ 20%] Built target nav2_path_expiring_timer_condition
[568.154s] [ 20%] [32mBuilding CXX object CMakeFiles/nav2_distance_traveled_condition_bt_node.dir/plugins/condition/distance_traveled_condition.cpp.o[0m
[585.889s] [ 21%] [32m[1mLinking CXX shared library libnav2_distance_traveled_condition_bt_node.so[0m
[586.493s] [ 21%] Built target nav2_distance_traveled_condition_bt_node
[586.562s] [ 22%] [32mBuilding CXX object CMakeFiles/nav2_initial_pose_received_condition_bt_node.dir/plugins/condition/initial_pose_received_condition.cpp.o[0m
[597.121s] [ 22%] [32m[1mLinking CXX shared library libnav2_initial_pose_received_condition_bt_node.so[0m
[597.550s] [ 22%] Built target nav2_initial_pose_received_condition_bt_node
[597.638s] [ 23%] [32mBuilding CXX object CMakeFiles/nav2_is_battery_charging_condition_bt_node.dir/plugins/condition/is_battery_charging_condition.cpp.o[0m
[625.180s] [ 23%] [32m[1mLinking CXX shared library libnav2_is_battery_charging_condition_bt_node.so[0m
[625.594s] [ 23%] Built target nav2_is_battery_charging_condition_bt_node
[625.644s] [ 24%] [32mBuilding CXX object CMakeFiles/nav2_is_battery_low_condition_bt_node.dir/plugins/condition/is_battery_low_condition.cpp.o[0m
[647.735s] [ 24%] [32m[1mLinking CXX shared library libnav2_is_battery_low_condition_bt_node.so[0m
[648.197s] [ 24%] Built target nav2_is_battery_low_condition_bt_node
[648.262s] [ 25%] [32mBuilding CXX object CMakeFiles/nav2_are_error_codes_active_condition_bt_node.dir/plugins/condition/are_error_codes_present_condition.cpp.o[0m
[659.311s] [ 25%] [32m[1mLinking CXX shared library libnav2_are_error_codes_active_condition_bt_node.so[0m
[659.595s] [ 25%] Built target nav2_are_error_codes_active_condition_bt_node
[659.648s] [ 25%] [32mBuilding CXX object CMakeFiles/nav2_would_a_controller_recovery_help_condition_bt_node.dir/plugins/condition/would_a_controller_recovery_help_condition.cpp.o[0m
[671.131s] [ 26%] [32m[1mLinking CXX shared library libnav2_would_a_controller_recovery_help_condition_bt_node.so[0m
[671.436s] [ 26%] Built target nav2_would_a_controller_recovery_help_condition_bt_node
[671.487s] [ 26%] [32mBuilding CXX object CMakeFiles/nav2_would_a_planner_recovery_help_condition_bt_node.dir/plugins/condition/would_a_planner_recovery_help_condition.cpp.o[0m
[675.546s] [ 26%] [32mBuilding CXX object CMakeFiles/nav2_would_a_smoother_recovery_help_condition_bt_node.dir/plugins/condition/would_a_smoother_recovery_help_condition.cpp.o[0m
[676.649s] [ 27%] [32mBuilding CXX object CMakeFiles/nav2_compute_path_through_poses_action_bt_node.dir/plugins/action/compute_path_through_poses_action.cpp.o[0m
[677.762s] [ 28%] [32mBuilding CXX object CMakeFiles/nav2_compute_path_to_pose_action_bt_node.dir/plugins/action/compute_path_to_pose_action.cpp.o[0m
[703.402s] [ 29%] [32m[1mLinking CXX shared library libnav2_would_a_planner_recovery_help_condition_bt_node.so[0m
[704.662s] [ 29%] Built target nav2_would_a_planner_recovery_help_condition_bt_node
[711.679s] [ 29%] [32m[1mLinking CXX shared library libnav2_would_a_smoother_recovery_help_condition_bt_node.so[0m
[712.717s] [ 29%] Built target nav2_would_a_smoother_recovery_help_condition_bt_node
[721.441s] [ 29%] [32m[1mLinking CXX shared library libnav2_compute_path_through_poses_action_bt_node.so[0m
[722.340s] [ 29%] Built target nav2_compute_path_through_poses_action_bt_node
[722.445s] [ 29%] [32m[1mLinking CXX shared library libnav2_compute_path_to_pose_action_bt_node.so[0m
[723.243s] [ 29%] Built target nav2_compute_path_to_pose_action_bt_node
[723.349s] [ 29%] [32mBuilding CXX object CMakeFiles/nav2_distance_controller_bt_node.dir/plugins/decorator/distance_controller.cpp.o[0m
[740.426s] [ 30%] [32m[1mLinking CXX shared library libnav2_distance_controller_bt_node.so[0m
[740.907s] [ 30%] Built target nav2_distance_controller_bt_node
[740.969s] [ 30%] [32mBuilding CXX object CMakeFiles/nav2_speed_controller_bt_node.dir/plugins/decorator/speed_controller.cpp.o[0m
[757.115s] [ 31%] [32m[1mLinking CXX shared library libnav2_speed_controller_bt_node.so[0m
[757.591s] [ 31%] Built target nav2_speed_controller_bt_node
[757.650s] [ 32%] [32mBuilding CXX object CMakeFiles/nav2_truncate_path_action_bt_node.dir/plugins/action/truncate_path_action.cpp.o[0m
[771.718s] [ 32%] [32m[1mLinking CXX shared library libnav2_truncate_path_action_bt_node.so[0m
[772.076s] [ 32%] Built target nav2_truncate_path_action_bt_node
[772.134s] [ 33%] [32mBuilding CXX object CMakeFiles/nav2_truncate_path_local_action_bt_node.dir/plugins/action/truncate_path_local_action.cpp.o[0m
[784.880s] [ 33%] [32m[1mLinking CXX shared library libnav2_truncate_path_local_action_bt_node.so[0m
[785.247s] [ 33%] Built target nav2_truncate_path_local_action_bt_node
[785.301s] [ 34%] [32mBuilding CXX object CMakeFiles/nav2_goal_updater_node_bt_node.dir/plugins/decorator/goal_updater_node.cpp.o[0m
[805.443s] [ 35%] [32mBuilding CXX object CMakeFiles/nav2_path_longer_on_approach_bt_node.dir/plugins/decorator/path_longer_on_approach.cpp.o[0m
[806.511s] [ 35%] [32mBuilding CXX object CMakeFiles/nav2_rate_controller_bt_node.dir/plugins/decorator/rate_controller.cpp.o[0m
[806.604s] [ 35%] [32mBuilding CXX object CMakeFiles/nav2_reinitialize_global_localization_service_bt_node.dir/plugins/action/reinitialize_global_localization_service.cpp.o[0m
[808.440s] [ 35%] [32m[1mLinking CXX shared library libnav2_goal_updater_node_bt_node.so[0m
[810.243s] [ 35%] Built target nav2_goal_updater_node_bt_node
[828.506s] [ 36%] [32m[1mLinking CXX shared library libnav2_rate_controller_bt_node.so[0m
[829.148s] [ 36%] Built target nav2_rate_controller_bt_node
[834.620s] [ 36%] [32m[1mLinking CXX shared library libnav2_path_longer_on_approach_bt_node.so[0m
[835.100s] [ 36%] Built target nav2_path_longer_on_approach_bt_node
[836.831s] [ 36%] [32m[1mLinking CXX shared library libnav2_reinitialize_global_localization_service_bt_node.so[0m
[837.242s] [ 36%] Built target nav2_reinitialize_global_localization_service_bt_node
[837.315s] [ 36%] [32mBuilding CXX object CMakeFiles/nav2_navigate_through_poses_action_bt_node.dir/plugins/action/navigate_through_poses_action.cpp.o[0m
[856.238s] [ 37%] [32m[1mLinking CXX shared library libnav2_navigate_through_poses_action_bt_node.so[0m
[856.855s] [ 37%] Built target nav2_navigate_through_poses_action_bt_node
[856.938s] [ 38%] [32mBuilding CXX object CMakeFiles/nav2_remove_passed_goals_action_bt_node.dir/plugins/action/remove_passed_goals_action.cpp.o[0m
[868.781s] [ 38%] [32m[1mLinking CXX shared library libnav2_remove_passed_goals_action_bt_node.so[0m
[869.152s] [ 38%] Built target nav2_remove_passed_goals_action_bt_node
[869.208s] [ 39%] [32mBuilding CXX object CMakeFiles/nav2_get_pose_from_path_action_bt_node.dir/plugins/action/get_pose_from_path_action.cpp.o[0m
[880.706s] [ 39%] [32m[1mLinking CXX shared library libnav2_get_pose_from_path_action_bt_node.so[0m
[881.032s] [ 39%] Built target nav2_get_pose_from_path_action_bt_node
[881.083s] [ 40%] [32mBuilding CXX object CMakeFiles/nav2_pipeline_sequence_bt_node.dir/plugins/control/pipeline_sequence.cpp.o[0m
[886.016s] [ 40%] [32m[1mLinking CXX shared library libnav2_pipeline_sequence_bt_node.so[0m
[886.293s] [ 40%] Built target nav2_pipeline_sequence_bt_node
[886.359s] [ 41%] [32mBuilding CXX object CMakeFiles/nav2_round_robin_node_bt_node.dir/plugins/control/round_robin_node.cpp.o[0m
[891.322s] [ 41%] [32m[1mLinking CXX shared library libnav2_round_robin_node_bt_node.so[0m
[891.575s] [ 41%] Built target nav2_round_robin_node_bt_node
[891.622s] [ 42%] [32mBuilding CXX object CMakeFiles/nav2_single_trigger_bt_node.dir/plugins/decorator/single_trigger_node.cpp.o[0m
[896.561s] [ 42%] [32m[1mLinking CXX shared library libnav2_single_trigger_bt_node.so[0m
[896.839s] [ 42%] Built target nav2_single_trigger_bt_node
[896.905s] [ 43%] [32mBuilding CXX object CMakeFiles/nav2_planner_selector_bt_node.dir/plugins/action/planner_selector_node.cpp.o[0m
[904.947s] [ 43%] [32mBuilding CXX object CMakeFiles/nav2_controller_selector_bt_node.dir/plugins/action/controller_selector_node.cpp.o[0m
[906.033s] [ 43%] [32mBuilding CXX object CMakeFiles/nav2_navigate_to_pose_action_bt_node.dir/plugins/action/navigate_to_pose_action.cpp.o[0m
[907.125s] [ 43%] [32mBuilding CXX object CMakeFiles/nav2_recovery_node_bt_node.dir/plugins/control/recovery_node.cpp.o[0m
[929.692s] [ 44%] [32m[1mLinking CXX shared library libnav2_recovery_node_bt_node.so[0m
[930.898s] [ 44%] Built target nav2_recovery_node_bt_node
[948.919s] [ 44%] [32m[1mLinking CXX shared library libnav2_navigate_to_pose_action_bt_node.so[0m
[949.820s] [ 44%] [32m[1mLinking CXX shared library libnav2_planner_selector_bt_node.so[0m
[949.850s] [ 44%] Built target nav2_navigate_to_pose_action_bt_node
[950.625s] [ 44%] Built target nav2_planner_selector_bt_node
[957.801s] [ 45%] [32m[1mLinking CXX shared library libnav2_controller_selector_bt_node.so[0m
[958.456s] [ 45%] Built target nav2_controller_selector_bt_node
[958.532s] [ 45%] [32mBuilding CXX object CMakeFiles/nav2_progress_checker_selector_bt_node.dir/plugins/action/progress_checker_selector_node.cpp.o[0m
[979.286s] [ 46%] [32m[1mLinking CXX shared library libnav2_progress_checker_selector_bt_node.so[0m
[979.790s] [ 46%] Built target nav2_progress_checker_selector_bt_node
[979.839s] [ 46%] [32mBuilding CXX object CMakeFiles/nav2_goal_updated_controller_bt_node.dir/plugins/decorator/goal_updated_controller.cpp.o[0m
[990.845s] [ 46%] [32m[1mLinking CXX shared library libnav2_goal_updated_controller_bt_node.so[0m
[991.149s] [ 46%] Built target nav2_goal_updated_controller_bt_node
[991.210s] [ 46%] [32mBuilding CXX object CMakeFiles/generate_nav2_tree_nodes_xml.dir/src/generate_nav2_tree_nodes_xml.cpp.o[0m
[996.367s] [ 46%] [32m[1mLinking CXX executable generate_nav2_tree_nodes_xml[0m
[996.792s] [ 46%] Built target generate_nav2_tree_nodes_xml
[996.848s] [ 47%] [32mBuilding CXX object gtest/CMakeFiles/gtest_main.dir/src/gtest_main.cc.o[0m
[998.639s] [ 47%] [32m[1mLinking CXX static library libgtest_main.a[0m
[998.725s] [ 47%] Built target gtest_main
[998.775s] [ 48%] [32mBuilding CXX object gtest/CMakeFiles/gtest.dir/src/gtest-all.cc.o[0m
[1013.229s] [ 48%] [32m[1mLinking CXX static library libgtest.a[0m
[1013.333s] [ 48%] Built target gtest
[1013.387s] [ 48%] [32mBuilding CXX object CMakeFiles/nav2_goal_checker_selector_bt_node.dir/plugins/action/goal_checker_selector_node.cpp.o[0m
[1020.449s] [ 48%] [32mBuilding CXX object test/plugins/condition/CMakeFiles/test_condition_distance_traveled.dir/test_distance_traveled.cpp.o[0m
[1020.493s] [ 48%] [32mBuilding CXX object test/CMakeFiles/test_bt_utils.dir/test_bt_utils.cpp.o[0m
[1021.588s] [ 48%] [32mBuilding CXX object CMakeFiles/nav2_smoother_selector_bt_node.dir/plugins/action/smoother_selector_node.cpp.o[0m
