[0.086s] Invoking command in '/home/brilliant/ros2_ws/build/nav2_common': CMAKE_PREFIX_PATH=${CMAKE_PREFIX_PATH}:/home/brilliant/ros2_ws/install/twist_stamper:/home/brilliant/ros2_ws/install/nav2_simple_commander:/home/brilliant/ros2_ws/install/nav2_loopback_sim:/opt/ros/jazzy DEBUGINFOD_URLS=https://debuginfod.ubuntu.com /usr/bin/cmake --build /home/brilliant/ros2_ws/build/nav2_common -- -j4 -l4
[0.350s] Built target ament_cmake_python_symlink_nav2_common
[0.962s] running egg_info
[1.015s] writing nav2_common.egg-info/PKG-INFO
[1.017s] writing dependency_links to nav2_common.egg-info/dependency_links.txt
[1.017s] writing top-level names to nav2_common.egg-info/top_level.txt
[1.195s] reading manifest file 'nav2_common.egg-info/SOURCES.txt'
[1.198s] writing manifest file 'nav2_common.egg-info/SOURCES.txt'
[1.325s] Built target ament_cmake_python_build_nav2_common_egg
[1.538s] Invoked command in '/home/brilliant/ros2_ws/build/nav2_common' returned '0': CMAKE_PREFIX_PATH=${CMAKE_PREFIX_PATH}:/home/brilliant/ros2_ws/install/twist_stamper:/home/brilliant/ros2_ws/install/nav2_simple_commander:/home/brilliant/ros2_ws/install/nav2_loopback_sim:/opt/ros/jazzy DEBUGINFOD_URLS=https://debuginfod.ubuntu.com /usr/bin/cmake --build /home/brilliant/ros2_ws/build/nav2_common -- -j4 -l4
[1.541s] Invoking command in '/home/brilliant/ros2_ws/build/nav2_common': CMAKE_PREFIX_PATH=${CMAKE_PREFIX_PATH}:/home/brilliant/ros2_ws/install/twist_stamper:/home/brilliant/ros2_ws/install/nav2_simple_commander:/home/brilliant/ros2_ws/install/nav2_loopback_sim:/opt/ros/jazzy DEBUGINFOD_URLS=https://debuginfod.ubuntu.com /usr/bin/cmake --install /home/brilliant/ros2_ws/build/nav2_common
[1.576s] -- Install configuration: ""
[1.580s] -- Execute custom install script
[1.580s] -- Up-to-date symlink: /home/brilliant/ros2_ws/install/nav2_common/share/nav2_common/environment/pythonpath.sh
[1.581s] -- Up-to-date symlink: /home/brilliant/ros2_ws/install/nav2_common/share/nav2_common/environment/pythonpath.dsv
[1.581s] -- Up-to-date symlink: /home/brilliant/ros2_ws/install/nav2_common/lib/python3.12/site-packages/nav2_common-1.3.7-py3.12.egg-info/PKG-INFO
[1.581s] -- Up-to-date symlink: /home/brilliant/ros2_ws/install/nav2_common/lib/python3.12/site-packages/nav2_common-1.3.7-py3.12.egg-info/SOURCES.txt
[1.582s] -- Up-to-date symlink: /home/brilliant/ros2_ws/install/nav2_common/lib/python3.12/site-packages/nav2_common-1.3.7-py3.12.egg-info/dependency_links.txt
[1.582s] -- Up-to-date symlink: /home/brilliant/ros2_ws/install/nav2_common/lib/python3.12/site-packages/nav2_common-1.3.7-py3.12.egg-info/top_level.txt
[1.583s] -- Up-to-date symlink: /home/brilliant/ros2_ws/install/nav2_common/lib/python3.12/site-packages/nav2_common/__init__.py
[1.584s] -- Up-to-date symlink: /home/brilliant/ros2_ws/install/nav2_common/lib/python3.12/site-packages/nav2_common/launch/__init__.py
[1.589s] -- Up-to-date symlink: /home/brilliant/ros2_ws/install/nav2_common/lib/python3.12/site-packages/nav2_common/launch/has_node_params.py
[1.590s] -- Up-to-date symlink: /home/brilliant/ros2_ws/install/nav2_common/lib/python3.12/site-packages/nav2_common/launch/parse_multirobot_pose.py
[1.590s] -- Up-to-date symlink: /home/brilliant/ros2_ws/install/nav2_common/lib/python3.12/site-packages/nav2_common/launch/replace_string.py
[1.590s] -- Up-to-date symlink: /home/brilliant/ros2_ws/install/nav2_common/lib/python3.12/site-packages/nav2_common/launch/rewritten_yaml.py
[1.590s] -- Up-to-date symlink: /home/brilliant/ros2_ws/install/nav2_common/share/ament_index/resource_index/package_run_dependencies/nav2_common
[1.591s] -- Up-to-date symlink: /home/brilliant/ros2_ws/install/nav2_common/share/ament_index/resource_index/parent_prefix_path/nav2_common
[1.591s] -- Up-to-date symlink: /home/brilliant/ros2_ws/install/nav2_common/share/nav2_common/environment/ament_prefix_path.sh
[1.591s] -- Up-to-date symlink: /home/brilliant/ros2_ws/install/nav2_common/share/nav2_common/environment/ament_prefix_path.dsv
[1.592s] -- Up-to-date symlink: /home/brilliant/ros2_ws/install/nav2_common/share/nav2_common/environment/path.sh
[1.592s] -- Up-to-date symlink: /home/brilliant/ros2_ws/install/nav2_common/share/nav2_common/environment/path.dsv
[1.592s] -- Up-to-date symlink: /home/brilliant/ros2_ws/install/nav2_common/share/nav2_common/local_setup.bash
[1.594s] -- Up-to-date symlink: /home/brilliant/ros2_ws/install/nav2_common/share/nav2_common/local_setup.sh
[1.597s] -- Up-to-date symlink: /home/brilliant/ros2_ws/install/nav2_common/share/nav2_common/local_setup.zsh
[1.598s] -- Up-to-date symlink: /home/brilliant/ros2_ws/install/nav2_common/share/nav2_common/local_setup.dsv
[1.598s] -- Symlinking: /home/brilliant/ros2_ws/install/nav2_common/share/nav2_common/package.dsv
[1.640s] -- Up-to-date symlink: /home/brilliant/ros2_ws/install/nav2_common/share/ament_index/resource_index/packages/nav2_common
[1.642s] -- Up-to-date symlink: /home/brilliant/ros2_ws/install/nav2_common/share/nav2_common/cmake/nav2_common-extras.cmake
[1.642s] -- Up-to-date symlink: /home/brilliant/ros2_ws/install/nav2_common/share/nav2_common/cmake/nav2_commonConfig.cmake
[1.643s] -- Up-to-date symlink: /home/brilliant/ros2_ws/install/nav2_common/share/nav2_common/cmake/nav2_commonConfig-version.cmake
[1.643s] -- Up-to-date symlink: /home/brilliant/ros2_ws/install/nav2_common/share/nav2_common/package.xml
[1.643s] -- Up-to-date symlink: /home/brilliant/ros2_ws/install/nav2_common/share/nav2_common/cmake/nav2_package.cmake
[1.769s] Listing '/home/brilliant/ros2_ws/install/nav2_common/lib/python3.12/site-packages/nav2_common'...
[1.769s] Listing '/home/brilliant/ros2_ws/install/nav2_common/lib/python3.12/site-packages/nav2_common/launch'...
[1.813s] Invoked command in '/home/brilliant/ros2_ws/build/nav2_common' returned '0': CMAKE_PREFIX_PATH=${CMAKE_PREFIX_PATH}:/home/brilliant/ros2_ws/install/twist_stamper:/home/brilliant/ros2_ws/install/nav2_simple_commander:/home/brilliant/ros2_ws/install/nav2_loopback_sim:/opt/ros/jazzy DEBUGINFOD_URLS=https://debuginfod.ubuntu.com /usr/bin/cmake --install /home/brilliant/ros2_ws/build/nav2_common
