[0.122s] Invoking command in '/home/brilliant/ros2_ws/build/dwb_msgs': CMAKE_PREFIX_PATH=/home/brilliant/ros2_ws/install/nav_2d_msgs:/home/brilliant/ros2_ws/install/sllidar_ros2:/home/brilliant/ros2_ws/install/serial:/home/brilliant/ros2_ws/install/nav2_system_tests:/home/brilliant/ros2_ws/install/nav2_bringup:/home/brilliant/ros2_ws/install/navigation2:/home/brilliant/ros2_ws/install/opennav_docking:/home/brilliant/ros2_ws/install/opennav_docking_core:/home/brilliant/ros2_ws/install/opennav_docking_bt:/home/brilliant/ros2_ws/install/nav2_smoother:/home/brilliant/ros2_ws/install/nav2_rotation_shim_controller:/home/brilliant/ros2_ws/install/nav2_graceful_controller:/home/brilliant/ros2_ws/install/nav2_dwb_controller:/home/brilliant/ros2_ws/install/nav2_controller:/home/brilliant/ros2_ws/install/dwb_plugins:/home/brilliant/ros2_ws/install/dwb_critics:/home/brilliant/ros2_ws/install/dwb_core:/home/brilliant/ros2_ws/install/nav_2d_utils:/home/brilliant/ros2_ws/install/dwb_msgs:/home/brilliant/ros2_ws/install/nav2_waypoint_follower:/home/brilliant/ros2_ws/install/nav2_theta_star_planner:/home/brilliant/ros2_ws/install/nav2_smac_planner:/home/brilliant/ros2_ws/install/nav2_regulated_pure_pursuit_controller:/home/brilliant/ros2_ws/install/nav2_planner:/home/brilliant/ros2_ws/install/nav2_navfn_planner:/home/brilliant/ros2_ws/install/nav2_mppi_controller:/home/brilliant/ros2_ws/install/nav2_constrained_smoother:/home/brilliant/ros2_ws/install/nav2_bt_navigator:/home/brilliant/ros2_ws/install/nav2_behaviors:/home/brilliant/ros2_ws/install/nav2_core:/home/brilliant/ros2_ws/install/nav2_collision_monitor:/home/brilliant/ros2_ws/install/costmap_queue:/home/brilliant/ros2_ws/install/nav2_costmap_2d:/home/brilliant/ros2_ws/install/nav2_voxel_grid:/home/brilliant/ros2_ws/install/nav2_velocity_smoother:/home/brilliant/ros2_ws/install/nav2_rviz_plugins:/home/brilliant/ros2_ws/install/nav2_map_server:/home/brilliant/ros2_ws/install/nav2_lifecycle_manager:/home/brilliant/ros2_ws/install/nav2_behavior_tree:/home/brilliant/ros2_ws/install/nav2_amcl:/home/brilliant/ros2_ws/install/nav2_util:/home/brilliant/ros2_ws/install/nav2_msgs:/home/brilliant/ros2_ws/install/nav2_common:/home/brilliant/ros2_ws/install/minibot:/home/brilliant/ros2_ws/install/diffdrive_arduino:/opt/ros/jazzy/opt/gz_sim_vendor:/opt/ros/jazzy/opt/gz_sensors_vendor:/opt/ros/jazzy/opt/gz_physics_vendor:/opt/ros/jazzy/opt/sdformat_vendor:/opt/ros/jazzy/opt/gz_gui_vendor:/opt/ros/jazzy/opt/gz_transport_vendor:/opt/ros/jazzy/opt/gz_rendering_vendor:/opt/ros/jazzy/opt/gz_plugin_vendor:/opt/ros/jazzy/opt/gz_fuel_tools_vendor:/opt/ros/jazzy/opt/gz_msgs_vendor:/opt/ros/jazzy/opt/gz_common_vendor:/opt/ros/jazzy/opt/gz_math_vendor:/opt/ros/jazzy/opt/gz_utils_vendor:/opt/ros/jazzy/opt/gz_tools_vendor:/opt/ros/jazzy/opt/gz_ogre_next_vendor:/opt/ros/jazzy/opt/gz_dartsim_vendor:/opt/ros/jazzy/opt/gz_cmake_vendor:/home/brilliant/ros2_ws/install/twist_stamper:/home/brilliant/ros2_ws/install/nav2_simple_commander:/home/brilliant/ros2_ws/install/nav2_loopback_sim:/opt/ros/jazzy DEBUGINFOD_URLS=https://debuginfod.ubuntu.com LD_LIBRARY_PATH=/home/brilliant/ros2_ws/install/nav_2d_msgs/lib:/home/brilliant/ros2_ws/install/serial/lib:/home/brilliant/ros2_ws/install/nav2_system_tests/lib:/home/brilliant/ros2_ws/install/opennav_docking/lib:/home/brilliant/ros2_ws/install/opennav_docking_bt/lib:/home/brilliant/ros2_ws/install/nav2_smoother/lib:/home/brilliant/ros2_ws/install/nav2_rotation_shim_controller/lib:/home/brilliant/ros2_ws/install/nav2_graceful_controller/lib:/home/brilliant/ros2_ws/install/nav2_controller/lib:/home/brilliant/ros2_ws/install/dwb_plugins/lib:/home/brilliant/ros2_ws/install/dwb_critics/lib:/home/brilliant/ros2_ws/install/dwb_core/lib:/home/brilliant/ros2_ws/install/nav_2d_utils/lib:/home/brilliant/ros2_ws/install/dwb_msgs/lib:/home/brilliant/ros2_ws/install/nav2_waypoint_follower/lib:/home/brilliant/ros2_ws/install/nav2_theta_star_planner/lib:/home/brilliant/ros2_ws/install/nav2_smac_planner/lib:/home/brilliant/ros2_ws/install/nav2_regulated_pure_pursuit_controller/lib:/home/brilliant/ros2_ws/install/nav2_planner/lib:/home/brilliant/ros2_ws/install/nav2_navfn_planner/lib:/home/brilliant/ros2_ws/install/nav2_mppi_controller/lib:/home/brilliant/ros2_ws/install/nav2_constrained_smoother/lib:/home/brilliant/ros2_ws/install/nav2_bt_navigator/lib:/home/brilliant/ros2_ws/install/nav2_behaviors/lib:/home/brilliant/ros2_ws/install/nav2_collision_monitor/lib:/home/brilliant/ros2_ws/install/costmap_queue/lib:/home/brilliant/ros2_ws/install/nav2_costmap_2d/lib:/home/brilliant/ros2_ws/install/nav2_voxel_grid/lib:/home/brilliant/ros2_ws/install/nav2_velocity_smoother/lib:/home/brilliant/ros2_ws/install/nav2_rviz_plugins/lib:/home/brilliant/ros2_ws/install/nav2_map_server/lib:/home/brilliant/ros2_ws/install/nav2_lifecycle_manager/lib:/home/brilliant/ros2_ws/install/nav2_behavior_tree/lib:/home/brilliant/ros2_ws/install/nav2_amcl/lib:/home/brilliant/ros2_ws/install/nav2_util/lib:/home/brilliant/ros2_ws/install/nav2_msgs/lib:/home/brilliant/ros2_ws/install/diffdrive_arduino/lib:/opt/ros/jazzy/opt/gz_sim_vendor/lib:/opt/ros/jazzy/opt/gz_sensors_vendor/lib:/opt/ros/jazzy/opt/gz_physics_vendor/lib:/opt/ros/jazzy/opt/sdformat_vendor/lib:/opt/ros/jazzy/opt/rviz_ogre_vendor/lib:/opt/ros/jazzy/lib/x86_64-linux-gnu:/opt/ros/jazzy/opt/gz_gui_vendor/lib:/opt/ros/jazzy/opt/gz_transport_vendor/lib:/opt/ros/jazzy/opt/gz_rendering_vendor/lib:/opt/ros/jazzy/opt/gz_plugin_vendor/lib:/opt/ros/jazzy/opt/gz_fuel_tools_vendor/lib:/opt/ros/jazzy/opt/gz_msgs_vendor/lib:/opt/ros/jazzy/opt/gz_common_vendor/lib:/opt/ros/jazzy/opt/gz_math_vendor/lib:/opt/ros/jazzy/opt/gz_utils_vendor/lib:/opt/ros/jazzy/opt/gz_tools_vendor/lib:/opt/ros/jazzy/opt/gz_ogre_next_vendor/lib:/opt/ros/jazzy/opt/gz_dartsim_vendor/lib:/opt/ros/jazzy/opt/gz_cmake_vendor/lib:/opt/ros/jazzy/lib PYTHONPATH=/home/brilliant/ros2_ws/install/nav_2d_msgs/lib/python3.12/site-packages:/home/brilliant/ros2_ws/build/twist_stamper:/home/brilliant/ros2_ws/install/twist_stamper/lib/python3.12/site-packages:/home/brilliant/ros2_ws/install/dwb_msgs/lib/python3.12/site-packages:/home/brilliant/ros2_ws/build/nav2_simple_commander:/home/brilliant/ros2_ws/install/nav2_simple_commander/lib/python3.12/site-packages:/home/brilliant/ros2_ws/install/nav2_msgs/lib/python3.12/site-packages:/home/brilliant/ros2_ws/build/nav2_loopback_sim:/home/brilliant/ros2_ws/install/nav2_loopback_sim/lib/python3.12/site-packages:/home/brilliant/ros2_ws/install/nav2_common/lib/python3.12/site-packages:/opt/ros/jazzy/lib/python3.12/site-packages /usr/bin/cmake --build /home/brilliant/ros2_ws/build/dwb_msgs -- -j4 -l4
[0.652s] [  1%] Built target dwb_msgs__rosidl_generator_type_description
[0.923s] [  1%] Built target ament_cmake_python_symlink_dwb_msgs
[1.302s] [ 27%] Built target dwb_msgs__rosidl_generator_c
[3.530s] running egg_info
[3.826s] writing dwb_msgs.egg-info/PKG-INFO
[3.827s] writing dependency_links to dwb_msgs.egg-info/dependency_links.txt
[3.827s] writing top-level names to dwb_msgs.egg-info/top_level.txt
[4.434s] reading manifest file 'dwb_msgs.egg-info/SOURCES.txt'
[4.437s] writing manifest file 'dwb_msgs.egg-info/SOURCES.txt'
[4.660s] [ 27%] Built target ament_cmake_python_build_dwb_msgs_egg
[4.900s] [ 37%] Built target dwb_msgs__rosidl_typesupport_introspection_c
[5.081s] [ 47%] Built target dwb_msgs__rosidl_typesupport_c
[5.387s] [ 56%] Built target dwb_msgs__rosidl_typesupport_fastrtps_c
[5.771s] [ 56%] Built target dwb_msgs__cpp
[6.214s] [ 66%] Built target dwb_msgs__rosidl_typesupport_cpp
[6.457s] [ 75%] Built target dwb_msgs__rosidl_typesupport_introspection_cpp
[6.872s] [ 85%] Built target dwb_msgs__rosidl_typesupport_fastrtps_cpp
[7.155s] [ 85%] Built target dwb_msgs
[7.500s] [ 86%] Built target dwb_msgs__py
[7.965s] [ 94%] Built target dwb_msgs__rosidl_generator_py
[8.270s] [ 96%] Built target dwb_msgs_s__rosidl_typesupport_fastrtps_c
[8.695s] [ 98%] Built target dwb_msgs_s__rosidl_typesupport_c
[9.130s] [100%] Built target dwb_msgs_s__rosidl_typesupport_introspection_c
[9.669s] Invoked command in '/home/brilliant/ros2_ws/build/dwb_msgs' returned '0': CMAKE_PREFIX_PATH=/home/brilliant/ros2_ws/install/nav_2d_msgs:/home/brilliant/ros2_ws/install/sllidar_ros2:/home/brilliant/ros2_ws/install/serial:/home/brilliant/ros2_ws/install/nav2_system_tests:/home/brilliant/ros2_ws/install/nav2_bringup:/home/brilliant/ros2_ws/install/navigation2:/home/brilliant/ros2_ws/install/opennav_docking:/home/brilliant/ros2_ws/install/opennav_docking_core:/home/brilliant/ros2_ws/install/opennav_docking_bt:/home/brilliant/ros2_ws/install/nav2_smoother:/home/brilliant/ros2_ws/install/nav2_rotation_shim_controller:/home/brilliant/ros2_ws/install/nav2_graceful_controller:/home/brilliant/ros2_ws/install/nav2_dwb_controller:/home/brilliant/ros2_ws/install/nav2_controller:/home/brilliant/ros2_ws/install/dwb_plugins:/home/brilliant/ros2_ws/install/dwb_critics:/home/brilliant/ros2_ws/install/dwb_core:/home/brilliant/ros2_ws/install/nav_2d_utils:/home/brilliant/ros2_ws/install/dwb_msgs:/home/brilliant/ros2_ws/install/nav2_waypoint_follower:/home/brilliant/ros2_ws/install/nav2_theta_star_planner:/home/brilliant/ros2_ws/install/nav2_smac_planner:/home/brilliant/ros2_ws/install/nav2_regulated_pure_pursuit_controller:/home/brilliant/ros2_ws/install/nav2_planner:/home/brilliant/ros2_ws/install/nav2_navfn_planner:/home/brilliant/ros2_ws/install/nav2_mppi_controller:/home/brilliant/ros2_ws/install/nav2_constrained_smoother:/home/brilliant/ros2_ws/install/nav2_bt_navigator:/home/brilliant/ros2_ws/install/nav2_behaviors:/home/brilliant/ros2_ws/install/nav2_core:/home/brilliant/ros2_ws/install/nav2_collision_monitor:/home/brilliant/ros2_ws/install/costmap_queue:/home/brilliant/ros2_ws/install/nav2_costmap_2d:/home/brilliant/ros2_ws/install/nav2_voxel_grid:/home/brilliant/ros2_ws/install/nav2_velocity_smoother:/home/brilliant/ros2_ws/install/nav2_rviz_plugins:/home/brilliant/ros2_ws/install/nav2_map_server:/home/brilliant/ros2_ws/install/nav2_lifecycle_manager:/home/brilliant/ros2_ws/install/nav2_behavior_tree:/home/brilliant/ros2_ws/install/nav2_amcl:/home/brilliant/ros2_ws/install/nav2_util:/home/brilliant/ros2_ws/install/nav2_msgs:/home/brilliant/ros2_ws/install/nav2_common:/home/brilliant/ros2_ws/install/minibot:/home/brilliant/ros2_ws/install/diffdrive_arduino:/opt/ros/jazzy/opt/gz_sim_vendor:/opt/ros/jazzy/opt/gz_sensors_vendor:/opt/ros/jazzy/opt/gz_physics_vendor:/opt/ros/jazzy/opt/sdformat_vendor:/opt/ros/jazzy/opt/gz_gui_vendor:/opt/ros/jazzy/opt/gz_transport_vendor:/opt/ros/jazzy/opt/gz_rendering_vendor:/opt/ros/jazzy/opt/gz_plugin_vendor:/opt/ros/jazzy/opt/gz_fuel_tools_vendor:/opt/ros/jazzy/opt/gz_msgs_vendor:/opt/ros/jazzy/opt/gz_common_vendor:/opt/ros/jazzy/opt/gz_math_vendor:/opt/ros/jazzy/opt/gz_utils_vendor:/opt/ros/jazzy/opt/gz_tools_vendor:/opt/ros/jazzy/opt/gz_ogre_next_vendor:/opt/ros/jazzy/opt/gz_dartsim_vendor:/opt/ros/jazzy/opt/gz_cmake_vendor:/home/brilliant/ros2_ws/install/twist_stamper:/home/brilliant/ros2_ws/install/nav2_simple_commander:/home/brilliant/ros2_ws/install/nav2_loopback_sim:/opt/ros/jazzy DEBUGINFOD_URLS=https://debuginfod.ubuntu.com LD_LIBRARY_PATH=/home/brilliant/ros2_ws/install/nav_2d_msgs/lib:/home/brilliant/ros2_ws/install/serial/lib:/home/brilliant/ros2_ws/install/nav2_system_tests/lib:/home/brilliant/ros2_ws/install/opennav_docking/lib:/home/brilliant/ros2_ws/install/opennav_docking_bt/lib:/home/brilliant/ros2_ws/install/nav2_smoother/lib:/home/brilliant/ros2_ws/install/nav2_rotation_shim_controller/lib:/home/brilliant/ros2_ws/install/nav2_graceful_controller/lib:/home/brilliant/ros2_ws/install/nav2_controller/lib:/home/brilliant/ros2_ws/install/dwb_plugins/lib:/home/brilliant/ros2_ws/install/dwb_critics/lib:/home/brilliant/ros2_ws/install/dwb_core/lib:/home/brilliant/ros2_ws/install/nav_2d_utils/lib:/home/brilliant/ros2_ws/install/dwb_msgs/lib:/home/brilliant/ros2_ws/install/nav2_waypoint_follower/lib:/home/brilliant/ros2_ws/install/nav2_theta_star_planner/lib:/home/brilliant/ros2_ws/install/nav2_smac_planner/lib:/home/brilliant/ros2_ws/install/nav2_regulated_pure_pursuit_controller/lib:/home/brilliant/ros2_ws/install/nav2_planner/lib:/home/brilliant/ros2_ws/install/nav2_navfn_planner/lib:/home/brilliant/ros2_ws/install/nav2_mppi_controller/lib:/home/brilliant/ros2_ws/install/nav2_constrained_smoother/lib:/home/brilliant/ros2_ws/install/nav2_bt_navigator/lib:/home/brilliant/ros2_ws/install/nav2_behaviors/lib:/home/brilliant/ros2_ws/install/nav2_collision_monitor/lib:/home/brilliant/ros2_ws/install/costmap_queue/lib:/home/brilliant/ros2_ws/install/nav2_costmap_2d/lib:/home/brilliant/ros2_ws/install/nav2_voxel_grid/lib:/home/brilliant/ros2_ws/install/nav2_velocity_smoother/lib:/home/brilliant/ros2_ws/install/nav2_rviz_plugins/lib:/home/brilliant/ros2_ws/install/nav2_map_server/lib:/home/brilliant/ros2_ws/install/nav2_lifecycle_manager/lib:/home/brilliant/ros2_ws/install/nav2_behavior_tree/lib:/home/brilliant/ros2_ws/install/nav2_amcl/lib:/home/brilliant/ros2_ws/install/nav2_util/lib:/home/brilliant/ros2_ws/install/nav2_msgs/lib:/home/brilliant/ros2_ws/install/diffdrive_arduino/lib:/opt/ros/jazzy/opt/gz_sim_vendor/lib:/opt/ros/jazzy/opt/gz_sensors_vendor/lib:/opt/ros/jazzy/opt/gz_physics_vendor/lib:/opt/ros/jazzy/opt/sdformat_vendor/lib:/opt/ros/jazzy/opt/rviz_ogre_vendor/lib:/opt/ros/jazzy/lib/x86_64-linux-gnu:/opt/ros/jazzy/opt/gz_gui_vendor/lib:/opt/ros/jazzy/opt/gz_transport_vendor/lib:/opt/ros/jazzy/opt/gz_rendering_vendor/lib:/opt/ros/jazzy/opt/gz_plugin_vendor/lib:/opt/ros/jazzy/opt/gz_fuel_tools_vendor/lib:/opt/ros/jazzy/opt/gz_msgs_vendor/lib:/opt/ros/jazzy/opt/gz_common_vendor/lib:/opt/ros/jazzy/opt/gz_math_vendor/lib:/opt/ros/jazzy/opt/gz_utils_vendor/lib:/opt/ros/jazzy/opt/gz_tools_vendor/lib:/opt/ros/jazzy/opt/gz_ogre_next_vendor/lib:/opt/ros/jazzy/opt/gz_dartsim_vendor/lib:/opt/ros/jazzy/opt/gz_cmake_vendor/lib:/opt/ros/jazzy/lib PYTHONPATH=/home/brilliant/ros2_ws/install/nav_2d_msgs/lib/python3.12/site-packages:/home/brilliant/ros2_ws/build/twist_stamper:/home/brilliant/ros2_ws/install/twist_stamper/lib/python3.12/site-packages:/home/brilliant/ros2_ws/install/dwb_msgs/lib/python3.12/site-packages:/home/brilliant/ros2_ws/build/nav2_simple_commander:/home/brilliant/ros2_ws/install/nav2_simple_commander/lib/python3.12/site-packages:/home/brilliant/ros2_ws/install/nav2_msgs/lib/python3.12/site-packages:/home/brilliant/ros2_ws/build/nav2_loopback_sim:/home/brilliant/ros2_ws/install/nav2_loopback_sim/lib/python3.12/site-packages:/home/brilliant/ros2_ws/install/nav2_common/lib/python3.12/site-packages:/opt/ros/jazzy/lib/python3.12/site-packages /usr/bin/cmake --build /home/brilliant/ros2_ws/build/dwb_msgs -- -j4 -l4
[9.681s] Invoking command in '/home/brilliant/ros2_ws/build/dwb_msgs': CMAKE_PREFIX_PATH=/home/brilliant/ros2_ws/install/nav_2d_msgs:/home/brilliant/ros2_ws/install/sllidar_ros2:/home/brilliant/ros2_ws/install/serial:/home/brilliant/ros2_ws/install/nav2_system_tests:/home/brilliant/ros2_ws/install/nav2_bringup:/home/brilliant/ros2_ws/install/navigation2:/home/brilliant/ros2_ws/install/opennav_docking:/home/brilliant/ros2_ws/install/opennav_docking_core:/home/brilliant/ros2_ws/install/opennav_docking_bt:/home/brilliant/ros2_ws/install/nav2_smoother:/home/brilliant/ros2_ws/install/nav2_rotation_shim_controller:/home/brilliant/ros2_ws/install/nav2_graceful_controller:/home/brilliant/ros2_ws/install/nav2_dwb_controller:/home/brilliant/ros2_ws/install/nav2_controller:/home/brilliant/ros2_ws/install/dwb_plugins:/home/brilliant/ros2_ws/install/dwb_critics:/home/brilliant/ros2_ws/install/dwb_core:/home/brilliant/ros2_ws/install/nav_2d_utils:/home/brilliant/ros2_ws/install/dwb_msgs:/home/brilliant/ros2_ws/install/nav2_waypoint_follower:/home/brilliant/ros2_ws/install/nav2_theta_star_planner:/home/brilliant/ros2_ws/install/nav2_smac_planner:/home/brilliant/ros2_ws/install/nav2_regulated_pure_pursuit_controller:/home/brilliant/ros2_ws/install/nav2_planner:/home/brilliant/ros2_ws/install/nav2_navfn_planner:/home/brilliant/ros2_ws/install/nav2_mppi_controller:/home/brilliant/ros2_ws/install/nav2_constrained_smoother:/home/brilliant/ros2_ws/install/nav2_bt_navigator:/home/brilliant/ros2_ws/install/nav2_behaviors:/home/brilliant/ros2_ws/install/nav2_core:/home/brilliant/ros2_ws/install/nav2_collision_monitor:/home/brilliant/ros2_ws/install/costmap_queue:/home/brilliant/ros2_ws/install/nav2_costmap_2d:/home/brilliant/ros2_ws/install/nav2_voxel_grid:/home/brilliant/ros2_ws/install/nav2_velocity_smoother:/home/brilliant/ros2_ws/install/nav2_rviz_plugins:/home/brilliant/ros2_ws/install/nav2_map_server:/home/brilliant/ros2_ws/install/nav2_lifecycle_manager:/home/brilliant/ros2_ws/install/nav2_behavior_tree:/home/brilliant/ros2_ws/install/nav2_amcl:/home/brilliant/ros2_ws/install/nav2_util:/home/brilliant/ros2_ws/install/nav2_msgs:/home/brilliant/ros2_ws/install/nav2_common:/home/brilliant/ros2_ws/install/minibot:/home/brilliant/ros2_ws/install/diffdrive_arduino:/opt/ros/jazzy/opt/gz_sim_vendor:/opt/ros/jazzy/opt/gz_sensors_vendor:/opt/ros/jazzy/opt/gz_physics_vendor:/opt/ros/jazzy/opt/sdformat_vendor:/opt/ros/jazzy/opt/gz_gui_vendor:/opt/ros/jazzy/opt/gz_transport_vendor:/opt/ros/jazzy/opt/gz_rendering_vendor:/opt/ros/jazzy/opt/gz_plugin_vendor:/opt/ros/jazzy/opt/gz_fuel_tools_vendor:/opt/ros/jazzy/opt/gz_msgs_vendor:/opt/ros/jazzy/opt/gz_common_vendor:/opt/ros/jazzy/opt/gz_math_vendor:/opt/ros/jazzy/opt/gz_utils_vendor:/opt/ros/jazzy/opt/gz_tools_vendor:/opt/ros/jazzy/opt/gz_ogre_next_vendor:/opt/ros/jazzy/opt/gz_dartsim_vendor:/opt/ros/jazzy/opt/gz_cmake_vendor:/home/brilliant/ros2_ws/install/twist_stamper:/home/brilliant/ros2_ws/install/nav2_simple_commander:/home/brilliant/ros2_ws/install/nav2_loopback_sim:/opt/ros/jazzy DEBUGINFOD_URLS=https://debuginfod.ubuntu.com LD_LIBRARY_PATH=/home/brilliant/ros2_ws/install/nav_2d_msgs/lib:/home/brilliant/ros2_ws/install/serial/lib:/home/brilliant/ros2_ws/install/nav2_system_tests/lib:/home/brilliant/ros2_ws/install/opennav_docking/lib:/home/brilliant/ros2_ws/install/opennav_docking_bt/lib:/home/brilliant/ros2_ws/install/nav2_smoother/lib:/home/brilliant/ros2_ws/install/nav2_rotation_shim_controller/lib:/home/brilliant/ros2_ws/install/nav2_graceful_controller/lib:/home/brilliant/ros2_ws/install/nav2_controller/lib:/home/brilliant/ros2_ws/install/dwb_plugins/lib:/home/brilliant/ros2_ws/install/dwb_critics/lib:/home/brilliant/ros2_ws/install/dwb_core/lib:/home/brilliant/ros2_ws/install/nav_2d_utils/lib:/home/brilliant/ros2_ws/install/dwb_msgs/lib:/home/brilliant/ros2_ws/install/nav2_waypoint_follower/lib:/home/brilliant/ros2_ws/install/nav2_theta_star_planner/lib:/home/brilliant/ros2_ws/install/nav2_smac_planner/lib:/home/brilliant/ros2_ws/install/nav2_regulated_pure_pursuit_controller/lib:/home/brilliant/ros2_ws/install/nav2_planner/lib:/home/brilliant/ros2_ws/install/nav2_navfn_planner/lib:/home/brilliant/ros2_ws/install/nav2_mppi_controller/lib:/home/brilliant/ros2_ws/install/nav2_constrained_smoother/lib:/home/brilliant/ros2_ws/install/nav2_bt_navigator/lib:/home/brilliant/ros2_ws/install/nav2_behaviors/lib:/home/brilliant/ros2_ws/install/nav2_collision_monitor/lib:/home/brilliant/ros2_ws/install/costmap_queue/lib:/home/brilliant/ros2_ws/install/nav2_costmap_2d/lib:/home/brilliant/ros2_ws/install/nav2_voxel_grid/lib:/home/brilliant/ros2_ws/install/nav2_velocity_smoother/lib:/home/brilliant/ros2_ws/install/nav2_rviz_plugins/lib:/home/brilliant/ros2_ws/install/nav2_map_server/lib:/home/brilliant/ros2_ws/install/nav2_lifecycle_manager/lib:/home/brilliant/ros2_ws/install/nav2_behavior_tree/lib:/home/brilliant/ros2_ws/install/nav2_amcl/lib:/home/brilliant/ros2_ws/install/nav2_util/lib:/home/brilliant/ros2_ws/install/nav2_msgs/lib:/home/brilliant/ros2_ws/install/diffdrive_arduino/lib:/opt/ros/jazzy/opt/gz_sim_vendor/lib:/opt/ros/jazzy/opt/gz_sensors_vendor/lib:/opt/ros/jazzy/opt/gz_physics_vendor/lib:/opt/ros/jazzy/opt/sdformat_vendor/lib:/opt/ros/jazzy/opt/rviz_ogre_vendor/lib:/opt/ros/jazzy/lib/x86_64-linux-gnu:/opt/ros/jazzy/opt/gz_gui_vendor/lib:/opt/ros/jazzy/opt/gz_transport_vendor/lib:/opt/ros/jazzy/opt/gz_rendering_vendor/lib:/opt/ros/jazzy/opt/gz_plugin_vendor/lib:/opt/ros/jazzy/opt/gz_fuel_tools_vendor/lib:/opt/ros/jazzy/opt/gz_msgs_vendor/lib:/opt/ros/jazzy/opt/gz_common_vendor/lib:/opt/ros/jazzy/opt/gz_math_vendor/lib:/opt/ros/jazzy/opt/gz_utils_vendor/lib:/opt/ros/jazzy/opt/gz_tools_vendor/lib:/opt/ros/jazzy/opt/gz_ogre_next_vendor/lib:/opt/ros/jazzy/opt/gz_dartsim_vendor/lib:/opt/ros/jazzy/opt/gz_cmake_vendor/lib:/opt/ros/jazzy/lib PYTHONPATH=/home/brilliant/ros2_ws/install/nav_2d_msgs/lib/python3.12/site-packages:/home/brilliant/ros2_ws/build/twist_stamper:/home/brilliant/ros2_ws/install/twist_stamper/lib/python3.12/site-packages:/home/brilliant/ros2_ws/install/dwb_msgs/lib/python3.12/site-packages:/home/brilliant/ros2_ws/build/nav2_simple_commander:/home/brilliant/ros2_ws/install/nav2_simple_commander/lib/python3.12/site-packages:/home/brilliant/ros2_ws/install/nav2_msgs/lib/python3.12/site-packages:/home/brilliant/ros2_ws/build/nav2_loopback_sim:/home/brilliant/ros2_ws/install/nav2_loopback_sim/lib/python3.12/site-packages:/home/brilliant/ros2_ws/install/nav2_common/lib/python3.12/site-packages:/opt/ros/jazzy/lib/python3.12/site-packages /usr/bin/cmake --install /home/brilliant/ros2_ws/build/dwb_msgs
[9.861s] -- Install configuration: ""
[9.873s] -- Execute custom install script
[9.885s] -- Up-to-date symlink: /home/brilliant/ros2_ws/install/dwb_msgs/share/ament_index/resource_index/rosidl_interfaces/dwb_msgs
[9.889s] -- Up-to-date symlink: /home/brilliant/ros2_ws/install/dwb_msgs/share/dwb_msgs/msg/CriticScore.json
[9.889s] -- Up-to-date symlink: /home/brilliant/ros2_ws/install/dwb_msgs/share/dwb_msgs/msg/LocalPlanEvaluation.json
[9.893s] -- Up-to-date symlink: /home/brilliant/ros2_ws/install/dwb_msgs/share/dwb_msgs/msg/Trajectory2D.json
[9.896s] -- Up-to-date symlink: /home/brilliant/ros2_ws/install/dwb_msgs/share/dwb_msgs/msg/TrajectoryScore.json
[9.897s] -- Up-to-date symlink: /home/brilliant/ros2_ws/install/dwb_msgs/share/dwb_msgs/srv/DebugLocalPlan.json
[9.898s] -- Up-to-date symlink: /home/brilliant/ros2_ws/install/dwb_msgs/share/dwb_msgs/srv/GenerateTrajectory.json
[9.901s] -- Up-to-date symlink: /home/brilliant/ros2_ws/install/dwb_msgs/share/dwb_msgs/srv/GenerateTwists.json
[9.903s] -- Up-to-date symlink: /home/brilliant/ros2_ws/install/dwb_msgs/share/dwb_msgs/srv/GetCriticScore.json
[9.905s] -- Up-to-date symlink: /home/brilliant/ros2_ws/install/dwb_msgs/share/dwb_msgs/srv/ScoreTrajectory.json
[9.912s] -- Up-to-date symlink: /home/brilliant/ros2_ws/install/dwb_msgs/include/dwb_msgs/dwb_msgs/msg/critic_score.h
[9.923s] -- Up-to-date symlink: /home/brilliant/ros2_ws/install/dwb_msgs/include/dwb_msgs/dwb_msgs/msg/detail/critic_score__functions.h
[9.931s] -- Up-to-date symlink: /home/brilliant/ros2_ws/install/dwb_msgs/include/dwb_msgs/dwb_msgs/msg/detail/critic_score__struct.h
[9.931s] -- Up-to-date symlink: /home/brilliant/ros2_ws/install/dwb_msgs/include/dwb_msgs/dwb_msgs/msg/detail/critic_score__type_support.h
[9.932s] -- Up-to-date symlink: /home/brilliant/ros2_ws/install/dwb_msgs/include/dwb_msgs/dwb_msgs/msg/detail/local_plan_evaluation__functions.h
[9.936s] -- Up-to-date symlink: /home/brilliant/ros2_ws/install/dwb_msgs/include/dwb_msgs/dwb_msgs/msg/detail/local_plan_evaluation__struct.h
[9.941s] -- Up-to-date symlink: /home/brilliant/ros2_ws/install/dwb_msgs/include/dwb_msgs/dwb_msgs/msg/detail/local_plan_evaluation__type_support.h
[9.941s] -- Up-to-date symlink: /home/brilliant/ros2_ws/install/dwb_msgs/include/dwb_msgs/dwb_msgs/msg/detail/trajectory2_d__functions.h
[9.943s] -- Up-to-date symlink: /home/brilliant/ros2_ws/install/dwb_msgs/include/dwb_msgs/dwb_msgs/msg/detail/trajectory2_d__struct.h
[9.943s] -- Up-to-date symlink: /home/brilliant/ros2_ws/install/dwb_msgs/include/dwb_msgs/dwb_msgs/msg/detail/trajectory2_d__type_support.h
[9.948s] -- Up-to-date symlink: /home/brilliant/ros2_ws/install/dwb_msgs/include/dwb_msgs/dwb_msgs/msg/detail/trajectory_score__functions.h
[9.952s] -- Up-to-date symlink: /home/brilliant/ros2_ws/install/dwb_msgs/include/dwb_msgs/dwb_msgs/msg/detail/trajectory_score__struct.h
[9.952s] -- Up-to-date symlink: /home/brilliant/ros2_ws/install/dwb_msgs/include/dwb_msgs/dwb_msgs/msg/detail/trajectory_score__type_support.h
[9.958s] -- Up-to-date symlink: /home/brilliant/ros2_ws/install/dwb_msgs/include/dwb_msgs/dwb_msgs/msg/local_plan_evaluation.h
[9.958s] -- Up-to-date symlink: /home/brilliant/ros2_ws/install/dwb_msgs/include/dwb_msgs/dwb_msgs/msg/rosidl_generator_c__visibility_control.h
[9.960s] -- Up-to-date symlink: /home/brilliant/ros2_ws/install/dwb_msgs/include/dwb_msgs/dwb_msgs/msg/trajectory2_d.h
[9.960s] -- Up-to-date symlink: /home/brilliant/ros2_ws/install/dwb_msgs/include/dwb_msgs/dwb_msgs/msg/trajectory_score.h
[9.960s] -- Up-to-date symlink: /home/brilliant/ros2_ws/install/dwb_msgs/include/dwb_msgs/dwb_msgs/srv/debug_local_plan.h
[9.963s] -- Up-to-date symlink: /home/brilliant/ros2_ws/install/dwb_msgs/include/dwb_msgs/dwb_msgs/srv/detail/debug_local_plan__functions.h
[9.963s] -- Up-to-date symlink: /home/brilliant/ros2_ws/install/dwb_msgs/include/dwb_msgs/dwb_msgs/srv/detail/debug_local_plan__struct.h
[9.966s] -- Up-to-date symlink: /home/brilliant/ros2_ws/install/dwb_msgs/include/dwb_msgs/dwb_msgs/srv/detail/debug_local_plan__type_support.h
[9.966s] -- Up-to-date symlink: /home/brilliant/ros2_ws/install/dwb_msgs/include/dwb_msgs/dwb_msgs/srv/detail/generate_trajectory__functions.h
[9.968s] -- Up-to-date symlink: /home/brilliant/ros2_ws/install/dwb_msgs/include/dwb_msgs/dwb_msgs/srv/detail/generate_trajectory__struct.h
[9.969s] -- Up-to-date symlink: /home/brilliant/ros2_ws/install/dwb_msgs/include/dwb_msgs/dwb_msgs/srv/detail/generate_trajectory__type_support.h
[9.971s] -- Up-to-date symlink: /home/brilliant/ros2_ws/install/dwb_msgs/include/dwb_msgs/dwb_msgs/srv/detail/generate_twists__functions.h
[9.975s] -- Up-to-date symlink: /home/brilliant/ros2_ws/install/dwb_msgs/include/dwb_msgs/dwb_msgs/srv/detail/generate_twists__struct.h
[9.975s] -- Up-to-date symlink: /home/brilliant/ros2_ws/install/dwb_msgs/include/dwb_msgs/dwb_msgs/srv/detail/generate_twists__type_support.h
[9.975s] -- Up-to-date symlink: /home/brilliant/ros2_ws/install/dwb_msgs/include/dwb_msgs/dwb_msgs/srv/detail/get_critic_score__functions.h
[9.975s] -- Up-to-date symlink: /home/brilliant/ros2_ws/install/dwb_msgs/include/dwb_msgs/dwb_msgs/srv/detail/get_critic_score__struct.h
[9.979s] -- Up-to-date symlink: /home/brilliant/ros2_ws/install/dwb_msgs/include/dwb_msgs/dwb_msgs/srv/detail/get_critic_score__type_support.h
[9.980s] -- Up-to-date symlink: /home/brilliant/ros2_ws/install/dwb_msgs/include/dwb_msgs/dwb_msgs/srv/detail/score_trajectory__functions.h
[9.984s] -- Up-to-date symlink: /home/brilliant/ros2_ws/install/dwb_msgs/include/dwb_msgs/dwb_msgs/srv/detail/score_trajectory__struct.h
[9.984s] -- Up-to-date symlink: /home/brilliant/ros2_ws/install/dwb_msgs/include/dwb_msgs/dwb_msgs/srv/detail/score_trajectory__type_support.h
[9.985s] -- Up-to-date symlink: /home/brilliant/ros2_ws/install/dwb_msgs/include/dwb_msgs/dwb_msgs/srv/generate_trajectory.h
[9.985s] -- Up-to-date symlink: /home/brilliant/ros2_ws/install/dwb_msgs/include/dwb_msgs/dwb_msgs/srv/generate_twists.h
[9.985s] -- Up-to-date symlink: /home/brilliant/ros2_ws/install/dwb_msgs/include/dwb_msgs/dwb_msgs/srv/get_critic_score.h
[9.987s] -- Up-to-date symlink: /home/brilliant/ros2_ws/install/dwb_msgs/include/dwb_msgs/dwb_msgs/srv/score_trajectory.h
[9.987s] -- Up-to-date symlink: /home/brilliant/ros2_ws/install/dwb_msgs/share/dwb_msgs/environment/library_path.sh
[9.991s] -- Up-to-date symlink: /home/brilliant/ros2_ws/install/dwb_msgs/share/dwb_msgs/environment/library_path.dsv
[9.991s] -- Up-to-date symlink: /home/brilliant/ros2_ws/install/dwb_msgs/include/dwb_msgs/dwb_msgs/msg/detail/critic_score__rosidl_typesupport_fastrtps_c.h
[9.991s] -- Up-to-date symlink: /home/brilliant/ros2_ws/install/dwb_msgs/include/dwb_msgs/dwb_msgs/msg/detail/local_plan_evaluation__rosidl_typesupport_fastrtps_c.h
[9.992s] -- Up-to-date symlink: /home/brilliant/ros2_ws/install/dwb_msgs/include/dwb_msgs/dwb_msgs/msg/detail/trajectory2_d__rosidl_typesupport_fastrtps_c.h
[9.992s] -- Up-to-date symlink: /home/brilliant/ros2_ws/install/dwb_msgs/include/dwb_msgs/dwb_msgs/msg/detail/trajectory_score__rosidl_typesupport_fastrtps_c.h
[9.997s] -- Up-to-date symlink: /home/brilliant/ros2_ws/install/dwb_msgs/include/dwb_msgs/dwb_msgs/msg/rosidl_typesupport_fastrtps_c__visibility_control.h
[9.997s] -- Up-to-date symlink: /home/brilliant/ros2_ws/install/dwb_msgs/include/dwb_msgs/dwb_msgs/srv/detail/debug_local_plan__rosidl_typesupport_fastrtps_c.h
[9.999s] -- Up-to-date symlink: /home/brilliant/ros2_ws/install/dwb_msgs/include/dwb_msgs/dwb_msgs/srv/detail/generate_trajectory__rosidl_typesupport_fastrtps_c.h
[9.999s] -- Up-to-date symlink: /home/brilliant/ros2_ws/install/dwb_msgs/include/dwb_msgs/dwb_msgs/srv/detail/generate_twists__rosidl_typesupport_fastrtps_c.h
[9.999s] -- Up-to-date symlink: /home/brilliant/ros2_ws/install/dwb_msgs/include/dwb_msgs/dwb_msgs/srv/detail/get_critic_score__rosidl_typesupport_fastrtps_c.h
[10.000s] -- Up-to-date symlink: /home/brilliant/ros2_ws/install/dwb_msgs/include/dwb_msgs/dwb_msgs/srv/detail/score_trajectory__rosidl_typesupport_fastrtps_c.h
[10.006s] -- Up-to-date symlink: /home/brilliant/ros2_ws/install/dwb_msgs/include/dwb_msgs/dwb_msgs/msg/critic_score.hpp
[10.006s] -- Up-to-date symlink: /home/brilliant/ros2_ws/install/dwb_msgs/include/dwb_msgs/dwb_msgs/msg/detail/critic_score__builder.hpp
[10.007s] -- Up-to-date symlink: /home/brilliant/ros2_ws/install/dwb_msgs/include/dwb_msgs/dwb_msgs/msg/detail/critic_score__struct.hpp
[10.013s] -- Up-to-date symlink: /home/brilliant/ros2_ws/install/dwb_msgs/include/dwb_msgs/dwb_msgs/msg/detail/critic_score__traits.hpp
[10.014s] -- Up-to-date symlink: /home/brilliant/ros2_ws/install/dwb_msgs/include/dwb_msgs/dwb_msgs/msg/detail/critic_score__type_support.hpp
[10.015s] -- Up-to-date symlink: /home/brilliant/ros2_ws/install/dwb_msgs/include/dwb_msgs/dwb_msgs/msg/detail/local_plan_evaluation__builder.hpp
[10.017s] -- Up-to-date symlink: /home/brilliant/ros2_ws/install/dwb_msgs/include/dwb_msgs/dwb_msgs/msg/detail/local_plan_evaluation__struct.hpp
[10.017s] -- Up-to-date symlink: /home/brilliant/ros2_ws/install/dwb_msgs/include/dwb_msgs/dwb_msgs/msg/detail/local_plan_evaluation__traits.hpp
[10.018s] -- Up-to-date symlink: /home/brilliant/ros2_ws/install/dwb_msgs/include/dwb_msgs/dwb_msgs/msg/detail/local_plan_evaluation__type_support.hpp
[10.022s] -- Up-to-date symlink: /home/brilliant/ros2_ws/install/dwb_msgs/include/dwb_msgs/dwb_msgs/msg/detail/trajectory2_d__builder.hpp
[10.022s] -- Up-to-date symlink: /home/brilliant/ros2_ws/install/dwb_msgs/include/dwb_msgs/dwb_msgs/msg/detail/trajectory2_d__struct.hpp
[10.025s] -- Up-to-date symlink: /home/brilliant/ros2_ws/install/dwb_msgs/include/dwb_msgs/dwb_msgs/msg/detail/trajectory2_d__traits.hpp
[10.027s] -- Up-to-date symlink: /home/brilliant/ros2_ws/install/dwb_msgs/include/dwb_msgs/dwb_msgs/msg/detail/trajectory2_d__type_support.hpp
[10.028s] -- Up-to-date symlink: /home/brilliant/ros2_ws/install/dwb_msgs/include/dwb_msgs/dwb_msgs/msg/detail/trajectory_score__builder.hpp
[10.028s] -- Up-to-date symlink: /home/brilliant/ros2_ws/install/dwb_msgs/include/dwb_msgs/dwb_msgs/msg/detail/trajectory_score__struct.hpp
[10.028s] -- Up-to-date symlink: /home/brilliant/ros2_ws/install/dwb_msgs/include/dwb_msgs/dwb_msgs/msg/detail/trajectory_score__traits.hpp
[10.030s] -- Up-to-date symlink: /home/brilliant/ros2_ws/install/dwb_msgs/include/dwb_msgs/dwb_msgs/msg/detail/trajectory_score__type_support.hpp
[10.033s] -- Up-to-date symlink: /home/brilliant/ros2_ws/install/dwb_msgs/include/dwb_msgs/dwb_msgs/msg/local_plan_evaluation.hpp
[10.037s] -- Up-to-date symlink: /home/brilliant/ros2_ws/install/dwb_msgs/include/dwb_msgs/dwb_msgs/msg/rosidl_generator_cpp__visibility_control.hpp
[10.039s] -- Up-to-date symlink: /home/brilliant/ros2_ws/install/dwb_msgs/include/dwb_msgs/dwb_msgs/msg/trajectory2_d.hpp
[10.039s] -- Up-to-date symlink: /home/brilliant/ros2_ws/install/dwb_msgs/include/dwb_msgs/dwb_msgs/msg/trajectory_score.hpp
[10.042s] -- Up-to-date symlink: /home/brilliant/ros2_ws/install/dwb_msgs/include/dwb_msgs/dwb_msgs/srv/debug_local_plan.hpp
[10.045s] -- Up-to-date symlink: /home/brilliant/ros2_ws/install/dwb_msgs/include/dwb_msgs/dwb_msgs/srv/detail/debug_local_plan__builder.hpp
[10.045s] -- Up-to-date symlink: /home/brilliant/ros2_ws/install/dwb_msgs/include/dwb_msgs/dwb_msgs/srv/detail/debug_local_plan__struct.hpp
[10.053s] -- Up-to-date symlink: /home/brilliant/ros2_ws/install/dwb_msgs/include/dwb_msgs/dwb_msgs/srv/detail/debug_local_plan__traits.hpp
[10.053s] -- Up-to-date symlink: /home/brilliant/ros2_ws/install/dwb_msgs/include/dwb_msgs/dwb_msgs/srv/detail/debug_local_plan__type_support.hpp
[10.055s] -- Up-to-date symlink: /home/brilliant/ros2_ws/install/dwb_msgs/include/dwb_msgs/dwb_msgs/srv/detail/generate_trajectory__builder.hpp
[10.058s] -- Up-to-date symlink: /home/brilliant/ros2_ws/install/dwb_msgs/include/dwb_msgs/dwb_msgs/srv/detail/generate_trajectory__struct.hpp
[10.059s] -- Up-to-date symlink: /home/brilliant/ros2_ws/install/dwb_msgs/include/dwb_msgs/dwb_msgs/srv/detail/generate_trajectory__traits.hpp
[10.065s] -- Up-to-date symlink: /home/brilliant/ros2_ws/install/dwb_msgs/include/dwb_msgs/dwb_msgs/srv/detail/generate_trajectory__type_support.hpp
[10.065s] -- Up-to-date symlink: /home/brilliant/ros2_ws/install/dwb_msgs/include/dwb_msgs/dwb_msgs/srv/detail/generate_twists__builder.hpp
[10.069s] -- Up-to-date symlink: /home/brilliant/ros2_ws/install/dwb_msgs/include/dwb_msgs/dwb_msgs/srv/detail/generate_twists__struct.hpp
[10.072s] -- Up-to-date symlink: /home/brilliant/ros2_ws/install/dwb_msgs/include/dwb_msgs/dwb_msgs/srv/detail/generate_twists__traits.hpp
[10.074s] -- Up-to-date symlink: /home/brilliant/ros2_ws/install/dwb_msgs/include/dwb_msgs/dwb_msgs/srv/detail/generate_twists__type_support.hpp
[10.076s] -- Up-to-date symlink: /home/brilliant/ros2_ws/install/dwb_msgs/include/dwb_msgs/dwb_msgs/srv/detail/get_critic_score__builder.hpp
[10.082s] -- Up-to-date symlink: /home/brilliant/ros2_ws/install/dwb_msgs/include/dwb_msgs/dwb_msgs/srv/detail/get_critic_score__struct.hpp
[10.083s] -- Up-to-date symlink: /home/brilliant/ros2_ws/install/dwb_msgs/include/dwb_msgs/dwb_msgs/srv/detail/get_critic_score__traits.hpp
[10.090s] -- Up-to-date symlink: /home/brilliant/ros2_ws/install/dwb_msgs/include/dwb_msgs/dwb_msgs/srv/detail/get_critic_score__type_support.hpp
[10.090s] -- Up-to-date symlink: /home/brilliant/ros2_ws/install/dwb_msgs/include/dwb_msgs/dwb_msgs/srv/detail/score_trajectory__builder.hpp
[10.091s] -- Up-to-date symlink: /home/brilliant/ros2_ws/install/dwb_msgs/include/dwb_msgs/dwb_msgs/srv/detail/score_trajectory__struct.hpp
[10.096s] -- Up-to-date symlink: /home/brilliant/ros2_ws/install/dwb_msgs/include/dwb_msgs/dwb_msgs/srv/detail/score_trajectory__traits.hpp
[10.096s] -- Up-to-date symlink: /home/brilliant/ros2_ws/install/dwb_msgs/include/dwb_msgs/dwb_msgs/srv/detail/score_trajectory__type_support.hpp
[10.100s] -- Up-to-date symlink: /home/brilliant/ros2_ws/install/dwb_msgs/include/dwb_msgs/dwb_msgs/srv/generate_trajectory.hpp
[10.100s] -- Up-to-date symlink: /home/brilliant/ros2_ws/install/dwb_msgs/include/dwb_msgs/dwb_msgs/srv/generate_twists.hpp
[10.100s] -- Up-to-date symlink: /home/brilliant/ros2_ws/install/dwb_msgs/include/dwb_msgs/dwb_msgs/srv/get_critic_score.hpp
[10.103s] -- Up-to-date symlink: /home/brilliant/ros2_ws/install/dwb_msgs/include/dwb_msgs/dwb_msgs/srv/score_trajectory.hpp
[10.118s] -- Up-to-date symlink: /home/brilliant/ros2_ws/install/dwb_msgs/include/dwb_msgs/dwb_msgs/msg/detail/critic_score__rosidl_typesupport_fastrtps_cpp.hpp
[10.119s] -- Up-to-date symlink: /home/brilliant/ros2_ws/install/dwb_msgs/include/dwb_msgs/dwb_msgs/msg/detail/local_plan_evaluation__rosidl_typesupport_fastrtps_cpp.hpp
[10.123s] -- Up-to-date symlink: /home/brilliant/ros2_ws/install/dwb_msgs/include/dwb_msgs/dwb_msgs/msg/detail/trajectory2_d__rosidl_typesupport_fastrtps_cpp.hpp
[10.126s] -- Up-to-date symlink: /home/brilliant/ros2_ws/install/dwb_msgs/include/dwb_msgs/dwb_msgs/msg/detail/trajectory_score__rosidl_typesupport_fastrtps_cpp.hpp
[10.127s] -- Up-to-date symlink: /home/brilliant/ros2_ws/install/dwb_msgs/include/dwb_msgs/dwb_msgs/msg/rosidl_typesupport_fastrtps_cpp__visibility_control.h
[10.127s] -- Up-to-date symlink: /home/brilliant/ros2_ws/install/dwb_msgs/include/dwb_msgs/dwb_msgs/srv/detail/debug_local_plan__rosidl_typesupport_fastrtps_cpp.hpp
[10.135s] -- Up-to-date symlink: /home/brilliant/ros2_ws/install/dwb_msgs/include/dwb_msgs/dwb_msgs/srv/detail/generate_trajectory__rosidl_typesupport_fastrtps_cpp.hpp
[10.136s] -- Up-to-date symlink: /home/brilliant/ros2_ws/install/dwb_msgs/include/dwb_msgs/dwb_msgs/srv/detail/generate_twists__rosidl_typesupport_fastrtps_cpp.hpp
[10.136s] -- Up-to-date symlink: /home/brilliant/ros2_ws/install/dwb_msgs/include/dwb_msgs/dwb_msgs/srv/detail/get_critic_score__rosidl_typesupport_fastrtps_cpp.hpp
[10.136s] -- Up-to-date symlink: /home/brilliant/ros2_ws/install/dwb_msgs/include/dwb_msgs/dwb_msgs/srv/detail/score_trajectory__rosidl_typesupport_fastrtps_cpp.hpp
[10.144s] -- Up-to-date symlink: /home/brilliant/ros2_ws/install/dwb_msgs/include/dwb_msgs/dwb_msgs/msg/detail/critic_score__rosidl_typesupport_introspection_c.h
[10.146s] -- Up-to-date symlink: /home/brilliant/ros2_ws/install/dwb_msgs/include/dwb_msgs/dwb_msgs/msg/detail/local_plan_evaluation__rosidl_typesupport_introspection_c.h
[10.148s] -- Up-to-date symlink: /home/brilliant/ros2_ws/install/dwb_msgs/include/dwb_msgs/dwb_msgs/msg/detail/trajectory2_d__rosidl_typesupport_introspection_c.h
[10.149s] -- Up-to-date symlink: /home/brilliant/ros2_ws/install/dwb_msgs/include/dwb_msgs/dwb_msgs/msg/detail/trajectory_score__rosidl_typesupport_introspection_c.h
[10.153s] -- Up-to-date symlink: /home/brilliant/ros2_ws/install/dwb_msgs/include/dwb_msgs/dwb_msgs/msg/rosidl_typesupport_introspection_c__visibility_control.h
[10.155s] -- Up-to-date symlink: /home/brilliant/ros2_ws/install/dwb_msgs/include/dwb_msgs/dwb_msgs/srv/detail/debug_local_plan__rosidl_typesupport_introspection_c.h
[10.166s] -- Up-to-date symlink: /home/brilliant/ros2_ws/install/dwb_msgs/include/dwb_msgs/dwb_msgs/srv/detail/generate_trajectory__rosidl_typesupport_introspection_c.h
[10.166s] -- Up-to-date symlink: /home/brilliant/ros2_ws/install/dwb_msgs/include/dwb_msgs/dwb_msgs/srv/detail/generate_twists__rosidl_typesupport_introspection_c.h
[10.166s] -- Up-to-date symlink: /home/brilliant/ros2_ws/install/dwb_msgs/include/dwb_msgs/dwb_msgs/srv/detail/get_critic_score__rosidl_typesupport_introspection_c.h
[10.167s] -- Up-to-date symlink: /home/brilliant/ros2_ws/install/dwb_msgs/include/dwb_msgs/dwb_msgs/srv/detail/score_trajectory__rosidl_typesupport_introspection_c.h
[10.175s] -- Up-to-date symlink: /home/brilliant/ros2_ws/install/dwb_msgs/include/dwb_msgs/dwb_msgs/msg/detail/critic_score__rosidl_typesupport_introspection_cpp.hpp
[10.175s] -- Up-to-date symlink: /home/brilliant/ros2_ws/install/dwb_msgs/include/dwb_msgs/dwb_msgs/msg/detail/local_plan_evaluation__rosidl_typesupport_introspection_cpp.hpp
[10.175s] -- Up-to-date symlink: /home/brilliant/ros2_ws/install/dwb_msgs/include/dwb_msgs/dwb_msgs/msg/detail/trajectory2_d__rosidl_typesupport_introspection_cpp.hpp
[10.176s] -- Up-to-date symlink: /home/brilliant/ros2_ws/install/dwb_msgs/include/dwb_msgs/dwb_msgs/msg/detail/trajectory_score__rosidl_typesupport_introspection_cpp.hpp
[10.180s] -- Up-to-date symlink: /home/brilliant/ros2_ws/install/dwb_msgs/include/dwb_msgs/dwb_msgs/srv/detail/debug_local_plan__rosidl_typesupport_introspection_cpp.hpp
[10.181s] -- Up-to-date symlink: /home/brilliant/ros2_ws/install/dwb_msgs/include/dwb_msgs/dwb_msgs/srv/detail/generate_trajectory__rosidl_typesupport_introspection_cpp.hpp
[10.185s] -- Up-to-date symlink: /home/brilliant/ros2_ws/install/dwb_msgs/include/dwb_msgs/dwb_msgs/srv/detail/generate_twists__rosidl_typesupport_introspection_cpp.hpp
[10.189s] -- Up-to-date symlink: /home/brilliant/ros2_ws/install/dwb_msgs/include/dwb_msgs/dwb_msgs/srv/detail/get_critic_score__rosidl_typesupport_introspection_cpp.hpp
[10.193s] -- Up-to-date symlink: /home/brilliant/ros2_ws/install/dwb_msgs/include/dwb_msgs/dwb_msgs/srv/detail/score_trajectory__rosidl_typesupport_introspection_cpp.hpp
[10.193s] -- Up-to-date symlink: /home/brilliant/ros2_ws/install/dwb_msgs/share/dwb_msgs/environment/pythonpath.sh
[10.194s] -- Up-to-date symlink: /home/brilliant/ros2_ws/install/dwb_msgs/share/dwb_msgs/environment/pythonpath.dsv
[10.200s] -- Up-to-date symlink: /home/brilliant/ros2_ws/install/dwb_msgs/lib/python3.12/site-packages/dwb_msgs-1.3.7-py3.12.egg-info/PKG-INFO
[10.203s] -- Up-to-date symlink: /home/brilliant/ros2_ws/install/dwb_msgs/lib/python3.12/site-packages/dwb_msgs-1.3.7-py3.12.egg-info/SOURCES.txt
[10.211s] -- Up-to-date symlink: /home/brilliant/ros2_ws/install/dwb_msgs/lib/python3.12/site-packages/dwb_msgs-1.3.7-py3.12.egg-info/dependency_links.txt
[10.211s] -- Up-to-date symlink: /home/brilliant/ros2_ws/install/dwb_msgs/lib/python3.12/site-packages/dwb_msgs-1.3.7-py3.12.egg-info/top_level.txt
[10.222s] -- Up-to-date symlink: /home/brilliant/ros2_ws/install/dwb_msgs/lib/python3.12/site-packages/dwb_msgs/__init__.py
[10.228s] -- Up-to-date symlink: /home/brilliant/ros2_ws/install/dwb_msgs/lib/python3.12/site-packages/dwb_msgs/_dwb_msgs_s.ep.rosidl_typesupport_c.c
[10.229s] -- Up-to-date symlink: /home/brilliant/ros2_ws/install/dwb_msgs/lib/python3.12/site-packages/dwb_msgs/_dwb_msgs_s.ep.rosidl_typesupport_fastrtps_c.c
[10.229s] -- Up-to-date symlink: /home/brilliant/ros2_ws/install/dwb_msgs/lib/python3.12/site-packages/dwb_msgs/_dwb_msgs_s.ep.rosidl_typesupport_introspection_c.c
[10.239s] -- Up-to-date symlink: /home/brilliant/ros2_ws/install/dwb_msgs/lib/python3.12/site-packages/dwb_msgs/dwb_msgs_s__rosidl_typesupport_c.so
[10.239s] -- Up-to-date symlink: /home/brilliant/ros2_ws/install/dwb_msgs/lib/python3.12/site-packages/dwb_msgs/dwb_msgs_s__rosidl_typesupport_fastrtps_c.so
[10.245s] -- Up-to-date symlink: /home/brilliant/ros2_ws/install/dwb_msgs/lib/python3.12/site-packages/dwb_msgs/dwb_msgs_s__rosidl_typesupport_introspection_c.so
[10.245s] -- Up-to-date symlink: /home/brilliant/ros2_ws/install/dwb_msgs/lib/python3.12/site-packages/dwb_msgs/msg/__init__.py
[10.246s] -- Up-to-date symlink: /home/brilliant/ros2_ws/install/dwb_msgs/lib/python3.12/site-packages/dwb_msgs/msg/_critic_score.py
[10.246s] -- Up-to-date symlink: /home/brilliant/ros2_ws/install/dwb_msgs/lib/python3.12/site-packages/dwb_msgs/msg/_critic_score_s.c
[10.246s] -- Up-to-date symlink: /home/brilliant/ros2_ws/install/dwb_msgs/lib/python3.12/site-packages/dwb_msgs/msg/_local_plan_evaluation.py
[10.246s] -- Up-to-date symlink: /home/brilliant/ros2_ws/install/dwb_msgs/lib/python3.12/site-packages/dwb_msgs/msg/_local_plan_evaluation_s.c
[10.247s] -- Up-to-date symlink: /home/brilliant/ros2_ws/install/dwb_msgs/lib/python3.12/site-packages/dwb_msgs/msg/_trajectory2_d.py
[10.253s] -- Up-to-date symlink: /home/brilliant/ros2_ws/install/dwb_msgs/lib/python3.12/site-packages/dwb_msgs/msg/_trajectory2_d_s.c
[10.253s] -- Up-to-date symlink: /home/brilliant/ros2_ws/install/dwb_msgs/lib/python3.12/site-packages/dwb_msgs/msg/_trajectory_score.py
[10.255s] -- Up-to-date symlink: /home/brilliant/ros2_ws/install/dwb_msgs/lib/python3.12/site-packages/dwb_msgs/msg/_trajectory_score_s.c
[10.258s] -- Up-to-date symlink: /home/brilliant/ros2_ws/install/dwb_msgs/lib/python3.12/site-packages/dwb_msgs/srv/__init__.py
[10.259s] -- Up-to-date symlink: /home/brilliant/ros2_ws/install/dwb_msgs/lib/python3.12/site-packages/dwb_msgs/srv/_debug_local_plan.py
[10.265s] -- Up-to-date symlink: /home/brilliant/ros2_ws/install/dwb_msgs/lib/python3.12/site-packages/dwb_msgs/srv/_debug_local_plan_s.c
[10.265s] -- Up-to-date symlink: /home/brilliant/ros2_ws/install/dwb_msgs/lib/python3.12/site-packages/dwb_msgs/srv/_generate_trajectory.py
[10.265s] -- Up-to-date symlink: /home/brilliant/ros2_ws/install/dwb_msgs/lib/python3.12/site-packages/dwb_msgs/srv/_generate_trajectory_s.c
[10.266s] -- Up-to-date symlink: /home/brilliant/ros2_ws/install/dwb_msgs/lib/python3.12/site-packages/dwb_msgs/srv/_generate_twists.py
[10.266s] -- Up-to-date symlink: /home/brilliant/ros2_ws/install/dwb_msgs/lib/python3.12/site-packages/dwb_msgs/srv/_generate_twists_s.c
[10.269s] -- Up-to-date symlink: /home/brilliant/ros2_ws/install/dwb_msgs/lib/python3.12/site-packages/dwb_msgs/srv/_get_critic_score.py
[10.273s] -- Up-to-date symlink: /home/brilliant/ros2_ws/install/dwb_msgs/lib/python3.12/site-packages/dwb_msgs/srv/_get_critic_score_s.c
[10.278s] -- Up-to-date symlink: /home/brilliant/ros2_ws/install/dwb_msgs/lib/python3.12/site-packages/dwb_msgs/srv/_score_trajectory.py
[10.278s] -- Up-to-date symlink: /home/brilliant/ros2_ws/install/dwb_msgs/lib/python3.12/site-packages/dwb_msgs/srv/_score_trajectory_s.c
[10.281s] -- Up-to-date symlink: /home/brilliant/ros2_ws/install/dwb_msgs/lib/python3.12/site-packages/dwb_msgs/dwb_msgs_s__rosidl_typesupport_fastrtps_c.so
[10.287s] -- Up-to-date symlink: /home/brilliant/ros2_ws/install/dwb_msgs/lib/python3.12/site-packages/dwb_msgs/dwb_msgs_s__rosidl_typesupport_introspection_c.so
[10.287s] -- Up-to-date symlink: /home/brilliant/ros2_ws/install/dwb_msgs/lib/python3.12/site-packages/dwb_msgs/dwb_msgs_s__rosidl_typesupport_c.so
[10.290s] -- Up-to-date symlink: /home/brilliant/ros2_ws/install/dwb_msgs/share/dwb_msgs/msg/CriticScore.idl
[10.294s] -- Up-to-date symlink: /home/brilliant/ros2_ws/install/dwb_msgs/share/dwb_msgs/msg/LocalPlanEvaluation.idl
[10.295s] -- Up-to-date symlink: /home/brilliant/ros2_ws/install/dwb_msgs/share/dwb_msgs/msg/Trajectory2D.idl
[10.295s] -- Up-to-date symlink: /home/brilliant/ros2_ws/install/dwb_msgs/share/dwb_msgs/msg/TrajectoryScore.idl
[10.295s] -- Up-to-date symlink: /home/brilliant/ros2_ws/install/dwb_msgs/share/dwb_msgs/srv/DebugLocalPlan.idl
[10.301s] -- Up-to-date symlink: /home/brilliant/ros2_ws/install/dwb_msgs/share/dwb_msgs/srv/GenerateTrajectory.idl
[10.302s] -- Up-to-date symlink: /home/brilliant/ros2_ws/install/dwb_msgs/share/dwb_msgs/srv/GenerateTwists.idl
[10.302s] -- Up-to-date symlink: /home/brilliant/ros2_ws/install/dwb_msgs/share/dwb_msgs/srv/GetCriticScore.idl
[10.304s] -- Up-to-date symlink: /home/brilliant/ros2_ws/install/dwb_msgs/share/dwb_msgs/srv/ScoreTrajectory.idl
[10.307s] -- Up-to-date symlink: /home/brilliant/ros2_ws/install/dwb_msgs/share/dwb_msgs/msg/CriticScore.msg
[10.310s] -- Up-to-date symlink: /home/brilliant/ros2_ws/install/dwb_msgs/share/dwb_msgs/msg/LocalPlanEvaluation.msg
[10.311s] -- Up-to-date symlink: /home/brilliant/ros2_ws/install/dwb_msgs/share/dwb_msgs/msg/Trajectory2D.msg
[10.312s] -- Up-to-date symlink: /home/brilliant/ros2_ws/install/dwb_msgs/share/dwb_msgs/msg/TrajectoryScore.msg
[10.313s] -- Up-to-date symlink: /home/brilliant/ros2_ws/install/dwb_msgs/share/dwb_msgs/srv/DebugLocalPlan.srv
[10.316s] -- Up-to-date symlink: /home/brilliant/ros2_ws/install/dwb_msgs/share/dwb_msgs/srv/GenerateTrajectory.srv
[10.318s] -- Up-to-date symlink: /home/brilliant/ros2_ws/install/dwb_msgs/share/dwb_msgs/srv/GenerateTwists.srv
[10.320s] -- Up-to-date symlink: /home/brilliant/ros2_ws/install/dwb_msgs/share/dwb_msgs/srv/GetCriticScore.srv
[10.320s] -- Up-to-date symlink: /home/brilliant/ros2_ws/install/dwb_msgs/share/dwb_msgs/srv/ScoreTrajectory.srv
[10.321s] -- Up-to-date symlink: /home/brilliant/ros2_ws/install/dwb_msgs/share/ament_index/resource_index/package_run_dependencies/dwb_msgs
[10.326s] -- Up-to-date symlink: /home/brilliant/ros2_ws/install/dwb_msgs/share/ament_index/resource_index/parent_prefix_path/dwb_msgs
[10.327s] -- Up-to-date symlink: /home/brilliant/ros2_ws/install/dwb_msgs/share/dwb_msgs/environment/ament_prefix_path.sh
[10.327s] -- Up-to-date symlink: /home/brilliant/ros2_ws/install/dwb_msgs/share/dwb_msgs/environment/ament_prefix_path.dsv
[10.327s] -- Up-to-date symlink: /home/brilliant/ros2_ws/install/dwb_msgs/share/dwb_msgs/environment/path.sh
[10.328s] -- Up-to-date symlink: /home/brilliant/ros2_ws/install/dwb_msgs/share/dwb_msgs/environment/path.dsv
[10.334s] -- Up-to-date symlink: /home/brilliant/ros2_ws/install/dwb_msgs/share/dwb_msgs/local_setup.bash
[10.335s] -- Up-to-date symlink: /home/brilliant/ros2_ws/install/dwb_msgs/share/dwb_msgs/local_setup.sh
[10.338s] -- Up-to-date symlink: /home/brilliant/ros2_ws/install/dwb_msgs/share/dwb_msgs/local_setup.zsh
[10.338s] -- Up-to-date symlink: /home/brilliant/ros2_ws/install/dwb_msgs/share/dwb_msgs/local_setup.dsv
[10.341s] -- Symlinking: /home/brilliant/ros2_ws/install/dwb_msgs/share/dwb_msgs/package.dsv
[10.495s] -- Up-to-date symlink: /home/brilliant/ros2_ws/install/dwb_msgs/share/ament_index/resource_index/packages/dwb_msgs
[10.497s] -- Up-to-date symlink: /home/brilliant/ros2_ws/install/dwb_msgs/share/dwb_msgs/cmake/rosidl_cmake-extras.cmake
[10.505s] -- Up-to-date symlink: /home/brilliant/ros2_ws/install/dwb_msgs/share/dwb_msgs/cmake/ament_cmake_export_dependencies-extras.cmake
[10.508s] -- Up-to-date symlink: /home/brilliant/ros2_ws/install/dwb_msgs/share/dwb_msgs/cmake/ament_cmake_export_include_directories-extras.cmake
[10.509s] -- Up-to-date symlink: /home/brilliant/ros2_ws/install/dwb_msgs/share/dwb_msgs/cmake/ament_cmake_export_libraries-extras.cmake
[10.512s] -- Up-to-date symlink: /home/brilliant/ros2_ws/install/dwb_msgs/share/dwb_msgs/cmake/ament_cmake_export_targets-extras.cmake
[10.520s] -- Up-to-date symlink: /home/brilliant/ros2_ws/install/dwb_msgs/share/dwb_msgs/cmake/rosidl_cmake_export_typesupport_targets-extras.cmake
[10.526s] -- Up-to-date symlink: /home/brilliant/ros2_ws/install/dwb_msgs/share/dwb_msgs/cmake/rosidl_cmake_export_typesupport_libraries-extras.cmake
[10.529s] -- Up-to-date symlink: /home/brilliant/ros2_ws/install/dwb_msgs/share/dwb_msgs/cmake/dwb_msgsConfig.cmake
[10.532s] -- Up-to-date symlink: /home/brilliant/ros2_ws/install/dwb_msgs/share/dwb_msgs/cmake/dwb_msgsConfig-version.cmake
[10.536s] -- Up-to-date symlink: /home/brilliant/ros2_ws/install/dwb_msgs/share/dwb_msgs/package.xml
[10.539s] -- Up-to-date: /home/brilliant/ros2_ws/install/dwb_msgs/lib/libdwb_msgs__rosidl_generator_c.so
[10.552s] -- Up-to-date: /home/brilliant/ros2_ws/install/dwb_msgs/lib/libdwb_msgs__rosidl_typesupport_fastrtps_c.so
[10.560s] -- Up-to-date: /home/brilliant/ros2_ws/install/dwb_msgs/lib/libdwb_msgs__rosidl_typesupport_fastrtps_cpp.so
[10.573s] -- Up-to-date: /home/brilliant/ros2_ws/install/dwb_msgs/lib/libdwb_msgs__rosidl_typesupport_introspection_c.so
[10.574s] -- Up-to-date: /home/brilliant/ros2_ws/install/dwb_msgs/lib/libdwb_msgs__rosidl_typesupport_c.so
[10.586s] -- Up-to-date: /home/brilliant/ros2_ws/install/dwb_msgs/lib/libdwb_msgs__rosidl_typesupport_introspection_cpp.so
[10.594s] -- Up-to-date: /home/brilliant/ros2_ws/install/dwb_msgs/lib/libdwb_msgs__rosidl_typesupport_cpp.so
[11.090s] Listing '/home/brilliant/ros2_ws/install/dwb_msgs/lib/python3.12/site-packages/dwb_msgs'...
[11.093s] Listing '/home/brilliant/ros2_ws/install/dwb_msgs/lib/python3.12/site-packages/dwb_msgs/msg'...
[11.095s] Listing '/home/brilliant/ros2_ws/install/dwb_msgs/lib/python3.12/site-packages/dwb_msgs/srv'...
[11.125s] -- Up-to-date: /home/brilliant/ros2_ws/install/dwb_msgs/lib/libdwb_msgs__rosidl_generator_py.so
[11.132s] -- Up-to-date: /home/brilliant/ros2_ws/install/dwb_msgs/share/dwb_msgs/cmake/export_dwb_msgs__rosidl_generator_cExport.cmake
[11.132s] -- Up-to-date: /home/brilliant/ros2_ws/install/dwb_msgs/share/dwb_msgs/cmake/export_dwb_msgs__rosidl_generator_cExport-noconfig.cmake
[11.136s] -- Up-to-date: /home/brilliant/ros2_ws/install/dwb_msgs/share/dwb_msgs/cmake/export_dwb_msgs__rosidl_typesupport_fastrtps_cExport.cmake
[11.136s] -- Up-to-date: /home/brilliant/ros2_ws/install/dwb_msgs/share/dwb_msgs/cmake/export_dwb_msgs__rosidl_typesupport_fastrtps_cExport-noconfig.cmake
[11.138s] -- Up-to-date: /home/brilliant/ros2_ws/install/dwb_msgs/share/dwb_msgs/cmake/export_dwb_msgs__rosidl_generator_cppExport.cmake
[11.150s] -- Up-to-date: /home/brilliant/ros2_ws/install/dwb_msgs/share/dwb_msgs/cmake/export_dwb_msgs__rosidl_typesupport_fastrtps_cppExport.cmake
[11.150s] -- Up-to-date: /home/brilliant/ros2_ws/install/dwb_msgs/share/dwb_msgs/cmake/export_dwb_msgs__rosidl_typesupport_fastrtps_cppExport-noconfig.cmake
[11.150s] -- Up-to-date: /home/brilliant/ros2_ws/install/dwb_msgs/share/dwb_msgs/cmake/dwb_msgs__rosidl_typesupport_introspection_cExport.cmake
[11.151s] -- Up-to-date: /home/brilliant/ros2_ws/install/dwb_msgs/share/dwb_msgs/cmake/dwb_msgs__rosidl_typesupport_introspection_cExport-noconfig.cmake
[11.151s] -- Up-to-date: /home/brilliant/ros2_ws/install/dwb_msgs/share/dwb_msgs/cmake/dwb_msgs__rosidl_typesupport_cExport.cmake
[11.151s] -- Up-to-date: /home/brilliant/ros2_ws/install/dwb_msgs/share/dwb_msgs/cmake/dwb_msgs__rosidl_typesupport_cExport-noconfig.cmake
[11.151s] -- Up-to-date: /home/brilliant/ros2_ws/install/dwb_msgs/share/dwb_msgs/cmake/dwb_msgs__rosidl_typesupport_introspection_cppExport.cmake
[11.152s] -- Up-to-date: /home/brilliant/ros2_ws/install/dwb_msgs/share/dwb_msgs/cmake/dwb_msgs__rosidl_typesupport_introspection_cppExport-noconfig.cmake
[11.156s] -- Up-to-date: /home/brilliant/ros2_ws/install/dwb_msgs/share/dwb_msgs/cmake/dwb_msgs__rosidl_typesupport_cppExport.cmake
[11.159s] -- Up-to-date: /home/brilliant/ros2_ws/install/dwb_msgs/share/dwb_msgs/cmake/dwb_msgs__rosidl_typesupport_cppExport-noconfig.cmake
[11.161s] -- Up-to-date: /home/brilliant/ros2_ws/install/dwb_msgs/share/dwb_msgs/cmake/export_dwb_msgs__rosidl_generator_pyExport.cmake
[11.162s] -- Up-to-date: /home/brilliant/ros2_ws/install/dwb_msgs/share/dwb_msgs/cmake/export_dwb_msgs__rosidl_generator_pyExport-noconfig.cmake
[11.174s] Invoked command in '/home/brilliant/ros2_ws/build/dwb_msgs' returned '0': CMAKE_PREFIX_PATH=/home/brilliant/ros2_ws/install/nav_2d_msgs:/home/brilliant/ros2_ws/install/sllidar_ros2:/home/brilliant/ros2_ws/install/serial:/home/brilliant/ros2_ws/install/nav2_system_tests:/home/brilliant/ros2_ws/install/nav2_bringup:/home/brilliant/ros2_ws/install/navigation2:/home/brilliant/ros2_ws/install/opennav_docking:/home/brilliant/ros2_ws/install/opennav_docking_core:/home/brilliant/ros2_ws/install/opennav_docking_bt:/home/brilliant/ros2_ws/install/nav2_smoother:/home/brilliant/ros2_ws/install/nav2_rotation_shim_controller:/home/brilliant/ros2_ws/install/nav2_graceful_controller:/home/brilliant/ros2_ws/install/nav2_dwb_controller:/home/brilliant/ros2_ws/install/nav2_controller:/home/brilliant/ros2_ws/install/dwb_plugins:/home/brilliant/ros2_ws/install/dwb_critics:/home/brilliant/ros2_ws/install/dwb_core:/home/brilliant/ros2_ws/install/nav_2d_utils:/home/brilliant/ros2_ws/install/dwb_msgs:/home/brilliant/ros2_ws/install/nav2_waypoint_follower:/home/brilliant/ros2_ws/install/nav2_theta_star_planner:/home/brilliant/ros2_ws/install/nav2_smac_planner:/home/brilliant/ros2_ws/install/nav2_regulated_pure_pursuit_controller:/home/brilliant/ros2_ws/install/nav2_planner:/home/brilliant/ros2_ws/install/nav2_navfn_planner:/home/brilliant/ros2_ws/install/nav2_mppi_controller:/home/brilliant/ros2_ws/install/nav2_constrained_smoother:/home/brilliant/ros2_ws/install/nav2_bt_navigator:/home/brilliant/ros2_ws/install/nav2_behaviors:/home/brilliant/ros2_ws/install/nav2_core:/home/brilliant/ros2_ws/install/nav2_collision_monitor:/home/brilliant/ros2_ws/install/costmap_queue:/home/brilliant/ros2_ws/install/nav2_costmap_2d:/home/brilliant/ros2_ws/install/nav2_voxel_grid:/home/brilliant/ros2_ws/install/nav2_velocity_smoother:/home/brilliant/ros2_ws/install/nav2_rviz_plugins:/home/brilliant/ros2_ws/install/nav2_map_server:/home/brilliant/ros2_ws/install/nav2_lifecycle_manager:/home/brilliant/ros2_ws/install/nav2_behavior_tree:/home/brilliant/ros2_ws/install/nav2_amcl:/home/brilliant/ros2_ws/install/nav2_util:/home/brilliant/ros2_ws/install/nav2_msgs:/home/brilliant/ros2_ws/install/nav2_common:/home/brilliant/ros2_ws/install/minibot:/home/brilliant/ros2_ws/install/diffdrive_arduino:/opt/ros/jazzy/opt/gz_sim_vendor:/opt/ros/jazzy/opt/gz_sensors_vendor:/opt/ros/jazzy/opt/gz_physics_vendor:/opt/ros/jazzy/opt/sdformat_vendor:/opt/ros/jazzy/opt/gz_gui_vendor:/opt/ros/jazzy/opt/gz_transport_vendor:/opt/ros/jazzy/opt/gz_rendering_vendor:/opt/ros/jazzy/opt/gz_plugin_vendor:/opt/ros/jazzy/opt/gz_fuel_tools_vendor:/opt/ros/jazzy/opt/gz_msgs_vendor:/opt/ros/jazzy/opt/gz_common_vendor:/opt/ros/jazzy/opt/gz_math_vendor:/opt/ros/jazzy/opt/gz_utils_vendor:/opt/ros/jazzy/opt/gz_tools_vendor:/opt/ros/jazzy/opt/gz_ogre_next_vendor:/opt/ros/jazzy/opt/gz_dartsim_vendor:/opt/ros/jazzy/opt/gz_cmake_vendor:/home/brilliant/ros2_ws/install/twist_stamper:/home/brilliant/ros2_ws/install/nav2_simple_commander:/home/brilliant/ros2_ws/install/nav2_loopback_sim:/opt/ros/jazzy DEBUGINFOD_URLS=https://debuginfod.ubuntu.com LD_LIBRARY_PATH=/home/brilliant/ros2_ws/install/nav_2d_msgs/lib:/home/brilliant/ros2_ws/install/serial/lib:/home/brilliant/ros2_ws/install/nav2_system_tests/lib:/home/brilliant/ros2_ws/install/opennav_docking/lib:/home/brilliant/ros2_ws/install/opennav_docking_bt/lib:/home/brilliant/ros2_ws/install/nav2_smoother/lib:/home/brilliant/ros2_ws/install/nav2_rotation_shim_controller/lib:/home/brilliant/ros2_ws/install/nav2_graceful_controller/lib:/home/brilliant/ros2_ws/install/nav2_controller/lib:/home/brilliant/ros2_ws/install/dwb_plugins/lib:/home/brilliant/ros2_ws/install/dwb_critics/lib:/home/brilliant/ros2_ws/install/dwb_core/lib:/home/brilliant/ros2_ws/install/nav_2d_utils/lib:/home/brilliant/ros2_ws/install/dwb_msgs/lib:/home/brilliant/ros2_ws/install/nav2_waypoint_follower/lib:/home/brilliant/ros2_ws/install/nav2_theta_star_planner/lib:/home/brilliant/ros2_ws/install/nav2_smac_planner/lib:/home/brilliant/ros2_ws/install/nav2_regulated_pure_pursuit_controller/lib:/home/brilliant/ros2_ws/install/nav2_planner/lib:/home/brilliant/ros2_ws/install/nav2_navfn_planner/lib:/home/brilliant/ros2_ws/install/nav2_mppi_controller/lib:/home/brilliant/ros2_ws/install/nav2_constrained_smoother/lib:/home/brilliant/ros2_ws/install/nav2_bt_navigator/lib:/home/brilliant/ros2_ws/install/nav2_behaviors/lib:/home/brilliant/ros2_ws/install/nav2_collision_monitor/lib:/home/brilliant/ros2_ws/install/costmap_queue/lib:/home/brilliant/ros2_ws/install/nav2_costmap_2d/lib:/home/brilliant/ros2_ws/install/nav2_voxel_grid/lib:/home/brilliant/ros2_ws/install/nav2_velocity_smoother/lib:/home/brilliant/ros2_ws/install/nav2_rviz_plugins/lib:/home/brilliant/ros2_ws/install/nav2_map_server/lib:/home/brilliant/ros2_ws/install/nav2_lifecycle_manager/lib:/home/brilliant/ros2_ws/install/nav2_behavior_tree/lib:/home/brilliant/ros2_ws/install/nav2_amcl/lib:/home/brilliant/ros2_ws/install/nav2_util/lib:/home/brilliant/ros2_ws/install/nav2_msgs/lib:/home/brilliant/ros2_ws/install/diffdrive_arduino/lib:/opt/ros/jazzy/opt/gz_sim_vendor/lib:/opt/ros/jazzy/opt/gz_sensors_vendor/lib:/opt/ros/jazzy/opt/gz_physics_vendor/lib:/opt/ros/jazzy/opt/sdformat_vendor/lib:/opt/ros/jazzy/opt/rviz_ogre_vendor/lib:/opt/ros/jazzy/lib/x86_64-linux-gnu:/opt/ros/jazzy/opt/gz_gui_vendor/lib:/opt/ros/jazzy/opt/gz_transport_vendor/lib:/opt/ros/jazzy/opt/gz_rendering_vendor/lib:/opt/ros/jazzy/opt/gz_plugin_vendor/lib:/opt/ros/jazzy/opt/gz_fuel_tools_vendor/lib:/opt/ros/jazzy/opt/gz_msgs_vendor/lib:/opt/ros/jazzy/opt/gz_common_vendor/lib:/opt/ros/jazzy/opt/gz_math_vendor/lib:/opt/ros/jazzy/opt/gz_utils_vendor/lib:/opt/ros/jazzy/opt/gz_tools_vendor/lib:/opt/ros/jazzy/opt/gz_ogre_next_vendor/lib:/opt/ros/jazzy/opt/gz_dartsim_vendor/lib:/opt/ros/jazzy/opt/gz_cmake_vendor/lib:/opt/ros/jazzy/lib PYTHONPATH=/home/brilliant/ros2_ws/install/nav_2d_msgs/lib/python3.12/site-packages:/home/brilliant/ros2_ws/build/twist_stamper:/home/brilliant/ros2_ws/install/twist_stamper/lib/python3.12/site-packages:/home/brilliant/ros2_ws/install/dwb_msgs/lib/python3.12/site-packages:/home/brilliant/ros2_ws/build/nav2_simple_commander:/home/brilliant/ros2_ws/install/nav2_simple_commander/lib/python3.12/site-packages:/home/brilliant/ros2_ws/install/nav2_msgs/lib/python3.12/site-packages:/home/brilliant/ros2_ws/build/nav2_loopback_sim:/home/brilliant/ros2_ws/install/nav2_loopback_sim/lib/python3.12/site-packages:/home/brilliant/ros2_ws/install/nav2_common/lib/python3.12/site-packages:/opt/ros/jazzy/lib/python3.12/site-packages /usr/bin/cmake --install /home/brilliant/ros2_ws/build/dwb_msgs
