[0.108s] Invoking command in '/home/brilliant/ros2_ws/build/nav2_common': CMAKE_PREFIX_PATH=${CMAKE_PREFIX_PATH}:/home/brilliant/ros2_ws/install/twist_stamper:/home/brilliant/ros2_ws/install/nav2_simple_commander:/home/brilliant/ros2_ws/install/nav2_loopback_sim:/opt/ros/jazzy DEBUGINFOD_URLS=https://debuginfod.ubuntu.com /usr/bin/cmake --build /home/brilliant/ros2_ws/build/nav2_common -- -j4 -l4
[0.370s] Built target ament_cmake_python_symlink_nav2_common
[1.460s] running egg_info
[1.540s] writing nav2_common.egg-info/PKG-INFO
[1.541s] writing dependency_links to nav2_common.egg-info/dependency_links.txt
[1.541s] writing top-level names to nav2_common.egg-info/top_level.txt
[1.812s] reading manifest file 'nav2_common.egg-info/SOURCES.txt'
[1.817s] writing manifest file 'nav2_common.egg-info/SOURCES.txt'
[1.963s] Built target ament_cmake_python_build_nav2_common_egg
[2.070s] Invoked command in '/home/brilliant/ros2_ws/build/nav2_common' returned '0': CMAKE_PREFIX_PATH=${CMAKE_PREFIX_PATH}:/home/brilliant/ros2_ws/install/twist_stamper:/home/brilliant/ros2_ws/install/nav2_simple_commander:/home/brilliant/ros2_ws/install/nav2_loopback_sim:/opt/ros/jazzy DEBUGINFOD_URLS=https://debuginfod.ubuntu.com /usr/bin/cmake --build /home/brilliant/ros2_ws/build/nav2_common -- -j4 -l4
[2.077s] Invoking command in '/home/brilliant/ros2_ws/build/nav2_common': CMAKE_PREFIX_PATH=${CMAKE_PREFIX_PATH}:/home/brilliant/ros2_ws/install/twist_stamper:/home/brilliant/ros2_ws/install/nav2_simple_commander:/home/brilliant/ros2_ws/install/nav2_loopback_sim:/opt/ros/jazzy DEBUGINFOD_URLS=https://debuginfod.ubuntu.com /usr/bin/cmake --install /home/brilliant/ros2_ws/build/nav2_common
[2.148s] -- Install configuration: ""
[2.153s] -- Execute custom install script
[2.158s] -- Up-to-date symlink: /home/brilliant/ros2_ws/install/nav2_common/share/nav2_common/environment/pythonpath.sh
[2.165s] -- Up-to-date symlink: /home/brilliant/ros2_ws/install/nav2_common/share/nav2_common/environment/pythonpath.dsv
[2.165s] -- Up-to-date symlink: /home/brilliant/ros2_ws/install/nav2_common/lib/python3.12/site-packages/nav2_common-1.3.7-py3.12.egg-info/PKG-INFO
[2.166s] -- Up-to-date symlink: /home/brilliant/ros2_ws/install/nav2_common/lib/python3.12/site-packages/nav2_common-1.3.7-py3.12.egg-info/SOURCES.txt
[2.166s] -- Up-to-date symlink: /home/brilliant/ros2_ws/install/nav2_common/lib/python3.12/site-packages/nav2_common-1.3.7-py3.12.egg-info/dependency_links.txt
[2.166s] -- Up-to-date symlink: /home/brilliant/ros2_ws/install/nav2_common/lib/python3.12/site-packages/nav2_common-1.3.7-py3.12.egg-info/top_level.txt
[2.181s] -- Up-to-date symlink: /home/brilliant/ros2_ws/install/nav2_common/lib/python3.12/site-packages/nav2_common/__init__.py
[2.181s] -- Up-to-date symlink: /home/brilliant/ros2_ws/install/nav2_common/lib/python3.12/site-packages/nav2_common/launch/__init__.py
[2.181s] -- Up-to-date symlink: /home/brilliant/ros2_ws/install/nav2_common/lib/python3.12/site-packages/nav2_common/launch/has_node_params.py
[2.182s] -- Up-to-date symlink: /home/brilliant/ros2_ws/install/nav2_common/lib/python3.12/site-packages/nav2_common/launch/parse_multirobot_pose.py
[2.185s] -- Up-to-date symlink: /home/brilliant/ros2_ws/install/nav2_common/lib/python3.12/site-packages/nav2_common/launch/replace_string.py
[2.188s] -- Up-to-date symlink: /home/brilliant/ros2_ws/install/nav2_common/lib/python3.12/site-packages/nav2_common/launch/rewritten_yaml.py
[2.189s] -- Up-to-date symlink: /home/brilliant/ros2_ws/install/nav2_common/share/ament_index/resource_index/package_run_dependencies/nav2_common
[2.192s] -- Up-to-date symlink: /home/brilliant/ros2_ws/install/nav2_common/share/ament_index/resource_index/parent_prefix_path/nav2_common
[2.193s] -- Up-to-date symlink: /home/brilliant/ros2_ws/install/nav2_common/share/nav2_common/environment/ament_prefix_path.sh
[2.199s] -- Up-to-date symlink: /home/brilliant/ros2_ws/install/nav2_common/share/nav2_common/environment/ament_prefix_path.dsv
[2.201s] -- Up-to-date symlink: /home/brilliant/ros2_ws/install/nav2_common/share/nav2_common/environment/path.sh
[2.201s] -- Up-to-date symlink: /home/brilliant/ros2_ws/install/nav2_common/share/nav2_common/environment/path.dsv
[2.203s] -- Up-to-date symlink: /home/brilliant/ros2_ws/install/nav2_common/share/nav2_common/local_setup.bash
[2.205s] -- Up-to-date symlink: /home/brilliant/ros2_ws/install/nav2_common/share/nav2_common/local_setup.sh
[2.208s] -- Up-to-date symlink: /home/brilliant/ros2_ws/install/nav2_common/share/nav2_common/local_setup.zsh
[2.208s] -- Up-to-date symlink: /home/brilliant/ros2_ws/install/nav2_common/share/nav2_common/local_setup.dsv
[2.209s] -- Symlinking: /home/brilliant/ros2_ws/install/nav2_common/share/nav2_common/package.dsv
[2.314s] -- Up-to-date symlink: /home/brilliant/ros2_ws/install/nav2_common/share/ament_index/resource_index/packages/nav2_common
[2.316s] -- Up-to-date symlink: /home/brilliant/ros2_ws/install/nav2_common/share/nav2_common/cmake/nav2_common-extras.cmake
[2.319s] -- Up-to-date symlink: /home/brilliant/ros2_ws/install/nav2_common/share/nav2_common/cmake/nav2_commonConfig.cmake
[2.323s] -- Up-to-date symlink: /home/brilliant/ros2_ws/install/nav2_common/share/nav2_common/cmake/nav2_commonConfig-version.cmake
[2.342s] -- Up-to-date symlink: /home/brilliant/ros2_ws/install/nav2_common/share/nav2_common/package.xml
[2.343s] -- Up-to-date symlink: /home/brilliant/ros2_ws/install/nav2_common/share/nav2_common/cmake/nav2_package.cmake
[2.625s] Listing '/home/brilliant/ros2_ws/install/nav2_common/lib/python3.12/site-packages/nav2_common'...
[2.625s] Listing '/home/brilliant/ros2_ws/install/nav2_common/lib/python3.12/site-packages/nav2_common/launch'...
[2.677s] Invoked command in '/home/brilliant/ros2_ws/build/nav2_common' returned '0': CMAKE_PREFIX_PATH=${CMAKE_PREFIX_PATH}:/home/brilliant/ros2_ws/install/twist_stamper:/home/brilliant/ros2_ws/install/nav2_simple_commander:/home/brilliant/ros2_ws/install/nav2_loopback_sim:/opt/ros/jazzy DEBUGINFOD_URLS=https://debuginfod.ubuntu.com /usr/bin/cmake --install /home/brilliant/ros2_ws/build/nav2_common
