[0.077s] Invoking command in '/home/brilliant/ros2_ws/build/nav_2d_msgs': CMAKE_PREFIX_PATH=${CMAKE_PREFIX_PATH}:/home/brilliant/ros2_ws/install/twist_stamper:/home/brilliant/ros2_ws/install/nav2_simple_commander:/home/brilliant/ros2_ws/install/nav2_loopback_sim:/opt/ros/jazzy DEBUGINFOD_URLS=https://debuginfod.ubuntu.com /usr/bin/cmake --build /home/brilliant/ros2_ws/build/nav_2d_msgs -- -j4 -l4
[0.375s] [  1%] Built target nav_2d_msgs__rosidl_generator_type_description
[0.501s] [  1%] Built target ament_cmake_python_symlink_nav_2d_msgs
[0.780s] [ 25%] Built target nav_2d_msgs__rosidl_generator_c
[1.869s] running egg_info
[1.959s] writing nav_2d_msgs.egg-info/PKG-INFO
[1.960s] writing dependency_links to nav_2d_msgs.egg-info/dependency_links.txt
[1.960s] writing top-level names to nav_2d_msgs.egg-info/top_level.txt
[2.308s] reading manifest file 'nav_2d_msgs.egg-info/SOURCES.txt'
[2.310s] writing manifest file 'nav_2d_msgs.egg-info/SOURCES.txt'
[2.510s] [ 25%] Built target ament_cmake_python_build_nav_2d_msgs_egg
[2.698s] [ 34%] Built target nav_2d_msgs__rosidl_typesupport_c
[2.828s] [ 44%] Built target nav_2d_msgs__rosidl_typesupport_fastrtps_c
[2.982s] [ 53%] Built target nav_2d_msgs__rosidl_typesupport_introspection_c
[3.110s] [ 54%] Built target nav_2d_msgs__cpp
[3.296s] [ 64%] Built target nav_2d_msgs__rosidl_typesupport_fastrtps_cpp
[3.444s] [ 73%] Built target nav_2d_msgs__rosidl_typesupport_cpp
[3.577s] [ 83%] Built target nav_2d_msgs__rosidl_typesupport_introspection_cpp
[3.689s] [ 83%] Built target nav_2d_msgs
[3.844s] [ 84%] Built target nav_2d_msgs__py
[4.046s] [ 92%] Built target nav_2d_msgs__rosidl_generator_py
[4.223s] [ 95%] Built target nav_2d_msgs_s__rosidl_typesupport_fastrtps_c
[4.447s] [ 97%] Built target nav_2d_msgs_s__rosidl_typesupport_c
[4.579s] [100%] Built target nav_2d_msgs_s__rosidl_typesupport_introspection_c
[4.735s] Invoked command in '/home/brilliant/ros2_ws/build/nav_2d_msgs' returned '0': CMAKE_PREFIX_PATH=${CMAKE_PREFIX_PATH}:/home/brilliant/ros2_ws/install/twist_stamper:/home/brilliant/ros2_ws/install/nav2_simple_commander:/home/brilliant/ros2_ws/install/nav2_loopback_sim:/opt/ros/jazzy DEBUGINFOD_URLS=https://debuginfod.ubuntu.com /usr/bin/cmake --build /home/brilliant/ros2_ws/build/nav_2d_msgs -- -j4 -l4
[4.740s] Invoking command in '/home/brilliant/ros2_ws/build/nav_2d_msgs': CMAKE_PREFIX_PATH=${CMAKE_PREFIX_PATH}:/home/brilliant/ros2_ws/install/twist_stamper:/home/brilliant/ros2_ws/install/nav2_simple_commander:/home/brilliant/ros2_ws/install/nav2_loopback_sim:/opt/ros/jazzy DEBUGINFOD_URLS=https://debuginfod.ubuntu.com /usr/bin/cmake --install /home/brilliant/ros2_ws/build/nav_2d_msgs
[4.832s] -- Install configuration: ""
[4.835s] -- Execute custom install script
[4.836s] -- Up-to-date symlink: /home/brilliant/ros2_ws/install/nav_2d_msgs/share/ament_index/resource_index/rosidl_interfaces/nav_2d_msgs
[4.838s] -- Up-to-date symlink: /home/brilliant/ros2_ws/install/nav_2d_msgs/share/nav_2d_msgs/msg/Path2D.json
[4.838s] -- Up-to-date symlink: /home/brilliant/ros2_ws/install/nav_2d_msgs/share/nav_2d_msgs/msg/Pose2D32.json
[4.838s] -- Up-to-date symlink: /home/brilliant/ros2_ws/install/nav_2d_msgs/share/nav_2d_msgs/msg/Pose2DStamped.json
[4.839s] -- Up-to-date symlink: /home/brilliant/ros2_ws/install/nav_2d_msgs/share/nav_2d_msgs/msg/Twist2D.json
[4.841s] -- Up-to-date symlink: /home/brilliant/ros2_ws/install/nav_2d_msgs/share/nav_2d_msgs/msg/Twist2D32.json
[4.844s] -- Up-to-date symlink: /home/brilliant/ros2_ws/install/nav_2d_msgs/share/nav_2d_msgs/msg/Twist2DStamped.json
[4.860s] -- Up-to-date symlink: /home/brilliant/ros2_ws/install/nav_2d_msgs/include/nav_2d_msgs/nav_2d_msgs/msg/detail/path2_d__functions.h
[4.861s] -- Up-to-date symlink: /home/brilliant/ros2_ws/install/nav_2d_msgs/include/nav_2d_msgs/nav_2d_msgs/msg/detail/path2_d__struct.h
[4.861s] -- Up-to-date symlink: /home/brilliant/ros2_ws/install/nav_2d_msgs/include/nav_2d_msgs/nav_2d_msgs/msg/detail/path2_d__type_support.h
[4.861s] -- Up-to-date symlink: /home/brilliant/ros2_ws/install/nav_2d_msgs/include/nav_2d_msgs/nav_2d_msgs/msg/detail/pose2_d32__functions.h
[4.862s] -- Up-to-date symlink: /home/brilliant/ros2_ws/install/nav_2d_msgs/include/nav_2d_msgs/nav_2d_msgs/msg/detail/pose2_d32__struct.h
[4.862s] -- Up-to-date symlink: /home/brilliant/ros2_ws/install/nav_2d_msgs/include/nav_2d_msgs/nav_2d_msgs/msg/detail/pose2_d32__type_support.h
[4.862s] -- Up-to-date symlink: /home/brilliant/ros2_ws/install/nav_2d_msgs/include/nav_2d_msgs/nav_2d_msgs/msg/detail/pose2_d_stamped__functions.h
[4.865s] -- Up-to-date symlink: /home/brilliant/ros2_ws/install/nav_2d_msgs/include/nav_2d_msgs/nav_2d_msgs/msg/detail/pose2_d_stamped__struct.h
[4.866s] -- Up-to-date symlink: /home/brilliant/ros2_ws/install/nav_2d_msgs/include/nav_2d_msgs/nav_2d_msgs/msg/detail/pose2_d_stamped__type_support.h
[4.867s] -- Up-to-date symlink: /home/brilliant/ros2_ws/install/nav_2d_msgs/include/nav_2d_msgs/nav_2d_msgs/msg/detail/twist2_d32__functions.h
[4.867s] -- Up-to-date symlink: /home/brilliant/ros2_ws/install/nav_2d_msgs/include/nav_2d_msgs/nav_2d_msgs/msg/detail/twist2_d32__struct.h
[4.867s] -- Up-to-date symlink: /home/brilliant/ros2_ws/install/nav_2d_msgs/include/nav_2d_msgs/nav_2d_msgs/msg/detail/twist2_d32__type_support.h
[4.868s] -- Up-to-date symlink: /home/brilliant/ros2_ws/install/nav_2d_msgs/include/nav_2d_msgs/nav_2d_msgs/msg/detail/twist2_d__functions.h
[4.868s] -- Up-to-date symlink: /home/brilliant/ros2_ws/install/nav_2d_msgs/include/nav_2d_msgs/nav_2d_msgs/msg/detail/twist2_d__struct.h
[4.868s] -- Up-to-date symlink: /home/brilliant/ros2_ws/install/nav_2d_msgs/include/nav_2d_msgs/nav_2d_msgs/msg/detail/twist2_d__type_support.h
[4.873s] -- Up-to-date symlink: /home/brilliant/ros2_ws/install/nav_2d_msgs/include/nav_2d_msgs/nav_2d_msgs/msg/detail/twist2_d_stamped__functions.h
[4.875s] -- Up-to-date symlink: /home/brilliant/ros2_ws/install/nav_2d_msgs/include/nav_2d_msgs/nav_2d_msgs/msg/detail/twist2_d_stamped__struct.h
[4.877s] -- Up-to-date symlink: /home/brilliant/ros2_ws/install/nav_2d_msgs/include/nav_2d_msgs/nav_2d_msgs/msg/detail/twist2_d_stamped__type_support.h
[4.877s] -- Up-to-date symlink: /home/brilliant/ros2_ws/install/nav_2d_msgs/include/nav_2d_msgs/nav_2d_msgs/msg/path2_d.h
[4.878s] -- Up-to-date symlink: /home/brilliant/ros2_ws/install/nav_2d_msgs/include/nav_2d_msgs/nav_2d_msgs/msg/pose2_d32.h
[4.878s] -- Up-to-date symlink: /home/brilliant/ros2_ws/install/nav_2d_msgs/include/nav_2d_msgs/nav_2d_msgs/msg/pose2_d_stamped.h
[4.880s] -- Up-to-date symlink: /home/brilliant/ros2_ws/install/nav_2d_msgs/include/nav_2d_msgs/nav_2d_msgs/msg/rosidl_generator_c__visibility_control.h
[4.882s] -- Up-to-date symlink: /home/brilliant/ros2_ws/install/nav_2d_msgs/include/nav_2d_msgs/nav_2d_msgs/msg/twist2_d.h
[4.883s] -- Up-to-date symlink: /home/brilliant/ros2_ws/install/nav_2d_msgs/include/nav_2d_msgs/nav_2d_msgs/msg/twist2_d32.h
[4.884s] -- Up-to-date symlink: /home/brilliant/ros2_ws/install/nav_2d_msgs/include/nav_2d_msgs/nav_2d_msgs/msg/twist2_d_stamped.h
[4.891s] -- Up-to-date symlink: /home/brilliant/ros2_ws/install/nav_2d_msgs/share/nav_2d_msgs/environment/library_path.sh
[4.891s] -- Up-to-date symlink: /home/brilliant/ros2_ws/install/nav_2d_msgs/share/nav_2d_msgs/environment/library_path.dsv
[4.892s] -- Up-to-date symlink: /home/brilliant/ros2_ws/install/nav_2d_msgs/include/nav_2d_msgs/nav_2d_msgs/msg/detail/path2_d__rosidl_typesupport_fastrtps_c.h
[4.893s] -- Up-to-date symlink: /home/brilliant/ros2_ws/install/nav_2d_msgs/include/nav_2d_msgs/nav_2d_msgs/msg/detail/pose2_d32__rosidl_typesupport_fastrtps_c.h
[4.893s] -- Up-to-date symlink: /home/brilliant/ros2_ws/install/nav_2d_msgs/include/nav_2d_msgs/nav_2d_msgs/msg/detail/pose2_d_stamped__rosidl_typesupport_fastrtps_c.h
[4.893s] -- Up-to-date symlink: /home/brilliant/ros2_ws/install/nav_2d_msgs/include/nav_2d_msgs/nav_2d_msgs/msg/detail/twist2_d32__rosidl_typesupport_fastrtps_c.h
[4.893s] -- Up-to-date symlink: /home/brilliant/ros2_ws/install/nav_2d_msgs/include/nav_2d_msgs/nav_2d_msgs/msg/detail/twist2_d__rosidl_typesupport_fastrtps_c.h
[4.902s] -- Up-to-date symlink: /home/brilliant/ros2_ws/install/nav_2d_msgs/include/nav_2d_msgs/nav_2d_msgs/msg/detail/twist2_d_stamped__rosidl_typesupport_fastrtps_c.h
[4.902s] -- Up-to-date symlink: /home/brilliant/ros2_ws/install/nav_2d_msgs/include/nav_2d_msgs/nav_2d_msgs/msg/rosidl_typesupport_fastrtps_c__visibility_control.h
[4.903s] -- Up-to-date symlink: /home/brilliant/ros2_ws/install/nav_2d_msgs/include/nav_2d_msgs/nav_2d_msgs/msg/detail/path2_d__builder.hpp
[4.904s] -- Up-to-date symlink: /home/brilliant/ros2_ws/install/nav_2d_msgs/include/nav_2d_msgs/nav_2d_msgs/msg/detail/path2_d__struct.hpp
[4.905s] -- Up-to-date symlink: /home/brilliant/ros2_ws/install/nav_2d_msgs/include/nav_2d_msgs/nav_2d_msgs/msg/detail/path2_d__traits.hpp
[4.905s] -- Up-to-date symlink: /home/brilliant/ros2_ws/install/nav_2d_msgs/include/nav_2d_msgs/nav_2d_msgs/msg/detail/path2_d__type_support.hpp
[4.905s] -- Up-to-date symlink: /home/brilliant/ros2_ws/install/nav_2d_msgs/include/nav_2d_msgs/nav_2d_msgs/msg/detail/pose2_d32__builder.hpp
[4.906s] -- Up-to-date symlink: /home/brilliant/ros2_ws/install/nav_2d_msgs/include/nav_2d_msgs/nav_2d_msgs/msg/detail/pose2_d32__struct.hpp
[4.906s] -- Up-to-date symlink: /home/brilliant/ros2_ws/install/nav_2d_msgs/include/nav_2d_msgs/nav_2d_msgs/msg/detail/pose2_d32__traits.hpp
[4.906s] -- Up-to-date symlink: /home/brilliant/ros2_ws/install/nav_2d_msgs/include/nav_2d_msgs/nav_2d_msgs/msg/detail/pose2_d32__type_support.hpp
[4.906s] -- Up-to-date symlink: /home/brilliant/ros2_ws/install/nav_2d_msgs/include/nav_2d_msgs/nav_2d_msgs/msg/detail/pose2_d_stamped__builder.hpp
[4.907s] -- Up-to-date symlink: /home/brilliant/ros2_ws/install/nav_2d_msgs/include/nav_2d_msgs/nav_2d_msgs/msg/detail/pose2_d_stamped__struct.hpp
[4.907s] -- Up-to-date symlink: /home/brilliant/ros2_ws/install/nav_2d_msgs/include/nav_2d_msgs/nav_2d_msgs/msg/detail/pose2_d_stamped__traits.hpp
[4.914s] -- Up-to-date symlink: /home/brilliant/ros2_ws/install/nav_2d_msgs/include/nav_2d_msgs/nav_2d_msgs/msg/detail/pose2_d_stamped__type_support.hpp
[4.914s] -- Up-to-date symlink: /home/brilliant/ros2_ws/install/nav_2d_msgs/include/nav_2d_msgs/nav_2d_msgs/msg/detail/twist2_d32__builder.hpp
[4.914s] -- Up-to-date symlink: /home/brilliant/ros2_ws/install/nav_2d_msgs/include/nav_2d_msgs/nav_2d_msgs/msg/detail/twist2_d32__struct.hpp
[4.914s] -- Up-to-date symlink: /home/brilliant/ros2_ws/install/nav_2d_msgs/include/nav_2d_msgs/nav_2d_msgs/msg/detail/twist2_d32__traits.hpp
[4.915s] -- Up-to-date symlink: /home/brilliant/ros2_ws/install/nav_2d_msgs/include/nav_2d_msgs/nav_2d_msgs/msg/detail/twist2_d32__type_support.hpp
[4.915s] -- Up-to-date symlink: /home/brilliant/ros2_ws/install/nav_2d_msgs/include/nav_2d_msgs/nav_2d_msgs/msg/detail/twist2_d__builder.hpp
[4.916s] -- Up-to-date symlink: /home/brilliant/ros2_ws/install/nav_2d_msgs/include/nav_2d_msgs/nav_2d_msgs/msg/detail/twist2_d__struct.hpp
[4.919s] -- Up-to-date symlink: /home/brilliant/ros2_ws/install/nav_2d_msgs/include/nav_2d_msgs/nav_2d_msgs/msg/detail/twist2_d__traits.hpp
[4.919s] -- Up-to-date symlink: /home/brilliant/ros2_ws/install/nav_2d_msgs/include/nav_2d_msgs/nav_2d_msgs/msg/detail/twist2_d__type_support.hpp
[4.919s] -- Up-to-date symlink: /home/brilliant/ros2_ws/install/nav_2d_msgs/include/nav_2d_msgs/nav_2d_msgs/msg/detail/twist2_d_stamped__builder.hpp
[4.919s] -- Up-to-date symlink: /home/brilliant/ros2_ws/install/nav_2d_msgs/include/nav_2d_msgs/nav_2d_msgs/msg/detail/twist2_d_stamped__struct.hpp
[4.920s] -- Up-to-date symlink: /home/brilliant/ros2_ws/install/nav_2d_msgs/include/nav_2d_msgs/nav_2d_msgs/msg/detail/twist2_d_stamped__traits.hpp
[4.920s] -- Up-to-date symlink: /home/brilliant/ros2_ws/install/nav_2d_msgs/include/nav_2d_msgs/nav_2d_msgs/msg/detail/twist2_d_stamped__type_support.hpp
[4.922s] -- Up-to-date symlink: /home/brilliant/ros2_ws/install/nav_2d_msgs/include/nav_2d_msgs/nav_2d_msgs/msg/path2_d.hpp
[4.922s] -- Up-to-date symlink: /home/brilliant/ros2_ws/install/nav_2d_msgs/include/nav_2d_msgs/nav_2d_msgs/msg/pose2_d32.hpp
[4.922s] -- Up-to-date symlink: /home/brilliant/ros2_ws/install/nav_2d_msgs/include/nav_2d_msgs/nav_2d_msgs/msg/pose2_d_stamped.hpp
[4.922s] -- Up-to-date symlink: /home/brilliant/ros2_ws/install/nav_2d_msgs/include/nav_2d_msgs/nav_2d_msgs/msg/rosidl_generator_cpp__visibility_control.hpp
[4.923s] -- Up-to-date symlink: /home/brilliant/ros2_ws/install/nav_2d_msgs/include/nav_2d_msgs/nav_2d_msgs/msg/twist2_d.hpp
[4.923s] -- Up-to-date symlink: /home/brilliant/ros2_ws/install/nav_2d_msgs/include/nav_2d_msgs/nav_2d_msgs/msg/twist2_d32.hpp
[4.925s] -- Up-to-date symlink: /home/brilliant/ros2_ws/install/nav_2d_msgs/include/nav_2d_msgs/nav_2d_msgs/msg/twist2_d_stamped.hpp
[4.926s] -- Up-to-date symlink: /home/brilliant/ros2_ws/install/nav_2d_msgs/include/nav_2d_msgs/nav_2d_msgs/msg/detail/path2_d__rosidl_typesupport_fastrtps_cpp.hpp
[4.926s] -- Up-to-date symlink: /home/brilliant/ros2_ws/install/nav_2d_msgs/include/nav_2d_msgs/nav_2d_msgs/msg/detail/pose2_d32__rosidl_typesupport_fastrtps_cpp.hpp
[4.926s] -- Up-to-date symlink: /home/brilliant/ros2_ws/install/nav_2d_msgs/include/nav_2d_msgs/nav_2d_msgs/msg/detail/pose2_d_stamped__rosidl_typesupport_fastrtps_cpp.hpp
[4.927s] -- Up-to-date symlink: /home/brilliant/ros2_ws/install/nav_2d_msgs/include/nav_2d_msgs/nav_2d_msgs/msg/detail/twist2_d32__rosidl_typesupport_fastrtps_cpp.hpp
[4.927s] -- Up-to-date symlink: /home/brilliant/ros2_ws/install/nav_2d_msgs/include/nav_2d_msgs/nav_2d_msgs/msg/detail/twist2_d__rosidl_typesupport_fastrtps_cpp.hpp
[4.927s] -- Up-to-date symlink: /home/brilliant/ros2_ws/install/nav_2d_msgs/include/nav_2d_msgs/nav_2d_msgs/msg/detail/twist2_d_stamped__rosidl_typesupport_fastrtps_cpp.hpp
[4.927s] -- Up-to-date symlink: /home/brilliant/ros2_ws/install/nav_2d_msgs/include/nav_2d_msgs/nav_2d_msgs/msg/rosidl_typesupport_fastrtps_cpp__visibility_control.h
[4.927s] -- Up-to-date symlink: /home/brilliant/ros2_ws/install/nav_2d_msgs/include/nav_2d_msgs/nav_2d_msgs/msg/detail/path2_d__rosidl_typesupport_introspection_c.h
[4.928s] -- Up-to-date symlink: /home/brilliant/ros2_ws/install/nav_2d_msgs/include/nav_2d_msgs/nav_2d_msgs/msg/detail/pose2_d32__rosidl_typesupport_introspection_c.h
[4.930s] -- Up-to-date symlink: /home/brilliant/ros2_ws/install/nav_2d_msgs/include/nav_2d_msgs/nav_2d_msgs/msg/detail/pose2_d_stamped__rosidl_typesupport_introspection_c.h
[4.932s] -- Up-to-date symlink: /home/brilliant/ros2_ws/install/nav_2d_msgs/include/nav_2d_msgs/nav_2d_msgs/msg/detail/twist2_d32__rosidl_typesupport_introspection_c.h
[4.932s] -- Up-to-date symlink: /home/brilliant/ros2_ws/install/nav_2d_msgs/include/nav_2d_msgs/nav_2d_msgs/msg/detail/twist2_d__rosidl_typesupport_introspection_c.h
[4.933s] -- Up-to-date symlink: /home/brilliant/ros2_ws/install/nav_2d_msgs/include/nav_2d_msgs/nav_2d_msgs/msg/detail/twist2_d_stamped__rosidl_typesupport_introspection_c.h
[4.933s] -- Up-to-date symlink: /home/brilliant/ros2_ws/install/nav_2d_msgs/include/nav_2d_msgs/nav_2d_msgs/msg/rosidl_typesupport_introspection_c__visibility_control.h
[4.936s] -- Up-to-date symlink: /home/brilliant/ros2_ws/install/nav_2d_msgs/include/nav_2d_msgs/nav_2d_msgs/msg/detail/path2_d__rosidl_typesupport_introspection_cpp.hpp
[4.937s] -- Up-to-date symlink: /home/brilliant/ros2_ws/install/nav_2d_msgs/include/nav_2d_msgs/nav_2d_msgs/msg/detail/pose2_d32__rosidl_typesupport_introspection_cpp.hpp
[4.937s] -- Up-to-date symlink: /home/brilliant/ros2_ws/install/nav_2d_msgs/include/nav_2d_msgs/nav_2d_msgs/msg/detail/pose2_d_stamped__rosidl_typesupport_introspection_cpp.hpp
[4.939s] -- Up-to-date symlink: /home/brilliant/ros2_ws/install/nav_2d_msgs/include/nav_2d_msgs/nav_2d_msgs/msg/detail/twist2_d32__rosidl_typesupport_introspection_cpp.hpp
[4.939s] -- Up-to-date symlink: /home/brilliant/ros2_ws/install/nav_2d_msgs/include/nav_2d_msgs/nav_2d_msgs/msg/detail/twist2_d__rosidl_typesupport_introspection_cpp.hpp
[4.939s] -- Up-to-date symlink: /home/brilliant/ros2_ws/install/nav_2d_msgs/include/nav_2d_msgs/nav_2d_msgs/msg/detail/twist2_d_stamped__rosidl_typesupport_introspection_cpp.hpp
[4.940s] -- Up-to-date symlink: /home/brilliant/ros2_ws/install/nav_2d_msgs/share/nav_2d_msgs/environment/pythonpath.sh
[4.940s] -- Up-to-date symlink: /home/brilliant/ros2_ws/install/nav_2d_msgs/share/nav_2d_msgs/environment/pythonpath.dsv
[4.943s] -- Up-to-date symlink: /home/brilliant/ros2_ws/install/nav_2d_msgs/lib/python3.12/site-packages/nav_2d_msgs-1.3.7-py3.12.egg-info/PKG-INFO
[4.943s] -- Up-to-date symlink: /home/brilliant/ros2_ws/install/nav_2d_msgs/lib/python3.12/site-packages/nav_2d_msgs-1.3.7-py3.12.egg-info/SOURCES.txt
[4.944s] -- Up-to-date symlink: /home/brilliant/ros2_ws/install/nav_2d_msgs/lib/python3.12/site-packages/nav_2d_msgs-1.3.7-py3.12.egg-info/dependency_links.txt
[4.944s] -- Up-to-date symlink: /home/brilliant/ros2_ws/install/nav_2d_msgs/lib/python3.12/site-packages/nav_2d_msgs-1.3.7-py3.12.egg-info/top_level.txt
[4.952s] -- Up-to-date symlink: /home/brilliant/ros2_ws/install/nav_2d_msgs/lib/python3.12/site-packages/nav_2d_msgs/__init__.py
[4.958s] -- Up-to-date symlink: /home/brilliant/ros2_ws/install/nav_2d_msgs/lib/python3.12/site-packages/nav_2d_msgs/_nav_2d_msgs_s.ep.rosidl_typesupport_c.c
[4.965s] -- Up-to-date symlink: /home/brilliant/ros2_ws/install/nav_2d_msgs/lib/python3.12/site-packages/nav_2d_msgs/_nav_2d_msgs_s.ep.rosidl_typesupport_fastrtps_c.c
[4.965s] -- Up-to-date symlink: /home/brilliant/ros2_ws/install/nav_2d_msgs/lib/python3.12/site-packages/nav_2d_msgs/_nav_2d_msgs_s.ep.rosidl_typesupport_introspection_c.c
[4.967s] -- Up-to-date symlink: /home/brilliant/ros2_ws/install/nav_2d_msgs/lib/python3.12/site-packages/nav_2d_msgs/msg/__init__.py
[4.969s] -- Up-to-date symlink: /home/brilliant/ros2_ws/install/nav_2d_msgs/lib/python3.12/site-packages/nav_2d_msgs/msg/_path2_d.py
[4.969s] -- Up-to-date symlink: /home/brilliant/ros2_ws/install/nav_2d_msgs/lib/python3.12/site-packages/nav_2d_msgs/msg/_path2_d_s.c
[4.969s] -- Up-to-date symlink: /home/brilliant/ros2_ws/install/nav_2d_msgs/lib/python3.12/site-packages/nav_2d_msgs/msg/_pose2_d32.py
[4.975s] -- Up-to-date symlink: /home/brilliant/ros2_ws/install/nav_2d_msgs/lib/python3.12/site-packages/nav_2d_msgs/msg/_pose2_d32_s.c
[4.975s] -- Up-to-date symlink: /home/brilliant/ros2_ws/install/nav_2d_msgs/lib/python3.12/site-packages/nav_2d_msgs/msg/_pose2_d_stamped.py
[4.978s] -- Up-to-date symlink: /home/brilliant/ros2_ws/install/nav_2d_msgs/lib/python3.12/site-packages/nav_2d_msgs/msg/_pose2_d_stamped_s.c
[4.979s] -- Up-to-date symlink: /home/brilliant/ros2_ws/install/nav_2d_msgs/lib/python3.12/site-packages/nav_2d_msgs/msg/_twist2_d.py
[4.979s] -- Up-to-date symlink: /home/brilliant/ros2_ws/install/nav_2d_msgs/lib/python3.12/site-packages/nav_2d_msgs/msg/_twist2_d32.py
[4.979s] -- Up-to-date symlink: /home/brilliant/ros2_ws/install/nav_2d_msgs/lib/python3.12/site-packages/nav_2d_msgs/msg/_twist2_d32_s.c
[4.979s] -- Up-to-date symlink: /home/brilliant/ros2_ws/install/nav_2d_msgs/lib/python3.12/site-packages/nav_2d_msgs/msg/_twist2_d_s.c
[4.980s] -- Up-to-date symlink: /home/brilliant/ros2_ws/install/nav_2d_msgs/lib/python3.12/site-packages/nav_2d_msgs/msg/_twist2_d_stamped.py
[4.980s] -- Up-to-date symlink: /home/brilliant/ros2_ws/install/nav_2d_msgs/lib/python3.12/site-packages/nav_2d_msgs/msg/_twist2_d_stamped_s.c
[4.980s] -- Up-to-date symlink: /home/brilliant/ros2_ws/install/nav_2d_msgs/lib/python3.12/site-packages/nav_2d_msgs/nav_2d_msgs_s__rosidl_typesupport_c.so
[4.985s] -- Up-to-date symlink: /home/brilliant/ros2_ws/install/nav_2d_msgs/lib/python3.12/site-packages/nav_2d_msgs/nav_2d_msgs_s__rosidl_typesupport_fastrtps_c.so
[4.986s] -- Up-to-date symlink: /home/brilliant/ros2_ws/install/nav_2d_msgs/lib/python3.12/site-packages/nav_2d_msgs/nav_2d_msgs_s__rosidl_typesupport_introspection_c.so
[4.986s] -- Up-to-date symlink: /home/brilliant/ros2_ws/install/nav_2d_msgs/lib/python3.12/site-packages/nav_2d_msgs/nav_2d_msgs_s__rosidl_typesupport_fastrtps_c.so
[4.988s] -- Up-to-date symlink: /home/brilliant/ros2_ws/install/nav_2d_msgs/lib/python3.12/site-packages/nav_2d_msgs/nav_2d_msgs_s__rosidl_typesupport_introspection_c.so
[4.990s] -- Up-to-date symlink: /home/brilliant/ros2_ws/install/nav_2d_msgs/lib/python3.12/site-packages/nav_2d_msgs/nav_2d_msgs_s__rosidl_typesupport_c.so
[4.990s] -- Up-to-date symlink: /home/brilliant/ros2_ws/install/nav_2d_msgs/share/nav_2d_msgs/msg/Path2D.idl
[4.991s] -- Up-to-date symlink: /home/brilliant/ros2_ws/install/nav_2d_msgs/share/nav_2d_msgs/msg/Pose2D32.idl
[4.991s] -- Up-to-date symlink: /home/brilliant/ros2_ws/install/nav_2d_msgs/share/nav_2d_msgs/msg/Pose2DStamped.idl
[4.991s] -- Up-to-date symlink: /home/brilliant/ros2_ws/install/nav_2d_msgs/share/nav_2d_msgs/msg/Twist2D.idl
[4.991s] -- Up-to-date symlink: /home/brilliant/ros2_ws/install/nav_2d_msgs/share/nav_2d_msgs/msg/Twist2D32.idl
[4.992s] -- Up-to-date symlink: /home/brilliant/ros2_ws/install/nav_2d_msgs/share/nav_2d_msgs/msg/Twist2DStamped.idl
[4.992s] -- Up-to-date symlink: /home/brilliant/ros2_ws/install/nav_2d_msgs/share/nav_2d_msgs/msg/Path2D.msg
[4.995s] -- Up-to-date symlink: /home/brilliant/ros2_ws/install/nav_2d_msgs/share/nav_2d_msgs/msg/Pose2D32.msg
[4.995s] -- Up-to-date symlink: /home/brilliant/ros2_ws/install/nav_2d_msgs/share/nav_2d_msgs/msg/Pose2DStamped.msg
[4.995s] -- Up-to-date symlink: /home/brilliant/ros2_ws/install/nav_2d_msgs/share/nav_2d_msgs/msg/Twist2D.msg
[4.997s] -- Up-to-date symlink: /home/brilliant/ros2_ws/install/nav_2d_msgs/share/nav_2d_msgs/msg/Twist2D32.msg
[4.998s] -- Up-to-date symlink: /home/brilliant/ros2_ws/install/nav_2d_msgs/share/nav_2d_msgs/msg/Twist2DStamped.msg
[4.999s] -- Up-to-date symlink: /home/brilliant/ros2_ws/install/nav_2d_msgs/share/ament_index/resource_index/package_run_dependencies/nav_2d_msgs
[4.999s] -- Up-to-date symlink: /home/brilliant/ros2_ws/install/nav_2d_msgs/share/ament_index/resource_index/parent_prefix_path/nav_2d_msgs
[5.002s] -- Up-to-date symlink: /home/brilliant/ros2_ws/install/nav_2d_msgs/share/nav_2d_msgs/environment/ament_prefix_path.sh
[5.002s] -- Up-to-date symlink: /home/brilliant/ros2_ws/install/nav_2d_msgs/share/nav_2d_msgs/environment/ament_prefix_path.dsv
[5.004s] -- Up-to-date symlink: /home/brilliant/ros2_ws/install/nav_2d_msgs/share/nav_2d_msgs/environment/path.sh
[5.010s] -- Up-to-date symlink: /home/brilliant/ros2_ws/install/nav_2d_msgs/share/nav_2d_msgs/environment/path.dsv
[5.013s] -- Up-to-date symlink: /home/brilliant/ros2_ws/install/nav_2d_msgs/share/nav_2d_msgs/local_setup.bash
[5.013s] -- Up-to-date symlink: /home/brilliant/ros2_ws/install/nav_2d_msgs/share/nav_2d_msgs/local_setup.sh
[5.014s] -- Up-to-date symlink: /home/brilliant/ros2_ws/install/nav_2d_msgs/share/nav_2d_msgs/local_setup.zsh
[5.014s] -- Up-to-date symlink: /home/brilliant/ros2_ws/install/nav_2d_msgs/share/nav_2d_msgs/local_setup.dsv
[5.014s] -- Symlinking: /home/brilliant/ros2_ws/install/nav_2d_msgs/share/nav_2d_msgs/package.dsv
[5.102s] -- Up-to-date symlink: /home/brilliant/ros2_ws/install/nav_2d_msgs/share/ament_index/resource_index/packages/nav_2d_msgs
[5.102s] -- Up-to-date symlink: /home/brilliant/ros2_ws/install/nav_2d_msgs/share/nav_2d_msgs/cmake/rosidl_cmake-extras.cmake
[5.102s] -- Up-to-date symlink: /home/brilliant/ros2_ws/install/nav_2d_msgs/share/nav_2d_msgs/cmake/ament_cmake_export_dependencies-extras.cmake
[5.110s] -- Up-to-date symlink: /home/brilliant/ros2_ws/install/nav_2d_msgs/share/nav_2d_msgs/cmake/ament_cmake_export_include_directories-extras.cmake
[5.111s] -- Up-to-date symlink: /home/brilliant/ros2_ws/install/nav_2d_msgs/share/nav_2d_msgs/cmake/ament_cmake_export_libraries-extras.cmake
[5.112s] -- Up-to-date symlink: /home/brilliant/ros2_ws/install/nav_2d_msgs/share/nav_2d_msgs/cmake/ament_cmake_export_targets-extras.cmake
[5.112s] -- Up-to-date symlink: /home/brilliant/ros2_ws/install/nav_2d_msgs/share/nav_2d_msgs/cmake/rosidl_cmake_export_typesupport_targets-extras.cmake
[5.112s] -- Up-to-date symlink: /home/brilliant/ros2_ws/install/nav_2d_msgs/share/nav_2d_msgs/cmake/rosidl_cmake_export_typesupport_libraries-extras.cmake
[5.117s] -- Up-to-date symlink: /home/brilliant/ros2_ws/install/nav_2d_msgs/share/nav_2d_msgs/cmake/nav_2d_msgsConfig.cmake
[5.118s] -- Up-to-date symlink: /home/brilliant/ros2_ws/install/nav_2d_msgs/share/nav_2d_msgs/cmake/nav_2d_msgsConfig-version.cmake
[5.119s] -- Up-to-date symlink: /home/brilliant/ros2_ws/install/nav_2d_msgs/share/nav_2d_msgs/package.xml
[5.126s] -- Up-to-date: /home/brilliant/ros2_ws/install/nav_2d_msgs/lib/libnav_2d_msgs__rosidl_generator_c.so
[5.128s] -- Up-to-date: /home/brilliant/ros2_ws/install/nav_2d_msgs/lib/libnav_2d_msgs__rosidl_typesupport_fastrtps_c.so
[5.134s] -- Up-to-date: /home/brilliant/ros2_ws/install/nav_2d_msgs/lib/libnav_2d_msgs__rosidl_typesupport_fastrtps_cpp.so
[5.136s] -- Up-to-date: /home/brilliant/ros2_ws/install/nav_2d_msgs/lib/libnav_2d_msgs__rosidl_typesupport_introspection_c.so
[5.138s] -- Up-to-date: /home/brilliant/ros2_ws/install/nav_2d_msgs/lib/libnav_2d_msgs__rosidl_typesupport_c.so
[5.142s] -- Up-to-date: /home/brilliant/ros2_ws/install/nav_2d_msgs/lib/libnav_2d_msgs__rosidl_typesupport_introspection_cpp.so
[5.145s] -- Up-to-date: /home/brilliant/ros2_ws/install/nav_2d_msgs/lib/libnav_2d_msgs__rosidl_typesupport_cpp.so
[5.313s] Listing '/home/brilliant/ros2_ws/install/nav_2d_msgs/lib/python3.12/site-packages/nav_2d_msgs'...
[5.314s] Listing '/home/brilliant/ros2_ws/install/nav_2d_msgs/lib/python3.12/site-packages/nav_2d_msgs/msg'...
[5.333s] -- Up-to-date: /home/brilliant/ros2_ws/install/nav_2d_msgs/lib/libnav_2d_msgs__rosidl_generator_py.so
[5.335s] -- Up-to-date: /home/brilliant/ros2_ws/install/nav_2d_msgs/share/nav_2d_msgs/cmake/export_nav_2d_msgs__rosidl_generator_cExport.cmake
[5.336s] -- Up-to-date: /home/brilliant/ros2_ws/install/nav_2d_msgs/share/nav_2d_msgs/cmake/export_nav_2d_msgs__rosidl_generator_cExport-noconfig.cmake
[5.339s] -- Up-to-date: /home/brilliant/ros2_ws/install/nav_2d_msgs/share/nav_2d_msgs/cmake/export_nav_2d_msgs__rosidl_typesupport_fastrtps_cExport.cmake
[5.341s] -- Up-to-date: /home/brilliant/ros2_ws/install/nav_2d_msgs/share/nav_2d_msgs/cmake/export_nav_2d_msgs__rosidl_typesupport_fastrtps_cExport-noconfig.cmake
[5.342s] -- Up-to-date: /home/brilliant/ros2_ws/install/nav_2d_msgs/share/nav_2d_msgs/cmake/export_nav_2d_msgs__rosidl_generator_cppExport.cmake
[5.342s] -- Up-to-date: /home/brilliant/ros2_ws/install/nav_2d_msgs/share/nav_2d_msgs/cmake/export_nav_2d_msgs__rosidl_typesupport_fastrtps_cppExport.cmake
[5.343s] -- Up-to-date: /home/brilliant/ros2_ws/install/nav_2d_msgs/share/nav_2d_msgs/cmake/export_nav_2d_msgs__rosidl_typesupport_fastrtps_cppExport-noconfig.cmake
[5.346s] -- Up-to-date: /home/brilliant/ros2_ws/install/nav_2d_msgs/share/nav_2d_msgs/cmake/nav_2d_msgs__rosidl_typesupport_introspection_cExport.cmake
[5.347s] -- Up-to-date: /home/brilliant/ros2_ws/install/nav_2d_msgs/share/nav_2d_msgs/cmake/nav_2d_msgs__rosidl_typesupport_introspection_cExport-noconfig.cmake
[5.347s] -- Up-to-date: /home/brilliant/ros2_ws/install/nav_2d_msgs/share/nav_2d_msgs/cmake/nav_2d_msgs__rosidl_typesupport_cExport.cmake
[5.347s] -- Up-to-date: /home/brilliant/ros2_ws/install/nav_2d_msgs/share/nav_2d_msgs/cmake/nav_2d_msgs__rosidl_typesupport_cExport-noconfig.cmake
[5.353s] -- Up-to-date: /home/brilliant/ros2_ws/install/nav_2d_msgs/share/nav_2d_msgs/cmake/nav_2d_msgs__rosidl_typesupport_introspection_cppExport.cmake
[5.356s] -- Up-to-date: /home/brilliant/ros2_ws/install/nav_2d_msgs/share/nav_2d_msgs/cmake/nav_2d_msgs__rosidl_typesupport_introspection_cppExport-noconfig.cmake
[5.357s] -- Up-to-date: /home/brilliant/ros2_ws/install/nav_2d_msgs/share/nav_2d_msgs/cmake/nav_2d_msgs__rosidl_typesupport_cppExport.cmake
[5.357s] -- Up-to-date: /home/brilliant/ros2_ws/install/nav_2d_msgs/share/nav_2d_msgs/cmake/nav_2d_msgs__rosidl_typesupport_cppExport-noconfig.cmake
[5.357s] -- Up-to-date: /home/brilliant/ros2_ws/install/nav_2d_msgs/share/nav_2d_msgs/cmake/export_nav_2d_msgs__rosidl_generator_pyExport.cmake
[5.358s] -- Up-to-date: /home/brilliant/ros2_ws/install/nav_2d_msgs/share/nav_2d_msgs/cmake/export_nav_2d_msgs__rosidl_generator_pyExport-noconfig.cmake
[5.377s] Invoked command in '/home/brilliant/ros2_ws/build/nav_2d_msgs' returned '0': CMAKE_PREFIX_PATH=${CMAKE_PREFIX_PATH}:/home/brilliant/ros2_ws/install/twist_stamper:/home/brilliant/ros2_ws/install/nav2_simple_commander:/home/brilliant/ros2_ws/install/nav2_loopback_sim:/opt/ros/jazzy DEBUGINFOD_URLS=https://debuginfod.ubuntu.com /usr/bin/cmake --install /home/brilliant/ros2_ws/build/nav_2d_msgs
