[0.105s] Invoking command in '/home/brilliant/ros2_ws/build/nav2_amcl': AMENT_PREFIX_PATH=/home/brilliant/ros2_ws/install/nav2_util:/home/brilliant/ros2_ws/install/nav2_msgs:/home/brilliant/ros2_ws/install/nav2_common:${AMENT_PREFIX_PATH} CMAKE_PREFIX_PATH=/home/brilliant/ros2_ws/install/nav2_util:/home/brilliant/ros2_ws/install/nav2_msgs:/home/brilliant/ros2_ws/install/nav2_common:/home/brilliant/ros2_ws/install/sllidar_ros2:/home/brilliant/ros2_ws/install/serial:/home/brilliant/ros2_ws/install/minibot:/home/brilliant/ros2_ws/install/diffdrive_arduino:/opt/ros/jazzy/opt/gz_sim_vendor:/opt/ros/jazzy/opt/gz_sensors_vendor:/opt/ros/jazzy/opt/gz_physics_vendor:/opt/ros/jazzy/opt/sdformat_vendor:/opt/ros/jazzy/opt/gz_gui_vendor:/opt/ros/jazzy/opt/gz_transport_vendor:/opt/ros/jazzy/opt/gz_rendering_vendor:/opt/ros/jazzy/opt/gz_plugin_vendor:/opt/ros/jazzy/opt/gz_fuel_tools_vendor:/opt/ros/jazzy/opt/gz_msgs_vendor:/opt/ros/jazzy/opt/gz_common_vendor:/opt/ros/jazzy/opt/gz_math_vendor:/opt/ros/jazzy/opt/gz_utils_vendor:/opt/ros/jazzy/opt/gz_tools_vendor:/opt/ros/jazzy/opt/gz_ogre_next_vendor:/opt/ros/jazzy/opt/gz_dartsim_vendor:/opt/ros/jazzy/opt/gz_cmake_vendor:/home/brilliant/ros2_ws/install/twist_stamper:/opt/ros/jazzy DEBUGINFOD_URLS=https://debuginfod.ubuntu.com LD_LIBRARY_PATH=/home/brilliant/ros2_ws/install/nav2_util/lib:/home/brilliant/ros2_ws/install/nav2_msgs/lib:${LD_LIBRARY_PATH} PYTHONPATH=/home/brilliant/ros2_ws/install/nav2_msgs/lib/python3.12/site-packages:/home/brilliant/ros2_ws/install/nav2_common/lib/python3.12/site-packages:${PYTHONPATH} /usr/bin/cmake /home/brilliant/ros2_ws/src/navigation2/nav2_amcl -DAMENT_CMAKE_SYMLINK_INSTALL=1 -DCMAKE_INSTALL_PREFIX=/home/brilliant/ros2_ws/install/nav2_amcl
[0.423s] -- The C compiler identification is GNU 13.3.0
[0.628s] -- The CXX compiler identification is GNU 13.3.0
[0.695s] -- Detecting C compiler ABI info
[1.292s] -- Detecting C compiler ABI info - done
[1.356s] -- Check for working C compiler: /usr/bin/cc - skipped
[1.357s] -- Detecting C compile features
[1.366s] -- Detecting C compile features - done
[1.398s] -- Detecting CXX compiler ABI info
[1.939s] -- Detecting CXX compiler ABI info - done
[2.023s] -- Check for working CXX compiler: /usr/bin/c++ - skipped
[2.023s] -- Detecting CXX compile features
[2.028s] -- Detecting CXX compile features - done
[2.048s] -- Found ament_cmake: 2.5.4 (/opt/ros/jazzy/share/ament_cmake/cmake)
[2.819s] -- Found Python3: /usr/bin/python3 (found version "3.12.3") found components: Interpreter 
[3.093s] -- Override CMake install command with custom implementation using symlinks instead of copying resources
[3.351s] -- Found nav2_common: 1.3.7 (/home/brilliant/ros2_ws/install/nav2_common/share/nav2_common/cmake)
[3.364s] -- Found rclcpp: 28.1.10 (/opt/ros/jazzy/share/rclcpp/cmake)
[3.666s] -- Found rosidl_generator_c: 4.6.5 (/opt/ros/jazzy/share/rosidl_generator_c/cmake)
[3.784s] -- Found rosidl_generator_cpp: 4.6.5 (/opt/ros/jazzy/share/rosidl_generator_cpp/cmake)
[3.872s] -- Using all available rosidl_typesupport_c: rosidl_typesupport_fastrtps_c;rosidl_typesupport_introspection_c
[3.960s] -- Using all available rosidl_typesupport_cpp: rosidl_typesupport_fastrtps_cpp;rosidl_typesupport_introspection_cpp
[4.493s] -- Found rmw_implementation_cmake: 7.3.2 (/opt/ros/jazzy/share/rmw_implementation_cmake/cmake)
[4.514s] -- Found rmw_fastrtps_cpp: 8.4.2 (/opt/ros/jazzy/share/rmw_fastrtps_cpp/cmake)
[4.894s] -- Found OpenSSL: /usr/lib/x86_64-linux-gnu/libcrypto.so (found version "3.0.13")  
[5.003s] -- Found FastRTPS: /opt/ros/jazzy/include (Required is at least version "2.13") 
[5.117s] -- Using RMW implementation 'rmw_fastrtps_cpp' as default
[5.425s] -- Found rclcpp_lifecycle: 28.1.10 (/opt/ros/jazzy/share/rclcpp_lifecycle/cmake)
[5.552s] -- Found rclcpp_components: 28.1.10 (/opt/ros/jazzy/share/rclcpp_components/cmake)
[5.702s] -- Found message_filters: 4.11.6 (/opt/ros/jazzy/share/message_filters/cmake)
[5.782s] -- Found tf2_geometry_msgs: 0.36.12 (/opt/ros/jazzy/share/tf2_geometry_msgs/cmake)
[5.979s] -- Found eigen3_cmake_module: 0.3.0 (/opt/ros/jazzy/share/eigen3_cmake_module/cmake)
[5.983s] -- Found Eigen3: TRUE (found version "3.4.0") 
[5.983s] -- Ensuring Eigen3 include directory is part of orocos-kdl CMake target
[6.458s] -- Found nav_msgs: 5.3.6 (/opt/ros/jazzy/share/nav_msgs/cmake)
[6.589s] -- Found sensor_msgs: 5.3.6 (/opt/ros/jazzy/share/sensor_msgs/cmake)
[6.728s] -- Found std_srvs: 5.3.6 (/opt/ros/jazzy/share/std_srvs/cmake)
[6.848s] -- Found nav2_util: 1.3.7 (/home/brilliant/ros2_ws/install/nav2_util/share/nav2_util/cmake)
[7.496s] -- Found pluginlib: 5.4.2 (/opt/ros/jazzy/share/pluginlib/cmake)
[7.532s] -- Setting build type to Release as none was specified.
[7.532s] -- Looking for drand48
[8.026s] -- Looking for drand48 - found
[8.208s] -- Found ament_lint_auto: 0.17.2 (/opt/ros/jazzy/share/ament_lint_auto/cmake)
[8.721s] -- Added test 'cppcheck' to perform static code analysis on C / C++ code
[8.722s] -- Configured cppcheck include dirs: /home/brilliant/ros2_ws/src/navigation2/nav2_amcl/include;/home/brilliant/ros2_ws/src/navigation2/nav2_amcl/src/include
[8.723s] -- Configured cppcheck exclude dirs and/or files: 
[8.734s] -- Added test 'lint_cmake' to check CMake code style
[8.754s] -- Added test 'uncrustify' to check C / C++ code style
[8.754s] -- Configured uncrustify additional arguments: 
[8.761s] -- Added test 'xmllint' to check XML markup files
[8.786s] -- Configuring done (8.6s)
[9.005s] -- Generating done (0.2s)
[9.096s] -- Build files have been written to: /home/brilliant/ros2_ws/build/nav2_amcl
[9.202s] Invoked command in '/home/brilliant/ros2_ws/build/nav2_amcl' returned '0': AMENT_PREFIX_PATH=/home/brilliant/ros2_ws/install/nav2_util:/home/brilliant/ros2_ws/install/nav2_msgs:/home/brilliant/ros2_ws/install/nav2_common:${AMENT_PREFIX_PATH} CMAKE_PREFIX_PATH=/home/brilliant/ros2_ws/install/nav2_util:/home/brilliant/ros2_ws/install/nav2_msgs:/home/brilliant/ros2_ws/install/nav2_common:/home/brilliant/ros2_ws/install/sllidar_ros2:/home/brilliant/ros2_ws/install/serial:/home/brilliant/ros2_ws/install/minibot:/home/brilliant/ros2_ws/install/diffdrive_arduino:/opt/ros/jazzy/opt/gz_sim_vendor:/opt/ros/jazzy/opt/gz_sensors_vendor:/opt/ros/jazzy/opt/gz_physics_vendor:/opt/ros/jazzy/opt/sdformat_vendor:/opt/ros/jazzy/opt/gz_gui_vendor:/opt/ros/jazzy/opt/gz_transport_vendor:/opt/ros/jazzy/opt/gz_rendering_vendor:/opt/ros/jazzy/opt/gz_plugin_vendor:/opt/ros/jazzy/opt/gz_fuel_tools_vendor:/opt/ros/jazzy/opt/gz_msgs_vendor:/opt/ros/jazzy/opt/gz_common_vendor:/opt/ros/jazzy/opt/gz_math_vendor:/opt/ros/jazzy/opt/gz_utils_vendor:/opt/ros/jazzy/opt/gz_tools_vendor:/opt/ros/jazzy/opt/gz_ogre_next_vendor:/opt/ros/jazzy/opt/gz_dartsim_vendor:/opt/ros/jazzy/opt/gz_cmake_vendor:/home/brilliant/ros2_ws/install/twist_stamper:/opt/ros/jazzy DEBUGINFOD_URLS=https://debuginfod.ubuntu.com LD_LIBRARY_PATH=/home/brilliant/ros2_ws/install/nav2_util/lib:/home/brilliant/ros2_ws/install/nav2_msgs/lib:${LD_LIBRARY_PATH} PYTHONPATH=/home/brilliant/ros2_ws/install/nav2_msgs/lib/python3.12/site-packages:/home/brilliant/ros2_ws/install/nav2_common/lib/python3.12/site-packages:${PYTHONPATH} /usr/bin/cmake /home/brilliant/ros2_ws/src/navigation2/nav2_amcl -DAMENT_CMAKE_SYMLINK_INSTALL=1 -DCMAKE_INSTALL_PREFIX=/home/brilliant/ros2_ws/install/nav2_amcl
[9.204s] Invoking command in '/home/brilliant/ros2_ws/build/nav2_amcl': AMENT_PREFIX_PATH=/home/brilliant/ros2_ws/install/nav2_util:/home/brilliant/ros2_ws/install/nav2_msgs:/home/brilliant/ros2_ws/install/nav2_common:${AMENT_PREFIX_PATH} CMAKE_PREFIX_PATH=/home/brilliant/ros2_ws/install/nav2_util:/home/brilliant/ros2_ws/install/nav2_msgs:/home/brilliant/ros2_ws/install/nav2_common:/home/brilliant/ros2_ws/install/sllidar_ros2:/home/brilliant/ros2_ws/install/serial:/home/brilliant/ros2_ws/install/minibot:/home/brilliant/ros2_ws/install/diffdrive_arduino:/opt/ros/jazzy/opt/gz_sim_vendor:/opt/ros/jazzy/opt/gz_sensors_vendor:/opt/ros/jazzy/opt/gz_physics_vendor:/opt/ros/jazzy/opt/sdformat_vendor:/opt/ros/jazzy/opt/gz_gui_vendor:/opt/ros/jazzy/opt/gz_transport_vendor:/opt/ros/jazzy/opt/gz_rendering_vendor:/opt/ros/jazzy/opt/gz_plugin_vendor:/opt/ros/jazzy/opt/gz_fuel_tools_vendor:/opt/ros/jazzy/opt/gz_msgs_vendor:/opt/ros/jazzy/opt/gz_common_vendor:/opt/ros/jazzy/opt/gz_math_vendor:/opt/ros/jazzy/opt/gz_utils_vendor:/opt/ros/jazzy/opt/gz_tools_vendor:/opt/ros/jazzy/opt/gz_ogre_next_vendor:/opt/ros/jazzy/opt/gz_dartsim_vendor:/opt/ros/jazzy/opt/gz_cmake_vendor:/home/brilliant/ros2_ws/install/twist_stamper:/opt/ros/jazzy DEBUGINFOD_URLS=https://debuginfod.ubuntu.com LD_LIBRARY_PATH=/home/brilliant/ros2_ws/install/nav2_util/lib:/home/brilliant/ros2_ws/install/nav2_msgs/lib:${LD_LIBRARY_PATH} PYTHONPATH=/home/brilliant/ros2_ws/install/nav2_msgs/lib/python3.12/site-packages:/home/brilliant/ros2_ws/install/nav2_common/lib/python3.12/site-packages:${PYTHONPATH} /usr/bin/cmake --build /home/brilliant/ros2_ws/build/nav2_amcl -- -j4 -l4
[9.449s] [  4%] [32mBuilding C object src/map/CMakeFiles/map_lib.dir/map.c.o[0m
[9.704s] [  8%] [32mBuilding C object src/map/CMakeFiles/map_lib.dir/map_draw.c.o[0m
[9.811s] [ 12%] [32mBuilding CXX object src/map/CMakeFiles/map_lib.dir/map_cspace.cpp.o[0m
[11.403s] [ 16%] [32mBuilding C object src/map/CMakeFiles/map_lib.dir/map_range.c.o[0m
[11.836s] [ 20%] [32m[1mLinking CXX shared library libmap_lib.so[0m
[12.270s] [ 20%] Built target map_lib
[12.401s] [ 25%] [32mBuilding C object src/pf/CMakeFiles/pf_lib.dir/pf.c.o[0m
[13.195s] [ 29%] [32mBuilding C object src/pf/CMakeFiles/pf_lib.dir/pf_vector.c.o[0m
[13.514s] [ 33%] [32mBuilding C object src/pf/CMakeFiles/pf_lib.dir/eig3.c.o[0m
[14.157s] [ 37%] [32mBuilding C object src/pf/CMakeFiles/pf_lib.dir/pf_draw.c.o[0m
[14.237s] [ 41%] [32mBuilding C object src/pf/CMakeFiles/pf_lib.dir/pf_pdf.c.o[0m
[14.583s] [ 45%] [32mBuilding C object src/pf/CMakeFiles/pf_lib.dir/pf_kdtree.c.o[0m
[15.275s] [ 50%] [32m[1mLinking C shared library libpf_lib.so[0m
[15.554s] [ 50%] Built target pf_lib
[15.685s] [ 54%] [32mBuilding CXX object src/sensors/CMakeFiles/sensors_lib.dir/laser/laser.cpp.o[0m
[17.157s] [ 58%] [32mBuilding CXX object src/sensors/CMakeFiles/sensors_lib.dir/laser/likelihood_field_model.cpp.o[0m
[18.307s] [ 62%] [32mBuilding CXX object src/sensors/CMakeFiles/sensors_lib.dir/laser/likelihood_field_model_prob.cpp.o[0m
[19.532s] [ 66%] [32mBuilding CXX object src/sensors/CMakeFiles/sensors_lib.dir/laser/beam_model.cpp.o[0m
[20.770s] [ 70%] [32m[1mLinking CXX shared library libsensors_lib.so[0m
[21.125s] [ 70%] Built target sensors_lib
[21.196s] [ 75%] [32mBuilding CXX object src/motion_model/CMakeFiles/motions_lib.dir/omni_motion_model.cpp.o[0m
[24.791s] [ 79%] [32mBuilding CXX object src/motion_model/CMakeFiles/motions_lib.dir/differential_motion_model.cpp.o[0m
[28.350s] [ 83%] [32m[1mLinking CXX shared library libmotions_lib.so[0m
[29.368s] [ 83%] Built target motions_lib
[29.441s] [ 87%] [32mBuilding CXX object CMakeFiles/amcl_core.dir/src/amcl_node.cpp.o[0m
[149.509s] [ 91%] [32m[1mLinking CXX shared library libamcl_core.so[0m
[150.837s] [ 91%] Built target amcl_core
[150.926s] [ 95%] [32mBuilding CXX object CMakeFiles/amcl.dir/src/main.cpp.o[0m
[166.237s] [100%] [32m[1mLinking CXX executable amcl[0m
[167.259s] [100%] Built target amcl
[167.309s] Invoked command in '/home/brilliant/ros2_ws/build/nav2_amcl' returned '0': AMENT_PREFIX_PATH=/home/brilliant/ros2_ws/install/nav2_util:/home/brilliant/ros2_ws/install/nav2_msgs:/home/brilliant/ros2_ws/install/nav2_common:${AMENT_PREFIX_PATH} CMAKE_PREFIX_PATH=/home/brilliant/ros2_ws/install/nav2_util:/home/brilliant/ros2_ws/install/nav2_msgs:/home/brilliant/ros2_ws/install/nav2_common:/home/brilliant/ros2_ws/install/sllidar_ros2:/home/brilliant/ros2_ws/install/serial:/home/brilliant/ros2_ws/install/minibot:/home/brilliant/ros2_ws/install/diffdrive_arduino:/opt/ros/jazzy/opt/gz_sim_vendor:/opt/ros/jazzy/opt/gz_sensors_vendor:/opt/ros/jazzy/opt/gz_physics_vendor:/opt/ros/jazzy/opt/sdformat_vendor:/opt/ros/jazzy/opt/gz_gui_vendor:/opt/ros/jazzy/opt/gz_transport_vendor:/opt/ros/jazzy/opt/gz_rendering_vendor:/opt/ros/jazzy/opt/gz_plugin_vendor:/opt/ros/jazzy/opt/gz_fuel_tools_vendor:/opt/ros/jazzy/opt/gz_msgs_vendor:/opt/ros/jazzy/opt/gz_common_vendor:/opt/ros/jazzy/opt/gz_math_vendor:/opt/ros/jazzy/opt/gz_utils_vendor:/opt/ros/jazzy/opt/gz_tools_vendor:/opt/ros/jazzy/opt/gz_ogre_next_vendor:/opt/ros/jazzy/opt/gz_dartsim_vendor:/opt/ros/jazzy/opt/gz_cmake_vendor:/home/brilliant/ros2_ws/install/twist_stamper:/opt/ros/jazzy DEBUGINFOD_URLS=https://debuginfod.ubuntu.com LD_LIBRARY_PATH=/home/brilliant/ros2_ws/install/nav2_util/lib:/home/brilliant/ros2_ws/install/nav2_msgs/lib:${LD_LIBRARY_PATH} PYTHONPATH=/home/brilliant/ros2_ws/install/nav2_msgs/lib/python3.12/site-packages:/home/brilliant/ros2_ws/install/nav2_common/lib/python3.12/site-packages:${PYTHONPATH} /usr/bin/cmake --build /home/brilliant/ros2_ws/build/nav2_amcl -- -j4 -l4
[167.318s] Invoking command in '/home/brilliant/ros2_ws/build/nav2_amcl': AMENT_PREFIX_PATH=/home/brilliant/ros2_ws/install/nav2_util:/home/brilliant/ros2_ws/install/nav2_msgs:/home/brilliant/ros2_ws/install/nav2_common:${AMENT_PREFIX_PATH} CMAKE_PREFIX_PATH=/home/brilliant/ros2_ws/install/nav2_util:/home/brilliant/ros2_ws/install/nav2_msgs:/home/brilliant/ros2_ws/install/nav2_common:/home/brilliant/ros2_ws/install/sllidar_ros2:/home/brilliant/ros2_ws/install/serial:/home/brilliant/ros2_ws/install/minibot:/home/brilliant/ros2_ws/install/diffdrive_arduino:/opt/ros/jazzy/opt/gz_sim_vendor:/opt/ros/jazzy/opt/gz_sensors_vendor:/opt/ros/jazzy/opt/gz_physics_vendor:/opt/ros/jazzy/opt/sdformat_vendor:/opt/ros/jazzy/opt/gz_gui_vendor:/opt/ros/jazzy/opt/gz_transport_vendor:/opt/ros/jazzy/opt/gz_rendering_vendor:/opt/ros/jazzy/opt/gz_plugin_vendor:/opt/ros/jazzy/opt/gz_fuel_tools_vendor:/opt/ros/jazzy/opt/gz_msgs_vendor:/opt/ros/jazzy/opt/gz_common_vendor:/opt/ros/jazzy/opt/gz_math_vendor:/opt/ros/jazzy/opt/gz_utils_vendor:/opt/ros/jazzy/opt/gz_tools_vendor:/opt/ros/jazzy/opt/gz_ogre_next_vendor:/opt/ros/jazzy/opt/gz_dartsim_vendor:/opt/ros/jazzy/opt/gz_cmake_vendor:/home/brilliant/ros2_ws/install/twist_stamper:/opt/ros/jazzy DEBUGINFOD_URLS=https://debuginfod.ubuntu.com LD_LIBRARY_PATH=/home/brilliant/ros2_ws/install/nav2_util/lib:/home/brilliant/ros2_ws/install/nav2_msgs/lib:${LD_LIBRARY_PATH} PYTHONPATH=/home/brilliant/ros2_ws/install/nav2_msgs/lib/python3.12/site-packages:/home/brilliant/ros2_ws/install/nav2_common/lib/python3.12/site-packages:${PYTHONPATH} /usr/bin/cmake --install /home/brilliant/ros2_ws/build/nav2_amcl
[167.342s] -- Install configuration: "Release"
[167.345s] -- Execute custom install script
[167.349s] -- Symlinking: /home/brilliant/ros2_ws/install/nav2_amcl/lib/libpf_lib.so
[167.382s] -- Symlinking: /home/brilliant/ros2_ws/install/nav2_amcl/lib/libmap_lib.so
[167.413s] -- Symlinking: /home/brilliant/ros2_ws/install/nav2_amcl/lib/libmotions_lib.so
[167.443s] -- Symlinking: /home/brilliant/ros2_ws/install/nav2_amcl/lib/libsensors_lib.so
[167.477s] -- Symlinking: /home/brilliant/ros2_ws/install/nav2_amcl/lib/libamcl_core.so
[167.534s] -- Symlinking: /home/brilliant/ros2_ws/install/nav2_amcl/lib/nav2_amcl/amcl
[167.572s] -- Symlinking: /home/brilliant/ros2_ws/install/nav2_amcl/include//nav2_amcl/amcl_node.hpp
[167.607s] -- Symlinking: /home/brilliant/ros2_ws/install/nav2_amcl/include//nav2_amcl/angleutils.hpp
[167.637s] -- Symlinking: /home/brilliant/ros2_ws/install/nav2_amcl/include//nav2_amcl/map/map.hpp
[167.667s] -- Symlinking: /home/brilliant/ros2_ws/install/nav2_amcl/include//nav2_amcl/motion_model/differential_motion_model.hpp
[167.699s] -- Symlinking: /home/brilliant/ros2_ws/install/nav2_amcl/include//nav2_amcl/motion_model/motion_model.hpp
[167.730s] -- Symlinking: /home/brilliant/ros2_ws/install/nav2_amcl/include//nav2_amcl/motion_model/omni_motion_model.hpp
[167.757s] -- Symlinking: /home/brilliant/ros2_ws/install/nav2_amcl/include//nav2_amcl/pf/eig3.hpp
[167.789s] -- Symlinking: /home/brilliant/ros2_ws/install/nav2_amcl/include//nav2_amcl/pf/pf.hpp
[167.819s] -- Symlinking: /home/brilliant/ros2_ws/install/nav2_amcl/include//nav2_amcl/pf/pf_kdtree.hpp
[167.848s] -- Symlinking: /home/brilliant/ros2_ws/install/nav2_amcl/include//nav2_amcl/pf/pf_pdf.hpp
[167.884s] -- Symlinking: /home/brilliant/ros2_ws/install/nav2_amcl/include//nav2_amcl/pf/pf_vector.hpp
[167.918s] -- Symlinking: /home/brilliant/ros2_ws/install/nav2_amcl/include//nav2_amcl/portable_utils.hpp
[167.952s] -- Symlinking: /home/brilliant/ros2_ws/install/nav2_amcl/include//nav2_amcl/sensors/laser/laser.hpp
[167.981s] -- Symlinking: /home/brilliant/ros2_ws/install/nav2_amcl/share/nav2_amcl/environment/library_path.sh
[168.011s] -- Symlinking: /home/brilliant/ros2_ws/install/nav2_amcl/share/nav2_amcl/environment/library_path.dsv
[168.044s] -- Symlinking: /home/brilliant/ros2_ws/install/nav2_amcl/share/nav2_amcl//plugins.xml
[168.071s] -- Symlinking: /home/brilliant/ros2_ws/install/nav2_amcl/share/ament_index/resource_index/package_run_dependencies/nav2_amcl
[168.104s] -- Symlinking: /home/brilliant/ros2_ws/install/nav2_amcl/share/ament_index/resource_index/parent_prefix_path/nav2_amcl
[168.136s] -- Symlinking: /home/brilliant/ros2_ws/install/nav2_amcl/share/nav2_amcl/environment/ament_prefix_path.sh
[168.174s] -- Symlinking: /home/brilliant/ros2_ws/install/nav2_amcl/share/nav2_amcl/environment/ament_prefix_path.dsv
[168.233s] -- Symlinking: /home/brilliant/ros2_ws/install/nav2_amcl/share/nav2_amcl/environment/path.sh
[168.263s] -- Symlinking: /home/brilliant/ros2_ws/install/nav2_amcl/share/nav2_amcl/environment/path.dsv
[168.290s] -- Symlinking: /home/brilliant/ros2_ws/install/nav2_amcl/share/nav2_amcl/local_setup.bash
[168.329s] -- Symlinking: /home/brilliant/ros2_ws/install/nav2_amcl/share/nav2_amcl/local_setup.sh
[168.360s] -- Symlinking: /home/brilliant/ros2_ws/install/nav2_amcl/share/nav2_amcl/local_setup.zsh
[168.391s] -- Symlinking: /home/brilliant/ros2_ws/install/nav2_amcl/share/nav2_amcl/local_setup.dsv
[168.458s] -- Symlinking: /home/brilliant/ros2_ws/install/nav2_amcl/share/nav2_amcl/package.dsv
[168.488s] -- Symlinking: /home/brilliant/ros2_ws/install/nav2_amcl/share/ament_index/resource_index/packages/nav2_amcl
[168.562s] -- Symlinking: /home/brilliant/ros2_ws/install/nav2_amcl/share/ament_index/resource_index/nav2_amcl__pluginlib__plugin/nav2_amcl
[168.608s] -- Symlinking: /home/brilliant/ros2_ws/install/nav2_amcl/share/ament_index/resource_index/rclcpp_components/nav2_amcl
[168.662s] -- Symlinking: /home/brilliant/ros2_ws/install/nav2_amcl/share/nav2_amcl/cmake/ament_cmake_export_include_directories-extras.cmake
[168.693s] -- Symlinking: /home/brilliant/ros2_ws/install/nav2_amcl/share/nav2_amcl/cmake/ament_cmake_export_libraries-extras.cmake
[168.755s] -- Symlinking: /home/brilliant/ros2_ws/install/nav2_amcl/share/nav2_amcl/cmake/ament_cmake_export_dependencies-extras.cmake
[168.782s] -- Symlinking: /home/brilliant/ros2_ws/install/nav2_amcl/share/nav2_amcl/cmake/nav2_amclConfig.cmake
[168.814s] -- Symlinking: /home/brilliant/ros2_ws/install/nav2_amcl/share/nav2_amcl/cmake/nav2_amclConfig-version.cmake
[168.842s] -- Symlinking: /home/brilliant/ros2_ws/install/nav2_amcl/share/nav2_amcl/package.xml
[168.894s] Invoked command in '/home/brilliant/ros2_ws/build/nav2_amcl' returned '0': AMENT_PREFIX_PATH=/home/brilliant/ros2_ws/install/nav2_util:/home/brilliant/ros2_ws/install/nav2_msgs:/home/brilliant/ros2_ws/install/nav2_common:${AMENT_PREFIX_PATH} CMAKE_PREFIX_PATH=/home/brilliant/ros2_ws/install/nav2_util:/home/brilliant/ros2_ws/install/nav2_msgs:/home/brilliant/ros2_ws/install/nav2_common:/home/brilliant/ros2_ws/install/sllidar_ros2:/home/brilliant/ros2_ws/install/serial:/home/brilliant/ros2_ws/install/minibot:/home/brilliant/ros2_ws/install/diffdrive_arduino:/opt/ros/jazzy/opt/gz_sim_vendor:/opt/ros/jazzy/opt/gz_sensors_vendor:/opt/ros/jazzy/opt/gz_physics_vendor:/opt/ros/jazzy/opt/sdformat_vendor:/opt/ros/jazzy/opt/gz_gui_vendor:/opt/ros/jazzy/opt/gz_transport_vendor:/opt/ros/jazzy/opt/gz_rendering_vendor:/opt/ros/jazzy/opt/gz_plugin_vendor:/opt/ros/jazzy/opt/gz_fuel_tools_vendor:/opt/ros/jazzy/opt/gz_msgs_vendor:/opt/ros/jazzy/opt/gz_common_vendor:/opt/ros/jazzy/opt/gz_math_vendor:/opt/ros/jazzy/opt/gz_utils_vendor:/opt/ros/jazzy/opt/gz_tools_vendor:/opt/ros/jazzy/opt/gz_ogre_next_vendor:/opt/ros/jazzy/opt/gz_dartsim_vendor:/opt/ros/jazzy/opt/gz_cmake_vendor:/home/brilliant/ros2_ws/install/twist_stamper:/opt/ros/jazzy DEBUGINFOD_URLS=https://debuginfod.ubuntu.com LD_LIBRARY_PATH=/home/brilliant/ros2_ws/install/nav2_util/lib:/home/brilliant/ros2_ws/install/nav2_msgs/lib:${LD_LIBRARY_PATH} PYTHONPATH=/home/brilliant/ros2_ws/install/nav2_msgs/lib/python3.12/site-packages:/home/brilliant/ros2_ws/install/nav2_common/lib/python3.12/site-packages:${PYTHONPATH} /usr/bin/cmake --install /home/brilliant/ros2_ws/build/nav2_amcl
