[0.040s] Invoking command in '/home/brilliant/ros2_ws/build/nav_2d_msgs': CMAKE_PREFIX_PATH=${CMAKE_PREFIX_PATH}:/home/brilliant/ros2_ws/install/twist_stamper:/home/brilliant/ros2_ws/install/nav2_simple_commander:/home/brilliant/ros2_ws/install/nav2_loopback_sim:/opt/ros/jazzy DEBUGINFOD_URLS=https://debuginfod.ubuntu.com /usr/bin/cmake --build /home/brilliant/ros2_ws/build/nav_2d_msgs -- -j4 -l4
[0.212s] [  1%] Built target nav_2d_msgs__rosidl_generator_type_description
[0.254s] [  1%] Built target ament_cmake_python_symlink_nav_2d_msgs
[0.314s] [ 25%] Built target nav_2d_msgs__cpp
[0.314s] [ 26%] Built target nav_2d_msgs__rosidl_generator_c
[0.428s] [ 35%] Built target nav_2d_msgs__rosidl_typesupport_introspection_c
[0.461s] [ 45%] Built target nav_2d_msgs__rosidl_typesupport_c
[0.466s] [ 54%] Built target nav_2d_msgs__rosidl_typesupport_fastrtps_cpp
[0.561s] [ 64%] Built target nav_2d_msgs__rosidl_typesupport_introspection_cpp
[0.576s] [ 73%] Built target nav_2d_msgs__rosidl_typesupport_cpp
[0.593s] [ 83%] Built target nav_2d_msgs__rosidl_typesupport_fastrtps_c
[0.654s] [ 83%] Built target nav_2d_msgs
[0.724s] [ 84%] Built target nav_2d_msgs__py
[0.805s] [ 92%] Built target nav_2d_msgs__rosidl_generator_py
[0.913s] [ 95%] Built target nav_2d_msgs_s__rosidl_typesupport_c
[0.916s] running egg_info
[0.927s] [ 97%] Built target nav_2d_msgs_s__rosidl_typesupport_introspection_c
[0.936s] [100%] Built target nav_2d_msgs_s__rosidl_typesupport_fastrtps_c
[0.970s] writing nav_2d_msgs.egg-info/PKG-INFO
[0.970s] writing dependency_links to nav_2d_msgs.egg-info/dependency_links.txt
[0.970s] writing top-level names to nav_2d_msgs.egg-info/top_level.txt
[1.114s] reading manifest file 'nav_2d_msgs.egg-info/SOURCES.txt'
[1.115s] writing manifest file 'nav_2d_msgs.egg-info/SOURCES.txt'
[1.180s] [100%] Built target ament_cmake_python_build_nav_2d_msgs_egg
[1.220s] Invoked command in '/home/brilliant/ros2_ws/build/nav_2d_msgs' returned '0': CMAKE_PREFIX_PATH=${CMAKE_PREFIX_PATH}:/home/brilliant/ros2_ws/install/twist_stamper:/home/brilliant/ros2_ws/install/nav2_simple_commander:/home/brilliant/ros2_ws/install/nav2_loopback_sim:/opt/ros/jazzy DEBUGINFOD_URLS=https://debuginfod.ubuntu.com /usr/bin/cmake --build /home/brilliant/ros2_ws/build/nav_2d_msgs -- -j4 -l4
[1.227s] Invoking command in '/home/brilliant/ros2_ws/build/nav_2d_msgs': CMAKE_PREFIX_PATH=${CMAKE_PREFIX_PATH}:/home/brilliant/ros2_ws/install/twist_stamper:/home/brilliant/ros2_ws/install/nav2_simple_commander:/home/brilliant/ros2_ws/install/nav2_loopback_sim:/opt/ros/jazzy DEBUGINFOD_URLS=https://debuginfod.ubuntu.com /usr/bin/cmake --install /home/brilliant/ros2_ws/build/nav_2d_msgs
[1.243s] -- Install configuration: ""
[1.244s] -- Execute custom install script
[1.245s] -- Up-to-date symlink: /home/brilliant/ros2_ws/install/nav_2d_msgs/share/ament_index/resource_index/rosidl_interfaces/nav_2d_msgs
[1.246s] -- Up-to-date symlink: /home/brilliant/ros2_ws/install/nav_2d_msgs/share/nav_2d_msgs/msg/Path2D.json
[1.249s] -- Up-to-date symlink: /home/brilliant/ros2_ws/install/nav_2d_msgs/share/nav_2d_msgs/msg/Pose2D32.json
[1.250s] -- Up-to-date symlink: /home/brilliant/ros2_ws/install/nav_2d_msgs/share/nav_2d_msgs/msg/Pose2DStamped.json
[1.250s] -- Up-to-date symlink: /home/brilliant/ros2_ws/install/nav_2d_msgs/share/nav_2d_msgs/msg/Twist2D.json
[1.250s] -- Up-to-date symlink: /home/brilliant/ros2_ws/install/nav_2d_msgs/share/nav_2d_msgs/msg/Twist2D32.json
[1.252s] -- Up-to-date symlink: /home/brilliant/ros2_ws/install/nav_2d_msgs/share/nav_2d_msgs/msg/Twist2DStamped.json
[1.257s] -- Up-to-date symlink: /home/brilliant/ros2_ws/install/nav_2d_msgs/include/nav_2d_msgs/nav_2d_msgs/msg/detail/path2_d__functions.h
[1.259s] -- Up-to-date symlink: /home/brilliant/ros2_ws/install/nav_2d_msgs/include/nav_2d_msgs/nav_2d_msgs/msg/detail/path2_d__struct.h
[1.260s] -- Up-to-date symlink: /home/brilliant/ros2_ws/install/nav_2d_msgs/include/nav_2d_msgs/nav_2d_msgs/msg/detail/path2_d__type_support.h
[1.261s] -- Up-to-date symlink: /home/brilliant/ros2_ws/install/nav_2d_msgs/include/nav_2d_msgs/nav_2d_msgs/msg/detail/pose2_d32__functions.h
[1.261s] -- Up-to-date symlink: /home/brilliant/ros2_ws/install/nav_2d_msgs/include/nav_2d_msgs/nav_2d_msgs/msg/detail/pose2_d32__struct.h
[1.262s] -- Up-to-date symlink: /home/brilliant/ros2_ws/install/nav_2d_msgs/include/nav_2d_msgs/nav_2d_msgs/msg/detail/pose2_d32__type_support.h
[1.263s] -- Up-to-date symlink: /home/brilliant/ros2_ws/install/nav_2d_msgs/include/nav_2d_msgs/nav_2d_msgs/msg/detail/pose2_d_stamped__functions.h
[1.264s] -- Up-to-date symlink: /home/brilliant/ros2_ws/install/nav_2d_msgs/include/nav_2d_msgs/nav_2d_msgs/msg/detail/pose2_d_stamped__struct.h
[1.265s] -- Up-to-date symlink: /home/brilliant/ros2_ws/install/nav_2d_msgs/include/nav_2d_msgs/nav_2d_msgs/msg/detail/pose2_d_stamped__type_support.h
[1.265s] -- Up-to-date symlink: /home/brilliant/ros2_ws/install/nav_2d_msgs/include/nav_2d_msgs/nav_2d_msgs/msg/detail/twist2_d32__functions.h
[1.266s] -- Up-to-date symlink: /home/brilliant/ros2_ws/install/nav_2d_msgs/include/nav_2d_msgs/nav_2d_msgs/msg/detail/twist2_d32__struct.h
[1.267s] -- Up-to-date symlink: /home/brilliant/ros2_ws/install/nav_2d_msgs/include/nav_2d_msgs/nav_2d_msgs/msg/detail/twist2_d32__type_support.h
[1.268s] -- Up-to-date symlink: /home/brilliant/ros2_ws/install/nav_2d_msgs/include/nav_2d_msgs/nav_2d_msgs/msg/detail/twist2_d__functions.h
[1.268s] -- Up-to-date symlink: /home/brilliant/ros2_ws/install/nav_2d_msgs/include/nav_2d_msgs/nav_2d_msgs/msg/detail/twist2_d__struct.h
[1.270s] -- Up-to-date symlink: /home/brilliant/ros2_ws/install/nav_2d_msgs/include/nav_2d_msgs/nav_2d_msgs/msg/detail/twist2_d__type_support.h
[1.270s] -- Up-to-date symlink: /home/brilliant/ros2_ws/install/nav_2d_msgs/include/nav_2d_msgs/nav_2d_msgs/msg/detail/twist2_d_stamped__functions.h
[1.271s] -- Up-to-date symlink: /home/brilliant/ros2_ws/install/nav_2d_msgs/include/nav_2d_msgs/nav_2d_msgs/msg/detail/twist2_d_stamped__struct.h
[1.272s] -- Up-to-date symlink: /home/brilliant/ros2_ws/install/nav_2d_msgs/include/nav_2d_msgs/nav_2d_msgs/msg/detail/twist2_d_stamped__type_support.h
[1.273s] -- Up-to-date symlink: /home/brilliant/ros2_ws/install/nav_2d_msgs/include/nav_2d_msgs/nav_2d_msgs/msg/path2_d.h
[1.274s] -- Up-to-date symlink: /home/brilliant/ros2_ws/install/nav_2d_msgs/include/nav_2d_msgs/nav_2d_msgs/msg/pose2_d32.h
[1.275s] -- Up-to-date symlink: /home/brilliant/ros2_ws/install/nav_2d_msgs/include/nav_2d_msgs/nav_2d_msgs/msg/pose2_d_stamped.h
[1.276s] -- Up-to-date symlink: /home/brilliant/ros2_ws/install/nav_2d_msgs/include/nav_2d_msgs/nav_2d_msgs/msg/rosidl_generator_c__visibility_control.h
[1.277s] -- Up-to-date symlink: /home/brilliant/ros2_ws/install/nav_2d_msgs/include/nav_2d_msgs/nav_2d_msgs/msg/twist2_d.h
[1.278s] -- Up-to-date symlink: /home/brilliant/ros2_ws/install/nav_2d_msgs/include/nav_2d_msgs/nav_2d_msgs/msg/twist2_d32.h
[1.279s] -- Up-to-date symlink: /home/brilliant/ros2_ws/install/nav_2d_msgs/include/nav_2d_msgs/nav_2d_msgs/msg/twist2_d_stamped.h
[1.279s] -- Up-to-date symlink: /home/brilliant/ros2_ws/install/nav_2d_msgs/share/nav_2d_msgs/environment/library_path.sh
[1.282s] -- Up-to-date symlink: /home/brilliant/ros2_ws/install/nav_2d_msgs/share/nav_2d_msgs/environment/library_path.dsv
[1.283s] -- Up-to-date symlink: /home/brilliant/ros2_ws/install/nav_2d_msgs/include/nav_2d_msgs/nav_2d_msgs/msg/detail/path2_d__rosidl_typesupport_fastrtps_c.h
[1.285s] -- Up-to-date symlink: /home/brilliant/ros2_ws/install/nav_2d_msgs/include/nav_2d_msgs/nav_2d_msgs/msg/detail/pose2_d32__rosidl_typesupport_fastrtps_c.h
[1.285s] -- Up-to-date symlink: /home/brilliant/ros2_ws/install/nav_2d_msgs/include/nav_2d_msgs/nav_2d_msgs/msg/detail/pose2_d_stamped__rosidl_typesupport_fastrtps_c.h
[1.286s] -- Up-to-date symlink: /home/brilliant/ros2_ws/install/nav_2d_msgs/include/nav_2d_msgs/nav_2d_msgs/msg/detail/twist2_d32__rosidl_typesupport_fastrtps_c.h
[1.289s] -- Up-to-date symlink: /home/brilliant/ros2_ws/install/nav_2d_msgs/include/nav_2d_msgs/nav_2d_msgs/msg/detail/twist2_d__rosidl_typesupport_fastrtps_c.h
[1.290s] -- Up-to-date symlink: /home/brilliant/ros2_ws/install/nav_2d_msgs/include/nav_2d_msgs/nav_2d_msgs/msg/detail/twist2_d_stamped__rosidl_typesupport_fastrtps_c.h
[1.292s] -- Up-to-date symlink: /home/brilliant/ros2_ws/install/nav_2d_msgs/include/nav_2d_msgs/nav_2d_msgs/msg/rosidl_typesupport_fastrtps_c__visibility_control.h
[1.293s] -- Up-to-date symlink: /home/brilliant/ros2_ws/install/nav_2d_msgs/include/nav_2d_msgs/nav_2d_msgs/msg/detail/path2_d__builder.hpp
[1.294s] -- Up-to-date symlink: /home/brilliant/ros2_ws/install/nav_2d_msgs/include/nav_2d_msgs/nav_2d_msgs/msg/detail/path2_d__struct.hpp
[1.295s] -- Up-to-date symlink: /home/brilliant/ros2_ws/install/nav_2d_msgs/include/nav_2d_msgs/nav_2d_msgs/msg/detail/path2_d__traits.hpp
[1.296s] -- Up-to-date symlink: /home/brilliant/ros2_ws/install/nav_2d_msgs/include/nav_2d_msgs/nav_2d_msgs/msg/detail/path2_d__type_support.hpp
[1.297s] -- Up-to-date symlink: /home/brilliant/ros2_ws/install/nav_2d_msgs/include/nav_2d_msgs/nav_2d_msgs/msg/detail/pose2_d32__builder.hpp
[1.298s] -- Up-to-date symlink: /home/brilliant/ros2_ws/install/nav_2d_msgs/include/nav_2d_msgs/nav_2d_msgs/msg/detail/pose2_d32__struct.hpp
[1.299s] -- Up-to-date symlink: /home/brilliant/ros2_ws/install/nav_2d_msgs/include/nav_2d_msgs/nav_2d_msgs/msg/detail/pose2_d32__traits.hpp
[1.300s] -- Up-to-date symlink: /home/brilliant/ros2_ws/install/nav_2d_msgs/include/nav_2d_msgs/nav_2d_msgs/msg/detail/pose2_d32__type_support.hpp
[1.301s] -- Up-to-date symlink: /home/brilliant/ros2_ws/install/nav_2d_msgs/include/nav_2d_msgs/nav_2d_msgs/msg/detail/pose2_d_stamped__builder.hpp
[1.301s] -- Up-to-date symlink: /home/brilliant/ros2_ws/install/nav_2d_msgs/include/nav_2d_msgs/nav_2d_msgs/msg/detail/pose2_d_stamped__struct.hpp
[1.302s] -- Up-to-date symlink: /home/brilliant/ros2_ws/install/nav_2d_msgs/include/nav_2d_msgs/nav_2d_msgs/msg/detail/pose2_d_stamped__traits.hpp
[1.303s] -- Up-to-date symlink: /home/brilliant/ros2_ws/install/nav_2d_msgs/include/nav_2d_msgs/nav_2d_msgs/msg/detail/pose2_d_stamped__type_support.hpp
[1.307s] -- Up-to-date symlink: /home/brilliant/ros2_ws/install/nav_2d_msgs/include/nav_2d_msgs/nav_2d_msgs/msg/detail/twist2_d32__builder.hpp
[1.309s] -- Up-to-date symlink: /home/brilliant/ros2_ws/install/nav_2d_msgs/include/nav_2d_msgs/nav_2d_msgs/msg/detail/twist2_d32__struct.hpp
[1.312s] -- Up-to-date symlink: /home/brilliant/ros2_ws/install/nav_2d_msgs/include/nav_2d_msgs/nav_2d_msgs/msg/detail/twist2_d32__traits.hpp
[1.313s] -- Up-to-date symlink: /home/brilliant/ros2_ws/install/nav_2d_msgs/include/nav_2d_msgs/nav_2d_msgs/msg/detail/twist2_d32__type_support.hpp
[1.314s] -- Up-to-date symlink: /home/brilliant/ros2_ws/install/nav_2d_msgs/include/nav_2d_msgs/nav_2d_msgs/msg/detail/twist2_d__builder.hpp
[1.316s] -- Up-to-date symlink: /home/brilliant/ros2_ws/install/nav_2d_msgs/include/nav_2d_msgs/nav_2d_msgs/msg/detail/twist2_d__struct.hpp
[1.317s] -- Up-to-date symlink: /home/brilliant/ros2_ws/install/nav_2d_msgs/include/nav_2d_msgs/nav_2d_msgs/msg/detail/twist2_d__traits.hpp
[1.318s] -- Up-to-date symlink: /home/brilliant/ros2_ws/install/nav_2d_msgs/include/nav_2d_msgs/nav_2d_msgs/msg/detail/twist2_d__type_support.hpp
[1.319s] -- Up-to-date symlink: /home/brilliant/ros2_ws/install/nav_2d_msgs/include/nav_2d_msgs/nav_2d_msgs/msg/detail/twist2_d_stamped__builder.hpp
[1.320s] -- Up-to-date symlink: /home/brilliant/ros2_ws/install/nav_2d_msgs/include/nav_2d_msgs/nav_2d_msgs/msg/detail/twist2_d_stamped__struct.hpp
[1.321s] -- Up-to-date symlink: /home/brilliant/ros2_ws/install/nav_2d_msgs/include/nav_2d_msgs/nav_2d_msgs/msg/detail/twist2_d_stamped__traits.hpp
[1.322s] -- Up-to-date symlink: /home/brilliant/ros2_ws/install/nav_2d_msgs/include/nav_2d_msgs/nav_2d_msgs/msg/detail/twist2_d_stamped__type_support.hpp
[1.323s] -- Up-to-date symlink: /home/brilliant/ros2_ws/install/nav_2d_msgs/include/nav_2d_msgs/nav_2d_msgs/msg/path2_d.hpp
[1.324s] -- Up-to-date symlink: /home/brilliant/ros2_ws/install/nav_2d_msgs/include/nav_2d_msgs/nav_2d_msgs/msg/pose2_d32.hpp
[1.325s] -- Up-to-date symlink: /home/brilliant/ros2_ws/install/nav_2d_msgs/include/nav_2d_msgs/nav_2d_msgs/msg/pose2_d_stamped.hpp
[1.326s] -- Up-to-date symlink: /home/brilliant/ros2_ws/install/nav_2d_msgs/include/nav_2d_msgs/nav_2d_msgs/msg/rosidl_generator_cpp__visibility_control.hpp
[1.331s] -- Up-to-date symlink: /home/brilliant/ros2_ws/install/nav_2d_msgs/include/nav_2d_msgs/nav_2d_msgs/msg/twist2_d.hpp
[1.331s] -- Up-to-date symlink: /home/brilliant/ros2_ws/install/nav_2d_msgs/include/nav_2d_msgs/nav_2d_msgs/msg/twist2_d32.hpp
[1.334s] -- Up-to-date symlink: /home/brilliant/ros2_ws/install/nav_2d_msgs/include/nav_2d_msgs/nav_2d_msgs/msg/twist2_d_stamped.hpp
[1.334s] -- Up-to-date symlink: /home/brilliant/ros2_ws/install/nav_2d_msgs/include/nav_2d_msgs/nav_2d_msgs/msg/detail/path2_d__rosidl_typesupport_fastrtps_cpp.hpp
[1.339s] -- Up-to-date symlink: /home/brilliant/ros2_ws/install/nav_2d_msgs/include/nav_2d_msgs/nav_2d_msgs/msg/detail/pose2_d32__rosidl_typesupport_fastrtps_cpp.hpp
[1.340s] -- Up-to-date symlink: /home/brilliant/ros2_ws/install/nav_2d_msgs/include/nav_2d_msgs/nav_2d_msgs/msg/detail/pose2_d_stamped__rosidl_typesupport_fastrtps_cpp.hpp
[1.341s] -- Up-to-date symlink: /home/brilliant/ros2_ws/install/nav_2d_msgs/include/nav_2d_msgs/nav_2d_msgs/msg/detail/twist2_d32__rosidl_typesupport_fastrtps_cpp.hpp
[1.341s] -- Up-to-date symlink: /home/brilliant/ros2_ws/install/nav_2d_msgs/include/nav_2d_msgs/nav_2d_msgs/msg/detail/twist2_d__rosidl_typesupport_fastrtps_cpp.hpp
[1.345s] -- Up-to-date symlink: /home/brilliant/ros2_ws/install/nav_2d_msgs/include/nav_2d_msgs/nav_2d_msgs/msg/detail/twist2_d_stamped__rosidl_typesupport_fastrtps_cpp.hpp
[1.347s] -- Up-to-date symlink: /home/brilliant/ros2_ws/install/nav_2d_msgs/include/nav_2d_msgs/nav_2d_msgs/msg/rosidl_typesupport_fastrtps_cpp__visibility_control.h
[1.351s] -- Up-to-date symlink: /home/brilliant/ros2_ws/install/nav_2d_msgs/include/nav_2d_msgs/nav_2d_msgs/msg/detail/path2_d__rosidl_typesupport_introspection_c.h
[1.352s] -- Up-to-date symlink: /home/brilliant/ros2_ws/install/nav_2d_msgs/include/nav_2d_msgs/nav_2d_msgs/msg/detail/pose2_d32__rosidl_typesupport_introspection_c.h
[1.353s] -- Up-to-date symlink: /home/brilliant/ros2_ws/install/nav_2d_msgs/include/nav_2d_msgs/nav_2d_msgs/msg/detail/pose2_d_stamped__rosidl_typesupport_introspection_c.h
[1.358s] -- Up-to-date symlink: /home/brilliant/ros2_ws/install/nav_2d_msgs/include/nav_2d_msgs/nav_2d_msgs/msg/detail/twist2_d32__rosidl_typesupport_introspection_c.h
[1.359s] -- Up-to-date symlink: /home/brilliant/ros2_ws/install/nav_2d_msgs/include/nav_2d_msgs/nav_2d_msgs/msg/detail/twist2_d__rosidl_typesupport_introspection_c.h
[1.359s] -- Up-to-date symlink: /home/brilliant/ros2_ws/install/nav_2d_msgs/include/nav_2d_msgs/nav_2d_msgs/msg/detail/twist2_d_stamped__rosidl_typesupport_introspection_c.h
[1.364s] -- Up-to-date symlink: /home/brilliant/ros2_ws/install/nav_2d_msgs/include/nav_2d_msgs/nav_2d_msgs/msg/rosidl_typesupport_introspection_c__visibility_control.h
[1.365s] -- Up-to-date symlink: /home/brilliant/ros2_ws/install/nav_2d_msgs/include/nav_2d_msgs/nav_2d_msgs/msg/detail/path2_d__rosidl_typesupport_introspection_cpp.hpp
[1.366s] -- Up-to-date symlink: /home/brilliant/ros2_ws/install/nav_2d_msgs/include/nav_2d_msgs/nav_2d_msgs/msg/detail/pose2_d32__rosidl_typesupport_introspection_cpp.hpp
[1.370s] -- Up-to-date symlink: /home/brilliant/ros2_ws/install/nav_2d_msgs/include/nav_2d_msgs/nav_2d_msgs/msg/detail/pose2_d_stamped__rosidl_typesupport_introspection_cpp.hpp
[1.371s] -- Up-to-date symlink: /home/brilliant/ros2_ws/install/nav_2d_msgs/include/nav_2d_msgs/nav_2d_msgs/msg/detail/twist2_d32__rosidl_typesupport_introspection_cpp.hpp
[1.373s] -- Up-to-date symlink: /home/brilliant/ros2_ws/install/nav_2d_msgs/include/nav_2d_msgs/nav_2d_msgs/msg/detail/twist2_d__rosidl_typesupport_introspection_cpp.hpp
[1.374s] -- Up-to-date symlink: /home/brilliant/ros2_ws/install/nav_2d_msgs/include/nav_2d_msgs/nav_2d_msgs/msg/detail/twist2_d_stamped__rosidl_typesupport_introspection_cpp.hpp
[1.379s] -- Up-to-date symlink: /home/brilliant/ros2_ws/install/nav_2d_msgs/share/nav_2d_msgs/environment/pythonpath.sh
[1.379s] -- Up-to-date symlink: /home/brilliant/ros2_ws/install/nav_2d_msgs/share/nav_2d_msgs/environment/pythonpath.dsv
[1.379s] -- Up-to-date symlink: /home/brilliant/ros2_ws/install/nav_2d_msgs/lib/python3.12/site-packages/nav_2d_msgs-1.3.7-py3.12.egg-info/PKG-INFO
[1.380s] -- Up-to-date symlink: /home/brilliant/ros2_ws/install/nav_2d_msgs/lib/python3.12/site-packages/nav_2d_msgs-1.3.7-py3.12.egg-info/SOURCES.txt
[1.382s] -- Up-to-date symlink: /home/brilliant/ros2_ws/install/nav_2d_msgs/lib/python3.12/site-packages/nav_2d_msgs-1.3.7-py3.12.egg-info/dependency_links.txt
[1.382s] -- Up-to-date symlink: /home/brilliant/ros2_ws/install/nav_2d_msgs/lib/python3.12/site-packages/nav_2d_msgs-1.3.7-py3.12.egg-info/top_level.txt
[1.385s] -- Up-to-date symlink: /home/brilliant/ros2_ws/install/nav_2d_msgs/lib/python3.12/site-packages/nav_2d_msgs/__init__.py
[1.390s] -- Up-to-date symlink: /home/brilliant/ros2_ws/install/nav_2d_msgs/lib/python3.12/site-packages/nav_2d_msgs/_nav_2d_msgs_s.ep.rosidl_typesupport_c.c
[1.390s] -- Up-to-date symlink: /home/brilliant/ros2_ws/install/nav_2d_msgs/lib/python3.12/site-packages/nav_2d_msgs/_nav_2d_msgs_s.ep.rosidl_typesupport_fastrtps_c.c
[1.391s] -- Up-to-date symlink: /home/brilliant/ros2_ws/install/nav_2d_msgs/lib/python3.12/site-packages/nav_2d_msgs/_nav_2d_msgs_s.ep.rosidl_typesupport_introspection_c.c
[1.391s] -- Up-to-date symlink: /home/brilliant/ros2_ws/install/nav_2d_msgs/lib/python3.12/site-packages/nav_2d_msgs/msg/__init__.py
[1.393s] -- Up-to-date symlink: /home/brilliant/ros2_ws/install/nav_2d_msgs/lib/python3.12/site-packages/nav_2d_msgs/msg/_path2_d.py
[1.395s] -- Up-to-date symlink: /home/brilliant/ros2_ws/install/nav_2d_msgs/lib/python3.12/site-packages/nav_2d_msgs/msg/_path2_d_s.c
[1.396s] -- Up-to-date symlink: /home/brilliant/ros2_ws/install/nav_2d_msgs/lib/python3.12/site-packages/nav_2d_msgs/msg/_pose2_d32.py
[1.396s] -- Up-to-date symlink: /home/brilliant/ros2_ws/install/nav_2d_msgs/lib/python3.12/site-packages/nav_2d_msgs/msg/_pose2_d32_s.c
[1.396s] -- Up-to-date symlink: /home/brilliant/ros2_ws/install/nav_2d_msgs/lib/python3.12/site-packages/nav_2d_msgs/msg/_pose2_d_stamped.py
[1.396s] -- Up-to-date symlink: /home/brilliant/ros2_ws/install/nav_2d_msgs/lib/python3.12/site-packages/nav_2d_msgs/msg/_pose2_d_stamped_s.c
[1.397s] -- Up-to-date symlink: /home/brilliant/ros2_ws/install/nav_2d_msgs/lib/python3.12/site-packages/nav_2d_msgs/msg/_twist2_d.py
[1.397s] -- Up-to-date symlink: /home/brilliant/ros2_ws/install/nav_2d_msgs/lib/python3.12/site-packages/nav_2d_msgs/msg/_twist2_d32.py
[1.398s] -- Up-to-date symlink: /home/brilliant/ros2_ws/install/nav_2d_msgs/lib/python3.12/site-packages/nav_2d_msgs/msg/_twist2_d32_s.c
[1.399s] -- Up-to-date symlink: /home/brilliant/ros2_ws/install/nav_2d_msgs/lib/python3.12/site-packages/nav_2d_msgs/msg/_twist2_d_s.c
[1.400s] -- Up-to-date symlink: /home/brilliant/ros2_ws/install/nav_2d_msgs/lib/python3.12/site-packages/nav_2d_msgs/msg/_twist2_d_stamped.py
[1.401s] -- Up-to-date symlink: /home/brilliant/ros2_ws/install/nav_2d_msgs/lib/python3.12/site-packages/nav_2d_msgs/msg/_twist2_d_stamped_s.c
[1.402s] -- Up-to-date symlink: /home/brilliant/ros2_ws/install/nav_2d_msgs/lib/python3.12/site-packages/nav_2d_msgs/nav_2d_msgs_s__rosidl_typesupport_c.so
[1.403s] -- Up-to-date symlink: /home/brilliant/ros2_ws/install/nav_2d_msgs/lib/python3.12/site-packages/nav_2d_msgs/nav_2d_msgs_s__rosidl_typesupport_fastrtps_c.so
[1.403s] -- Up-to-date symlink: /home/brilliant/ros2_ws/install/nav_2d_msgs/lib/python3.12/site-packages/nav_2d_msgs/nav_2d_msgs_s__rosidl_typesupport_introspection_c.so
[1.404s] -- Up-to-date symlink: /home/brilliant/ros2_ws/install/nav_2d_msgs/lib/python3.12/site-packages/nav_2d_msgs/nav_2d_msgs_s__rosidl_typesupport_fastrtps_c.so
[1.408s] -- Up-to-date symlink: /home/brilliant/ros2_ws/install/nav_2d_msgs/lib/python3.12/site-packages/nav_2d_msgs/nav_2d_msgs_s__rosidl_typesupport_introspection_c.so
[1.408s] -- Up-to-date symlink: /home/brilliant/ros2_ws/install/nav_2d_msgs/lib/python3.12/site-packages/nav_2d_msgs/nav_2d_msgs_s__rosidl_typesupport_c.so
[1.408s] -- Up-to-date symlink: /home/brilliant/ros2_ws/install/nav_2d_msgs/share/nav_2d_msgs/msg/Path2D.idl
[1.410s] -- Up-to-date symlink: /home/brilliant/ros2_ws/install/nav_2d_msgs/share/nav_2d_msgs/msg/Pose2D32.idl
[1.412s] -- Up-to-date symlink: /home/brilliant/ros2_ws/install/nav_2d_msgs/share/nav_2d_msgs/msg/Pose2DStamped.idl
[1.412s] -- Up-to-date symlink: /home/brilliant/ros2_ws/install/nav_2d_msgs/share/nav_2d_msgs/msg/Twist2D.idl
[1.415s] -- Up-to-date symlink: /home/brilliant/ros2_ws/install/nav_2d_msgs/share/nav_2d_msgs/msg/Twist2D32.idl
[1.415s] -- Up-to-date symlink: /home/brilliant/ros2_ws/install/nav_2d_msgs/share/nav_2d_msgs/msg/Twist2DStamped.idl
[1.416s] -- Up-to-date symlink: /home/brilliant/ros2_ws/install/nav_2d_msgs/share/nav_2d_msgs/msg/Path2D.msg
[1.417s] -- Up-to-date symlink: /home/brilliant/ros2_ws/install/nav_2d_msgs/share/nav_2d_msgs/msg/Pose2D32.msg
[1.417s] -- Up-to-date symlink: /home/brilliant/ros2_ws/install/nav_2d_msgs/share/nav_2d_msgs/msg/Pose2DStamped.msg
[1.421s] -- Up-to-date symlink: /home/brilliant/ros2_ws/install/nav_2d_msgs/share/nav_2d_msgs/msg/Twist2D.msg
[1.422s] -- Up-to-date symlink: /home/brilliant/ros2_ws/install/nav_2d_msgs/share/nav_2d_msgs/msg/Twist2D32.msg
[1.424s] -- Up-to-date symlink: /home/brilliant/ros2_ws/install/nav_2d_msgs/share/nav_2d_msgs/msg/Twist2DStamped.msg
[1.426s] -- Up-to-date symlink: /home/brilliant/ros2_ws/install/nav_2d_msgs/share/ament_index/resource_index/package_run_dependencies/nav_2d_msgs
[1.426s] -- Up-to-date symlink: /home/brilliant/ros2_ws/install/nav_2d_msgs/share/ament_index/resource_index/parent_prefix_path/nav_2d_msgs
[1.426s] -- Up-to-date symlink: /home/brilliant/ros2_ws/install/nav_2d_msgs/share/nav_2d_msgs/environment/ament_prefix_path.sh
[1.426s] -- Up-to-date symlink: /home/brilliant/ros2_ws/install/nav_2d_msgs/share/nav_2d_msgs/environment/ament_prefix_path.dsv
[1.427s] -- Up-to-date symlink: /home/brilliant/ros2_ws/install/nav_2d_msgs/share/nav_2d_msgs/environment/path.sh
[1.427s] -- Up-to-date symlink: /home/brilliant/ros2_ws/install/nav_2d_msgs/share/nav_2d_msgs/environment/path.dsv
[1.428s] -- Up-to-date symlink: /home/brilliant/ros2_ws/install/nav_2d_msgs/share/nav_2d_msgs/local_setup.bash
[1.429s] -- Up-to-date symlink: /home/brilliant/ros2_ws/install/nav_2d_msgs/share/nav_2d_msgs/local_setup.sh
[1.430s] -- Up-to-date symlink: /home/brilliant/ros2_ws/install/nav_2d_msgs/share/nav_2d_msgs/local_setup.zsh
[1.432s] -- Up-to-date symlink: /home/brilliant/ros2_ws/install/nav_2d_msgs/share/nav_2d_msgs/local_setup.dsv
[1.432s] -- Symlinking: /home/brilliant/ros2_ws/install/nav_2d_msgs/share/nav_2d_msgs/package.dsv
[1.490s] -- Up-to-date symlink: /home/brilliant/ros2_ws/install/nav_2d_msgs/share/ament_index/resource_index/packages/nav_2d_msgs
[1.490s] -- Up-to-date symlink: /home/brilliant/ros2_ws/install/nav_2d_msgs/share/nav_2d_msgs/cmake/rosidl_cmake-extras.cmake
[1.490s] -- Up-to-date symlink: /home/brilliant/ros2_ws/install/nav_2d_msgs/share/nav_2d_msgs/cmake/ament_cmake_export_dependencies-extras.cmake
[1.492s] -- Up-to-date symlink: /home/brilliant/ros2_ws/install/nav_2d_msgs/share/nav_2d_msgs/cmake/ament_cmake_export_include_directories-extras.cmake
[1.492s] -- Up-to-date symlink: /home/brilliant/ros2_ws/install/nav_2d_msgs/share/nav_2d_msgs/cmake/ament_cmake_export_libraries-extras.cmake
[1.492s] -- Up-to-date symlink: /home/brilliant/ros2_ws/install/nav_2d_msgs/share/nav_2d_msgs/cmake/ament_cmake_export_targets-extras.cmake
[1.497s] -- Up-to-date symlink: /home/brilliant/ros2_ws/install/nav_2d_msgs/share/nav_2d_msgs/cmake/rosidl_cmake_export_typesupport_targets-extras.cmake
[1.497s] -- Up-to-date symlink: /home/brilliant/ros2_ws/install/nav_2d_msgs/share/nav_2d_msgs/cmake/rosidl_cmake_export_typesupport_libraries-extras.cmake
[1.497s] -- Up-to-date symlink: /home/brilliant/ros2_ws/install/nav_2d_msgs/share/nav_2d_msgs/cmake/nav_2d_msgsConfig.cmake
[1.497s] -- Up-to-date symlink: /home/brilliant/ros2_ws/install/nav_2d_msgs/share/nav_2d_msgs/cmake/nav_2d_msgsConfig-version.cmake
[1.498s] -- Up-to-date symlink: /home/brilliant/ros2_ws/install/nav_2d_msgs/share/nav_2d_msgs/package.xml
[1.500s] -- Up-to-date: /home/brilliant/ros2_ws/install/nav_2d_msgs/lib/libnav_2d_msgs__rosidl_generator_c.so
[1.502s] -- Up-to-date: /home/brilliant/ros2_ws/install/nav_2d_msgs/lib/libnav_2d_msgs__rosidl_typesupport_fastrtps_c.so
[1.505s] -- Up-to-date: /home/brilliant/ros2_ws/install/nav_2d_msgs/lib/libnav_2d_msgs__rosidl_typesupport_fastrtps_cpp.so
[1.508s] -- Up-to-date: /home/brilliant/ros2_ws/install/nav_2d_msgs/lib/libnav_2d_msgs__rosidl_typesupport_introspection_c.so
[1.510s] -- Up-to-date: /home/brilliant/ros2_ws/install/nav_2d_msgs/lib/libnav_2d_msgs__rosidl_typesupport_c.so
[1.515s] -- Up-to-date: /home/brilliant/ros2_ws/install/nav_2d_msgs/lib/libnav_2d_msgs__rosidl_typesupport_introspection_cpp.so
[1.516s] -- Up-to-date: /home/brilliant/ros2_ws/install/nav_2d_msgs/lib/libnav_2d_msgs__rosidl_typesupport_cpp.so
[1.600s] Listing '/home/brilliant/ros2_ws/install/nav_2d_msgs/lib/python3.12/site-packages/nav_2d_msgs'...
[1.601s] Listing '/home/brilliant/ros2_ws/install/nav_2d_msgs/lib/python3.12/site-packages/nav_2d_msgs/msg'...
[1.616s] -- Up-to-date: /home/brilliant/ros2_ws/install/nav_2d_msgs/lib/libnav_2d_msgs__rosidl_generator_py.so
[1.617s] -- Up-to-date: /home/brilliant/ros2_ws/install/nav_2d_msgs/share/nav_2d_msgs/cmake/export_nav_2d_msgs__rosidl_generator_cExport.cmake
[1.617s] -- Up-to-date: /home/brilliant/ros2_ws/install/nav_2d_msgs/share/nav_2d_msgs/cmake/export_nav_2d_msgs__rosidl_generator_cExport-noconfig.cmake
[1.618s] -- Up-to-date: /home/brilliant/ros2_ws/install/nav_2d_msgs/share/nav_2d_msgs/cmake/export_nav_2d_msgs__rosidl_typesupport_fastrtps_cExport.cmake
[1.619s] -- Up-to-date: /home/brilliant/ros2_ws/install/nav_2d_msgs/share/nav_2d_msgs/cmake/export_nav_2d_msgs__rosidl_typesupport_fastrtps_cExport-noconfig.cmake
[1.619s] -- Up-to-date: /home/brilliant/ros2_ws/install/nav_2d_msgs/share/nav_2d_msgs/cmake/export_nav_2d_msgs__rosidl_generator_cppExport.cmake
[1.620s] -- Up-to-date: /home/brilliant/ros2_ws/install/nav_2d_msgs/share/nav_2d_msgs/cmake/export_nav_2d_msgs__rosidl_typesupport_fastrtps_cppExport.cmake
[1.620s] -- Up-to-date: /home/brilliant/ros2_ws/install/nav_2d_msgs/share/nav_2d_msgs/cmake/export_nav_2d_msgs__rosidl_typesupport_fastrtps_cppExport-noconfig.cmake
[1.621s] -- Up-to-date: /home/brilliant/ros2_ws/install/nav_2d_msgs/share/nav_2d_msgs/cmake/nav_2d_msgs__rosidl_typesupport_introspection_cExport.cmake
[1.621s] -- Up-to-date: /home/brilliant/ros2_ws/install/nav_2d_msgs/share/nav_2d_msgs/cmake/nav_2d_msgs__rosidl_typesupport_introspection_cExport-noconfig.cmake
[1.622s] -- Up-to-date: /home/brilliant/ros2_ws/install/nav_2d_msgs/share/nav_2d_msgs/cmake/nav_2d_msgs__rosidl_typesupport_cExport.cmake
[1.623s] -- Up-to-date: /home/brilliant/ros2_ws/install/nav_2d_msgs/share/nav_2d_msgs/cmake/nav_2d_msgs__rosidl_typesupport_cExport-noconfig.cmake
[1.623s] -- Up-to-date: /home/brilliant/ros2_ws/install/nav_2d_msgs/share/nav_2d_msgs/cmake/nav_2d_msgs__rosidl_typesupport_introspection_cppExport.cmake
[1.624s] -- Up-to-date: /home/brilliant/ros2_ws/install/nav_2d_msgs/share/nav_2d_msgs/cmake/nav_2d_msgs__rosidl_typesupport_introspection_cppExport-noconfig.cmake
[1.625s] -- Up-to-date: /home/brilliant/ros2_ws/install/nav_2d_msgs/share/nav_2d_msgs/cmake/nav_2d_msgs__rosidl_typesupport_cppExport.cmake
[1.625s] -- Up-to-date: /home/brilliant/ros2_ws/install/nav_2d_msgs/share/nav_2d_msgs/cmake/nav_2d_msgs__rosidl_typesupport_cppExport-noconfig.cmake
[1.626s] -- Up-to-date: /home/brilliant/ros2_ws/install/nav_2d_msgs/share/nav_2d_msgs/cmake/export_nav_2d_msgs__rosidl_generator_pyExport.cmake
[1.626s] -- Up-to-date: /home/brilliant/ros2_ws/install/nav_2d_msgs/share/nav_2d_msgs/cmake/export_nav_2d_msgs__rosidl_generator_pyExport-noconfig.cmake
[1.632s] Invoked command in '/home/brilliant/ros2_ws/build/nav_2d_msgs' returned '0': CMAKE_PREFIX_PATH=${CMAKE_PREFIX_PATH}:/home/brilliant/ros2_ws/install/twist_stamper:/home/brilliant/ros2_ws/install/nav2_simple_commander:/home/brilliant/ros2_ws/install/nav2_loopback_sim:/opt/ros/jazzy DEBUGINFOD_URLS=https://debuginfod.ubuntu.com /usr/bin/cmake --install /home/brilliant/ros2_ws/build/nav_2d_msgs
