[0.215s] DEBUG:colcon:Command line arguments: ['/usr/bin/colcon', 'build', '--symlink-install']
[0.215s] DEBUG:colcon:Parsed command line arguments: Namespace(log_base=None, log_level=None, verb_name='build', build_base='build', install_base='install', merge_install=False, symlink_install=True, test_result_base=None, continue_on_error=False, executor='parallel', parallel_workers=4, event_handlers=None, ignore_user_meta=False, metas=['./colcon.meta'], base_paths=['.'], packages_ignore=None, packages_ignore_regex=None, paths=None, packages_up_to=None, packages_up_to_regex=None, packages_above=None, packages_above_and_dependencies=None, packages_above_depth=None, packages_select_by_dep=None, packages_skip_by_dep=None, packages_skip_up_to=None, packages_select_build_failed=False, packages_skip_build_finished=False, packages_select_test_failures=False, packages_skip_test_passed=False, packages_select=None, packages_skip=None, packages_select_regex=None, packages_skip_regex=None, packages_start=None, packages_end=None, allow_overriding=[], cmake_args=None, cmake_target=None, cmake_target_skip_unavailable=False, cmake_clean_cache=False, cmake_clean_first=False, cmake_force_configure=False, ament_cmake_args=None, catkin_cmake_args=None, catkin_skip_building_tests=False, mixin_files=None, mixin=None, verb_parser=<colcon_mixin.mixin.mixin_argument.MixinArgumentDecorator object at 0x750d64a487a0>, verb_extension=<colcon_core.verb.build.BuildVerb object at 0x750d64a484a0>, main=<bound method BuildVerb.main of <colcon_core.verb.build.BuildVerb object at 0x750d64a484a0>>, mixin_verb=('build',))
[0.294s] Level 1:colcon.colcon_core.package_discovery:discover_packages(colcon_meta) check parameters
[0.294s] Level 1:colcon.colcon_core.package_discovery:discover_packages(recursive) check parameters
[0.294s] Level 1:colcon.colcon_core.package_discovery:discover_packages(ignore) check parameters
[0.294s] Level 1:colcon.colcon_core.package_discovery:discover_packages(path) check parameters
[0.294s] Level 1:colcon.colcon_core.package_discovery:discover_packages(colcon_meta) discover
[0.294s] Level 1:colcon.colcon_core.package_discovery:discover_packages(recursive) discover
[0.294s] INFO:colcon.colcon_core.package_discovery:Crawling recursively for packages in '/home/brilliant/ros2_ws'
[0.294s] Level 1:colcon.colcon_core.package_identification:_identify(.) by extensions ['ignore', 'ignore_ament_install']
[0.295s] Level 1:colcon.colcon_core.package_identification:_identify(.) by extension 'ignore'
[0.295s] Level 1:colcon.colcon_core.package_identification:_identify(.) by extension 'ignore_ament_install'
[0.295s] Level 1:colcon.colcon_core.package_identification:_identify(.) by extensions ['colcon_pkg']
[0.295s] Level 1:colcon.colcon_core.package_identification:_identify(.) by extension 'colcon_pkg'
[0.295s] Level 1:colcon.colcon_core.package_identification:_identify(.) by extensions ['colcon_meta']
[0.295s] Level 1:colcon.colcon_core.package_identification:_identify(.) by extension 'colcon_meta'
[0.295s] Level 1:colcon.colcon_core.package_identification:_identify(.) by extensions ['ros']
[0.295s] Level 1:colcon.colcon_core.package_identification:_identify(.) by extension 'ros'
[0.334s] Level 1:colcon.colcon_core.package_identification:_identify(.) by extensions ['cmake', 'python']
[0.334s] Level 1:colcon.colcon_core.package_identification:_identify(.) by extension 'cmake'
[0.334s] Level 1:colcon.colcon_core.package_identification:_identify(.) by extension 'python'
[0.334s] Level 1:colcon.colcon_core.package_identification:_identify(.) by extensions ['python_setup_py']
[0.334s] Level 1:colcon.colcon_core.package_identification:_identify(.) by extension 'python_setup_py'
[0.335s] Level 1:colcon.colcon_core.package_identification:_identify(build) by extensions ['ignore', 'ignore_ament_install']
[0.335s] Level 1:colcon.colcon_core.package_identification:_identify(build) by extension 'ignore'
[0.335s] Level 1:colcon.colcon_core.package_identification:_identify(build) ignored
[0.335s] Level 1:colcon.colcon_core.package_identification:_identify(install) by extensions ['ignore', 'ignore_ament_install']
[0.335s] Level 1:colcon.colcon_core.package_identification:_identify(install) by extension 'ignore'
[0.335s] Level 1:colcon.colcon_core.package_identification:_identify(install) ignored
[0.335s] Level 1:colcon.colcon_core.package_identification:_identify(log) by extensions ['ignore', 'ignore_ament_install']
[0.335s] Level 1:colcon.colcon_core.package_identification:_identify(log) by extension 'ignore'
[0.336s] Level 1:colcon.colcon_core.package_identification:_identify(log) ignored
[0.336s] Level 1:colcon.colcon_core.package_identification:_identify(src) by extensions ['ignore', 'ignore_ament_install']
[0.336s] Level 1:colcon.colcon_core.package_identification:_identify(src) by extension 'ignore'
[0.336s] Level 1:colcon.colcon_core.package_identification:_identify(src) by extension 'ignore_ament_install'
[0.336s] Level 1:colcon.colcon_core.package_identification:_identify(src) by extensions ['colcon_pkg']
[0.336s] Level 1:colcon.colcon_core.package_identification:_identify(src) by extension 'colcon_pkg'
[0.336s] Level 1:colcon.colcon_core.package_identification:_identify(src) by extensions ['colcon_meta']
[0.336s] Level 1:colcon.colcon_core.package_identification:_identify(src) by extension 'colcon_meta'
[0.336s] Level 1:colcon.colcon_core.package_identification:_identify(src) by extensions ['ros']
[0.336s] Level 1:colcon.colcon_core.package_identification:_identify(src) by extension 'ros'
[0.336s] Level 1:colcon.colcon_core.package_identification:_identify(src) by extensions ['cmake', 'python']
[0.336s] Level 1:colcon.colcon_core.package_identification:_identify(src) by extension 'cmake'
[0.336s] Level 1:colcon.colcon_core.package_identification:_identify(src) by extension 'python'
[0.337s] Level 1:colcon.colcon_core.package_identification:_identify(src) by extensions ['python_setup_py']
[0.337s] Level 1:colcon.colcon_core.package_identification:_identify(src) by extension 'python_setup_py'
[0.337s] Level 1:colcon.colcon_core.package_identification:_identify(src/diffdrive_arduino) by extensions ['ignore', 'ignore_ament_install']
[0.337s] Level 1:colcon.colcon_core.package_identification:_identify(src/diffdrive_arduino) by extension 'ignore'
[0.337s] Level 1:colcon.colcon_core.package_identification:_identify(src/diffdrive_arduino) by extension 'ignore_ament_install'
[0.337s] Level 1:colcon.colcon_core.package_identification:_identify(src/diffdrive_arduino) by extensions ['colcon_pkg']
[0.337s] Level 1:colcon.colcon_core.package_identification:_identify(src/diffdrive_arduino) by extension 'colcon_pkg'
[0.337s] Level 1:colcon.colcon_core.package_identification:_identify(src/diffdrive_arduino) by extensions ['colcon_meta']
[0.337s] Level 1:colcon.colcon_core.package_identification:_identify(src/diffdrive_arduino) by extension 'colcon_meta'
[0.337s] Level 1:colcon.colcon_core.package_identification:_identify(src/diffdrive_arduino) by extensions ['ros']
[0.337s] Level 1:colcon.colcon_core.package_identification:_identify(src/diffdrive_arduino) by extension 'ros'
[0.341s] DEBUG:colcon.colcon_core.package_identification:Package 'src/diffdrive_arduino' with type 'ros.ament_cmake' and name 'diffdrive_arduino'
[0.342s] Level 1:colcon.colcon_core.package_identification:_identify(src/minibot) by extensions ['ignore', 'ignore_ament_install']
[0.342s] Level 1:colcon.colcon_core.package_identification:_identify(src/minibot) by extension 'ignore'
[0.342s] Level 1:colcon.colcon_core.package_identification:_identify(src/minibot) by extension 'ignore_ament_install'
[0.342s] Level 1:colcon.colcon_core.package_identification:_identify(src/minibot) by extensions ['colcon_pkg']
[0.342s] Level 1:colcon.colcon_core.package_identification:_identify(src/minibot) by extension 'colcon_pkg'
[0.342s] Level 1:colcon.colcon_core.package_identification:_identify(src/minibot) by extensions ['colcon_meta']
[0.342s] Level 1:colcon.colcon_core.package_identification:_identify(src/minibot) by extension 'colcon_meta'
[0.342s] Level 1:colcon.colcon_core.package_identification:_identify(src/minibot) by extensions ['ros']
[0.342s] Level 1:colcon.colcon_core.package_identification:_identify(src/minibot) by extension 'ros'
[0.343s] DEBUG:colcon.colcon_core.package_identification:Package 'src/minibot' with type 'ros.ament_cmake' and name 'minibot'
[0.343s] Level 1:colcon.colcon_core.package_identification:_identify(src/serial) by extensions ['ignore', 'ignore_ament_install']
[0.344s] Level 1:colcon.colcon_core.package_identification:_identify(src/serial) by extension 'ignore'
[0.344s] Level 1:colcon.colcon_core.package_identification:_identify(src/serial) by extension 'ignore_ament_install'
[0.344s] Level 1:colcon.colcon_core.package_identification:_identify(src/serial) by extensions ['colcon_pkg']
[0.344s] Level 1:colcon.colcon_core.package_identification:_identify(src/serial) by extension 'colcon_pkg'
[0.344s] Level 1:colcon.colcon_core.package_identification:_identify(src/serial) by extensions ['colcon_meta']
[0.344s] Level 1:colcon.colcon_core.package_identification:_identify(src/serial) by extension 'colcon_meta'
[0.344s] Level 1:colcon.colcon_core.package_identification:_identify(src/serial) by extensions ['ros']
[0.344s] Level 1:colcon.colcon_core.package_identification:_identify(src/serial) by extension 'ros'
[0.345s] DEBUG:colcon.colcon_core.package_identification:Package 'src/serial' with type 'ros.ament_cmake' and name 'serial'
[0.345s] Level 1:colcon.colcon_core.package_identification:_identify(src/sllidar_ros2) by extensions ['ignore', 'ignore_ament_install']
[0.345s] Level 1:colcon.colcon_core.package_identification:_identify(src/sllidar_ros2) by extension 'ignore'
[0.345s] Level 1:colcon.colcon_core.package_identification:_identify(src/sllidar_ros2) by extension 'ignore_ament_install'
[0.345s] Level 1:colcon.colcon_core.package_identification:_identify(src/sllidar_ros2) by extensions ['colcon_pkg']
[0.345s] Level 1:colcon.colcon_core.package_identification:_identify(src/sllidar_ros2) by extension 'colcon_pkg'
[0.346s] Level 1:colcon.colcon_core.package_identification:_identify(src/sllidar_ros2) by extensions ['colcon_meta']
[0.346s] Level 1:colcon.colcon_core.package_identification:_identify(src/sllidar_ros2) by extension 'colcon_meta'
[0.346s] Level 1:colcon.colcon_core.package_identification:_identify(src/sllidar_ros2) by extensions ['ros']
[0.346s] Level 1:colcon.colcon_core.package_identification:_identify(src/sllidar_ros2) by extension 'ros'
[0.347s] DEBUG:colcon.colcon_core.package_identification:Package 'src/sllidar_ros2' with type 'ros.ament_cmake' and name 'sllidar_ros2'
[0.347s] Level 1:colcon.colcon_core.package_identification:_identify(src/twist_stamper) by extensions ['ignore', 'ignore_ament_install']
[0.347s] Level 1:colcon.colcon_core.package_identification:_identify(src/twist_stamper) by extension 'ignore'
[0.347s] Level 1:colcon.colcon_core.package_identification:_identify(src/twist_stamper) by extension 'ignore_ament_install'
[0.347s] Level 1:colcon.colcon_core.package_identification:_identify(src/twist_stamper) by extensions ['colcon_pkg']
[0.347s] Level 1:colcon.colcon_core.package_identification:_identify(src/twist_stamper) by extension 'colcon_pkg'
[0.348s] Level 1:colcon.colcon_core.package_identification:_identify(src/twist_stamper) by extensions ['colcon_meta']
[0.348s] Level 1:colcon.colcon_core.package_identification:_identify(src/twist_stamper) by extension 'colcon_meta'
[0.348s] Level 1:colcon.colcon_core.package_identification:_identify(src/twist_stamper) by extensions ['ros']
[0.348s] Level 1:colcon.colcon_core.package_identification:_identify(src/twist_stamper) by extension 'ros'
[0.349s] DEBUG:colcon.colcon_core.package_identification:Package 'src/twist_stamper' with type 'ros.ament_python' and name 'twist_stamper'
[0.349s] Level 1:colcon.colcon_core.package_discovery:discover_packages(recursive) using defaults
[0.349s] Level 1:colcon.colcon_core.package_discovery:discover_packages(ignore) discover
[0.349s] Level 1:colcon.colcon_core.package_discovery:discover_packages(ignore) using defaults
[0.349s] Level 1:colcon.colcon_core.package_discovery:discover_packages(path) discover
[0.349s] Level 1:colcon.colcon_core.package_discovery:discover_packages(path) using defaults
[0.382s] Level 1:colcon.colcon_core.package_discovery:discover_packages(prefix_path) check parameters
[0.382s] Level 1:colcon.colcon_core.package_discovery:discover_packages(prefix_path) discover
[0.386s] DEBUG:colcon.colcon_installed_package_information.package_discovery:Found 5 installed packages in /home/brilliant/ros2_ws/install
[0.389s] DEBUG:colcon.colcon_installed_package_information.package_discovery:Found 419 installed packages in /opt/ros/jazzy
[0.393s] Level 1:colcon.colcon_core.package_discovery:discover_packages(prefix_path) using defaults
[0.476s] Level 5:colcon.colcon_core.verb:set package 'diffdrive_arduino' build argument 'cmake_args' from command line to 'None'
[0.476s] Level 5:colcon.colcon_core.verb:set package 'diffdrive_arduino' build argument 'cmake_target' from command line to 'None'
[0.476s] Level 5:colcon.colcon_core.verb:set package 'diffdrive_arduino' build argument 'cmake_target_skip_unavailable' from command line to 'False'
[0.476s] Level 5:colcon.colcon_core.verb:set package 'diffdrive_arduino' build argument 'cmake_clean_cache' from command line to 'False'
[0.476s] Level 5:colcon.colcon_core.verb:set package 'diffdrive_arduino' build argument 'cmake_clean_first' from command line to 'False'
[0.476s] Level 5:colcon.colcon_core.verb:set package 'diffdrive_arduino' build argument 'cmake_force_configure' from command line to 'False'
[0.476s] Level 5:colcon.colcon_core.verb:set package 'diffdrive_arduino' build argument 'ament_cmake_args' from command line to 'None'
[0.476s] Level 5:colcon.colcon_core.verb:set package 'diffdrive_arduino' build argument 'catkin_cmake_args' from command line to 'None'
[0.476s] Level 5:colcon.colcon_core.verb:set package 'diffdrive_arduino' build argument 'catkin_skip_building_tests' from command line to 'False'
[0.477s] DEBUG:colcon.colcon_core.verb:Building package 'diffdrive_arduino' with the following arguments: {'ament_cmake_args': None, 'build_base': '/home/brilliant/ros2_ws/build/diffdrive_arduino', 'catkin_cmake_args': None, 'catkin_skip_building_tests': False, 'cmake_args': None, 'cmake_clean_cache': False, 'cmake_clean_first': False, 'cmake_force_configure': False, 'cmake_target': None, 'cmake_target_skip_unavailable': False, 'install_base': '/home/brilliant/ros2_ws/install/diffdrive_arduino', 'merge_install': False, 'path': '/home/brilliant/ros2_ws/src/diffdrive_arduino', 'symlink_install': True, 'test_result_base': None}
[0.477s] Level 5:colcon.colcon_core.verb:set package 'minibot' build argument 'cmake_args' from command line to 'None'
[0.477s] Level 5:colcon.colcon_core.verb:set package 'minibot' build argument 'cmake_target' from command line to 'None'
[0.477s] Level 5:colcon.colcon_core.verb:set package 'minibot' build argument 'cmake_target_skip_unavailable' from command line to 'False'
[0.477s] Level 5:colcon.colcon_core.verb:set package 'minibot' build argument 'cmake_clean_cache' from command line to 'False'
[0.477s] Level 5:colcon.colcon_core.verb:set package 'minibot' build argument 'cmake_clean_first' from command line to 'False'
[0.477s] Level 5:colcon.colcon_core.verb:set package 'minibot' build argument 'cmake_force_configure' from command line to 'False'
[0.477s] Level 5:colcon.colcon_core.verb:set package 'minibot' build argument 'ament_cmake_args' from command line to 'None'
[0.477s] Level 5:colcon.colcon_core.verb:set package 'minibot' build argument 'catkin_cmake_args' from command line to 'None'
[0.477s] Level 5:colcon.colcon_core.verb:set package 'minibot' build argument 'catkin_skip_building_tests' from command line to 'False'
[0.477s] DEBUG:colcon.colcon_core.verb:Building package 'minibot' with the following arguments: {'ament_cmake_args': None, 'build_base': '/home/brilliant/ros2_ws/build/minibot', 'catkin_cmake_args': None, 'catkin_skip_building_tests': False, 'cmake_args': None, 'cmake_clean_cache': False, 'cmake_clean_first': False, 'cmake_force_configure': False, 'cmake_target': None, 'cmake_target_skip_unavailable': False, 'install_base': '/home/brilliant/ros2_ws/install/minibot', 'merge_install': False, 'path': '/home/brilliant/ros2_ws/src/minibot', 'symlink_install': True, 'test_result_base': None}
[0.478s] Level 5:colcon.colcon_core.verb:set package 'serial' build argument 'cmake_args' from command line to 'None'
[0.478s] Level 5:colcon.colcon_core.verb:set package 'serial' build argument 'cmake_target' from command line to 'None'
[0.478s] Level 5:colcon.colcon_core.verb:set package 'serial' build argument 'cmake_target_skip_unavailable' from command line to 'False'
[0.478s] Level 5:colcon.colcon_core.verb:set package 'serial' build argument 'cmake_clean_cache' from command line to 'False'
[0.478s] Level 5:colcon.colcon_core.verb:set package 'serial' build argument 'cmake_clean_first' from command line to 'False'
[0.478s] Level 5:colcon.colcon_core.verb:set package 'serial' build argument 'cmake_force_configure' from command line to 'False'
[0.478s] Level 5:colcon.colcon_core.verb:set package 'serial' build argument 'ament_cmake_args' from command line to 'None'
[0.478s] Level 5:colcon.colcon_core.verb:set package 'serial' build argument 'catkin_cmake_args' from command line to 'None'
[0.478s] Level 5:colcon.colcon_core.verb:set package 'serial' build argument 'catkin_skip_building_tests' from command line to 'False'
[0.478s] DEBUG:colcon.colcon_core.verb:Building package 'serial' with the following arguments: {'ament_cmake_args': None, 'build_base': '/home/brilliant/ros2_ws/build/serial', 'catkin_cmake_args': None, 'catkin_skip_building_tests': False, 'cmake_args': None, 'cmake_clean_cache': False, 'cmake_clean_first': False, 'cmake_force_configure': False, 'cmake_target': None, 'cmake_target_skip_unavailable': False, 'install_base': '/home/brilliant/ros2_ws/install/serial', 'merge_install': False, 'path': '/home/brilliant/ros2_ws/src/serial', 'symlink_install': True, 'test_result_base': None}
[0.478s] Level 5:colcon.colcon_core.verb:set package 'sllidar_ros2' build argument 'cmake_args' from command line to 'None'
[0.478s] Level 5:colcon.colcon_core.verb:set package 'sllidar_ros2' build argument 'cmake_target' from command line to 'None'
[0.478s] Level 5:colcon.colcon_core.verb:set package 'sllidar_ros2' build argument 'cmake_target_skip_unavailable' from command line to 'False'
[0.478s] Level 5:colcon.colcon_core.verb:set package 'sllidar_ros2' build argument 'cmake_clean_cache' from command line to 'False'
[0.479s] Level 5:colcon.colcon_core.verb:set package 'sllidar_ros2' build argument 'cmake_clean_first' from command line to 'False'
[0.479s] Level 5:colcon.colcon_core.verb:set package 'sllidar_ros2' build argument 'cmake_force_configure' from command line to 'False'
[0.479s] Level 5:colcon.colcon_core.verb:set package 'sllidar_ros2' build argument 'ament_cmake_args' from command line to 'None'
[0.479s] Level 5:colcon.colcon_core.verb:set package 'sllidar_ros2' build argument 'catkin_cmake_args' from command line to 'None'
[0.479s] Level 5:colcon.colcon_core.verb:set package 'sllidar_ros2' build argument 'catkin_skip_building_tests' from command line to 'False'
[0.479s] DEBUG:colcon.colcon_core.verb:Building package 'sllidar_ros2' with the following arguments: {'ament_cmake_args': None, 'build_base': '/home/brilliant/ros2_ws/build/sllidar_ros2', 'catkin_cmake_args': None, 'catkin_skip_building_tests': False, 'cmake_args': None, 'cmake_clean_cache': False, 'cmake_clean_first': False, 'cmake_force_configure': False, 'cmake_target': None, 'cmake_target_skip_unavailable': False, 'install_base': '/home/brilliant/ros2_ws/install/sllidar_ros2', 'merge_install': False, 'path': '/home/brilliant/ros2_ws/src/sllidar_ros2', 'symlink_install': True, 'test_result_base': None}
[0.479s] Level 5:colcon.colcon_core.verb:set package 'twist_stamper' build argument 'cmake_args' from command line to 'None'
[0.479s] Level 5:colcon.colcon_core.verb:set package 'twist_stamper' build argument 'cmake_target' from command line to 'None'
[0.479s] Level 5:colcon.colcon_core.verb:set package 'twist_stamper' build argument 'cmake_target_skip_unavailable' from command line to 'False'
[0.479s] Level 5:colcon.colcon_core.verb:set package 'twist_stamper' build argument 'cmake_clean_cache' from command line to 'False'
[0.479s] Level 5:colcon.colcon_core.verb:set package 'twist_stamper' build argument 'cmake_clean_first' from command line to 'False'
[0.479s] Level 5:colcon.colcon_core.verb:set package 'twist_stamper' build argument 'cmake_force_configure' from command line to 'False'
[0.479s] Level 5:colcon.colcon_core.verb:set package 'twist_stamper' build argument 'ament_cmake_args' from command line to 'None'
[0.479s] Level 5:colcon.colcon_core.verb:set package 'twist_stamper' build argument 'catkin_cmake_args' from command line to 'None'
[0.479s] Level 5:colcon.colcon_core.verb:set package 'twist_stamper' build argument 'catkin_skip_building_tests' from command line to 'False'
[0.479s] DEBUG:colcon.colcon_core.verb:Building package 'twist_stamper' with the following arguments: {'ament_cmake_args': None, 'build_base': '/home/brilliant/ros2_ws/build/twist_stamper', 'catkin_cmake_args': None, 'catkin_skip_building_tests': False, 'cmake_args': None, 'cmake_clean_cache': False, 'cmake_clean_first': False, 'cmake_force_configure': False, 'cmake_target': None, 'cmake_target_skip_unavailable': False, 'install_base': '/home/brilliant/ros2_ws/install/twist_stamper', 'merge_install': False, 'path': '/home/brilliant/ros2_ws/src/twist_stamper', 'symlink_install': True, 'test_result_base': None}
[0.480s] INFO:colcon.colcon_core.executor:Executing jobs using 'parallel' executor
[0.481s] DEBUG:colcon.colcon_parallel_executor.executor.parallel:run_until_complete
[0.481s] INFO:colcon.colcon_ros.task.ament_cmake.build:Building ROS package in '/home/brilliant/ros2_ws/src/diffdrive_arduino' with build type 'ament_cmake'
[0.481s] INFO:colcon.colcon_cmake.task.cmake.build:Building CMake package in '/home/brilliant/ros2_ws/src/diffdrive_arduino'
[0.489s] INFO:colcon.colcon_core.plugin_system:Skipping extension 'colcon_core.shell.bat': Not used on non-Windows systems
[0.489s] INFO:colcon.colcon_core.shell:Skip shell extension 'powershell' for command environment: Not usable outside of PowerShell
[0.489s] DEBUG:colcon.colcon_core.shell:Skip shell extension 'dsv' for command environment
[0.497s] INFO:colcon.colcon_ros.task.ament_cmake.build:Building ROS package in '/home/brilliant/ros2_ws/src/minibot' with build type 'ament_cmake'
[0.497s] INFO:colcon.colcon_cmake.task.cmake.build:Building CMake package in '/home/brilliant/ros2_ws/src/minibot'
[0.498s] INFO:colcon.colcon_core.shell:Skip shell extension 'powershell' for command environment: Not usable outside of PowerShell
[0.498s] DEBUG:colcon.colcon_core.shell:Skip shell extension 'dsv' for command environment
[0.505s] INFO:colcon.colcon_ros.task.ament_cmake.build:Building ROS package in '/home/brilliant/ros2_ws/src/serial' with build type 'ament_cmake'
[0.506s] INFO:colcon.colcon_cmake.task.cmake.build:Building CMake package in '/home/brilliant/ros2_ws/src/serial'
[0.506s] INFO:colcon.colcon_core.shell:Skip shell extension 'powershell' for command environment: Not usable outside of PowerShell
[0.506s] DEBUG:colcon.colcon_core.shell:Skip shell extension 'dsv' for command environment
[0.513s] INFO:colcon.colcon_ros.task.ament_cmake.build:Building ROS package in '/home/brilliant/ros2_ws/src/sllidar_ros2' with build type 'ament_cmake'
[0.513s] INFO:colcon.colcon_cmake.task.cmake.build:Building CMake package in '/home/brilliant/ros2_ws/src/sllidar_ros2'
[0.514s] INFO:colcon.colcon_core.shell:Skip shell extension 'powershell' for command environment: Not usable outside of PowerShell
[0.514s] DEBUG:colcon.colcon_core.shell:Skip shell extension 'dsv' for command environment
[0.528s] DEBUG:colcon.colcon_core.event_handler.log_command:Invoking command in '/home/brilliant/ros2_ws/build/diffdrive_arduino': CMAKE_PREFIX_PATH=${CMAKE_PREFIX_PATH}:/home/brilliant/ros2_ws/install/twist_stamper:/opt/ros/jazzy DEBUGINFOD_URLS=https://debuginfod.ubuntu.com /usr/bin/cmake --build /home/brilliant/ros2_ws/build/diffdrive_arduino -- -j4 -l4
[0.534s] DEBUG:colcon.colcon_core.event_handler.log_command:Invoking command in '/home/brilliant/ros2_ws/build/minibot': CMAKE_PREFIX_PATH=${CMAKE_PREFIX_PATH}:/home/brilliant/ros2_ws/install/twist_stamper:/opt/ros/jazzy DEBUGINFOD_URLS=https://debuginfod.ubuntu.com /usr/bin/cmake --build /home/brilliant/ros2_ws/build/minibot -- -j4 -l4
[0.540s] DEBUG:colcon.colcon_core.event_handler.log_command:Invoking command in '/home/brilliant/ros2_ws/build/serial': CMAKE_PREFIX_PATH=${CMAKE_PREFIX_PATH}:/home/brilliant/ros2_ws/install/twist_stamper:/opt/ros/jazzy DEBUGINFOD_URLS=https://debuginfod.ubuntu.com /usr/bin/cmake --build /home/brilliant/ros2_ws/build/serial -- -j4 -l4
[0.554s] DEBUG:colcon.colcon_core.event_handler.log_command:Invoking command in '/home/brilliant/ros2_ws/build/sllidar_ros2': CMAKE_PREFIX_PATH=${CMAKE_PREFIX_PATH}:/home/brilliant/ros2_ws/install/twist_stamper:/opt/ros/jazzy DEBUGINFOD_URLS=https://debuginfod.ubuntu.com /usr/bin/cmake --build /home/brilliant/ros2_ws/build/sllidar_ros2 -- -j4 -l4
[0.761s] DEBUG:colcon.colcon_core.event_handler.log_command:Invoked command in '/home/brilliant/ros2_ws/build/minibot' returned '0': CMAKE_PREFIX_PATH=${CMAKE_PREFIX_PATH}:/home/brilliant/ros2_ws/install/twist_stamper:/opt/ros/jazzy DEBUGINFOD_URLS=https://debuginfod.ubuntu.com /usr/bin/cmake --build /home/brilliant/ros2_ws/build/minibot -- -j4 -l4
[0.804s] DEBUG:colcon.colcon_core.event_handler.log_command:Invoking command in '/home/brilliant/ros2_ws/build/minibot': CMAKE_PREFIX_PATH=${CMAKE_PREFIX_PATH}:/home/brilliant/ros2_ws/install/twist_stamper:/opt/ros/jazzy DEBUGINFOD_URLS=https://debuginfod.ubuntu.com /usr/bin/cmake --install /home/brilliant/ros2_ws/build/minibot
[0.832s] DEBUG:colcon.colcon_core.event_handler.log_command:Invoked command in '/home/brilliant/ros2_ws/build/sllidar_ros2' returned '0': CMAKE_PREFIX_PATH=${CMAKE_PREFIX_PATH}:/home/brilliant/ros2_ws/install/twist_stamper:/opt/ros/jazzy DEBUGINFOD_URLS=https://debuginfod.ubuntu.com /usr/bin/cmake --build /home/brilliant/ros2_ws/build/sllidar_ros2 -- -j4 -l4
[0.836s] DEBUG:colcon.colcon_core.event_handler.log_command:Invoking command in '/home/brilliant/ros2_ws/build/sllidar_ros2': CMAKE_PREFIX_PATH=${CMAKE_PREFIX_PATH}:/home/brilliant/ros2_ws/install/twist_stamper:/opt/ros/jazzy DEBUGINFOD_URLS=https://debuginfod.ubuntu.com /usr/bin/cmake --install /home/brilliant/ros2_ws/build/sllidar_ros2
[0.919s] DEBUG:colcon.colcon_core.event_handler.log_command:Invoked command in '/home/brilliant/ros2_ws/build/diffdrive_arduino' returned '0': CMAKE_PREFIX_PATH=${CMAKE_PREFIX_PATH}:/home/brilliant/ros2_ws/install/twist_stamper:/opt/ros/jazzy DEBUGINFOD_URLS=https://debuginfod.ubuntu.com /usr/bin/cmake --build /home/brilliant/ros2_ws/build/diffdrive_arduino -- -j4 -l4
[0.922s] DEBUG:colcon.colcon_core.event_handler.log_command:Invoking command in '/home/brilliant/ros2_ws/build/diffdrive_arduino': CMAKE_PREFIX_PATH=${CMAKE_PREFIX_PATH}:/home/brilliant/ros2_ws/install/twist_stamper:/opt/ros/jazzy DEBUGINFOD_URLS=https://debuginfod.ubuntu.com /usr/bin/cmake --install /home/brilliant/ros2_ws/build/diffdrive_arduino
[0.967s] DEBUG:colcon.colcon_core.event_handler.log_command:Invoked command in '/home/brilliant/ros2_ws/build/serial' returned '0': CMAKE_PREFIX_PATH=${CMAKE_PREFIX_PATH}:/home/brilliant/ros2_ws/install/twist_stamper:/opt/ros/jazzy DEBUGINFOD_URLS=https://debuginfod.ubuntu.com /usr/bin/cmake --build /home/brilliant/ros2_ws/build/serial -- -j4 -l4
[0.979s] Level 1:colcon.colcon_core.environment:create_environment_scripts_only(minibot)
[0.980s] DEBUG:colcon.colcon_core.event_handler.log_command:Invoking command in '/home/brilliant/ros2_ws/build/serial': CMAKE_PREFIX_PATH=${CMAKE_PREFIX_PATH}:/home/brilliant/ros2_ws/install/twist_stamper:/opt/ros/jazzy DEBUGINFOD_URLS=https://debuginfod.ubuntu.com /usr/bin/cmake --install /home/brilliant/ros2_ws/build/serial
[0.981s] DEBUG:colcon.colcon_core.event_handler.log_command:Invoked command in '/home/brilliant/ros2_ws/build/minibot' returned '0': CMAKE_PREFIX_PATH=${CMAKE_PREFIX_PATH}:/home/brilliant/ros2_ws/install/twist_stamper:/opt/ros/jazzy DEBUGINFOD_URLS=https://debuginfod.ubuntu.com /usr/bin/cmake --install /home/brilliant/ros2_ws/build/minibot
[1.014s] Level 1:colcon.colcon_core.environment:checking '/home/brilliant/ros2_ws/install/minibot' for CMake module files
[1.018s] Level 1:colcon.colcon_core.environment:checking '/home/brilliant/ros2_ws/install/minibot' for CMake config files
[1.021s] Level 1:colcon.colcon_core.shell:create_environment_hook('minibot', 'cmake_prefix_path')
[1.022s] INFO:colcon.colcon_core.shell:Creating environment hook '/home/brilliant/ros2_ws/install/minibot/share/minibot/hook/cmake_prefix_path.ps1'
[1.023s] INFO:colcon.colcon_core.shell:Creating environment descriptor '/home/brilliant/ros2_ws/install/minibot/share/minibot/hook/cmake_prefix_path.dsv'
[1.030s] INFO:colcon.colcon_core.shell:Creating environment hook '/home/brilliant/ros2_ws/install/minibot/share/minibot/hook/cmake_prefix_path.sh'
[1.037s] Level 1:colcon.colcon_core.environment:checking '/home/brilliant/ros2_ws/install/minibot/lib'
[1.039s] Level 1:colcon.colcon_core.environment:checking '/home/brilliant/ros2_ws/install/minibot/bin'
[1.039s] Level 1:colcon.colcon_core.environment:checking '/home/brilliant/ros2_ws/install/minibot/lib/pkgconfig/minibot.pc'
[1.039s] Level 1:colcon.colcon_core.environment:checking '/home/brilliant/ros2_ws/install/minibot/lib/python3.12/site-packages'
[1.040s] Level 1:colcon.colcon_core.environment:checking '/home/brilliant/ros2_ws/install/minibot/bin'
[1.043s] INFO:colcon.colcon_core.shell:Creating package script '/home/brilliant/ros2_ws/install/minibot/share/minibot/package.ps1'
[1.051s] INFO:colcon.colcon_core.shell:Creating package descriptor '/home/brilliant/ros2_ws/install/minibot/share/minibot/package.dsv'
[1.057s] INFO:colcon.colcon_core.shell:Creating package script '/home/brilliant/ros2_ws/install/minibot/share/minibot/package.sh'
[1.064s] INFO:colcon.colcon_core.shell:Creating package script '/home/brilliant/ros2_ws/install/minibot/share/minibot/package.bash'
[1.078s] INFO:colcon.colcon_core.shell:Creating package script '/home/brilliant/ros2_ws/install/minibot/share/minibot/package.zsh'
[1.081s] Level 1:colcon.colcon_core.environment:create_file_with_runtime_dependencies(/home/brilliant/ros2_ws/install/minibot/share/colcon-core/packages/minibot)
[1.083s] Level 1:colcon.colcon_core.environment:create_environment_scripts_only(minibot)
[1.083s] Level 1:colcon.colcon_core.environment:checking '/home/brilliant/ros2_ws/install/minibot' for CMake module files
[1.092s] Level 1:colcon.colcon_core.environment:checking '/home/brilliant/ros2_ws/install/minibot' for CMake config files
[1.095s] Level 1:colcon.colcon_core.shell:create_environment_hook('minibot', 'cmake_prefix_path')
[1.096s] INFO:colcon.colcon_core.shell:Creating environment hook '/home/brilliant/ros2_ws/install/minibot/share/minibot/hook/cmake_prefix_path.ps1'
[1.101s] INFO:colcon.colcon_core.shell:Creating environment descriptor '/home/brilliant/ros2_ws/install/minibot/share/minibot/hook/cmake_prefix_path.dsv'
[1.102s] INFO:colcon.colcon_core.shell:Creating environment hook '/home/brilliant/ros2_ws/install/minibot/share/minibot/hook/cmake_prefix_path.sh'
[1.105s] Level 1:colcon.colcon_core.environment:checking '/home/brilliant/ros2_ws/install/minibot/lib'
[1.105s] Level 1:colcon.colcon_core.environment:checking '/home/brilliant/ros2_ws/install/minibot/bin'
[1.105s] Level 1:colcon.colcon_core.environment:checking '/home/brilliant/ros2_ws/install/minibot/lib/pkgconfig/minibot.pc'
[1.106s] Level 1:colcon.colcon_core.environment:checking '/home/brilliant/ros2_ws/install/minibot/lib/python3.12/site-packages'
[1.106s] Level 1:colcon.colcon_core.environment:checking '/home/brilliant/ros2_ws/install/minibot/bin'
[1.106s] INFO:colcon.colcon_core.shell:Creating package script '/home/brilliant/ros2_ws/install/minibot/share/minibot/package.ps1'
[1.108s] INFO:colcon.colcon_core.shell:Creating package descriptor '/home/brilliant/ros2_ws/install/minibot/share/minibot/package.dsv'
[1.109s] INFO:colcon.colcon_core.shell:Creating package script '/home/brilliant/ros2_ws/install/minibot/share/minibot/package.sh'
[1.110s] INFO:colcon.colcon_core.shell:Creating package script '/home/brilliant/ros2_ws/install/minibot/share/minibot/package.bash'
[1.111s] INFO:colcon.colcon_core.shell:Creating package script '/home/brilliant/ros2_ws/install/minibot/share/minibot/package.zsh'
[1.112s] Level 1:colcon.colcon_core.environment:create_file_with_runtime_dependencies(/home/brilliant/ros2_ws/install/minibot/share/colcon-core/packages/minibot)
[1.113s] Level 1:colcon.colcon_core.environment:create_environment_scripts_only(sllidar_ros2)
[1.113s] Level 1:colcon.colcon_core.environment:checking '/home/brilliant/ros2_ws/install/sllidar_ros2' for CMake module files
[1.116s] DEBUG:colcon.colcon_core.event_handler.log_command:Invoked command in '/home/brilliant/ros2_ws/build/sllidar_ros2' returned '0': CMAKE_PREFIX_PATH=${CMAKE_PREFIX_PATH}:/home/brilliant/ros2_ws/install/twist_stamper:/opt/ros/jazzy DEBUGINFOD_URLS=https://debuginfod.ubuntu.com /usr/bin/cmake --install /home/brilliant/ros2_ws/build/sllidar_ros2
[1.117s] Level 1:colcon.colcon_core.environment:checking '/home/brilliant/ros2_ws/install/sllidar_ros2' for CMake config files
[1.118s] Level 1:colcon.colcon_core.shell:create_environment_hook('sllidar_ros2', 'cmake_prefix_path')
[1.118s] INFO:colcon.colcon_core.shell:Creating environment hook '/home/brilliant/ros2_ws/install/sllidar_ros2/share/sllidar_ros2/hook/cmake_prefix_path.ps1'
[1.119s] INFO:colcon.colcon_core.shell:Creating environment descriptor '/home/brilliant/ros2_ws/install/sllidar_ros2/share/sllidar_ros2/hook/cmake_prefix_path.dsv'
[1.120s] INFO:colcon.colcon_core.shell:Creating environment hook '/home/brilliant/ros2_ws/install/sllidar_ros2/share/sllidar_ros2/hook/cmake_prefix_path.sh'
[1.121s] Level 1:colcon.colcon_core.environment:checking '/home/brilliant/ros2_ws/install/sllidar_ros2/lib'
[1.121s] Level 1:colcon.colcon_core.environment:checking '/home/brilliant/ros2_ws/install/sllidar_ros2/bin'
[1.122s] Level 1:colcon.colcon_core.environment:checking '/home/brilliant/ros2_ws/install/sllidar_ros2/lib/pkgconfig/sllidar_ros2.pc'
[1.122s] Level 1:colcon.colcon_core.environment:checking '/home/brilliant/ros2_ws/install/sllidar_ros2/lib/python3.12/site-packages'
[1.122s] Level 1:colcon.colcon_core.environment:checking '/home/brilliant/ros2_ws/install/sllidar_ros2/bin'
[1.123s] INFO:colcon.colcon_core.shell:Creating package script '/home/brilliant/ros2_ws/install/sllidar_ros2/share/sllidar_ros2/package.ps1'
[1.124s] INFO:colcon.colcon_core.shell:Creating package descriptor '/home/brilliant/ros2_ws/install/sllidar_ros2/share/sllidar_ros2/package.dsv'
[1.125s] INFO:colcon.colcon_core.shell:Creating package script '/home/brilliant/ros2_ws/install/sllidar_ros2/share/sllidar_ros2/package.sh'
[1.126s] INFO:colcon.colcon_core.shell:Creating package script '/home/brilliant/ros2_ws/install/sllidar_ros2/share/sllidar_ros2/package.bash'
[1.127s] INFO:colcon.colcon_core.shell:Creating package script '/home/brilliant/ros2_ws/install/sllidar_ros2/share/sllidar_ros2/package.zsh'
[1.128s] Level 1:colcon.colcon_core.environment:create_file_with_runtime_dependencies(/home/brilliant/ros2_ws/install/sllidar_ros2/share/colcon-core/packages/sllidar_ros2)
[1.129s] Level 1:colcon.colcon_core.environment:create_environment_scripts_only(sllidar_ros2)
[1.130s] Level 1:colcon.colcon_core.environment:checking '/home/brilliant/ros2_ws/install/sllidar_ros2' for CMake module files
[1.137s] Level 1:colcon.colcon_core.environment:checking '/home/brilliant/ros2_ws/install/sllidar_ros2' for CMake config files
[1.138s] Level 1:colcon.colcon_core.shell:create_environment_hook('sllidar_ros2', 'cmake_prefix_path')
[1.138s] INFO:colcon.colcon_core.shell:Creating environment hook '/home/brilliant/ros2_ws/install/sllidar_ros2/share/sllidar_ros2/hook/cmake_prefix_path.ps1'
[1.139s] INFO:colcon.colcon_core.shell:Creating environment descriptor '/home/brilliant/ros2_ws/install/sllidar_ros2/share/sllidar_ros2/hook/cmake_prefix_path.dsv'
[1.140s] INFO:colcon.colcon_core.shell:Creating environment hook '/home/brilliant/ros2_ws/install/sllidar_ros2/share/sllidar_ros2/hook/cmake_prefix_path.sh'
[1.141s] Level 1:colcon.colcon_core.environment:checking '/home/brilliant/ros2_ws/install/sllidar_ros2/lib'
[1.142s] Level 1:colcon.colcon_core.environment:checking '/home/brilliant/ros2_ws/install/sllidar_ros2/bin'
[1.142s] Level 1:colcon.colcon_core.environment:checking '/home/brilliant/ros2_ws/install/sllidar_ros2/lib/pkgconfig/sllidar_ros2.pc'
[1.142s] Level 1:colcon.colcon_core.environment:checking '/home/brilliant/ros2_ws/install/sllidar_ros2/lib/python3.12/site-packages'
[1.143s] Level 1:colcon.colcon_core.environment:checking '/home/brilliant/ros2_ws/install/sllidar_ros2/bin'
[1.144s] INFO:colcon.colcon_core.shell:Creating package script '/home/brilliant/ros2_ws/install/sllidar_ros2/share/sllidar_ros2/package.ps1'
[1.145s] INFO:colcon.colcon_core.shell:Creating package descriptor '/home/brilliant/ros2_ws/install/sllidar_ros2/share/sllidar_ros2/package.dsv'
[1.146s] INFO:colcon.colcon_core.shell:Creating package script '/home/brilliant/ros2_ws/install/sllidar_ros2/share/sllidar_ros2/package.sh'
[1.147s] INFO:colcon.colcon_core.shell:Creating package script '/home/brilliant/ros2_ws/install/sllidar_ros2/share/sllidar_ros2/package.bash'
[1.148s] INFO:colcon.colcon_core.shell:Creating package script '/home/brilliant/ros2_ws/install/sllidar_ros2/share/sllidar_ros2/package.zsh'
[1.149s] Level 1:colcon.colcon_core.environment:create_file_with_runtime_dependencies(/home/brilliant/ros2_ws/install/sllidar_ros2/share/colcon-core/packages/sllidar_ros2)
[1.150s] INFO:colcon.colcon_ros.task.ament_python.build:Building ROS package in '/home/brilliant/ros2_ws/src/twist_stamper' with build type 'ament_python'
[1.151s] Level 1:colcon.colcon_core.shell:create_environment_hook('twist_stamper', 'ament_prefix_path')
[1.151s] INFO:colcon.colcon_core.shell:Creating environment hook '/home/brilliant/ros2_ws/install/twist_stamper/share/twist_stamper/hook/ament_prefix_path.ps1'
[1.152s] INFO:colcon.colcon_core.shell:Creating environment descriptor '/home/brilliant/ros2_ws/install/twist_stamper/share/twist_stamper/hook/ament_prefix_path.dsv'
[1.152s] INFO:colcon.colcon_core.shell:Creating environment hook '/home/brilliant/ros2_ws/install/twist_stamper/share/twist_stamper/hook/ament_prefix_path.sh'
[1.153s] INFO:colcon.colcon_core.shell:Skip shell extension 'powershell' for command environment: Not usable outside of PowerShell
[1.153s] DEBUG:colcon.colcon_core.shell:Skip shell extension 'dsv' for command environment
[1.160s] Level 1:colcon.colcon_core.environment:create_environment_scripts_only(diffdrive_arduino)
[1.160s] DEBUG:colcon.colcon_core.event_handler.log_command:Invoked command in '/home/brilliant/ros2_ws/build/diffdrive_arduino' returned '0': CMAKE_PREFIX_PATH=${CMAKE_PREFIX_PATH}:/home/brilliant/ros2_ws/install/twist_stamper:/opt/ros/jazzy DEBUGINFOD_URLS=https://debuginfod.ubuntu.com /usr/bin/cmake --install /home/brilliant/ros2_ws/build/diffdrive_arduino
[1.161s] Level 1:colcon.colcon_core.environment:checking '/home/brilliant/ros2_ws/install/diffdrive_arduino' for CMake module files
[1.162s] Level 1:colcon.colcon_core.environment:checking '/home/brilliant/ros2_ws/install/diffdrive_arduino' for CMake config files
[1.163s] Level 1:colcon.colcon_core.shell:create_environment_hook('diffdrive_arduino', 'cmake_prefix_path')
[1.163s] INFO:colcon.colcon_core.shell:Creating environment hook '/home/brilliant/ros2_ws/install/diffdrive_arduino/share/diffdrive_arduino/hook/cmake_prefix_path.ps1'
[1.164s] INFO:colcon.colcon_core.shell:Creating environment descriptor '/home/brilliant/ros2_ws/install/diffdrive_arduino/share/diffdrive_arduino/hook/cmake_prefix_path.dsv'
[1.164s] INFO:colcon.colcon_core.shell:Creating environment hook '/home/brilliant/ros2_ws/install/diffdrive_arduino/share/diffdrive_arduino/hook/cmake_prefix_path.sh'
[1.165s] Level 1:colcon.colcon_core.environment:checking '/home/brilliant/ros2_ws/install/diffdrive_arduino/lib'
[1.165s] Level 1:colcon.colcon_core.shell:create_environment_hook('diffdrive_arduino', 'ld_library_path_lib')
[1.166s] INFO:colcon.colcon_core.shell:Creating environment hook '/home/brilliant/ros2_ws/install/diffdrive_arduino/share/diffdrive_arduino/hook/ld_library_path_lib.ps1'
[1.166s] INFO:colcon.colcon_core.shell:Creating environment descriptor '/home/brilliant/ros2_ws/install/diffdrive_arduino/share/diffdrive_arduino/hook/ld_library_path_lib.dsv'
[1.167s] INFO:colcon.colcon_core.shell:Creating environment hook '/home/brilliant/ros2_ws/install/diffdrive_arduino/share/diffdrive_arduino/hook/ld_library_path_lib.sh'
[1.168s] Level 1:colcon.colcon_core.environment:checking '/home/brilliant/ros2_ws/install/diffdrive_arduino/bin'
[1.168s] Level 1:colcon.colcon_core.environment:checking '/home/brilliant/ros2_ws/install/diffdrive_arduino/lib/pkgconfig/diffdrive_arduino.pc'
[1.169s] Level 1:colcon.colcon_core.environment:checking '/home/brilliant/ros2_ws/install/diffdrive_arduino/lib/python3.12/site-packages'
[1.169s] Level 1:colcon.colcon_core.environment:checking '/home/brilliant/ros2_ws/install/diffdrive_arduino/bin'
[1.170s] INFO:colcon.colcon_core.shell:Creating package script '/home/brilliant/ros2_ws/install/diffdrive_arduino/share/diffdrive_arduino/package.ps1'
[1.171s] INFO:colcon.colcon_core.shell:Creating package descriptor '/home/brilliant/ros2_ws/install/diffdrive_arduino/share/diffdrive_arduino/package.dsv'
[1.171s] INFO:colcon.colcon_core.shell:Creating package script '/home/brilliant/ros2_ws/install/diffdrive_arduino/share/diffdrive_arduino/package.sh'
[1.172s] INFO:colcon.colcon_core.shell:Creating package script '/home/brilliant/ros2_ws/install/diffdrive_arduino/share/diffdrive_arduino/package.bash'
[1.172s] INFO:colcon.colcon_core.shell:Creating package script '/home/brilliant/ros2_ws/install/diffdrive_arduino/share/diffdrive_arduino/package.zsh'
[1.173s] Level 1:colcon.colcon_core.environment:create_file_with_runtime_dependencies(/home/brilliant/ros2_ws/install/diffdrive_arduino/share/colcon-core/packages/diffdrive_arduino)
[1.173s] Level 1:colcon.colcon_core.environment:create_environment_scripts_only(diffdrive_arduino)
[1.174s] Level 1:colcon.colcon_core.environment:checking '/home/brilliant/ros2_ws/install/diffdrive_arduino' for CMake module files
[1.174s] Level 1:colcon.colcon_core.environment:checking '/home/brilliant/ros2_ws/install/diffdrive_arduino' for CMake config files
[1.175s] Level 1:colcon.colcon_core.shell:create_environment_hook('diffdrive_arduino', 'cmake_prefix_path')
[1.175s] INFO:colcon.colcon_core.shell:Creating environment hook '/home/brilliant/ros2_ws/install/diffdrive_arduino/share/diffdrive_arduino/hook/cmake_prefix_path.ps1'
[1.176s] INFO:colcon.colcon_core.shell:Creating environment descriptor '/home/brilliant/ros2_ws/install/diffdrive_arduino/share/diffdrive_arduino/hook/cmake_prefix_path.dsv'
[1.176s] INFO:colcon.colcon_core.shell:Creating environment hook '/home/brilliant/ros2_ws/install/diffdrive_arduino/share/diffdrive_arduino/hook/cmake_prefix_path.sh'
[1.177s] Level 1:colcon.colcon_core.environment:checking '/home/brilliant/ros2_ws/install/diffdrive_arduino/lib'
[1.177s] Level 1:colcon.colcon_core.shell:create_environment_hook('diffdrive_arduino', 'ld_library_path_lib')
[1.177s] INFO:colcon.colcon_core.shell:Creating environment hook '/home/brilliant/ros2_ws/install/diffdrive_arduino/share/diffdrive_arduino/hook/ld_library_path_lib.ps1'
[1.178s] INFO:colcon.colcon_core.shell:Creating environment descriptor '/home/brilliant/ros2_ws/install/diffdrive_arduino/share/diffdrive_arduino/hook/ld_library_path_lib.dsv'
[1.178s] INFO:colcon.colcon_core.shell:Creating environment hook '/home/brilliant/ros2_ws/install/diffdrive_arduino/share/diffdrive_arduino/hook/ld_library_path_lib.sh'
[1.179s] Level 1:colcon.colcon_core.environment:checking '/home/brilliant/ros2_ws/install/diffdrive_arduino/bin'
[1.179s] Level 1:colcon.colcon_core.environment:checking '/home/brilliant/ros2_ws/install/diffdrive_arduino/lib/pkgconfig/diffdrive_arduino.pc'
[1.179s] Level 1:colcon.colcon_core.environment:checking '/home/brilliant/ros2_ws/install/diffdrive_arduino/lib/python3.12/site-packages'
[1.179s] Level 1:colcon.colcon_core.environment:checking '/home/brilliant/ros2_ws/install/diffdrive_arduino/bin'
[1.180s] INFO:colcon.colcon_core.shell:Creating package script '/home/brilliant/ros2_ws/install/diffdrive_arduino/share/diffdrive_arduino/package.ps1'
[1.180s] INFO:colcon.colcon_core.shell:Creating package descriptor '/home/brilliant/ros2_ws/install/diffdrive_arduino/share/diffdrive_arduino/package.dsv'
[1.181s] INFO:colcon.colcon_core.shell:Creating package script '/home/brilliant/ros2_ws/install/diffdrive_arduino/share/diffdrive_arduino/package.sh'
[1.182s] INFO:colcon.colcon_core.shell:Creating package script '/home/brilliant/ros2_ws/install/diffdrive_arduino/share/diffdrive_arduino/package.bash'
[1.182s] INFO:colcon.colcon_core.shell:Creating package script '/home/brilliant/ros2_ws/install/diffdrive_arduino/share/diffdrive_arduino/package.zsh'
[1.183s] Level 1:colcon.colcon_core.environment:create_file_with_runtime_dependencies(/home/brilliant/ros2_ws/install/diffdrive_arduino/share/colcon-core/packages/diffdrive_arduino)
[1.183s] Level 1:colcon.colcon_core.environment:create_environment_scripts_only(serial)
[1.184s] Level 1:colcon.colcon_core.environment:checking '/home/brilliant/ros2_ws/install/serial' for CMake module files
[1.185s] DEBUG:colcon.colcon_core.event_handler.log_command:Invoked command in '/home/brilliant/ros2_ws/build/serial' returned '0': CMAKE_PREFIX_PATH=${CMAKE_PREFIX_PATH}:/home/brilliant/ros2_ws/install/twist_stamper:/opt/ros/jazzy DEBUGINFOD_URLS=https://debuginfod.ubuntu.com /usr/bin/cmake --install /home/brilliant/ros2_ws/build/serial
[1.186s] Level 1:colcon.colcon_core.environment:checking '/home/brilliant/ros2_ws/install/serial' for CMake config files
[1.186s] Level 1:colcon.colcon_core.shell:create_environment_hook('serial', 'cmake_prefix_path')
[1.187s] INFO:colcon.colcon_core.shell:Creating environment hook '/home/brilliant/ros2_ws/install/serial/share/serial/hook/cmake_prefix_path.ps1'
[1.187s] INFO:colcon.colcon_core.shell:Creating environment descriptor '/home/brilliant/ros2_ws/install/serial/share/serial/hook/cmake_prefix_path.dsv'
[1.188s] INFO:colcon.colcon_core.shell:Creating environment hook '/home/brilliant/ros2_ws/install/serial/share/serial/hook/cmake_prefix_path.sh'
[1.189s] Level 1:colcon.colcon_core.environment:checking '/home/brilliant/ros2_ws/install/serial/lib'
[1.189s] Level 1:colcon.colcon_core.environment:checking '/home/brilliant/ros2_ws/install/serial/bin'
[1.190s] Level 1:colcon.colcon_core.environment:checking '/home/brilliant/ros2_ws/install/serial/lib/pkgconfig/serial.pc'
[1.190s] Level 1:colcon.colcon_core.environment:checking '/home/brilliant/ros2_ws/install/serial/lib/python3.12/site-packages'
[1.190s] Level 1:colcon.colcon_core.environment:checking '/home/brilliant/ros2_ws/install/serial/bin'
[1.191s] INFO:colcon.colcon_core.shell:Creating package script '/home/brilliant/ros2_ws/install/serial/share/serial/package.ps1'
[1.192s] INFO:colcon.colcon_core.shell:Creating package descriptor '/home/brilliant/ros2_ws/install/serial/share/serial/package.dsv'
[1.192s] INFO:colcon.colcon_core.shell:Creating package script '/home/brilliant/ros2_ws/install/serial/share/serial/package.sh'
[1.193s] INFO:colcon.colcon_core.shell:Creating package script '/home/brilliant/ros2_ws/install/serial/share/serial/package.bash'
[1.194s] INFO:colcon.colcon_core.shell:Creating package script '/home/brilliant/ros2_ws/install/serial/share/serial/package.zsh'
[1.194s] Level 1:colcon.colcon_core.environment:create_file_with_runtime_dependencies(/home/brilliant/ros2_ws/install/serial/share/colcon-core/packages/serial)
[1.195s] Level 1:colcon.colcon_core.environment:create_environment_scripts_only(serial)
[1.196s] Level 1:colcon.colcon_core.environment:checking '/home/brilliant/ros2_ws/install/serial' for CMake module files
[1.197s] Level 1:colcon.colcon_core.environment:checking '/home/brilliant/ros2_ws/install/serial' for CMake config files
[1.197s] Level 1:colcon.colcon_core.shell:create_environment_hook('serial', 'cmake_prefix_path')
[1.198s] INFO:colcon.colcon_core.shell:Creating environment hook '/home/brilliant/ros2_ws/install/serial/share/serial/hook/cmake_prefix_path.ps1'
[1.199s] INFO:colcon.colcon_core.shell:Creating environment descriptor '/home/brilliant/ros2_ws/install/serial/share/serial/hook/cmake_prefix_path.dsv'
[1.199s] INFO:colcon.colcon_core.shell:Creating environment hook '/home/brilliant/ros2_ws/install/serial/share/serial/hook/cmake_prefix_path.sh'
[1.200s] Level 1:colcon.colcon_core.environment:checking '/home/brilliant/ros2_ws/install/serial/lib'
[1.200s] Level 1:colcon.colcon_core.environment:checking '/home/brilliant/ros2_ws/install/serial/bin'
[1.201s] Level 1:colcon.colcon_core.environment:checking '/home/brilliant/ros2_ws/install/serial/lib/pkgconfig/serial.pc'
[1.201s] Level 1:colcon.colcon_core.environment:checking '/home/brilliant/ros2_ws/install/serial/lib/python3.12/site-packages'
[1.201s] Level 1:colcon.colcon_core.environment:checking '/home/brilliant/ros2_ws/install/serial/bin'
[1.202s] INFO:colcon.colcon_core.shell:Creating package script '/home/brilliant/ros2_ws/install/serial/share/serial/package.ps1'
[1.203s] INFO:colcon.colcon_core.shell:Creating package descriptor '/home/brilliant/ros2_ws/install/serial/share/serial/package.dsv'
[1.203s] INFO:colcon.colcon_core.shell:Creating package script '/home/brilliant/ros2_ws/install/serial/share/serial/package.sh'
[1.204s] INFO:colcon.colcon_core.shell:Creating package script '/home/brilliant/ros2_ws/install/serial/share/serial/package.bash'
[1.205s] INFO:colcon.colcon_core.shell:Creating package script '/home/brilliant/ros2_ws/install/serial/share/serial/package.zsh'
[1.205s] Level 1:colcon.colcon_core.environment:create_file_with_runtime_dependencies(/home/brilliant/ros2_ws/install/serial/share/colcon-core/packages/serial)
[1.668s] INFO:colcon.colcon_core.task.python.build:Building Python package in '/home/brilliant/ros2_ws/src/twist_stamper'
[1.669s] INFO:colcon.colcon_core.shell:Skip shell extension 'powershell' for command environment: Not usable outside of PowerShell
[1.669s] DEBUG:colcon.colcon_core.shell:Skip shell extension 'dsv' for command environment
[2.876s] DEBUG:colcon.colcon_core.event_handler.log_command:Invoking command in '/home/brilliant/ros2_ws/build/twist_stamper': DEBUGINFOD_URLS=https://debuginfod.ubuntu.com PYTHONPATH=/home/brilliant/ros2_ws/build/twist_stamper/prefix_override:/usr/lib/python3/dist-packages/colcon_core/task/python/colcon_distutils_commands:/home/brilliant/ros2_ws/install/twist_stamper/lib/python3.12/site-packages:${PYTHONPATH} /usr/bin/python3 -W ignore:setup.py install is deprecated -W ignore:easy_install command is deprecated setup.py develop --editable --build-directory /home/brilliant/ros2_ws/build/twist_stamper/build --no-deps symlink_data
[3.981s] Level 1:colcon.colcon_core.shell:create_environment_hook('twist_stamper', 'pythonpath_develop')
[3.982s] INFO:colcon.colcon_core.shell:Creating environment hook '/home/brilliant/ros2_ws/build/twist_stamper/share/twist_stamper/hook/pythonpath_develop.ps1'
[3.983s] DEBUG:colcon.colcon_core.event_handler.log_command:Invoked command in '/home/brilliant/ros2_ws/build/twist_stamper' returned '0': DEBUGINFOD_URLS=https://debuginfod.ubuntu.com PYTHONPATH=/home/brilliant/ros2_ws/build/twist_stamper/prefix_override:/usr/lib/python3/dist-packages/colcon_core/task/python/colcon_distutils_commands:/home/brilliant/ros2_ws/install/twist_stamper/lib/python3.12/site-packages:${PYTHONPATH} /usr/bin/python3 -W ignore:setup.py install is deprecated -W ignore:easy_install command is deprecated setup.py develop --editable --build-directory /home/brilliant/ros2_ws/build/twist_stamper/build --no-deps symlink_data
[3.983s] INFO:colcon.colcon_core.shell:Creating environment descriptor '/home/brilliant/ros2_ws/build/twist_stamper/share/twist_stamper/hook/pythonpath_develop.dsv'
[3.984s] INFO:colcon.colcon_core.shell:Creating environment hook '/home/brilliant/ros2_ws/build/twist_stamper/share/twist_stamper/hook/pythonpath_develop.sh'
[3.985s] Level 1:colcon.colcon_core.environment:checking '/home/brilliant/ros2_ws/install/twist_stamper' for CMake module files
[3.986s] Level 1:colcon.colcon_core.environment:checking '/home/brilliant/ros2_ws/install/twist_stamper' for CMake config files
[3.987s] Level 1:colcon.colcon_core.environment:checking '/home/brilliant/ros2_ws/install/twist_stamper/lib'
[3.987s] Level 1:colcon.colcon_core.environment:checking '/home/brilliant/ros2_ws/install/twist_stamper/bin'
[3.987s] Level 1:colcon.colcon_core.environment:checking '/home/brilliant/ros2_ws/install/twist_stamper/lib/pkgconfig/twist_stamper.pc'
[3.987s] Level 1:colcon.colcon_core.environment:checking '/home/brilliant/ros2_ws/install/twist_stamper/lib/python3.12/site-packages'
[3.987s] Level 1:colcon.colcon_core.shell:create_environment_hook('twist_stamper', 'pythonpath')
[3.988s] INFO:colcon.colcon_core.shell:Creating environment hook '/home/brilliant/ros2_ws/install/twist_stamper/share/twist_stamper/hook/pythonpath.ps1'
[3.989s] INFO:colcon.colcon_core.shell:Creating environment descriptor '/home/brilliant/ros2_ws/install/twist_stamper/share/twist_stamper/hook/pythonpath.dsv'
[3.989s] INFO:colcon.colcon_core.shell:Creating environment hook '/home/brilliant/ros2_ws/install/twist_stamper/share/twist_stamper/hook/pythonpath.sh'
[3.991s] Level 1:colcon.colcon_core.environment:checking '/home/brilliant/ros2_ws/install/twist_stamper/bin'
[3.991s] Level 1:colcon.colcon_core.environment:create_environment_scripts_only(twist_stamper)
[3.992s] INFO:colcon.colcon_core.shell:Creating package script '/home/brilliant/ros2_ws/install/twist_stamper/share/twist_stamper/package.ps1'
[3.994s] INFO:colcon.colcon_core.shell:Creating package descriptor '/home/brilliant/ros2_ws/install/twist_stamper/share/twist_stamper/package.dsv'
[3.996s] INFO:colcon.colcon_core.shell:Creating package script '/home/brilliant/ros2_ws/install/twist_stamper/share/twist_stamper/package.sh'
[3.998s] INFO:colcon.colcon_core.shell:Creating package script '/home/brilliant/ros2_ws/install/twist_stamper/share/twist_stamper/package.bash'
[3.999s] INFO:colcon.colcon_core.shell:Creating package script '/home/brilliant/ros2_ws/install/twist_stamper/share/twist_stamper/package.zsh'
[4.001s] Level 1:colcon.colcon_core.environment:create_file_with_runtime_dependencies(/home/brilliant/ros2_ws/install/twist_stamper/share/colcon-core/packages/twist_stamper)
[4.003s] DEBUG:colcon.colcon_parallel_executor.executor.parallel:closing loop
[4.004s] DEBUG:colcon.colcon_parallel_executor.executor.parallel:loop closed
[4.004s] DEBUG:colcon.colcon_parallel_executor.executor.parallel:run_until_complete finished with '0'
[4.004s] DEBUG:colcon.colcon_core.event_reactor:joining thread
[4.044s] INFO:colcon.colcon_core.plugin_system:Skipping extension 'colcon_notification.desktop_notification.terminal_notifier': Not used on non-Darwin systems
[4.044s] INFO:colcon.colcon_core.plugin_system:Skipping extension 'colcon_notification.desktop_notification.win32': Not used on non-Windows systems
[4.044s] INFO:colcon.colcon_notification.desktop_notification:Sending desktop notification using 'notify2'
[4.114s] DEBUG:colcon.colcon_core.event_reactor:joined thread
[4.114s] INFO:colcon.colcon_core.shell:Creating prefix script '/home/brilliant/ros2_ws/install/local_setup.ps1'
[4.126s] INFO:colcon.colcon_core.shell:Creating prefix util module '/home/brilliant/ros2_ws/install/_local_setup_util_ps1.py'
[4.134s] INFO:colcon.colcon_core.shell:Creating prefix chain script '/home/brilliant/ros2_ws/install/setup.ps1'
[4.140s] INFO:colcon.colcon_core.shell:Creating prefix script '/home/brilliant/ros2_ws/install/local_setup.sh'
[4.145s] INFO:colcon.colcon_core.shell:Creating prefix util module '/home/brilliant/ros2_ws/install/_local_setup_util_sh.py'
[4.146s] INFO:colcon.colcon_core.shell:Creating prefix chain script '/home/brilliant/ros2_ws/install/setup.sh'
[4.157s] INFO:colcon.colcon_core.shell:Creating prefix script '/home/brilliant/ros2_ws/install/local_setup.bash'
[4.162s] INFO:colcon.colcon_core.shell:Creating prefix chain script '/home/brilliant/ros2_ws/install/setup.bash'
[4.166s] INFO:colcon.colcon_core.shell:Creating prefix script '/home/brilliant/ros2_ws/install/local_setup.zsh'
[4.176s] INFO:colcon.colcon_core.shell:Creating prefix chain script '/home/brilliant/ros2_ws/install/setup.zsh'
