[3.123s] Invoking command in '/home/brilliant/ros2_ws/build/nav2_loopback_sim': DEBUGINFOD_URLS=https://debuginfod.ubuntu.com PYTHONPATH=/home/brilliant/ros2_ws/build/nav2_loopback_sim/prefix_override:/usr/lib/python3/dist-packages/colcon_core/task/python/colcon_distutils_commands:/home/brilliant/ros2_ws/install/nav2_loopback_sim/lib/python3.12/site-packages:${PYTHONPATH} /usr/bin/python3 -W ignore:setup.py install is deprecated -W ignore:easy_install command is deprecated setup.py develop --editable --build-directory /home/brilliant/ros2_ws/build/nav2_loopback_sim/build --no-deps symlink_data
[4.162s] running develop
[5.849s] running egg_info
[5.851s] creating nav2_loopback_sim.egg-info
[6.039s] writing nav2_loopback_sim.egg-info/PKG-INFO
[6.039s] writing dependency_links to nav2_loopback_sim.egg-info/dependency_links.txt
[6.040s] writing entry points to nav2_loopback_sim.egg-info/entry_points.txt
[6.040s] writing requirements to nav2_loopback_sim.egg-info/requires.txt
[6.040s] writing top-level names to nav2_loopback_sim.egg-info/top_level.txt
[6.050s] writing manifest file 'nav2_loopback_sim.egg-info/SOURCES.txt'
[6.334s] reading manifest file 'nav2_loopback_sim.egg-info/SOURCES.txt'
[6.344s] writing manifest file 'nav2_loopback_sim.egg-info/SOURCES.txt'
[6.476s] running build_ext
[6.478s] Creating /home/brilliant/ros2_ws/install/nav2_loopback_sim/lib/python3.12/site-packages/nav2-loopback-sim.egg-link (link to .)
[6.483s] Installing loopback_simulator script to /home/brilliant/ros2_ws/install/nav2_loopback_sim/lib/nav2_loopback_sim
[6.485s] 
[6.488s] Installed /home/brilliant/ros2_ws/build/nav2_loopback_sim
[6.491s] running symlink_data
[6.492s] creating /home/brilliant/ros2_ws/install/nav2_loopback_sim/share/ament_index
[6.492s] creating /home/brilliant/ros2_ws/install/nav2_loopback_sim/share/ament_index/resource_index
[6.492s] creating /home/brilliant/ros2_ws/install/nav2_loopback_sim/share/ament_index/resource_index/packages
[6.496s] symbolically linking /home/brilliant/ros2_ws/build/nav2_loopback_sim/resource/nav2_loopback_sim -> /home/brilliant/ros2_ws/install/nav2_loopback_sim/share/ament_index/resource_index/packages
[6.496s] symbolically linking /home/brilliant/ros2_ws/build/nav2_loopback_sim/package.xml -> /home/brilliant/ros2_ws/install/nav2_loopback_sim/share/nav2_loopback_sim
[6.497s] symbolically linking /home/brilliant/ros2_ws/build/nav2_loopback_sim/launch/loopback_simulation.launch.py -> /home/brilliant/ros2_ws/install/nav2_loopback_sim/share/nav2_loopback_sim
[6.593s] Invoked command in '/home/brilliant/ros2_ws/build/nav2_loopback_sim' returned '0': DEBUGINFOD_URLS=https://debuginfod.ubuntu.com PYTHONPATH=/home/brilliant/ros2_ws/build/nav2_loopback_sim/prefix_override:/usr/lib/python3/dist-packages/colcon_core/task/python/colcon_distutils_commands:/home/brilliant/ros2_ws/install/nav2_loopback_sim/lib/python3.12/site-packages:${PYTHONPATH} /usr/bin/python3 -W ignore:setup.py install is deprecated -W ignore:easy_install command is deprecated setup.py develop --editable --build-directory /home/brilliant/ros2_ws/build/nav2_loopback_sim/build --no-deps symlink_data
