[0.084s] Invoking command in '/home/brilliant/ros2_ws/build/opennav_docking_core': AMENT_PREFIX_PATH=/home/brilliant/ros2_ws/install/nav2_util:/home/brilliant/ros2_ws/install/nav2_msgs:/home/brilliant/ros2_ws/install/nav2_common:${AMENT_PREFIX_PATH} CMAKE_PREFIX_PATH=/home/brilliant/ros2_ws/install/nav2_util:/home/brilliant/ros2_ws/install/nav2_msgs:/home/brilliant/ros2_ws/install/nav2_common:/home/brilliant/ros2_ws/install/sllidar_ros2:/home/brilliant/ros2_ws/install/serial:/home/brilliant/ros2_ws/install/minibot:/home/brilliant/ros2_ws/install/diffdrive_arduino:/opt/ros/jazzy/opt/gz_sim_vendor:/opt/ros/jazzy/opt/gz_sensors_vendor:/opt/ros/jazzy/opt/gz_physics_vendor:/opt/ros/jazzy/opt/sdformat_vendor:/opt/ros/jazzy/opt/gz_gui_vendor:/opt/ros/jazzy/opt/gz_transport_vendor:/opt/ros/jazzy/opt/gz_rendering_vendor:/opt/ros/jazzy/opt/gz_plugin_vendor:/opt/ros/jazzy/opt/gz_fuel_tools_vendor:/opt/ros/jazzy/opt/gz_msgs_vendor:/opt/ros/jazzy/opt/gz_common_vendor:/opt/ros/jazzy/opt/gz_math_vendor:/opt/ros/jazzy/opt/gz_utils_vendor:/opt/ros/jazzy/opt/gz_tools_vendor:/opt/ros/jazzy/opt/gz_ogre_next_vendor:/opt/ros/jazzy/opt/gz_dartsim_vendor:/opt/ros/jazzy/opt/gz_cmake_vendor:/home/brilliant/ros2_ws/install/twist_stamper:/opt/ros/jazzy DEBUGINFOD_URLS=https://debuginfod.ubuntu.com LD_LIBRARY_PATH=/home/brilliant/ros2_ws/install/nav2_util/lib:/home/brilliant/ros2_ws/install/nav2_msgs/lib:${LD_LIBRARY_PATH} PYTHONPATH=/home/brilliant/ros2_ws/install/nav2_msgs/lib/python3.12/site-packages:/home/brilliant/ros2_ws/install/nav2_common/lib/python3.12/site-packages:${PYTHONPATH} /usr/bin/cmake /home/brilliant/ros2_ws/src/navigation2/nav2_docking/opennav_docking_core -DAMENT_CMAKE_SYMLINK_INSTALL=1 -DCMAKE_INSTALL_PREFIX=/home/brilliant/ros2_ws/install/opennav_docking_core
[0.383s] -- The C compiler identification is GNU 13.3.0
[0.620s] -- The CXX compiler identification is GNU 13.3.0
[0.696s] -- Detecting C compiler ABI info
[1.224s] -- Detecting C compiler ABI info - done
[1.280s] -- Check for working C compiler: /usr/bin/cc - skipped
[1.280s] -- Detecting C compile features
[1.284s] -- Detecting C compile features - done
[1.338s] -- Detecting CXX compiler ABI info
[1.832s] -- Detecting CXX compiler ABI info - done
[1.881s] -- Check for working CXX compiler: /usr/bin/c++ - skipped
[1.883s] -- Detecting CXX compile features
[1.886s] -- Detecting CXX compile features - done
[1.928s] -- Found ament_cmake: 2.5.4 (/opt/ros/jazzy/share/ament_cmake/cmake)
[2.870s] -- Found Python3: /usr/bin/python3 (found version "3.12.3") found components: Interpreter 
[3.357s] -- Override CMake install command with custom implementation using symlinks instead of copying resources
[3.806s] -- Found nav2_common: 1.3.7 (/home/brilliant/ros2_ws/install/nav2_common/share/nav2_common/cmake)
[3.835s] -- Found rclcpp: 28.1.10 (/opt/ros/jazzy/share/rclcpp/cmake)
[4.275s] -- Found rosidl_generator_c: 4.6.5 (/opt/ros/jazzy/share/rosidl_generator_c/cmake)
[4.431s] -- Found rosidl_generator_cpp: 4.6.5 (/opt/ros/jazzy/share/rosidl_generator_cpp/cmake)
[4.594s] -- Using all available rosidl_typesupport_c: rosidl_typesupport_fastrtps_c;rosidl_typesupport_introspection_c
[4.752s] -- Using all available rosidl_typesupport_cpp: rosidl_typesupport_fastrtps_cpp;rosidl_typesupport_introspection_cpp
[5.376s] -- Found rmw_implementation_cmake: 7.3.2 (/opt/ros/jazzy/share/rmw_implementation_cmake/cmake)
[5.410s] -- Found rmw_fastrtps_cpp: 8.4.2 (/opt/ros/jazzy/share/rmw_fastrtps_cpp/cmake)
[6.097s] -- Found OpenSSL: /usr/lib/x86_64-linux-gnu/libcrypto.so (found version "3.0.13")  
[6.215s] -- Found FastRTPS: /opt/ros/jazzy/include (Required is at least version "2.13") 
[6.379s] -- Using RMW implementation 'rmw_fastrtps_cpp' as default
[7.033s] -- Found rclcpp_lifecycle: 28.1.10 (/opt/ros/jazzy/share/rclcpp_lifecycle/cmake)
[7.267s] -- Found nav2_util: 1.3.7 (/home/brilliant/ros2_ws/install/nav2_util/share/nav2_util/cmake)
[9.082s] -- Found eigen3_cmake_module: 0.3.0 (/opt/ros/jazzy/share/eigen3_cmake_module/cmake)
[9.091s] -- Found Eigen3: TRUE (found version "3.4.0") 
[9.094s] -- Ensuring Eigen3 include directory is part of orocos-kdl CMake target
[9.786s] -- Setting build type to Release as none was specified.
[9.813s] -- Found ament_lint_auto: 0.17.2 (/opt/ros/jazzy/share/ament_lint_auto/cmake)
[10.638s] -- Added test 'cppcheck' to perform static code analysis on C / C++ code
[10.639s] -- Configured cppcheck include dirs: 
[10.639s] -- Configured cppcheck exclude dirs and/or files: 
[10.653s] -- Added test 'cpplint' to check C / C++ code against the Google style
[10.653s] -- Configured cpplint exclude dirs and/or files: 
[10.667s] -- Added test 'lint_cmake' to check CMake code style
[10.684s] -- Added test 'uncrustify' to check C / C++ code style
[10.684s] -- Configured uncrustify additional arguments: 
[10.690s] -- Added test 'xmllint' to check XML markup files
[10.732s] -- Configuring done (10.6s)
[10.776s] -- Generating done (0.0s)
[10.797s] -- Build files have been written to: /home/brilliant/ros2_ws/build/opennav_docking_core
[10.859s] Invoked command in '/home/brilliant/ros2_ws/build/opennav_docking_core' returned '0': AMENT_PREFIX_PATH=/home/brilliant/ros2_ws/install/nav2_util:/home/brilliant/ros2_ws/install/nav2_msgs:/home/brilliant/ros2_ws/install/nav2_common:${AMENT_PREFIX_PATH} CMAKE_PREFIX_PATH=/home/brilliant/ros2_ws/install/nav2_util:/home/brilliant/ros2_ws/install/nav2_msgs:/home/brilliant/ros2_ws/install/nav2_common:/home/brilliant/ros2_ws/install/sllidar_ros2:/home/brilliant/ros2_ws/install/serial:/home/brilliant/ros2_ws/install/minibot:/home/brilliant/ros2_ws/install/diffdrive_arduino:/opt/ros/jazzy/opt/gz_sim_vendor:/opt/ros/jazzy/opt/gz_sensors_vendor:/opt/ros/jazzy/opt/gz_physics_vendor:/opt/ros/jazzy/opt/sdformat_vendor:/opt/ros/jazzy/opt/gz_gui_vendor:/opt/ros/jazzy/opt/gz_transport_vendor:/opt/ros/jazzy/opt/gz_rendering_vendor:/opt/ros/jazzy/opt/gz_plugin_vendor:/opt/ros/jazzy/opt/gz_fuel_tools_vendor:/opt/ros/jazzy/opt/gz_msgs_vendor:/opt/ros/jazzy/opt/gz_common_vendor:/opt/ros/jazzy/opt/gz_math_vendor:/opt/ros/jazzy/opt/gz_utils_vendor:/opt/ros/jazzy/opt/gz_tools_vendor:/opt/ros/jazzy/opt/gz_ogre_next_vendor:/opt/ros/jazzy/opt/gz_dartsim_vendor:/opt/ros/jazzy/opt/gz_cmake_vendor:/home/brilliant/ros2_ws/install/twist_stamper:/opt/ros/jazzy DEBUGINFOD_URLS=https://debuginfod.ubuntu.com LD_LIBRARY_PATH=/home/brilliant/ros2_ws/install/nav2_util/lib:/home/brilliant/ros2_ws/install/nav2_msgs/lib:${LD_LIBRARY_PATH} PYTHONPATH=/home/brilliant/ros2_ws/install/nav2_msgs/lib/python3.12/site-packages:/home/brilliant/ros2_ws/install/nav2_common/lib/python3.12/site-packages:${PYTHONPATH} /usr/bin/cmake /home/brilliant/ros2_ws/src/navigation2/nav2_docking/opennav_docking_core -DAMENT_CMAKE_SYMLINK_INSTALL=1 -DCMAKE_INSTALL_PREFIX=/home/brilliant/ros2_ws/install/opennav_docking_core
[10.869s] Invoking command in '/home/brilliant/ros2_ws/build/opennav_docking_core': AMENT_PREFIX_PATH=/home/brilliant/ros2_ws/install/nav2_util:/home/brilliant/ros2_ws/install/nav2_msgs:/home/brilliant/ros2_ws/install/nav2_common:${AMENT_PREFIX_PATH} CMAKE_PREFIX_PATH=/home/brilliant/ros2_ws/install/nav2_util:/home/brilliant/ros2_ws/install/nav2_msgs:/home/brilliant/ros2_ws/install/nav2_common:/home/brilliant/ros2_ws/install/sllidar_ros2:/home/brilliant/ros2_ws/install/serial:/home/brilliant/ros2_ws/install/minibot:/home/brilliant/ros2_ws/install/diffdrive_arduino:/opt/ros/jazzy/opt/gz_sim_vendor:/opt/ros/jazzy/opt/gz_sensors_vendor:/opt/ros/jazzy/opt/gz_physics_vendor:/opt/ros/jazzy/opt/sdformat_vendor:/opt/ros/jazzy/opt/gz_gui_vendor:/opt/ros/jazzy/opt/gz_transport_vendor:/opt/ros/jazzy/opt/gz_rendering_vendor:/opt/ros/jazzy/opt/gz_plugin_vendor:/opt/ros/jazzy/opt/gz_fuel_tools_vendor:/opt/ros/jazzy/opt/gz_msgs_vendor:/opt/ros/jazzy/opt/gz_common_vendor:/opt/ros/jazzy/opt/gz_math_vendor:/opt/ros/jazzy/opt/gz_utils_vendor:/opt/ros/jazzy/opt/gz_tools_vendor:/opt/ros/jazzy/opt/gz_ogre_next_vendor:/opt/ros/jazzy/opt/gz_dartsim_vendor:/opt/ros/jazzy/opt/gz_cmake_vendor:/home/brilliant/ros2_ws/install/twist_stamper:/opt/ros/jazzy DEBUGINFOD_URLS=https://debuginfod.ubuntu.com LD_LIBRARY_PATH=/home/brilliant/ros2_ws/install/nav2_util/lib:/home/brilliant/ros2_ws/install/nav2_msgs/lib:${LD_LIBRARY_PATH} PYTHONPATH=/home/brilliant/ros2_ws/install/nav2_msgs/lib/python3.12/site-packages:/home/brilliant/ros2_ws/install/nav2_common/lib/python3.12/site-packages:${PYTHONPATH} /usr/bin/cmake --build /home/brilliant/ros2_ws/build/opennav_docking_core -- -j4 -l4
[11.177s] Invoked command in '/home/brilliant/ros2_ws/build/opennav_docking_core' returned '0': AMENT_PREFIX_PATH=/home/brilliant/ros2_ws/install/nav2_util:/home/brilliant/ros2_ws/install/nav2_msgs:/home/brilliant/ros2_ws/install/nav2_common:${AMENT_PREFIX_PATH} CMAKE_PREFIX_PATH=/home/brilliant/ros2_ws/install/nav2_util:/home/brilliant/ros2_ws/install/nav2_msgs:/home/brilliant/ros2_ws/install/nav2_common:/home/brilliant/ros2_ws/install/sllidar_ros2:/home/brilliant/ros2_ws/install/serial:/home/brilliant/ros2_ws/install/minibot:/home/brilliant/ros2_ws/install/diffdrive_arduino:/opt/ros/jazzy/opt/gz_sim_vendor:/opt/ros/jazzy/opt/gz_sensors_vendor:/opt/ros/jazzy/opt/gz_physics_vendor:/opt/ros/jazzy/opt/sdformat_vendor:/opt/ros/jazzy/opt/gz_gui_vendor:/opt/ros/jazzy/opt/gz_transport_vendor:/opt/ros/jazzy/opt/gz_rendering_vendor:/opt/ros/jazzy/opt/gz_plugin_vendor:/opt/ros/jazzy/opt/gz_fuel_tools_vendor:/opt/ros/jazzy/opt/gz_msgs_vendor:/opt/ros/jazzy/opt/gz_common_vendor:/opt/ros/jazzy/opt/gz_math_vendor:/opt/ros/jazzy/opt/gz_utils_vendor:/opt/ros/jazzy/opt/gz_tools_vendor:/opt/ros/jazzy/opt/gz_ogre_next_vendor:/opt/ros/jazzy/opt/gz_dartsim_vendor:/opt/ros/jazzy/opt/gz_cmake_vendor:/home/brilliant/ros2_ws/install/twist_stamper:/opt/ros/jazzy DEBUGINFOD_URLS=https://debuginfod.ubuntu.com LD_LIBRARY_PATH=/home/brilliant/ros2_ws/install/nav2_util/lib:/home/brilliant/ros2_ws/install/nav2_msgs/lib:${LD_LIBRARY_PATH} PYTHONPATH=/home/brilliant/ros2_ws/install/nav2_msgs/lib/python3.12/site-packages:/home/brilliant/ros2_ws/install/nav2_common/lib/python3.12/site-packages:${PYTHONPATH} /usr/bin/cmake --build /home/brilliant/ros2_ws/build/opennav_docking_core -- -j4 -l4
[11.178s] Invoking command in '/home/brilliant/ros2_ws/build/opennav_docking_core': AMENT_PREFIX_PATH=/home/brilliant/ros2_ws/install/nav2_util:/home/brilliant/ros2_ws/install/nav2_msgs:/home/brilliant/ros2_ws/install/nav2_common:${AMENT_PREFIX_PATH} CMAKE_PREFIX_PATH=/home/brilliant/ros2_ws/install/nav2_util:/home/brilliant/ros2_ws/install/nav2_msgs:/home/brilliant/ros2_ws/install/nav2_common:/home/brilliant/ros2_ws/install/sllidar_ros2:/home/brilliant/ros2_ws/install/serial:/home/brilliant/ros2_ws/install/minibot:/home/brilliant/ros2_ws/install/diffdrive_arduino:/opt/ros/jazzy/opt/gz_sim_vendor:/opt/ros/jazzy/opt/gz_sensors_vendor:/opt/ros/jazzy/opt/gz_physics_vendor:/opt/ros/jazzy/opt/sdformat_vendor:/opt/ros/jazzy/opt/gz_gui_vendor:/opt/ros/jazzy/opt/gz_transport_vendor:/opt/ros/jazzy/opt/gz_rendering_vendor:/opt/ros/jazzy/opt/gz_plugin_vendor:/opt/ros/jazzy/opt/gz_fuel_tools_vendor:/opt/ros/jazzy/opt/gz_msgs_vendor:/opt/ros/jazzy/opt/gz_common_vendor:/opt/ros/jazzy/opt/gz_math_vendor:/opt/ros/jazzy/opt/gz_utils_vendor:/opt/ros/jazzy/opt/gz_tools_vendor:/opt/ros/jazzy/opt/gz_ogre_next_vendor:/opt/ros/jazzy/opt/gz_dartsim_vendor:/opt/ros/jazzy/opt/gz_cmake_vendor:/home/brilliant/ros2_ws/install/twist_stamper:/opt/ros/jazzy DEBUGINFOD_URLS=https://debuginfod.ubuntu.com LD_LIBRARY_PATH=/home/brilliant/ros2_ws/install/nav2_util/lib:/home/brilliant/ros2_ws/install/nav2_msgs/lib:${LD_LIBRARY_PATH} PYTHONPATH=/home/brilliant/ros2_ws/install/nav2_msgs/lib/python3.12/site-packages:/home/brilliant/ros2_ws/install/nav2_common/lib/python3.12/site-packages:${PYTHONPATH} /usr/bin/cmake --install /home/brilliant/ros2_ws/build/opennav_docking_core
[11.226s] -- Install configuration: "Release"
[11.227s] -- Execute custom install script
[11.231s] -- Symlinking: /home/brilliant/ros2_ws/install/opennav_docking_core/include//opennav_docking_core/charging_dock.hpp
[11.283s] -- Symlinking: /home/brilliant/ros2_ws/install/opennav_docking_core/include//opennav_docking_core/docking_exceptions.hpp
[11.349s] -- Symlinking: /home/brilliant/ros2_ws/install/opennav_docking_core/include//opennav_docking_core/non_charging_dock.hpp
[11.406s] -- Symlinking: /home/brilliant/ros2_ws/install/opennav_docking_core/share/ament_index/resource_index/package_run_dependencies/opennav_docking_core
[11.465s] -- Symlinking: /home/brilliant/ros2_ws/install/opennav_docking_core/share/ament_index/resource_index/parent_prefix_path/opennav_docking_core
[11.530s] -- Symlinking: /home/brilliant/ros2_ws/install/opennav_docking_core/share/opennav_docking_core/environment/ament_prefix_path.sh
[11.591s] -- Symlinking: /home/brilliant/ros2_ws/install/opennav_docking_core/share/opennav_docking_core/environment/ament_prefix_path.dsv
[11.655s] -- Symlinking: /home/brilliant/ros2_ws/install/opennav_docking_core/share/opennav_docking_core/environment/path.sh
[11.715s] -- Symlinking: /home/brilliant/ros2_ws/install/opennav_docking_core/share/opennav_docking_core/environment/path.dsv
[11.775s] -- Symlinking: /home/brilliant/ros2_ws/install/opennav_docking_core/share/opennav_docking_core/local_setup.bash
[11.832s] -- Symlinking: /home/brilliant/ros2_ws/install/opennav_docking_core/share/opennav_docking_core/local_setup.sh
[11.896s] -- Symlinking: /home/brilliant/ros2_ws/install/opennav_docking_core/share/opennav_docking_core/local_setup.zsh
[11.945s] -- Symlinking: /home/brilliant/ros2_ws/install/opennav_docking_core/share/opennav_docking_core/local_setup.dsv
[12.004s] -- Symlinking: /home/brilliant/ros2_ws/install/opennav_docking_core/share/opennav_docking_core/package.dsv
[12.068s] -- Symlinking: /home/brilliant/ros2_ws/install/opennav_docking_core/share/ament_index/resource_index/packages/opennav_docking_core
[12.128s] -- Symlinking: /home/brilliant/ros2_ws/install/opennav_docking_core/share/opennav_docking_core/cmake/ament_cmake_export_include_directories-extras.cmake
[12.201s] -- Symlinking: /home/brilliant/ros2_ws/install/opennav_docking_core/share/opennav_docking_core/cmake/ament_cmake_export_dependencies-extras.cmake
[12.255s] -- Symlinking: /home/brilliant/ros2_ws/install/opennav_docking_core/share/opennav_docking_core/cmake/opennav_docking_coreConfig.cmake
[12.321s] -- Symlinking: /home/brilliant/ros2_ws/install/opennav_docking_core/share/opennav_docking_core/cmake/opennav_docking_coreConfig-version.cmake
[12.381s] -- Symlinking: /home/brilliant/ros2_ws/install/opennav_docking_core/share/opennav_docking_core/package.xml
[12.440s] Invoked command in '/home/brilliant/ros2_ws/build/opennav_docking_core' returned '0': AMENT_PREFIX_PATH=/home/brilliant/ros2_ws/install/nav2_util:/home/brilliant/ros2_ws/install/nav2_msgs:/home/brilliant/ros2_ws/install/nav2_common:${AMENT_PREFIX_PATH} CMAKE_PREFIX_PATH=/home/brilliant/ros2_ws/install/nav2_util:/home/brilliant/ros2_ws/install/nav2_msgs:/home/brilliant/ros2_ws/install/nav2_common:/home/brilliant/ros2_ws/install/sllidar_ros2:/home/brilliant/ros2_ws/install/serial:/home/brilliant/ros2_ws/install/minibot:/home/brilliant/ros2_ws/install/diffdrive_arduino:/opt/ros/jazzy/opt/gz_sim_vendor:/opt/ros/jazzy/opt/gz_sensors_vendor:/opt/ros/jazzy/opt/gz_physics_vendor:/opt/ros/jazzy/opt/sdformat_vendor:/opt/ros/jazzy/opt/gz_gui_vendor:/opt/ros/jazzy/opt/gz_transport_vendor:/opt/ros/jazzy/opt/gz_rendering_vendor:/opt/ros/jazzy/opt/gz_plugin_vendor:/opt/ros/jazzy/opt/gz_fuel_tools_vendor:/opt/ros/jazzy/opt/gz_msgs_vendor:/opt/ros/jazzy/opt/gz_common_vendor:/opt/ros/jazzy/opt/gz_math_vendor:/opt/ros/jazzy/opt/gz_utils_vendor:/opt/ros/jazzy/opt/gz_tools_vendor:/opt/ros/jazzy/opt/gz_ogre_next_vendor:/opt/ros/jazzy/opt/gz_dartsim_vendor:/opt/ros/jazzy/opt/gz_cmake_vendor:/home/brilliant/ros2_ws/install/twist_stamper:/opt/ros/jazzy DEBUGINFOD_URLS=https://debuginfod.ubuntu.com LD_LIBRARY_PATH=/home/brilliant/ros2_ws/install/nav2_util/lib:/home/brilliant/ros2_ws/install/nav2_msgs/lib:${LD_LIBRARY_PATH} PYTHONPATH=/home/brilliant/ros2_ws/install/nav2_msgs/lib/python3.12/site-packages:/home/brilliant/ros2_ws/install/nav2_common/lib/python3.12/site-packages:${PYTHONPATH} /usr/bin/cmake --install /home/brilliant/ros2_ws/build/opennav_docking_core
