[0.033s] Invoking command in '/home/brilliant/ros2_ws/build/serial': CMAKE_PREFIX_PATH=${CMAKE_PREFIX_PATH}:/home/brilliant/ros2_ws/install/twist_stamper:/home/brilliant/ros2_ws/src/install/twist_stamper:/opt/ros/jazzy DEBUGINFOD_URLS=https://debuginfod.ubuntu.com /usr/bin/cmake --build /home/brilliant/ros2_ws/build/serial -- -j4 -l4
[0.179s] [ 14%] Built target gtest
[0.202s] [ 42%] Built target serial
[0.215s] [ 57%] Built target gtest_main
[0.276s] [ 71%] Built target serial_example
[0.302s] [ 85%] Built target serial-test-timer
[0.307s] [100%] Built target serial-test
[0.411s] Invoked command in '/home/brilliant/ros2_ws/build/serial' returned '0': CMAKE_PREFIX_PATH=${CMAKE_PREFIX_PATH}:/home/brilliant/ros2_ws/install/twist_stamper:/home/brilliant/ros2_ws/src/install/twist_stamper:/opt/ros/jazzy DEBUGINFOD_URLS=https://debuginfod.ubuntu.com /usr/bin/cmake --build /home/brilliant/ros2_ws/build/serial -- -j4 -l4
[0.415s] Invoking command in '/home/brilliant/ros2_ws/build/serial': CMAKE_PREFIX_PATH=${CMAKE_PREFIX_PATH}:/home/brilliant/ros2_ws/install/twist_stamper:/home/brilliant/ros2_ws/src/install/twist_stamper:/opt/ros/jazzy DEBUGINFOD_URLS=https://debuginfod.ubuntu.com /usr/bin/cmake --install /home/brilliant/ros2_ws/build/serial
[0.424s] -- Install configuration: ""
[0.425s] -- Execute custom install script
[0.425s] -- Up-to-date symlink: /home/brilliant/ros2_ws/install/serial/lib/libserial.a
[0.425s] -- Up-to-date symlink: /home/brilliant/ros2_ws/install/serial/include/serial/serial.h
[0.425s] -- Up-to-date symlink: /home/brilliant/ros2_ws/install/serial/include/serial/v8stdint.h
[0.425s] -- Up-to-date symlink: /home/brilliant/ros2_ws/install/serial/share/serial/environment/library_path.sh
[0.426s] -- Up-to-date symlink: /home/brilliant/ros2_ws/install/serial/share/serial/environment/library_path.dsv
[0.426s] -- Up-to-date symlink: /home/brilliant/ros2_ws/install/serial/share/ament_index/resource_index/package_run_dependencies/serial
[0.426s] -- Up-to-date symlink: /home/brilliant/ros2_ws/install/serial/share/ament_index/resource_index/parent_prefix_path/serial
[0.427s] -- Up-to-date symlink: /home/brilliant/ros2_ws/install/serial/share/serial/environment/ament_prefix_path.sh
[0.427s] -- Up-to-date symlink: /home/brilliant/ros2_ws/install/serial/share/serial/environment/ament_prefix_path.dsv
[0.427s] -- Up-to-date symlink: /home/brilliant/ros2_ws/install/serial/share/serial/environment/path.sh
[0.427s] -- Up-to-date symlink: /home/brilliant/ros2_ws/install/serial/share/serial/environment/path.dsv
[0.427s] -- Up-to-date symlink: /home/brilliant/ros2_ws/install/serial/share/serial/local_setup.bash
[0.428s] -- Up-to-date symlink: /home/brilliant/ros2_ws/install/serial/share/serial/local_setup.sh
[0.428s] -- Up-to-date symlink: /home/brilliant/ros2_ws/install/serial/share/serial/local_setup.zsh
[0.428s] -- Up-to-date symlink: /home/brilliant/ros2_ws/install/serial/share/serial/local_setup.dsv
[0.428s] -- Symlinking: /home/brilliant/ros2_ws/install/serial/share/serial/package.dsv
[0.449s] -- Up-to-date symlink: /home/brilliant/ros2_ws/install/serial/share/ament_index/resource_index/packages/serial
[0.449s] -- Up-to-date symlink: /home/brilliant/ros2_ws/install/serial/share/serial/cmake/ament_cmake_export_include_directories-extras.cmake
[0.450s] -- Up-to-date symlink: /home/brilliant/ros2_ws/install/serial/share/serial/cmake/ament_cmake_export_libraries-extras.cmake
[0.450s] -- Up-to-date symlink: /home/brilliant/ros2_ws/install/serial/share/serial/cmake/serialConfig.cmake
[0.450s] -- Up-to-date symlink: /home/brilliant/ros2_ws/install/serial/share/serial/cmake/serialConfig-version.cmake
[0.450s] -- Up-to-date symlink: /home/brilliant/ros2_ws/install/serial/share/serial/package.xml
[0.525s] Invoked command in '/home/brilliant/ros2_ws/build/serial' returned '0': CMAKE_PREFIX_PATH=${CMAKE_PREFIX_PATH}:/home/brilliant/ros2_ws/install/twist_stamper:/home/brilliant/ros2_ws/src/install/twist_stamper:/opt/ros/jazzy DEBUGINFOD_URLS=https://debuginfod.ubuntu.com /usr/bin/cmake --install /home/brilliant/ros2_ws/build/serial
