[0.167s] Invoking command in '/home/brilliant/ros2_ws/build/opennav_docking': AMENT_PREFIX_PATH=/home/brilliant/ros2_ws/install/nav2_graceful_controller:/home/brilliant/ros2_ws/install/nav2_controller:/home/brilliant/ros2_ws/install/nav2_core:/home/brilliant/ros2_ws/install/nav2_costmap_2d:/home/brilliant/ros2_ws/install/nav2_behavior_tree:${AMENT_PREFIX_PATH} CMAKE_PREFIX_PATH=/home/brilliant/ros2_ws/install/nav2_graceful_controller:/home/brilliant/ros2_ws/install/nav2_controller:/home/brilliant/ros2_ws/install/nav2_core:/home/brilliant/ros2_ws/install/nav2_costmap_2d:/home/brilliant/ros2_ws/install/opennav_docking_core:/home/brilliant/ros2_ws/install/nav_2d_utils:/home/brilliant/ros2_ws/install/nav2_map_server:/home/brilliant/ros2_ws/install/nav2_lifecycle_manager:/home/brilliant/ros2_ws/install/nav2_behavior_tree:/home/brilliant/ros2_ws/install/nav2_util:/home/brilliant/ros2_ws/install/nav2_voxel_grid:/home/brilliant/ros2_ws/install/nav2_msgs:/home/brilliant/ros2_ws/install/nav_2d_msgs:/home/brilliant/ros2_ws/install/nav2_common:/home/brilliant/ros2_ws/install/sllidar_ros2:/home/brilliant/ros2_ws/install/serial:/home/brilliant/ros2_ws/install/dwb_msgs:/home/brilliant/ros2_ws/install/nav2_velocity_smoother:/home/brilliant/ros2_ws/install/nav2_rviz_plugins:/home/brilliant/ros2_ws/install/nav2_amcl:/home/brilliant/ros2_ws/install/minibot:/home/brilliant/ros2_ws/install/diffdrive_arduino:/opt/ros/jazzy/opt/gz_sim_vendor:/opt/ros/jazzy/opt/gz_sensors_vendor:/opt/ros/jazzy/opt/gz_physics_vendor:/opt/ros/jazzy/opt/sdformat_vendor:/opt/ros/jazzy/opt/gz_gui_vendor:/opt/ros/jazzy/opt/gz_transport_vendor:/opt/ros/jazzy/opt/gz_rendering_vendor:/opt/ros/jazzy/opt/gz_plugin_vendor:/opt/ros/jazzy/opt/gz_fuel_tools_vendor:/opt/ros/jazzy/opt/gz_msgs_vendor:/opt/ros/jazzy/opt/gz_common_vendor:/opt/ros/jazzy/opt/gz_math_vendor:/opt/ros/jazzy/opt/gz_utils_vendor:/opt/ros/jazzy/opt/gz_tools_vendor:/opt/ros/jazzy/opt/gz_ogre_next_vendor:/opt/ros/jazzy/opt/gz_dartsim_vendor:/opt/ros/jazzy/opt/gz_cmake_vendor:/home/brilliant/ros2_ws/install/twist_stamper:/home/brilliant/ros2_ws/install/nav2_simple_commander:/home/brilliant/ros2_ws/install/nav2_loopback_sim:/opt/ros/jazzy DEBUGINFOD_URLS=https://debuginfod.ubuntu.com LD_LIBRARY_PATH=/home/brilliant/ros2_ws/install/nav2_graceful_controller/lib:/home/brilliant/ros2_ws/install/nav2_controller/lib:/home/brilliant/ros2_ws/install/nav2_costmap_2d/lib:/home/brilliant/ros2_ws/install/nav_2d_utils/lib:/home/brilliant/ros2_ws/install/nav2_map_server/lib:/home/brilliant/ros2_ws/install/nav2_lifecycle_manager/lib:/home/brilliant/ros2_ws/install/nav2_behavior_tree/lib:/home/brilliant/ros2_ws/install/nav2_util/lib:/home/brilliant/ros2_ws/install/nav2_voxel_grid/lib:/home/brilliant/ros2_ws/install/nav2_msgs/lib:/home/brilliant/ros2_ws/install/nav_2d_msgs/lib:/home/brilliant/ros2_ws/install/serial/lib:/home/brilliant/ros2_ws/install/dwb_msgs/lib:/home/brilliant/ros2_ws/install/nav2_velocity_smoother/lib:/home/brilliant/ros2_ws/install/nav2_rviz_plugins/lib:/home/brilliant/ros2_ws/install/nav2_amcl/lib:/home/brilliant/ros2_ws/install/diffdrive_arduino/lib:/opt/ros/jazzy/opt/gz_sim_vendor/lib:/opt/ros/jazzy/opt/gz_sensors_vendor/lib:/opt/ros/jazzy/opt/gz_physics_vendor/lib:/opt/ros/jazzy/opt/sdformat_vendor/lib:/opt/ros/jazzy/opt/rviz_ogre_vendor/lib:/opt/ros/jazzy/lib/x86_64-linux-gnu:/opt/ros/jazzy/opt/gz_gui_vendor/lib:/opt/ros/jazzy/opt/gz_transport_vendor/lib:/opt/ros/jazzy/opt/gz_rendering_vendor/lib:/opt/ros/jazzy/opt/gz_plugin_vendor/lib:/opt/ros/jazzy/opt/gz_fuel_tools_vendor/lib:/opt/ros/jazzy/opt/gz_msgs_vendor/lib:/opt/ros/jazzy/opt/gz_common_vendor/lib:/opt/ros/jazzy/opt/gz_math_vendor/lib:/opt/ros/jazzy/opt/gz_utils_vendor/lib:/opt/ros/jazzy/opt/gz_tools_vendor/lib:/opt/ros/jazzy/opt/gz_ogre_next_vendor/lib:/opt/ros/jazzy/opt/gz_dartsim_vendor/lib:/opt/ros/jazzy/opt/gz_cmake_vendor/lib:/opt/ros/jazzy/lib PYTHONPATH=/home/brilliant/ros2_ws/install/nav2_msgs/lib/python3.12/site-packages:/home/brilliant/ros2_ws/install/nav_2d_msgs/lib/python3.12/site-packages:/home/brilliant/ros2_ws/install/nav2_common/lib/python3.12/site-packages:/home/brilliant/ros2_ws/build/twist_stamper:/home/brilliant/ros2_ws/install/twist_stamper/lib/python3.12/site-packages:/home/brilliant/ros2_ws/install/dwb_msgs/lib/python3.12/site-packages:/home/brilliant/ros2_ws/build/nav2_simple_commander:/home/brilliant/ros2_ws/install/nav2_simple_commander/lib/python3.12/site-packages:/home/brilliant/ros2_ws/build/nav2_loopback_sim:/home/brilliant/ros2_ws/install/nav2_loopback_sim/lib/python3.12/site-packages:/opt/ros/jazzy/lib/python3.12/site-packages /usr/bin/cmake /home/brilliant/ros2_ws/src/navigation2/nav2_docking/opennav_docking -DAMENT_CMAKE_SYMLINK_INSTALL=1 -DCMAKE_INSTALL_PREFIX=/home/brilliant/ros2_ws/install/opennav_docking
[0.361s] -- The C compiler identification is GNU 13.3.0
[0.522s] -- The CXX compiler identification is GNU 13.3.0
[0.574s] -- Detecting C compiler ABI info
[0.843s] -- Detecting C compiler ABI info - done
[0.871s] -- Check for working C compiler: /usr/bin/cc - skipped
[0.873s] -- Detecting C compile features
[0.875s] -- Detecting C compile features - done
[0.902s] -- Detecting CXX compiler ABI info
[1.266s] -- Detecting CXX compiler ABI info - done
[1.298s] -- Check for working CXX compiler: /usr/bin/c++ - skipped
[1.299s] -- Detecting CXX compile features
[1.303s] -- Detecting CXX compile features - done
[1.325s] -- Found ament_cmake: 2.5.4 (/opt/ros/jazzy/share/ament_cmake/cmake)
[1.907s] -- Found Python3: /usr/bin/python3 (found version "3.12.3") found components: Interpreter 
[2.160s] -- Override CMake install command with custom implementation using symlinks instead of copying resources
[2.559s] -- Found angles: 1.16.0 (/opt/ros/jazzy/share/angles/cmake)
[2.589s] -- Found rclcpp: 28.1.10 (/opt/ros/jazzy/share/rclcpp/cmake)
[2.832s] -- Found rosidl_generator_c: 4.6.5 (/opt/ros/jazzy/share/rosidl_generator_c/cmake)
[2.917s] -- Found rosidl_generator_cpp: 4.6.5 (/opt/ros/jazzy/share/rosidl_generator_cpp/cmake)
[3.014s] -- Using all available rosidl_typesupport_c: rosidl_typesupport_fastrtps_c;rosidl_typesupport_introspection_c
[3.115s] -- Using all available rosidl_typesupport_cpp: rosidl_typesupport_fastrtps_cpp;rosidl_typesupport_introspection_cpp
[3.517s] -- Found rmw_implementation_cmake: 7.3.2 (/opt/ros/jazzy/share/rmw_implementation_cmake/cmake)
[3.543s] -- Found rmw_fastrtps_cpp: 8.4.2 (/opt/ros/jazzy/share/rmw_fastrtps_cpp/cmake)
[4.000s] -- Found OpenSSL: /usr/lib/x86_64-linux-gnu/libcrypto.so (found version "3.0.13")  
[4.077s] -- Found FastRTPS: /opt/ros/jazzy/include (Required is at least version "2.13") 
[4.155s] -- Using RMW implementation 'rmw_fastrtps_cpp' as default
[4.508s] -- Found rclcpp_action: 28.1.10 (/opt/ros/jazzy/share/rclcpp_action/cmake)
[4.711s] -- Found rclcpp_lifecycle: 28.1.10 (/opt/ros/jazzy/share/rclcpp_lifecycle/cmake)
[4.849s] -- Found rclcpp_components: 28.1.10 (/opt/ros/jazzy/share/rclcpp_components/cmake)
[5.009s] -- Found std_msgs: 5.3.6 (/opt/ros/jazzy/share/std_msgs/cmake)
[5.068s] -- Found sensor_msgs: 5.3.6 (/opt/ros/jazzy/share/sensor_msgs/cmake)
[5.355s] -- Found visualization_msgs: 5.3.6 (/opt/ros/jazzy/share/visualization_msgs/cmake)
[5.469s] -- Found nav2_graceful_controller: 1.3.7 (/home/brilliant/ros2_ws/install/nav2_graceful_controller/share/nav2_graceful_controller/cmake)
[6.596s] -- Found eigen3_cmake_module: 0.3.0 (/opt/ros/jazzy/share/eigen3_cmake_module/cmake)
[6.601s] -- Found Eigen3: TRUE (found version "3.4.0") 
[6.602s] -- Ensuring Eigen3 include directory is part of orocos-kdl CMake target
[7.370s] -- Found yaml_cpp_vendor: 9.0.1 (/opt/ros/jazzy/share/yaml_cpp_vendor/cmake)
[7.371s] -- Setting yaml-cpp_DIR to: '/opt/ros/jazzy/share/yaml_cpp_vendor/cmake/../../../opt/yaml_cpp_vendor/share/cmake/yaml-cpp'
[7.403s] -- Found opennav_docking_core: 1.3.7 (/home/brilliant/ros2_ws/install/opennav_docking_core/share/opennav_docking_core/cmake)
[8.798s] -- Found ament_lint_auto: 0.17.2 (/opt/ros/jazzy/share/ament_lint_auto/cmake)
[8.811s] -- Found ament_cmake_gtest: 2.5.4 (/opt/ros/jazzy/share/ament_cmake_gtest/cmake)
[8.829s] -- Found ament_cmake_pytest: 2.5.4 (/opt/ros/jazzy/share/ament_cmake_pytest/cmake)
[9.420s] -- Found gtest sources under '/opt/ros/jazzy/src/gtest_vendor': C++ tests using 'Google Test' will be built
[9.429s] -- Performing Test CMAKE_HAVE_LIBC_PTHREAD
[9.743s] -- Performing Test CMAKE_HAVE_LIBC_PTHREAD - Success
[9.746s] -- Found Threads: TRUE  
[13.628s] -- Added test 'copyright' to check source files copyright and LICENSE
[13.640s] -- Added test 'cppcheck' to perform static code analysis on C / C++ code
[13.648s] -- Configured cppcheck include dirs: /home/brilliant/ros2_ws/src/navigation2/nav2_docking/opennav_docking/include
[13.651s] -- Configured cppcheck exclude dirs and/or files: 
[13.660s] -- Added test 'cpplint' to check C / C++ code against the Google style
[13.661s] -- Configured cpplint exclude dirs and/or files: 
[13.665s] -- Added test 'flake8' to check Python code syntax and style conventions
[13.669s] -- Configured 'flake8' exclude dirs and/or files: 
[13.677s] -- Added test 'lint_cmake' to check CMake code style
[13.681s] -- Added test 'pep257' to check Python code against some of the docstring style conventions in PEP 257
[13.701s] -- Added test 'uncrustify' to check C / C++ code style
[13.704s] -- Configured uncrustify additional arguments: 
[13.710s] -- Added test 'xmllint' to check XML markup files
[13.729s] -- Configuring done (13.5s)
[17.232s] -- Generating done (3.1s)
[17.431s] -- Build files have been written to: /home/brilliant/ros2_ws/build/opennav_docking
[17.491s] Invoked command in '/home/brilliant/ros2_ws/build/opennav_docking' returned '0': AMENT_PREFIX_PATH=/home/brilliant/ros2_ws/install/nav2_graceful_controller:/home/brilliant/ros2_ws/install/nav2_controller:/home/brilliant/ros2_ws/install/nav2_core:/home/brilliant/ros2_ws/install/nav2_costmap_2d:/home/brilliant/ros2_ws/install/nav2_behavior_tree:${AMENT_PREFIX_PATH} CMAKE_PREFIX_PATH=/home/brilliant/ros2_ws/install/nav2_graceful_controller:/home/brilliant/ros2_ws/install/nav2_controller:/home/brilliant/ros2_ws/install/nav2_core:/home/brilliant/ros2_ws/install/nav2_costmap_2d:/home/brilliant/ros2_ws/install/opennav_docking_core:/home/brilliant/ros2_ws/install/nav_2d_utils:/home/brilliant/ros2_ws/install/nav2_map_server:/home/brilliant/ros2_ws/install/nav2_lifecycle_manager:/home/brilliant/ros2_ws/install/nav2_behavior_tree:/home/brilliant/ros2_ws/install/nav2_util:/home/brilliant/ros2_ws/install/nav2_voxel_grid:/home/brilliant/ros2_ws/install/nav2_msgs:/home/brilliant/ros2_ws/install/nav_2d_msgs:/home/brilliant/ros2_ws/install/nav2_common:/home/brilliant/ros2_ws/install/sllidar_ros2:/home/brilliant/ros2_ws/install/serial:/home/brilliant/ros2_ws/install/dwb_msgs:/home/brilliant/ros2_ws/install/nav2_velocity_smoother:/home/brilliant/ros2_ws/install/nav2_rviz_plugins:/home/brilliant/ros2_ws/install/nav2_amcl:/home/brilliant/ros2_ws/install/minibot:/home/brilliant/ros2_ws/install/diffdrive_arduino:/opt/ros/jazzy/opt/gz_sim_vendor:/opt/ros/jazzy/opt/gz_sensors_vendor:/opt/ros/jazzy/opt/gz_physics_vendor:/opt/ros/jazzy/opt/sdformat_vendor:/opt/ros/jazzy/opt/gz_gui_vendor:/opt/ros/jazzy/opt/gz_transport_vendor:/opt/ros/jazzy/opt/gz_rendering_vendor:/opt/ros/jazzy/opt/gz_plugin_vendor:/opt/ros/jazzy/opt/gz_fuel_tools_vendor:/opt/ros/jazzy/opt/gz_msgs_vendor:/opt/ros/jazzy/opt/gz_common_vendor:/opt/ros/jazzy/opt/gz_math_vendor:/opt/ros/jazzy/opt/gz_utils_vendor:/opt/ros/jazzy/opt/gz_tools_vendor:/opt/ros/jazzy/opt/gz_ogre_next_vendor:/opt/ros/jazzy/opt/gz_dartsim_vendor:/opt/ros/jazzy/opt/gz_cmake_vendor:/home/brilliant/ros2_ws/install/twist_stamper:/home/brilliant/ros2_ws/install/nav2_simple_commander:/home/brilliant/ros2_ws/install/nav2_loopback_sim:/opt/ros/jazzy DEBUGINFOD_URLS=https://debuginfod.ubuntu.com LD_LIBRARY_PATH=/home/brilliant/ros2_ws/install/nav2_graceful_controller/lib:/home/brilliant/ros2_ws/install/nav2_controller/lib:/home/brilliant/ros2_ws/install/nav2_costmap_2d/lib:/home/brilliant/ros2_ws/install/nav_2d_utils/lib:/home/brilliant/ros2_ws/install/nav2_map_server/lib:/home/brilliant/ros2_ws/install/nav2_lifecycle_manager/lib:/home/brilliant/ros2_ws/install/nav2_behavior_tree/lib:/home/brilliant/ros2_ws/install/nav2_util/lib:/home/brilliant/ros2_ws/install/nav2_voxel_grid/lib:/home/brilliant/ros2_ws/install/nav2_msgs/lib:/home/brilliant/ros2_ws/install/nav_2d_msgs/lib:/home/brilliant/ros2_ws/install/serial/lib:/home/brilliant/ros2_ws/install/dwb_msgs/lib:/home/brilliant/ros2_ws/install/nav2_velocity_smoother/lib:/home/brilliant/ros2_ws/install/nav2_rviz_plugins/lib:/home/brilliant/ros2_ws/install/nav2_amcl/lib:/home/brilliant/ros2_ws/install/diffdrive_arduino/lib:/opt/ros/jazzy/opt/gz_sim_vendor/lib:/opt/ros/jazzy/opt/gz_sensors_vendor/lib:/opt/ros/jazzy/opt/gz_physics_vendor/lib:/opt/ros/jazzy/opt/sdformat_vendor/lib:/opt/ros/jazzy/opt/rviz_ogre_vendor/lib:/opt/ros/jazzy/lib/x86_64-linux-gnu:/opt/ros/jazzy/opt/gz_gui_vendor/lib:/opt/ros/jazzy/opt/gz_transport_vendor/lib:/opt/ros/jazzy/opt/gz_rendering_vendor/lib:/opt/ros/jazzy/opt/gz_plugin_vendor/lib:/opt/ros/jazzy/opt/gz_fuel_tools_vendor/lib:/opt/ros/jazzy/opt/gz_msgs_vendor/lib:/opt/ros/jazzy/opt/gz_common_vendor/lib:/opt/ros/jazzy/opt/gz_math_vendor/lib:/opt/ros/jazzy/opt/gz_utils_vendor/lib:/opt/ros/jazzy/opt/gz_tools_vendor/lib:/opt/ros/jazzy/opt/gz_ogre_next_vendor/lib:/opt/ros/jazzy/opt/gz_dartsim_vendor/lib:/opt/ros/jazzy/opt/gz_cmake_vendor/lib:/opt/ros/jazzy/lib PYTHONPATH=/home/brilliant/ros2_ws/install/nav2_msgs/lib/python3.12/site-packages:/home/brilliant/ros2_ws/install/nav_2d_msgs/lib/python3.12/site-packages:/home/brilliant/ros2_ws/install/nav2_common/lib/python3.12/site-packages:/home/brilliant/ros2_ws/build/twist_stamper:/home/brilliant/ros2_ws/install/twist_stamper/lib/python3.12/site-packages:/home/brilliant/ros2_ws/install/dwb_msgs/lib/python3.12/site-packages:/home/brilliant/ros2_ws/build/nav2_simple_commander:/home/brilliant/ros2_ws/install/nav2_simple_commander/lib/python3.12/site-packages:/home/brilliant/ros2_ws/build/nav2_loopback_sim:/home/brilliant/ros2_ws/install/nav2_loopback_sim/lib/python3.12/site-packages:/opt/ros/jazzy/lib/python3.12/site-packages /usr/bin/cmake /home/brilliant/ros2_ws/src/navigation2/nav2_docking/opennav_docking -DAMENT_CMAKE_SYMLINK_INSTALL=1 -DCMAKE_INSTALL_PREFIX=/home/brilliant/ros2_ws/install/opennav_docking
[17.494s] Invoking command in '/home/brilliant/ros2_ws/build/opennav_docking': AMENT_PREFIX_PATH=/home/brilliant/ros2_ws/install/nav2_graceful_controller:/home/brilliant/ros2_ws/install/nav2_controller:/home/brilliant/ros2_ws/install/nav2_core:/home/brilliant/ros2_ws/install/nav2_costmap_2d:/home/brilliant/ros2_ws/install/nav2_behavior_tree:${AMENT_PREFIX_PATH} CMAKE_PREFIX_PATH=/home/brilliant/ros2_ws/install/nav2_graceful_controller:/home/brilliant/ros2_ws/install/nav2_controller:/home/brilliant/ros2_ws/install/nav2_core:/home/brilliant/ros2_ws/install/nav2_costmap_2d:/home/brilliant/ros2_ws/install/opennav_docking_core:/home/brilliant/ros2_ws/install/nav_2d_utils:/home/brilliant/ros2_ws/install/nav2_map_server:/home/brilliant/ros2_ws/install/nav2_lifecycle_manager:/home/brilliant/ros2_ws/install/nav2_behavior_tree:/home/brilliant/ros2_ws/install/nav2_util:/home/brilliant/ros2_ws/install/nav2_voxel_grid:/home/brilliant/ros2_ws/install/nav2_msgs:/home/brilliant/ros2_ws/install/nav_2d_msgs:/home/brilliant/ros2_ws/install/nav2_common:/home/brilliant/ros2_ws/install/sllidar_ros2:/home/brilliant/ros2_ws/install/serial:/home/brilliant/ros2_ws/install/dwb_msgs:/home/brilliant/ros2_ws/install/nav2_velocity_smoother:/home/brilliant/ros2_ws/install/nav2_rviz_plugins:/home/brilliant/ros2_ws/install/nav2_amcl:/home/brilliant/ros2_ws/install/minibot:/home/brilliant/ros2_ws/install/diffdrive_arduino:/opt/ros/jazzy/opt/gz_sim_vendor:/opt/ros/jazzy/opt/gz_sensors_vendor:/opt/ros/jazzy/opt/gz_physics_vendor:/opt/ros/jazzy/opt/sdformat_vendor:/opt/ros/jazzy/opt/gz_gui_vendor:/opt/ros/jazzy/opt/gz_transport_vendor:/opt/ros/jazzy/opt/gz_rendering_vendor:/opt/ros/jazzy/opt/gz_plugin_vendor:/opt/ros/jazzy/opt/gz_fuel_tools_vendor:/opt/ros/jazzy/opt/gz_msgs_vendor:/opt/ros/jazzy/opt/gz_common_vendor:/opt/ros/jazzy/opt/gz_math_vendor:/opt/ros/jazzy/opt/gz_utils_vendor:/opt/ros/jazzy/opt/gz_tools_vendor:/opt/ros/jazzy/opt/gz_ogre_next_vendor:/opt/ros/jazzy/opt/gz_dartsim_vendor:/opt/ros/jazzy/opt/gz_cmake_vendor:/home/brilliant/ros2_ws/install/twist_stamper:/home/brilliant/ros2_ws/install/nav2_simple_commander:/home/brilliant/ros2_ws/install/nav2_loopback_sim:/opt/ros/jazzy DEBUGINFOD_URLS=https://debuginfod.ubuntu.com LD_LIBRARY_PATH=/home/brilliant/ros2_ws/install/nav2_graceful_controller/lib:/home/brilliant/ros2_ws/install/nav2_controller/lib:/home/brilliant/ros2_ws/install/nav2_costmap_2d/lib:/home/brilliant/ros2_ws/install/nav_2d_utils/lib:/home/brilliant/ros2_ws/install/nav2_map_server/lib:/home/brilliant/ros2_ws/install/nav2_lifecycle_manager/lib:/home/brilliant/ros2_ws/install/nav2_behavior_tree/lib:/home/brilliant/ros2_ws/install/nav2_util/lib:/home/brilliant/ros2_ws/install/nav2_voxel_grid/lib:/home/brilliant/ros2_ws/install/nav2_msgs/lib:/home/brilliant/ros2_ws/install/nav_2d_msgs/lib:/home/brilliant/ros2_ws/install/serial/lib:/home/brilliant/ros2_ws/install/dwb_msgs/lib:/home/brilliant/ros2_ws/install/nav2_velocity_smoother/lib:/home/brilliant/ros2_ws/install/nav2_rviz_plugins/lib:/home/brilliant/ros2_ws/install/nav2_amcl/lib:/home/brilliant/ros2_ws/install/diffdrive_arduino/lib:/opt/ros/jazzy/opt/gz_sim_vendor/lib:/opt/ros/jazzy/opt/gz_sensors_vendor/lib:/opt/ros/jazzy/opt/gz_physics_vendor/lib:/opt/ros/jazzy/opt/sdformat_vendor/lib:/opt/ros/jazzy/opt/rviz_ogre_vendor/lib:/opt/ros/jazzy/lib/x86_64-linux-gnu:/opt/ros/jazzy/opt/gz_gui_vendor/lib:/opt/ros/jazzy/opt/gz_transport_vendor/lib:/opt/ros/jazzy/opt/gz_rendering_vendor/lib:/opt/ros/jazzy/opt/gz_plugin_vendor/lib:/opt/ros/jazzy/opt/gz_fuel_tools_vendor/lib:/opt/ros/jazzy/opt/gz_msgs_vendor/lib:/opt/ros/jazzy/opt/gz_common_vendor/lib:/opt/ros/jazzy/opt/gz_math_vendor/lib:/opt/ros/jazzy/opt/gz_utils_vendor/lib:/opt/ros/jazzy/opt/gz_tools_vendor/lib:/opt/ros/jazzy/opt/gz_ogre_next_vendor/lib:/opt/ros/jazzy/opt/gz_dartsim_vendor/lib:/opt/ros/jazzy/opt/gz_cmake_vendor/lib:/opt/ros/jazzy/lib PYTHONPATH=/home/brilliant/ros2_ws/install/nav2_msgs/lib/python3.12/site-packages:/home/brilliant/ros2_ws/install/nav_2d_msgs/lib/python3.12/site-packages:/home/brilliant/ros2_ws/install/nav2_common/lib/python3.12/site-packages:/home/brilliant/ros2_ws/build/twist_stamper:/home/brilliant/ros2_ws/install/twist_stamper/lib/python3.12/site-packages:/home/brilliant/ros2_ws/install/dwb_msgs/lib/python3.12/site-packages:/home/brilliant/ros2_ws/build/nav2_simple_commander:/home/brilliant/ros2_ws/install/nav2_simple_commander/lib/python3.12/site-packages:/home/brilliant/ros2_ws/build/nav2_loopback_sim:/home/brilliant/ros2_ws/install/nav2_loopback_sim/lib/python3.12/site-packages:/opt/ros/jazzy/lib/python3.12/site-packages /usr/bin/cmake --build /home/brilliant/ros2_ws/build/opennav_docking -- -j4 -l4
[17.700s] [  2%] [32mBuilding CXX object CMakeFiles/controller.dir/src/controller.cpp.o[0m
[35.318s] [  5%] [32m[1mLinking CXX shared library libcontroller.so[0m
[36.976s] [  5%] Built target controller
[37.051s] [  8%] [32mBuilding CXX object gtest/CMakeFiles/gtest.dir/src/gtest-all.cc.o[0m
[51.044s] [ 11%] [32m[1mLinking CXX static library libgtest.a[0m
[51.306s] [ 11%] Built target gtest
[51.422s] [ 13%] [32mBuilding CXX object test/CMakeFiles/test_dock.dir/testing_dock.cpp.o[0m
[65.571s] [ 16%] [32m[1mLinking CXX shared library libtest_dock.so[0m
[68.018s] [ 16%] Built target test_dock
[68.119s] [ 19%] [32mBuilding CXX object CMakeFiles/opennav_docking_core.dir/src/docking_server.cpp.o[0m
[114.106s] [ 22%] [32mBuilding CXX object CMakeFiles/opennav_docking_core.dir/src/dock_database.cpp.o[0m
[134.700s] [ 25%] [32mBuilding CXX object CMakeFiles/opennav_docking_core.dir/src/navigator.cpp.o[0m
[150.418s] [ 27%] [32m[1mLinking CXX shared library libopennav_docking_core.so[0m
[159.063s] [ 27%] Built target opennav_docking_core
[159.140s] [ 30%] [32mBuilding CXX object gtest/CMakeFiles/gtest_main.dir/src/gtest_main.cc.o[0m
[161.474s] [ 33%] [32m[1mLinking CXX static library libgtest_main.a[0m
[161.611s] [ 33%] Built target gtest_main
[161.694s] [ 36%] [32mBuilding CXX object CMakeFiles/opennav_docking.dir/src/main.cpp.o[0m
[176.947s] [ 38%] [32m[1mLinking CXX executable opennav_docking[0m
[182.946s] [ 38%] Built target opennav_docking
[183.028s] [ 41%] [32mBuilding CXX object test/CMakeFiles/test_dock_database.dir/test_dock_database.cpp.o[0m
[202.211s] [ 44%] [32m[1mLinking CXX executable test_dock_database[0m
[208.369s] [ 44%] Built target test_dock_database
[208.453s] [ 47%] [32mBuilding CXX object test/CMakeFiles/test_navigator.dir/test_navigator.cpp.o[0m
[227.930s] [ 50%] [32m[1mLinking CXX executable test_navigator[0m
[234.260s] [ 50%] Built target test_navigator
[234.344s] [ 52%] [32mBuilding CXX object test/CMakeFiles/test_controller.dir/test_controller.cpp.o[0m
[254.636s] [ 55%] [32m[1mLinking CXX executable test_controller[0m
[258.863s] [ 55%] Built target test_controller
[258.990s] [ 58%] [32mBuilding CXX object test/CMakeFiles/test_docking_server_unit.dir/test_docking_server_unit.cpp.o[0m
[282.479s] [ 61%] [32m[1mLinking CXX executable test_docking_server_unit[0m
[288.994s] [ 61%] Built target test_docking_server_unit
[289.069s] [ 63%] [32mBuilding CXX object test/CMakeFiles/test_utils.dir/test_utils.cpp.o[0m
[302.953s] [ 66%] [32m[1mLinking CXX executable test_utils[0m
[305.007s] [ 66%] Built target test_utils
[305.103s] [ 69%] [32mBuilding CXX object CMakeFiles/pose_filter.dir/src/pose_filter.cpp.o[0m
[313.722s] [ 72%] [32m[1mLinking CXX shared library libpose_filter.so[0m
[314.633s] [ 72%] Built target pose_filter
[314.720s] [ 75%] [32mBuilding CXX object CMakeFiles/simple_charging_dock.dir/src/simple_charging_dock.cpp.o[0m
[348.091s] [ 77%] [32m[1mLinking CXX shared library libsimple_charging_dock.so[0m
[351.820s] [ 77%] Built target simple_charging_dock
[351.895s] [ 80%] [32mBuilding CXX object test/CMakeFiles/test_pose_filter.dir/test_pose_filter.cpp.o[0m
[359.918s] [ 83%] [32m[1mLinking CXX executable test_pose_filter[0m
[361.769s] [ 83%] Built target test_pose_filter
[361.844s] [ 86%] [32mBuilding CXX object test/CMakeFiles/test_simple_charging_dock.dir/test_simple_charging_dock.cpp.o[0m
[377.815s] [ 88%] [32m[1mLinking CXX executable test_simple_charging_dock[0m
[381.388s] [ 88%] Built target test_simple_charging_dock
[381.444s] [ 91%] [32mBuilding CXX object CMakeFiles/simple_non_charging_dock.dir/src/simple_non_charging_dock.cpp.o[0m
[405.158s] [ 94%] [32m[1mLinking CXX shared library libsimple_non_charging_dock.so[0m
[408.499s] [ 94%] Built target simple_non_charging_dock
[408.571s] [ 97%] [32mBuilding CXX object test/CMakeFiles/test_simple_non_charging_dock.dir/test_simple_non_charging_dock.cpp.o[0m
[421.776s] [100%] [32m[1mLinking CXX executable test_simple_non_charging_dock[0m
[424.067s] [100%] Built target test_simple_non_charging_dock
[424.096s] Invoked command in '/home/brilliant/ros2_ws/build/opennav_docking' returned '0': AMENT_PREFIX_PATH=/home/brilliant/ros2_ws/install/nav2_graceful_controller:/home/brilliant/ros2_ws/install/nav2_controller:/home/brilliant/ros2_ws/install/nav2_core:/home/brilliant/ros2_ws/install/nav2_costmap_2d:/home/brilliant/ros2_ws/install/nav2_behavior_tree:${AMENT_PREFIX_PATH} CMAKE_PREFIX_PATH=/home/brilliant/ros2_ws/install/nav2_graceful_controller:/home/brilliant/ros2_ws/install/nav2_controller:/home/brilliant/ros2_ws/install/nav2_core:/home/brilliant/ros2_ws/install/nav2_costmap_2d:/home/brilliant/ros2_ws/install/opennav_docking_core:/home/brilliant/ros2_ws/install/nav_2d_utils:/home/brilliant/ros2_ws/install/nav2_map_server:/home/brilliant/ros2_ws/install/nav2_lifecycle_manager:/home/brilliant/ros2_ws/install/nav2_behavior_tree:/home/brilliant/ros2_ws/install/nav2_util:/home/brilliant/ros2_ws/install/nav2_voxel_grid:/home/brilliant/ros2_ws/install/nav2_msgs:/home/brilliant/ros2_ws/install/nav_2d_msgs:/home/brilliant/ros2_ws/install/nav2_common:/home/brilliant/ros2_ws/install/sllidar_ros2:/home/brilliant/ros2_ws/install/serial:/home/brilliant/ros2_ws/install/dwb_msgs:/home/brilliant/ros2_ws/install/nav2_velocity_smoother:/home/brilliant/ros2_ws/install/nav2_rviz_plugins:/home/brilliant/ros2_ws/install/nav2_amcl:/home/brilliant/ros2_ws/install/minibot:/home/brilliant/ros2_ws/install/diffdrive_arduino:/opt/ros/jazzy/opt/gz_sim_vendor:/opt/ros/jazzy/opt/gz_sensors_vendor:/opt/ros/jazzy/opt/gz_physics_vendor:/opt/ros/jazzy/opt/sdformat_vendor:/opt/ros/jazzy/opt/gz_gui_vendor:/opt/ros/jazzy/opt/gz_transport_vendor:/opt/ros/jazzy/opt/gz_rendering_vendor:/opt/ros/jazzy/opt/gz_plugin_vendor:/opt/ros/jazzy/opt/gz_fuel_tools_vendor:/opt/ros/jazzy/opt/gz_msgs_vendor:/opt/ros/jazzy/opt/gz_common_vendor:/opt/ros/jazzy/opt/gz_math_vendor:/opt/ros/jazzy/opt/gz_utils_vendor:/opt/ros/jazzy/opt/gz_tools_vendor:/opt/ros/jazzy/opt/gz_ogre_next_vendor:/opt/ros/jazzy/opt/gz_dartsim_vendor:/opt/ros/jazzy/opt/gz_cmake_vendor:/home/brilliant/ros2_ws/install/twist_stamper:/home/brilliant/ros2_ws/install/nav2_simple_commander:/home/brilliant/ros2_ws/install/nav2_loopback_sim:/opt/ros/jazzy DEBUGINFOD_URLS=https://debuginfod.ubuntu.com LD_LIBRARY_PATH=/home/brilliant/ros2_ws/install/nav2_graceful_controller/lib:/home/brilliant/ros2_ws/install/nav2_controller/lib:/home/brilliant/ros2_ws/install/nav2_costmap_2d/lib:/home/brilliant/ros2_ws/install/nav_2d_utils/lib:/home/brilliant/ros2_ws/install/nav2_map_server/lib:/home/brilliant/ros2_ws/install/nav2_lifecycle_manager/lib:/home/brilliant/ros2_ws/install/nav2_behavior_tree/lib:/home/brilliant/ros2_ws/install/nav2_util/lib:/home/brilliant/ros2_ws/install/nav2_voxel_grid/lib:/home/brilliant/ros2_ws/install/nav2_msgs/lib:/home/brilliant/ros2_ws/install/nav_2d_msgs/lib:/home/brilliant/ros2_ws/install/serial/lib:/home/brilliant/ros2_ws/install/dwb_msgs/lib:/home/brilliant/ros2_ws/install/nav2_velocity_smoother/lib:/home/brilliant/ros2_ws/install/nav2_rviz_plugins/lib:/home/brilliant/ros2_ws/install/nav2_amcl/lib:/home/brilliant/ros2_ws/install/diffdrive_arduino/lib:/opt/ros/jazzy/opt/gz_sim_vendor/lib:/opt/ros/jazzy/opt/gz_sensors_vendor/lib:/opt/ros/jazzy/opt/gz_physics_vendor/lib:/opt/ros/jazzy/opt/sdformat_vendor/lib:/opt/ros/jazzy/opt/rviz_ogre_vendor/lib:/opt/ros/jazzy/lib/x86_64-linux-gnu:/opt/ros/jazzy/opt/gz_gui_vendor/lib:/opt/ros/jazzy/opt/gz_transport_vendor/lib:/opt/ros/jazzy/opt/gz_rendering_vendor/lib:/opt/ros/jazzy/opt/gz_plugin_vendor/lib:/opt/ros/jazzy/opt/gz_fuel_tools_vendor/lib:/opt/ros/jazzy/opt/gz_msgs_vendor/lib:/opt/ros/jazzy/opt/gz_common_vendor/lib:/opt/ros/jazzy/opt/gz_math_vendor/lib:/opt/ros/jazzy/opt/gz_utils_vendor/lib:/opt/ros/jazzy/opt/gz_tools_vendor/lib:/opt/ros/jazzy/opt/gz_ogre_next_vendor/lib:/opt/ros/jazzy/opt/gz_dartsim_vendor/lib:/opt/ros/jazzy/opt/gz_cmake_vendor/lib:/opt/ros/jazzy/lib PYTHONPATH=/home/brilliant/ros2_ws/install/nav2_msgs/lib/python3.12/site-packages:/home/brilliant/ros2_ws/install/nav_2d_msgs/lib/python3.12/site-packages:/home/brilliant/ros2_ws/install/nav2_common/lib/python3.12/site-packages:/home/brilliant/ros2_ws/build/twist_stamper:/home/brilliant/ros2_ws/install/twist_stamper/lib/python3.12/site-packages:/home/brilliant/ros2_ws/install/dwb_msgs/lib/python3.12/site-packages:/home/brilliant/ros2_ws/build/nav2_simple_commander:/home/brilliant/ros2_ws/install/nav2_simple_commander/lib/python3.12/site-packages:/home/brilliant/ros2_ws/build/nav2_loopback_sim:/home/brilliant/ros2_ws/install/nav2_loopback_sim/lib/python3.12/site-packages:/opt/ros/jazzy/lib/python3.12/site-packages /usr/bin/cmake --build /home/brilliant/ros2_ws/build/opennav_docking -- -j4 -l4
[424.101s] Invoking command in '/home/brilliant/ros2_ws/build/opennav_docking': AMENT_PREFIX_PATH=/home/brilliant/ros2_ws/install/nav2_graceful_controller:/home/brilliant/ros2_ws/install/nav2_controller:/home/brilliant/ros2_ws/install/nav2_core:/home/brilliant/ros2_ws/install/nav2_costmap_2d:/home/brilliant/ros2_ws/install/nav2_behavior_tree:${AMENT_PREFIX_PATH} CMAKE_PREFIX_PATH=/home/brilliant/ros2_ws/install/nav2_graceful_controller:/home/brilliant/ros2_ws/install/nav2_controller:/home/brilliant/ros2_ws/install/nav2_core:/home/brilliant/ros2_ws/install/nav2_costmap_2d:/home/brilliant/ros2_ws/install/opennav_docking_core:/home/brilliant/ros2_ws/install/nav_2d_utils:/home/brilliant/ros2_ws/install/nav2_map_server:/home/brilliant/ros2_ws/install/nav2_lifecycle_manager:/home/brilliant/ros2_ws/install/nav2_behavior_tree:/home/brilliant/ros2_ws/install/nav2_util:/home/brilliant/ros2_ws/install/nav2_voxel_grid:/home/brilliant/ros2_ws/install/nav2_msgs:/home/brilliant/ros2_ws/install/nav_2d_msgs:/home/brilliant/ros2_ws/install/nav2_common:/home/brilliant/ros2_ws/install/sllidar_ros2:/home/brilliant/ros2_ws/install/serial:/home/brilliant/ros2_ws/install/dwb_msgs:/home/brilliant/ros2_ws/install/nav2_velocity_smoother:/home/brilliant/ros2_ws/install/nav2_rviz_plugins:/home/brilliant/ros2_ws/install/nav2_amcl:/home/brilliant/ros2_ws/install/minibot:/home/brilliant/ros2_ws/install/diffdrive_arduino:/opt/ros/jazzy/opt/gz_sim_vendor:/opt/ros/jazzy/opt/gz_sensors_vendor:/opt/ros/jazzy/opt/gz_physics_vendor:/opt/ros/jazzy/opt/sdformat_vendor:/opt/ros/jazzy/opt/gz_gui_vendor:/opt/ros/jazzy/opt/gz_transport_vendor:/opt/ros/jazzy/opt/gz_rendering_vendor:/opt/ros/jazzy/opt/gz_plugin_vendor:/opt/ros/jazzy/opt/gz_fuel_tools_vendor:/opt/ros/jazzy/opt/gz_msgs_vendor:/opt/ros/jazzy/opt/gz_common_vendor:/opt/ros/jazzy/opt/gz_math_vendor:/opt/ros/jazzy/opt/gz_utils_vendor:/opt/ros/jazzy/opt/gz_tools_vendor:/opt/ros/jazzy/opt/gz_ogre_next_vendor:/opt/ros/jazzy/opt/gz_dartsim_vendor:/opt/ros/jazzy/opt/gz_cmake_vendor:/home/brilliant/ros2_ws/install/twist_stamper:/home/brilliant/ros2_ws/install/nav2_simple_commander:/home/brilliant/ros2_ws/install/nav2_loopback_sim:/opt/ros/jazzy DEBUGINFOD_URLS=https://debuginfod.ubuntu.com LD_LIBRARY_PATH=/home/brilliant/ros2_ws/install/nav2_graceful_controller/lib:/home/brilliant/ros2_ws/install/nav2_controller/lib:/home/brilliant/ros2_ws/install/nav2_costmap_2d/lib:/home/brilliant/ros2_ws/install/nav_2d_utils/lib:/home/brilliant/ros2_ws/install/nav2_map_server/lib:/home/brilliant/ros2_ws/install/nav2_lifecycle_manager/lib:/home/brilliant/ros2_ws/install/nav2_behavior_tree/lib:/home/brilliant/ros2_ws/install/nav2_util/lib:/home/brilliant/ros2_ws/install/nav2_voxel_grid/lib:/home/brilliant/ros2_ws/install/nav2_msgs/lib:/home/brilliant/ros2_ws/install/nav_2d_msgs/lib:/home/brilliant/ros2_ws/install/serial/lib:/home/brilliant/ros2_ws/install/dwb_msgs/lib:/home/brilliant/ros2_ws/install/nav2_velocity_smoother/lib:/home/brilliant/ros2_ws/install/nav2_rviz_plugins/lib:/home/brilliant/ros2_ws/install/nav2_amcl/lib:/home/brilliant/ros2_ws/install/diffdrive_arduino/lib:/opt/ros/jazzy/opt/gz_sim_vendor/lib:/opt/ros/jazzy/opt/gz_sensors_vendor/lib:/opt/ros/jazzy/opt/gz_physics_vendor/lib:/opt/ros/jazzy/opt/sdformat_vendor/lib:/opt/ros/jazzy/opt/rviz_ogre_vendor/lib:/opt/ros/jazzy/lib/x86_64-linux-gnu:/opt/ros/jazzy/opt/gz_gui_vendor/lib:/opt/ros/jazzy/opt/gz_transport_vendor/lib:/opt/ros/jazzy/opt/gz_rendering_vendor/lib:/opt/ros/jazzy/opt/gz_plugin_vendor/lib:/opt/ros/jazzy/opt/gz_fuel_tools_vendor/lib:/opt/ros/jazzy/opt/gz_msgs_vendor/lib:/opt/ros/jazzy/opt/gz_common_vendor/lib:/opt/ros/jazzy/opt/gz_math_vendor/lib:/opt/ros/jazzy/opt/gz_utils_vendor/lib:/opt/ros/jazzy/opt/gz_tools_vendor/lib:/opt/ros/jazzy/opt/gz_ogre_next_vendor/lib:/opt/ros/jazzy/opt/gz_dartsim_vendor/lib:/opt/ros/jazzy/opt/gz_cmake_vendor/lib:/opt/ros/jazzy/lib PYTHONPATH=/home/brilliant/ros2_ws/install/nav2_msgs/lib/python3.12/site-packages:/home/brilliant/ros2_ws/install/nav_2d_msgs/lib/python3.12/site-packages:/home/brilliant/ros2_ws/install/nav2_common/lib/python3.12/site-packages:/home/brilliant/ros2_ws/build/twist_stamper:/home/brilliant/ros2_ws/install/twist_stamper/lib/python3.12/site-packages:/home/brilliant/ros2_ws/install/dwb_msgs/lib/python3.12/site-packages:/home/brilliant/ros2_ws/build/nav2_simple_commander:/home/brilliant/ros2_ws/install/nav2_simple_commander/lib/python3.12/site-packages:/home/brilliant/ros2_ws/build/nav2_loopback_sim:/home/brilliant/ros2_ws/install/nav2_loopback_sim/lib/python3.12/site-packages:/opt/ros/jazzy/lib/python3.12/site-packages /usr/bin/cmake --install /home/brilliant/ros2_ws/build/opennav_docking
[424.123s] -- Install configuration: ""
[424.124s] -- Execute custom install script
[424.125s] -- Symlinking: /home/brilliant/ros2_ws/install/opennav_docking/share/opennav_docking//plugins.xml
[424.148s] -- Symlinking: /home/brilliant/ros2_ws/install/opennav_docking/lib/opennav_docking/opennav_docking
[424.175s] -- Symlinking: /home/brilliant/ros2_ws/install/opennav_docking/include//opennav_docking/controller.hpp
[424.198s] -- Symlinking: /home/brilliant/ros2_ws/install/opennav_docking/include//opennav_docking/dock_database.hpp
[424.224s] -- Symlinking: /home/brilliant/ros2_ws/install/opennav_docking/include//opennav_docking/docking_server.hpp
[424.252s] -- Symlinking: /home/brilliant/ros2_ws/install/opennav_docking/include//opennav_docking/navigator.hpp
[424.284s] -- Symlinking: /home/brilliant/ros2_ws/install/opennav_docking/include//opennav_docking/pose_filter.hpp
[424.319s] -- Symlinking: /home/brilliant/ros2_ws/install/opennav_docking/include//opennav_docking/simple_charging_dock.hpp
[424.361s] -- Symlinking: /home/brilliant/ros2_ws/install/opennav_docking/include//opennav_docking/simple_non_charging_dock.hpp
[424.388s] -- Symlinking: /home/brilliant/ros2_ws/install/opennav_docking/include//opennav_docking/types.hpp
[424.418s] -- Symlinking: /home/brilliant/ros2_ws/install/opennav_docking/include//opennav_docking/utils.hpp
[424.445s] -- Symlinking: /home/brilliant/ros2_ws/install/opennav_docking/share/opennav_docking//test_dock_file.yaml
[424.475s] -- Symlinking: /home/brilliant/ros2_ws/install/opennav_docking/lib/libtest_dock.so
[424.504s] -- Symlinking: /home/brilliant/ros2_ws/install/opennav_docking/share/opennav_docking/environment/library_path.sh
[424.532s] -- Symlinking: /home/brilliant/ros2_ws/install/opennav_docking/share/opennav_docking/environment/library_path.dsv
[424.560s] -- Up-to-date symlink: /home/brilliant/ros2_ws/install/opennav_docking/share/opennav_docking/environment/library_path.sh
[424.560s] -- Symlinking: /home/brilliant/ros2_ws/install/opennav_docking/share/opennav_docking/environment/library_path.dsv
[424.588s] -- Symlinking: /home/brilliant/ros2_ws/install/opennav_docking/share/ament_index/resource_index/package_run_dependencies/opennav_docking
[424.619s] -- Symlinking: /home/brilliant/ros2_ws/install/opennav_docking/share/ament_index/resource_index/parent_prefix_path/opennav_docking
[424.647s] -- Symlinking: /home/brilliant/ros2_ws/install/opennav_docking/share/opennav_docking/environment/ament_prefix_path.sh
[424.675s] -- Symlinking: /home/brilliant/ros2_ws/install/opennav_docking/share/opennav_docking/environment/ament_prefix_path.dsv
[424.703s] -- Symlinking: /home/brilliant/ros2_ws/install/opennav_docking/share/opennav_docking/environment/path.sh
[424.735s] -- Symlinking: /home/brilliant/ros2_ws/install/opennav_docking/share/opennav_docking/environment/path.dsv
[424.769s] -- Symlinking: /home/brilliant/ros2_ws/install/opennav_docking/share/opennav_docking/local_setup.bash
[424.795s] -- Symlinking: /home/brilliant/ros2_ws/install/opennav_docking/share/opennav_docking/local_setup.sh
[424.827s] -- Symlinking: /home/brilliant/ros2_ws/install/opennav_docking/share/opennav_docking/local_setup.zsh
[424.860s] -- Symlinking: /home/brilliant/ros2_ws/install/opennav_docking/share/opennav_docking/local_setup.dsv
[424.891s] -- Symlinking: /home/brilliant/ros2_ws/install/opennav_docking/share/opennav_docking/package.dsv
[424.923s] -- Symlinking: /home/brilliant/ros2_ws/install/opennav_docking/share/ament_index/resource_index/packages/opennav_docking
[424.952s] -- Symlinking: /home/brilliant/ros2_ws/install/opennav_docking/share/ament_index/resource_index/opennav_docking_core__pluginlib__plugin/opennav_docking
[424.985s] -- Symlinking: /home/brilliant/ros2_ws/install/opennav_docking/share/ament_index/resource_index/rclcpp_components/opennav_docking
[425.018s] -- Symlinking: /home/brilliant/ros2_ws/install/opennav_docking/share/opennav_docking/cmake/ament_cmake_export_include_directories-extras.cmake
[425.045s] -- Symlinking: /home/brilliant/ros2_ws/install/opennav_docking/share/opennav_docking/cmake/ament_cmake_export_libraries-extras.cmake
[425.071s] -- Symlinking: /home/brilliant/ros2_ws/install/opennav_docking/share/opennav_docking/cmake/ament_cmake_export_dependencies-extras.cmake
[425.102s] -- Symlinking: /home/brilliant/ros2_ws/install/opennav_docking/share/opennav_docking/cmake/opennav_dockingConfig.cmake
[425.129s] -- Symlinking: /home/brilliant/ros2_ws/install/opennav_docking/share/opennav_docking/cmake/opennav_dockingConfig-version.cmake
[425.164s] -- Symlinking: /home/brilliant/ros2_ws/install/opennav_docking/share/opennav_docking/package.xml
[425.190s] -- Installing: /home/brilliant/ros2_ws/install/opennav_docking/lib/libopennav_docking_core.so
[425.224s] -- Set non-toolchain portion of runtime path of "/home/brilliant/ros2_ws/install/opennav_docking/lib/libopennav_docking_core.so" to ""
[425.224s] -- Installing: /home/brilliant/ros2_ws/install/opennav_docking/lib/libcontroller.so
[425.229s] -- Set non-toolchain portion of runtime path of "/home/brilliant/ros2_ws/install/opennav_docking/lib/libcontroller.so" to ""
[425.230s] -- Installing: /home/brilliant/ros2_ws/install/opennav_docking/lib/libpose_filter.so
[425.230s] -- Set non-toolchain portion of runtime path of "/home/brilliant/ros2_ws/install/opennav_docking/lib/libpose_filter.so" to ""
[425.231s] -- Installing: /home/brilliant/ros2_ws/install/opennav_docking/lib/libsimple_charging_dock.so
[425.254s] -- Set non-toolchain portion of runtime path of "/home/brilliant/ros2_ws/install/opennav_docking/lib/libsimple_charging_dock.so" to ""
[425.254s] -- Installing: /home/brilliant/ros2_ws/install/opennav_docking/lib/libsimple_non_charging_dock.so
[425.271s] -- Set non-toolchain portion of runtime path of "/home/brilliant/ros2_ws/install/opennav_docking/lib/libsimple_non_charging_dock.so" to ""
[425.277s] Invoked command in '/home/brilliant/ros2_ws/build/opennav_docking' returned '0': AMENT_PREFIX_PATH=/home/brilliant/ros2_ws/install/nav2_graceful_controller:/home/brilliant/ros2_ws/install/nav2_controller:/home/brilliant/ros2_ws/install/nav2_core:/home/brilliant/ros2_ws/install/nav2_costmap_2d:/home/brilliant/ros2_ws/install/nav2_behavior_tree:${AMENT_PREFIX_PATH} CMAKE_PREFIX_PATH=/home/brilliant/ros2_ws/install/nav2_graceful_controller:/home/brilliant/ros2_ws/install/nav2_controller:/home/brilliant/ros2_ws/install/nav2_core:/home/brilliant/ros2_ws/install/nav2_costmap_2d:/home/brilliant/ros2_ws/install/opennav_docking_core:/home/brilliant/ros2_ws/install/nav_2d_utils:/home/brilliant/ros2_ws/install/nav2_map_server:/home/brilliant/ros2_ws/install/nav2_lifecycle_manager:/home/brilliant/ros2_ws/install/nav2_behavior_tree:/home/brilliant/ros2_ws/install/nav2_util:/home/brilliant/ros2_ws/install/nav2_voxel_grid:/home/brilliant/ros2_ws/install/nav2_msgs:/home/brilliant/ros2_ws/install/nav_2d_msgs:/home/brilliant/ros2_ws/install/nav2_common:/home/brilliant/ros2_ws/install/sllidar_ros2:/home/brilliant/ros2_ws/install/serial:/home/brilliant/ros2_ws/install/dwb_msgs:/home/brilliant/ros2_ws/install/nav2_velocity_smoother:/home/brilliant/ros2_ws/install/nav2_rviz_plugins:/home/brilliant/ros2_ws/install/nav2_amcl:/home/brilliant/ros2_ws/install/minibot:/home/brilliant/ros2_ws/install/diffdrive_arduino:/opt/ros/jazzy/opt/gz_sim_vendor:/opt/ros/jazzy/opt/gz_sensors_vendor:/opt/ros/jazzy/opt/gz_physics_vendor:/opt/ros/jazzy/opt/sdformat_vendor:/opt/ros/jazzy/opt/gz_gui_vendor:/opt/ros/jazzy/opt/gz_transport_vendor:/opt/ros/jazzy/opt/gz_rendering_vendor:/opt/ros/jazzy/opt/gz_plugin_vendor:/opt/ros/jazzy/opt/gz_fuel_tools_vendor:/opt/ros/jazzy/opt/gz_msgs_vendor:/opt/ros/jazzy/opt/gz_common_vendor:/opt/ros/jazzy/opt/gz_math_vendor:/opt/ros/jazzy/opt/gz_utils_vendor:/opt/ros/jazzy/opt/gz_tools_vendor:/opt/ros/jazzy/opt/gz_ogre_next_vendor:/opt/ros/jazzy/opt/gz_dartsim_vendor:/opt/ros/jazzy/opt/gz_cmake_vendor:/home/brilliant/ros2_ws/install/twist_stamper:/home/brilliant/ros2_ws/install/nav2_simple_commander:/home/brilliant/ros2_ws/install/nav2_loopback_sim:/opt/ros/jazzy DEBUGINFOD_URLS=https://debuginfod.ubuntu.com LD_LIBRARY_PATH=/home/brilliant/ros2_ws/install/nav2_graceful_controller/lib:/home/brilliant/ros2_ws/install/nav2_controller/lib:/home/brilliant/ros2_ws/install/nav2_costmap_2d/lib:/home/brilliant/ros2_ws/install/nav_2d_utils/lib:/home/brilliant/ros2_ws/install/nav2_map_server/lib:/home/brilliant/ros2_ws/install/nav2_lifecycle_manager/lib:/home/brilliant/ros2_ws/install/nav2_behavior_tree/lib:/home/brilliant/ros2_ws/install/nav2_util/lib:/home/brilliant/ros2_ws/install/nav2_voxel_grid/lib:/home/brilliant/ros2_ws/install/nav2_msgs/lib:/home/brilliant/ros2_ws/install/nav_2d_msgs/lib:/home/brilliant/ros2_ws/install/serial/lib:/home/brilliant/ros2_ws/install/dwb_msgs/lib:/home/brilliant/ros2_ws/install/nav2_velocity_smoother/lib:/home/brilliant/ros2_ws/install/nav2_rviz_plugins/lib:/home/brilliant/ros2_ws/install/nav2_amcl/lib:/home/brilliant/ros2_ws/install/diffdrive_arduino/lib:/opt/ros/jazzy/opt/gz_sim_vendor/lib:/opt/ros/jazzy/opt/gz_sensors_vendor/lib:/opt/ros/jazzy/opt/gz_physics_vendor/lib:/opt/ros/jazzy/opt/sdformat_vendor/lib:/opt/ros/jazzy/opt/rviz_ogre_vendor/lib:/opt/ros/jazzy/lib/x86_64-linux-gnu:/opt/ros/jazzy/opt/gz_gui_vendor/lib:/opt/ros/jazzy/opt/gz_transport_vendor/lib:/opt/ros/jazzy/opt/gz_rendering_vendor/lib:/opt/ros/jazzy/opt/gz_plugin_vendor/lib:/opt/ros/jazzy/opt/gz_fuel_tools_vendor/lib:/opt/ros/jazzy/opt/gz_msgs_vendor/lib:/opt/ros/jazzy/opt/gz_common_vendor/lib:/opt/ros/jazzy/opt/gz_math_vendor/lib:/opt/ros/jazzy/opt/gz_utils_vendor/lib:/opt/ros/jazzy/opt/gz_tools_vendor/lib:/opt/ros/jazzy/opt/gz_ogre_next_vendor/lib:/opt/ros/jazzy/opt/gz_dartsim_vendor/lib:/opt/ros/jazzy/opt/gz_cmake_vendor/lib:/opt/ros/jazzy/lib PYTHONPATH=/home/brilliant/ros2_ws/install/nav2_msgs/lib/python3.12/site-packages:/home/brilliant/ros2_ws/install/nav_2d_msgs/lib/python3.12/site-packages:/home/brilliant/ros2_ws/install/nav2_common/lib/python3.12/site-packages:/home/brilliant/ros2_ws/build/twist_stamper:/home/brilliant/ros2_ws/install/twist_stamper/lib/python3.12/site-packages:/home/brilliant/ros2_ws/install/dwb_msgs/lib/python3.12/site-packages:/home/brilliant/ros2_ws/build/nav2_simple_commander:/home/brilliant/ros2_ws/install/nav2_simple_commander/lib/python3.12/site-packages:/home/brilliant/ros2_ws/build/nav2_loopback_sim:/home/brilliant/ros2_ws/install/nav2_loopback_sim/lib/python3.12/site-packages:/opt/ros/jazzy/lib/python3.12/site-packages /usr/bin/cmake --install /home/brilliant/ros2_ws/build/opennav_docking
