[0.104s] Invoking command in '/home/brilliant/ros2_ws/build/nav2_behavior_tree': CMAKE_PREFIX_PATH=/home/brilliant/ros2_ws/install/nav2_util:/home/brilliant/ros2_ws/install/nav2_msgs:/home/brilliant/ros2_ws/install/nav2_common:/home/brilliant/ros2_ws/install/sllidar_ros2:/home/brilliant/ros2_ws/install/serial:/home/brilliant/ros2_ws/install/nav2_system_tests:/home/brilliant/ros2_ws/install/nav2_bringup:/home/brilliant/ros2_ws/install/navigation2:/home/brilliant/ros2_ws/install/opennav_docking:/home/brilliant/ros2_ws/install/opennav_docking_core:/home/brilliant/ros2_ws/install/opennav_docking_bt:/home/brilliant/ros2_ws/install/nav2_smoother:/home/brilliant/ros2_ws/install/nav2_rotation_shim_controller:/home/brilliant/ros2_ws/install/nav2_graceful_controller:/home/brilliant/ros2_ws/install/nav2_dwb_controller:/home/brilliant/ros2_ws/install/nav2_controller:/home/brilliant/ros2_ws/install/dwb_plugins:/home/brilliant/ros2_ws/install/dwb_critics:/home/brilliant/ros2_ws/install/dwb_core:/home/brilliant/ros2_ws/install/nav_2d_utils:/home/brilliant/ros2_ws/install/dwb_msgs:/home/brilliant/ros2_ws/install/nav_2d_msgs:/home/brilliant/ros2_ws/install/nav2_waypoint_follower:/home/brilliant/ros2_ws/install/nav2_theta_star_planner:/home/brilliant/ros2_ws/install/nav2_smac_planner:/home/brilliant/ros2_ws/install/nav2_regulated_pure_pursuit_controller:/home/brilliant/ros2_ws/install/nav2_planner:/home/brilliant/ros2_ws/install/nav2_navfn_planner:/home/brilliant/ros2_ws/install/nav2_mppi_controller:/home/brilliant/ros2_ws/install/nav2_constrained_smoother:/home/brilliant/ros2_ws/install/nav2_bt_navigator:/home/brilliant/ros2_ws/install/nav2_behaviors:/home/brilliant/ros2_ws/install/nav2_core:/home/brilliant/ros2_ws/install/nav2_collision_monitor:/home/brilliant/ros2_ws/install/costmap_queue:/home/brilliant/ros2_ws/install/nav2_costmap_2d:/home/brilliant/ros2_ws/install/nav2_voxel_grid:/home/brilliant/ros2_ws/install/nav2_velocity_smoother:/home/brilliant/ros2_ws/install/nav2_rviz_plugins:/home/brilliant/ros2_ws/install/nav2_map_server:/home/brilliant/ros2_ws/install/nav2_lifecycle_manager:/home/brilliant/ros2_ws/install/nav2_behavior_tree:/home/brilliant/ros2_ws/install/nav2_amcl:/home/brilliant/ros2_ws/install/minibot:/home/brilliant/ros2_ws/install/diffdrive_arduino:/opt/ros/jazzy/opt/gz_sim_vendor:/opt/ros/jazzy/opt/gz_sensors_vendor:/opt/ros/jazzy/opt/gz_physics_vendor:/opt/ros/jazzy/opt/sdformat_vendor:/opt/ros/jazzy/opt/gz_gui_vendor:/opt/ros/jazzy/opt/gz_transport_vendor:/opt/ros/jazzy/opt/gz_rendering_vendor:/opt/ros/jazzy/opt/gz_plugin_vendor:/opt/ros/jazzy/opt/gz_fuel_tools_vendor:/opt/ros/jazzy/opt/gz_msgs_vendor:/opt/ros/jazzy/opt/gz_common_vendor:/opt/ros/jazzy/opt/gz_math_vendor:/opt/ros/jazzy/opt/gz_utils_vendor:/opt/ros/jazzy/opt/gz_tools_vendor:/opt/ros/jazzy/opt/gz_ogre_next_vendor:/opt/ros/jazzy/opt/gz_dartsim_vendor:/opt/ros/jazzy/opt/gz_cmake_vendor:/home/brilliant/ros2_ws/install/twist_stamper:/home/brilliant/ros2_ws/install/nav2_simple_commander:/home/brilliant/ros2_ws/install/nav2_loopback_sim:/opt/ros/jazzy DEBUGINFOD_URLS=https://debuginfod.ubuntu.com LD_LIBRARY_PATH=/home/brilliant/ros2_ws/install/nav2_util/lib:/home/brilliant/ros2_ws/install/nav2_msgs/lib:/home/brilliant/ros2_ws/install/serial/lib:/home/brilliant/ros2_ws/install/nav2_system_tests/lib:/home/brilliant/ros2_ws/install/opennav_docking/lib:/home/brilliant/ros2_ws/install/opennav_docking_bt/lib:/home/brilliant/ros2_ws/install/nav2_smoother/lib:/home/brilliant/ros2_ws/install/nav2_rotation_shim_controller/lib:/home/brilliant/ros2_ws/install/nav2_graceful_controller/lib:/home/brilliant/ros2_ws/install/nav2_controller/lib:/home/brilliant/ros2_ws/install/dwb_plugins/lib:/home/brilliant/ros2_ws/install/dwb_critics/lib:/home/brilliant/ros2_ws/install/dwb_core/lib:/home/brilliant/ros2_ws/install/nav_2d_utils/lib:/home/brilliant/ros2_ws/install/dwb_msgs/lib:/home/brilliant/ros2_ws/install/nav_2d_msgs/lib:/home/brilliant/ros2_ws/install/nav2_waypoint_follower/lib:/home/brilliant/ros2_ws/install/nav2_theta_star_planner/lib:/home/brilliant/ros2_ws/install/nav2_smac_planner/lib:/home/brilliant/ros2_ws/install/nav2_regulated_pure_pursuit_controller/lib:/home/brilliant/ros2_ws/install/nav2_planner/lib:/home/brilliant/ros2_ws/install/nav2_navfn_planner/lib:/home/brilliant/ros2_ws/install/nav2_mppi_controller/lib:/home/brilliant/ros2_ws/install/nav2_constrained_smoother/lib:/home/brilliant/ros2_ws/install/nav2_bt_navigator/lib:/home/brilliant/ros2_ws/install/nav2_behaviors/lib:/home/brilliant/ros2_ws/install/nav2_collision_monitor/lib:/home/brilliant/ros2_ws/install/costmap_queue/lib:/home/brilliant/ros2_ws/install/nav2_costmap_2d/lib:/home/brilliant/ros2_ws/install/nav2_voxel_grid/lib:/home/brilliant/ros2_ws/install/nav2_velocity_smoother/lib:/home/brilliant/ros2_ws/install/nav2_rviz_plugins/lib:/home/brilliant/ros2_ws/install/nav2_map_server/lib:/home/brilliant/ros2_ws/install/nav2_lifecycle_manager/lib:/home/brilliant/ros2_ws/install/nav2_behavior_tree/lib:/home/brilliant/ros2_ws/install/nav2_amcl/lib:/home/brilliant/ros2_ws/install/diffdrive_arduino/lib:/opt/ros/jazzy/opt/gz_sim_vendor/lib:/opt/ros/jazzy/opt/gz_sensors_vendor/lib:/opt/ros/jazzy/opt/gz_physics_vendor/lib:/opt/ros/jazzy/opt/sdformat_vendor/lib:/opt/ros/jazzy/opt/rviz_ogre_vendor/lib:/opt/ros/jazzy/lib/x86_64-linux-gnu:/opt/ros/jazzy/opt/gz_gui_vendor/lib:/opt/ros/jazzy/opt/gz_transport_vendor/lib:/opt/ros/jazzy/opt/gz_rendering_vendor/lib:/opt/ros/jazzy/opt/gz_plugin_vendor/lib:/opt/ros/jazzy/opt/gz_fuel_tools_vendor/lib:/opt/ros/jazzy/opt/gz_msgs_vendor/lib:/opt/ros/jazzy/opt/gz_common_vendor/lib:/opt/ros/jazzy/opt/gz_math_vendor/lib:/opt/ros/jazzy/opt/gz_utils_vendor/lib:/opt/ros/jazzy/opt/gz_tools_vendor/lib:/opt/ros/jazzy/opt/gz_ogre_next_vendor/lib:/opt/ros/jazzy/opt/gz_dartsim_vendor/lib:/opt/ros/jazzy/opt/gz_cmake_vendor/lib:/opt/ros/jazzy/lib PYTHONPATH=/home/brilliant/ros2_ws/install/nav2_msgs/lib/python3.12/site-packages:/home/brilliant/ros2_ws/install/nav2_common/lib/python3.12/site-packages:/home/brilliant/ros2_ws/build/twist_stamper:/home/brilliant/ros2_ws/install/twist_stamper/lib/python3.12/site-packages:/home/brilliant/ros2_ws/install/dwb_msgs/lib/python3.12/site-packages:/home/brilliant/ros2_ws/install/nav_2d_msgs/lib/python3.12/site-packages:/home/brilliant/ros2_ws/build/nav2_simple_commander:/home/brilliant/ros2_ws/install/nav2_simple_commander/lib/python3.12/site-packages:/home/brilliant/ros2_ws/build/nav2_loopback_sim:/home/brilliant/ros2_ws/install/nav2_loopback_sim/lib/python3.12/site-packages:/opt/ros/jazzy/lib/python3.12/site-packages /usr/bin/cmake --build /home/brilliant/ros2_ws/build/nav2_behavior_tree -- -j4 -l4
[0.655s] [  0%] Built target nav2_behavior_tree
[0.852s] [  1%] Built target nav2_controller_cancel_bt_node
[0.983s] [  2%] Built target nav2_wait_cancel_bt_node
[1.232s] [  2%] Built target nav2_spin_cancel_bt_node
[1.448s] [  3%] Built target nav2_back_up_cancel_bt_node
[1.696s] [  4%] Built target nav2_assisted_teleop_cancel_bt_node
[1.887s] [  5%] Built target nav2_drive_on_heading_cancel_bt_node
[2.100s] [  6%] Built target nav2_smooth_path_action_bt_node
[2.285s] [  7%] Built target nav2_follow_path_action_bt_node
[2.456s] [  8%] Built target nav2_back_up_action_bt_node
[2.645s] [  8%] Built target nav2_drive_on_heading_bt_node
[2.843s] [  9%] Built target nav2_spin_action_bt_node
[3.010s] [ 10%] Built target nav2_wait_action_bt_node
[3.170s] [ 11%] Built target nav2_assisted_teleop_action_bt_node
[3.364s] [ 12%] Built target nav2_clear_costmap_service_bt_node
[3.541s] [ 13%] Built target nav2_is_stuck_condition_bt_node
[3.702s] [ 14%] Built target nav2_transform_available_condition_bt_node
[3.952s] [ 15%] Built target nav2_goal_reached_condition_bt_node
[4.199s] [ 16%] Built target nav2_globally_updated_goal_condition_bt_node
[4.454s] [ 17%] Built target nav2_goal_updated_condition_bt_node
[4.682s] [ 18%] Built target nav2_is_path_valid_condition_bt_node
[4.903s] [ 19%] Built target nav2_time_expired_condition_bt_node
[5.123s] [ 20%] Built target nav2_path_expiring_timer_condition
[5.291s] [ 21%] Built target nav2_distance_traveled_condition_bt_node
[5.505s] [ 22%] Built target nav2_initial_pose_received_condition_bt_node
[5.790s] [ 23%] Built target nav2_is_battery_charging_condition_bt_node
[5.982s] [ 24%] Built target nav2_is_battery_low_condition_bt_node
[6.271s] [ 25%] Built target nav2_are_error_codes_active_condition_bt_node
[6.482s] [ 26%] Built target nav2_would_a_controller_recovery_help_condition_bt_node
[6.714s] [ 27%] Built target nav2_would_a_planner_recovery_help_condition_bt_node
[6.833s] [ 27%] Built target nav2_would_a_smoother_recovery_help_condition_bt_node
[6.961s] [ 27%] Built target nav2_reinitialize_global_localization_service_bt_node
[7.063s] [ 28%] Built target nav2_rate_controller_bt_node
[7.182s] [ 29%] Built target nav2_distance_controller_bt_node
[7.310s] [ 30%] Built target nav2_speed_controller_bt_node
[7.454s] [ 31%] Built target nav2_truncate_path_action_bt_node
[7.545s] [ 32%] Built target nav2_truncate_path_local_action_bt_node
[7.631s] [ 33%] Built target nav2_goal_updater_node_bt_node
[7.745s] [ 34%] Built target nav2_path_longer_on_approach_bt_node
[7.830s] [ 35%] Built target nav2_recovery_node_bt_node
[7.922s] [ 35%] Built target nav2_navigate_to_pose_action_bt_node
[8.027s] [ 36%] Built target nav2_navigate_through_poses_action_bt_node
[8.127s] [ 37%] Built target nav2_remove_passed_goals_action_bt_node
[8.235s] [ 38%] Built target nav2_get_pose_from_path_action_bt_node
[8.333s] [ 39%] Built target nav2_pipeline_sequence_bt_node
[8.430s] [ 40%] Built target nav2_round_robin_node_bt_node
[8.522s] [ 41%] Built target nav2_single_trigger_bt_node
[8.634s] [ 42%] Built target nav2_planner_selector_bt_node
[8.758s] [ 43%] Built target nav2_controller_selector_bt_node
[8.871s] [ 44%] Built target nav2_smoother_selector_bt_node
[8.983s] [ 45%] Built target nav2_goal_checker_selector_bt_node
[9.075s] [ 46%] Built target nav2_progress_checker_selector_bt_node
[9.173s] [ 46%] Built target nav2_goal_updated_controller_bt_node
[9.282s] [ 46%] Built target generate_nav2_tree_nodes_xml
[9.430s] [ 47%] Built target gtest_main
[9.569s] [ 48%] Built target gtest
[9.737s] [ 49%] Built target nav2_compute_path_through_poses_action_bt_node
[9.887s] [ 50%] Built target test_condition_distance_traveled
[10.000s] [ 51%] Built target test_condition_time_expired
[10.113s] [ 51%] Built target test_condition_path_expiring_timer
[10.229s] [ 52%] Built target test_condition_goal_reached
[10.362s] [ 53%] Built target test_condition_goal_updated
[10.553s] [ 53%] Built target test_condition_globally_updated_goal
[10.692s] [ 54%] Built target test_condition_initial_pose_received
[10.795s] [ 55%] Built target test_condition_transform_available
[10.895s] [ 56%] Built target test_condition_is_stuck
[11.005s] [ 57%] Built target test_condition_is_battery_charging
[11.120s] [ 58%] Built target test_condition_is_battery_low
[11.226s] [ 59%] Built target test_condition_is_path_valid
[11.331s] [ 60%] Built target test_are_error_codes_present
[11.450s] [ 61%] Built target test_would_a_controller_recovery_help
[11.559s] [ 62%] Built target test_would_a_planner_recovery_help
[11.663s] [ 63%] Built target test_would_a_smoother_recovery_help
[11.766s] [ 64%] Built target test_decorator_distance_controller
[11.869s] [ 65%] Built target test_decorator_speed_controller
[11.964s] [ 66%] Built target test_decorator_rate_controller
[12.124s] [ 67%] Built target test_goal_updater_node
[12.219s] [ 68%] Built target test_single_trigger_node
[12.298s] [ 69%] Built target test_goal_updated_controller
[12.377s] [ 69%] Built target test_decorator_path_longer_on_approach
[12.457s] [ 70%] Built target test_control_recovery_node
[12.540s] [ 71%] Built target test_control_pipeline_sequence
[12.627s] [ 72%] Built target test_control_round_robin_node
[12.706s] [ 73%] Built target test_bt_action_node
[12.788s] [ 73%] Built target test_action_spin_action
[12.886s] [ 74%] Built target test_action_back_up_action
[12.956s] [ 75%] Built target test_action_drive_on_heading
[13.025s] [ 76%] Built target test_action_wait_action
[13.104s] [ 77%] Built target test_action_assisted_teleop_action
[13.174s] [ 77%] Built target test_action_controller_cancel_action
[13.259s] [ 78%] Built target test_action_wait_cancel_action
[13.357s] [ 79%] Built target test_action_spin_cancel_action
[13.431s] [ 80%] Built target test_action_back_up_cancel_action
[13.511s] [ 81%] Built target test_action_assisted_teleop_cancel_action
[13.581s] [ 82%] Built target test_action_drive_on_heading_cancel_action
[13.646s] [ 83%] Built target test_action_clear_costmap_service
[13.731s] [ 84%] Built target test_action_reinitialize_global_localization_service
[13.805s] [ 85%] Built target test_action_compute_path_through_poses_action
[13.872s] [ 86%] Built target test_action_smooth_path_action
[13.947s] [ 87%] Built target test_action_follow_path_action
[14.031s] [ 88%] Built target test_action_navigate_to_pose_action
[14.100s] [ 89%] Built target test_action_navigate_through_poses_action
[14.176s] [ 90%] Built target test_truncate_path_action
[14.240s] [ 91%] Built target test_truncate_path_local_action
[14.317s] [ 92%] Built target test_remove_passed_goals_action
[14.397s] [ 93%] Built target test_get_pose_from_path_action
[14.464s] [ 94%] Built target test_planner_selector_node
[14.544s] [ 95%] Built target test_controller_selector_node
[14.629s] [ 96%] Built target test_smoother_selector_node
[14.715s] [ 97%] Built target test_goal_checker_selector_node
[14.801s] [ 97%] Built target test_progress_checker_selector_node
[14.869s] [ 98%] Built target test_bt_utils
[14.965s] [ 99%] Built target nav2_compute_path_to_pose_action_bt_node
[15.059s] [100%] Built target test_action_compute_path_to_pose_action
[15.090s] Invoked command in '/home/brilliant/ros2_ws/build/nav2_behavior_tree' returned '0': CMAKE_PREFIX_PATH=/home/brilliant/ros2_ws/install/nav2_util:/home/brilliant/ros2_ws/install/nav2_msgs:/home/brilliant/ros2_ws/install/nav2_common:/home/brilliant/ros2_ws/install/sllidar_ros2:/home/brilliant/ros2_ws/install/serial:/home/brilliant/ros2_ws/install/nav2_system_tests:/home/brilliant/ros2_ws/install/nav2_bringup:/home/brilliant/ros2_ws/install/navigation2:/home/brilliant/ros2_ws/install/opennav_docking:/home/brilliant/ros2_ws/install/opennav_docking_core:/home/brilliant/ros2_ws/install/opennav_docking_bt:/home/brilliant/ros2_ws/install/nav2_smoother:/home/brilliant/ros2_ws/install/nav2_rotation_shim_controller:/home/brilliant/ros2_ws/install/nav2_graceful_controller:/home/brilliant/ros2_ws/install/nav2_dwb_controller:/home/brilliant/ros2_ws/install/nav2_controller:/home/brilliant/ros2_ws/install/dwb_plugins:/home/brilliant/ros2_ws/install/dwb_critics:/home/brilliant/ros2_ws/install/dwb_core:/home/brilliant/ros2_ws/install/nav_2d_utils:/home/brilliant/ros2_ws/install/dwb_msgs:/home/brilliant/ros2_ws/install/nav_2d_msgs:/home/brilliant/ros2_ws/install/nav2_waypoint_follower:/home/brilliant/ros2_ws/install/nav2_theta_star_planner:/home/brilliant/ros2_ws/install/nav2_smac_planner:/home/brilliant/ros2_ws/install/nav2_regulated_pure_pursuit_controller:/home/brilliant/ros2_ws/install/nav2_planner:/home/brilliant/ros2_ws/install/nav2_navfn_planner:/home/brilliant/ros2_ws/install/nav2_mppi_controller:/home/brilliant/ros2_ws/install/nav2_constrained_smoother:/home/brilliant/ros2_ws/install/nav2_bt_navigator:/home/brilliant/ros2_ws/install/nav2_behaviors:/home/brilliant/ros2_ws/install/nav2_core:/home/brilliant/ros2_ws/install/nav2_collision_monitor:/home/brilliant/ros2_ws/install/costmap_queue:/home/brilliant/ros2_ws/install/nav2_costmap_2d:/home/brilliant/ros2_ws/install/nav2_voxel_grid:/home/brilliant/ros2_ws/install/nav2_velocity_smoother:/home/brilliant/ros2_ws/install/nav2_rviz_plugins:/home/brilliant/ros2_ws/install/nav2_map_server:/home/brilliant/ros2_ws/install/nav2_lifecycle_manager:/home/brilliant/ros2_ws/install/nav2_behavior_tree:/home/brilliant/ros2_ws/install/nav2_amcl:/home/brilliant/ros2_ws/install/minibot:/home/brilliant/ros2_ws/install/diffdrive_arduino:/opt/ros/jazzy/opt/gz_sim_vendor:/opt/ros/jazzy/opt/gz_sensors_vendor:/opt/ros/jazzy/opt/gz_physics_vendor:/opt/ros/jazzy/opt/sdformat_vendor:/opt/ros/jazzy/opt/gz_gui_vendor:/opt/ros/jazzy/opt/gz_transport_vendor:/opt/ros/jazzy/opt/gz_rendering_vendor:/opt/ros/jazzy/opt/gz_plugin_vendor:/opt/ros/jazzy/opt/gz_fuel_tools_vendor:/opt/ros/jazzy/opt/gz_msgs_vendor:/opt/ros/jazzy/opt/gz_common_vendor:/opt/ros/jazzy/opt/gz_math_vendor:/opt/ros/jazzy/opt/gz_utils_vendor:/opt/ros/jazzy/opt/gz_tools_vendor:/opt/ros/jazzy/opt/gz_ogre_next_vendor:/opt/ros/jazzy/opt/gz_dartsim_vendor:/opt/ros/jazzy/opt/gz_cmake_vendor:/home/brilliant/ros2_ws/install/twist_stamper:/home/brilliant/ros2_ws/install/nav2_simple_commander:/home/brilliant/ros2_ws/install/nav2_loopback_sim:/opt/ros/jazzy DEBUGINFOD_URLS=https://debuginfod.ubuntu.com LD_LIBRARY_PATH=/home/brilliant/ros2_ws/install/nav2_util/lib:/home/brilliant/ros2_ws/install/nav2_msgs/lib:/home/brilliant/ros2_ws/install/serial/lib:/home/brilliant/ros2_ws/install/nav2_system_tests/lib:/home/brilliant/ros2_ws/install/opennav_docking/lib:/home/brilliant/ros2_ws/install/opennav_docking_bt/lib:/home/brilliant/ros2_ws/install/nav2_smoother/lib:/home/brilliant/ros2_ws/install/nav2_rotation_shim_controller/lib:/home/brilliant/ros2_ws/install/nav2_graceful_controller/lib:/home/brilliant/ros2_ws/install/nav2_controller/lib:/home/brilliant/ros2_ws/install/dwb_plugins/lib:/home/brilliant/ros2_ws/install/dwb_critics/lib:/home/brilliant/ros2_ws/install/dwb_core/lib:/home/brilliant/ros2_ws/install/nav_2d_utils/lib:/home/brilliant/ros2_ws/install/dwb_msgs/lib:/home/brilliant/ros2_ws/install/nav_2d_msgs/lib:/home/brilliant/ros2_ws/install/nav2_waypoint_follower/lib:/home/brilliant/ros2_ws/install/nav2_theta_star_planner/lib:/home/brilliant/ros2_ws/install/nav2_smac_planner/lib:/home/brilliant/ros2_ws/install/nav2_regulated_pure_pursuit_controller/lib:/home/brilliant/ros2_ws/install/nav2_planner/lib:/home/brilliant/ros2_ws/install/nav2_navfn_planner/lib:/home/brilliant/ros2_ws/install/nav2_mppi_controller/lib:/home/brilliant/ros2_ws/install/nav2_constrained_smoother/lib:/home/brilliant/ros2_ws/install/nav2_bt_navigator/lib:/home/brilliant/ros2_ws/install/nav2_behaviors/lib:/home/brilliant/ros2_ws/install/nav2_collision_monitor/lib:/home/brilliant/ros2_ws/install/costmap_queue/lib:/home/brilliant/ros2_ws/install/nav2_costmap_2d/lib:/home/brilliant/ros2_ws/install/nav2_voxel_grid/lib:/home/brilliant/ros2_ws/install/nav2_velocity_smoother/lib:/home/brilliant/ros2_ws/install/nav2_rviz_plugins/lib:/home/brilliant/ros2_ws/install/nav2_map_server/lib:/home/brilliant/ros2_ws/install/nav2_lifecycle_manager/lib:/home/brilliant/ros2_ws/install/nav2_behavior_tree/lib:/home/brilliant/ros2_ws/install/nav2_amcl/lib:/home/brilliant/ros2_ws/install/diffdrive_arduino/lib:/opt/ros/jazzy/opt/gz_sim_vendor/lib:/opt/ros/jazzy/opt/gz_sensors_vendor/lib:/opt/ros/jazzy/opt/gz_physics_vendor/lib:/opt/ros/jazzy/opt/sdformat_vendor/lib:/opt/ros/jazzy/opt/rviz_ogre_vendor/lib:/opt/ros/jazzy/lib/x86_64-linux-gnu:/opt/ros/jazzy/opt/gz_gui_vendor/lib:/opt/ros/jazzy/opt/gz_transport_vendor/lib:/opt/ros/jazzy/opt/gz_rendering_vendor/lib:/opt/ros/jazzy/opt/gz_plugin_vendor/lib:/opt/ros/jazzy/opt/gz_fuel_tools_vendor/lib:/opt/ros/jazzy/opt/gz_msgs_vendor/lib:/opt/ros/jazzy/opt/gz_common_vendor/lib:/opt/ros/jazzy/opt/gz_math_vendor/lib:/opt/ros/jazzy/opt/gz_utils_vendor/lib:/opt/ros/jazzy/opt/gz_tools_vendor/lib:/opt/ros/jazzy/opt/gz_ogre_next_vendor/lib:/opt/ros/jazzy/opt/gz_dartsim_vendor/lib:/opt/ros/jazzy/opt/gz_cmake_vendor/lib:/opt/ros/jazzy/lib PYTHONPATH=/home/brilliant/ros2_ws/install/nav2_msgs/lib/python3.12/site-packages:/home/brilliant/ros2_ws/install/nav2_common/lib/python3.12/site-packages:/home/brilliant/ros2_ws/build/twist_stamper:/home/brilliant/ros2_ws/install/twist_stamper/lib/python3.12/site-packages:/home/brilliant/ros2_ws/install/dwb_msgs/lib/python3.12/site-packages:/home/brilliant/ros2_ws/install/nav_2d_msgs/lib/python3.12/site-packages:/home/brilliant/ros2_ws/build/nav2_simple_commander:/home/brilliant/ros2_ws/install/nav2_simple_commander/lib/python3.12/site-packages:/home/brilliant/ros2_ws/build/nav2_loopback_sim:/home/brilliant/ros2_ws/install/nav2_loopback_sim/lib/python3.12/site-packages:/opt/ros/jazzy/lib/python3.12/site-packages /usr/bin/cmake --build /home/brilliant/ros2_ws/build/nav2_behavior_tree -- -j4 -l4
[15.094s] Invoking command in '/home/brilliant/ros2_ws/build/nav2_behavior_tree': CMAKE_PREFIX_PATH=/home/brilliant/ros2_ws/install/nav2_util:/home/brilliant/ros2_ws/install/nav2_msgs:/home/brilliant/ros2_ws/install/nav2_common:/home/brilliant/ros2_ws/install/sllidar_ros2:/home/brilliant/ros2_ws/install/serial:/home/brilliant/ros2_ws/install/nav2_system_tests:/home/brilliant/ros2_ws/install/nav2_bringup:/home/brilliant/ros2_ws/install/navigation2:/home/brilliant/ros2_ws/install/opennav_docking:/home/brilliant/ros2_ws/install/opennav_docking_core:/home/brilliant/ros2_ws/install/opennav_docking_bt:/home/brilliant/ros2_ws/install/nav2_smoother:/home/brilliant/ros2_ws/install/nav2_rotation_shim_controller:/home/brilliant/ros2_ws/install/nav2_graceful_controller:/home/brilliant/ros2_ws/install/nav2_dwb_controller:/home/brilliant/ros2_ws/install/nav2_controller:/home/brilliant/ros2_ws/install/dwb_plugins:/home/brilliant/ros2_ws/install/dwb_critics:/home/brilliant/ros2_ws/install/dwb_core:/home/brilliant/ros2_ws/install/nav_2d_utils:/home/brilliant/ros2_ws/install/dwb_msgs:/home/brilliant/ros2_ws/install/nav_2d_msgs:/home/brilliant/ros2_ws/install/nav2_waypoint_follower:/home/brilliant/ros2_ws/install/nav2_theta_star_planner:/home/brilliant/ros2_ws/install/nav2_smac_planner:/home/brilliant/ros2_ws/install/nav2_regulated_pure_pursuit_controller:/home/brilliant/ros2_ws/install/nav2_planner:/home/brilliant/ros2_ws/install/nav2_navfn_planner:/home/brilliant/ros2_ws/install/nav2_mppi_controller:/home/brilliant/ros2_ws/install/nav2_constrained_smoother:/home/brilliant/ros2_ws/install/nav2_bt_navigator:/home/brilliant/ros2_ws/install/nav2_behaviors:/home/brilliant/ros2_ws/install/nav2_core:/home/brilliant/ros2_ws/install/nav2_collision_monitor:/home/brilliant/ros2_ws/install/costmap_queue:/home/brilliant/ros2_ws/install/nav2_costmap_2d:/home/brilliant/ros2_ws/install/nav2_voxel_grid:/home/brilliant/ros2_ws/install/nav2_velocity_smoother:/home/brilliant/ros2_ws/install/nav2_rviz_plugins:/home/brilliant/ros2_ws/install/nav2_map_server:/home/brilliant/ros2_ws/install/nav2_lifecycle_manager:/home/brilliant/ros2_ws/install/nav2_behavior_tree:/home/brilliant/ros2_ws/install/nav2_amcl:/home/brilliant/ros2_ws/install/minibot:/home/brilliant/ros2_ws/install/diffdrive_arduino:/opt/ros/jazzy/opt/gz_sim_vendor:/opt/ros/jazzy/opt/gz_sensors_vendor:/opt/ros/jazzy/opt/gz_physics_vendor:/opt/ros/jazzy/opt/sdformat_vendor:/opt/ros/jazzy/opt/gz_gui_vendor:/opt/ros/jazzy/opt/gz_transport_vendor:/opt/ros/jazzy/opt/gz_rendering_vendor:/opt/ros/jazzy/opt/gz_plugin_vendor:/opt/ros/jazzy/opt/gz_fuel_tools_vendor:/opt/ros/jazzy/opt/gz_msgs_vendor:/opt/ros/jazzy/opt/gz_common_vendor:/opt/ros/jazzy/opt/gz_math_vendor:/opt/ros/jazzy/opt/gz_utils_vendor:/opt/ros/jazzy/opt/gz_tools_vendor:/opt/ros/jazzy/opt/gz_ogre_next_vendor:/opt/ros/jazzy/opt/gz_dartsim_vendor:/opt/ros/jazzy/opt/gz_cmake_vendor:/home/brilliant/ros2_ws/install/twist_stamper:/home/brilliant/ros2_ws/install/nav2_simple_commander:/home/brilliant/ros2_ws/install/nav2_loopback_sim:/opt/ros/jazzy DEBUGINFOD_URLS=https://debuginfod.ubuntu.com LD_LIBRARY_PATH=/home/brilliant/ros2_ws/install/nav2_util/lib:/home/brilliant/ros2_ws/install/nav2_msgs/lib:/home/brilliant/ros2_ws/install/serial/lib:/home/brilliant/ros2_ws/install/nav2_system_tests/lib:/home/brilliant/ros2_ws/install/opennav_docking/lib:/home/brilliant/ros2_ws/install/opennav_docking_bt/lib:/home/brilliant/ros2_ws/install/nav2_smoother/lib:/home/brilliant/ros2_ws/install/nav2_rotation_shim_controller/lib:/home/brilliant/ros2_ws/install/nav2_graceful_controller/lib:/home/brilliant/ros2_ws/install/nav2_controller/lib:/home/brilliant/ros2_ws/install/dwb_plugins/lib:/home/brilliant/ros2_ws/install/dwb_critics/lib:/home/brilliant/ros2_ws/install/dwb_core/lib:/home/brilliant/ros2_ws/install/nav_2d_utils/lib:/home/brilliant/ros2_ws/install/dwb_msgs/lib:/home/brilliant/ros2_ws/install/nav_2d_msgs/lib:/home/brilliant/ros2_ws/install/nav2_waypoint_follower/lib:/home/brilliant/ros2_ws/install/nav2_theta_star_planner/lib:/home/brilliant/ros2_ws/install/nav2_smac_planner/lib:/home/brilliant/ros2_ws/install/nav2_regulated_pure_pursuit_controller/lib:/home/brilliant/ros2_ws/install/nav2_planner/lib:/home/brilliant/ros2_ws/install/nav2_navfn_planner/lib:/home/brilliant/ros2_ws/install/nav2_mppi_controller/lib:/home/brilliant/ros2_ws/install/nav2_constrained_smoother/lib:/home/brilliant/ros2_ws/install/nav2_bt_navigator/lib:/home/brilliant/ros2_ws/install/nav2_behaviors/lib:/home/brilliant/ros2_ws/install/nav2_collision_monitor/lib:/home/brilliant/ros2_ws/install/costmap_queue/lib:/home/brilliant/ros2_ws/install/nav2_costmap_2d/lib:/home/brilliant/ros2_ws/install/nav2_voxel_grid/lib:/home/brilliant/ros2_ws/install/nav2_velocity_smoother/lib:/home/brilliant/ros2_ws/install/nav2_rviz_plugins/lib:/home/brilliant/ros2_ws/install/nav2_map_server/lib:/home/brilliant/ros2_ws/install/nav2_lifecycle_manager/lib:/home/brilliant/ros2_ws/install/nav2_behavior_tree/lib:/home/brilliant/ros2_ws/install/nav2_amcl/lib:/home/brilliant/ros2_ws/install/diffdrive_arduino/lib:/opt/ros/jazzy/opt/gz_sim_vendor/lib:/opt/ros/jazzy/opt/gz_sensors_vendor/lib:/opt/ros/jazzy/opt/gz_physics_vendor/lib:/opt/ros/jazzy/opt/sdformat_vendor/lib:/opt/ros/jazzy/opt/rviz_ogre_vendor/lib:/opt/ros/jazzy/lib/x86_64-linux-gnu:/opt/ros/jazzy/opt/gz_gui_vendor/lib:/opt/ros/jazzy/opt/gz_transport_vendor/lib:/opt/ros/jazzy/opt/gz_rendering_vendor/lib:/opt/ros/jazzy/opt/gz_plugin_vendor/lib:/opt/ros/jazzy/opt/gz_fuel_tools_vendor/lib:/opt/ros/jazzy/opt/gz_msgs_vendor/lib:/opt/ros/jazzy/opt/gz_common_vendor/lib:/opt/ros/jazzy/opt/gz_math_vendor/lib:/opt/ros/jazzy/opt/gz_utils_vendor/lib:/opt/ros/jazzy/opt/gz_tools_vendor/lib:/opt/ros/jazzy/opt/gz_ogre_next_vendor/lib:/opt/ros/jazzy/opt/gz_dartsim_vendor/lib:/opt/ros/jazzy/opt/gz_cmake_vendor/lib:/opt/ros/jazzy/lib PYTHONPATH=/home/brilliant/ros2_ws/install/nav2_msgs/lib/python3.12/site-packages:/home/brilliant/ros2_ws/install/nav2_common/lib/python3.12/site-packages:/home/brilliant/ros2_ws/build/twist_stamper:/home/brilliant/ros2_ws/install/twist_stamper/lib/python3.12/site-packages:/home/brilliant/ros2_ws/install/dwb_msgs/lib/python3.12/site-packages:/home/brilliant/ros2_ws/install/nav_2d_msgs/lib/python3.12/site-packages:/home/brilliant/ros2_ws/build/nav2_simple_commander:/home/brilliant/ros2_ws/install/nav2_simple_commander/lib/python3.12/site-packages:/home/brilliant/ros2_ws/build/nav2_loopback_sim:/home/brilliant/ros2_ws/install/nav2_loopback_sim/lib/python3.12/site-packages:/opt/ros/jazzy/lib/python3.12/site-packages /usr/bin/cmake --install /home/brilliant/ros2_ws/build/nav2_behavior_tree
[15.114s] -- Install configuration: "Release"
[15.115s] -- Execute custom install script
[15.118s] -- Up-to-date symlink: /home/brilliant/ros2_ws/install/nav2_behavior_tree/lib/libnav2_behavior_tree.so
[15.118s] -- Up-to-date symlink: /home/brilliant/ros2_ws/install/nav2_behavior_tree/lib/libnav2_compute_path_to_pose_action_bt_node.so
[15.119s] -- Up-to-date symlink: /home/brilliant/ros2_ws/install/nav2_behavior_tree/lib/libnav2_compute_path_through_poses_action_bt_node.so
[15.119s] -- Up-to-date symlink: /home/brilliant/ros2_ws/install/nav2_behavior_tree/lib/libnav2_controller_cancel_bt_node.so
[15.119s] -- Up-to-date symlink: /home/brilliant/ros2_ws/install/nav2_behavior_tree/lib/libnav2_wait_cancel_bt_node.so
[15.119s] -- Up-to-date symlink: /home/brilliant/ros2_ws/install/nav2_behavior_tree/lib/libnav2_spin_cancel_bt_node.so
[15.120s] -- Up-to-date symlink: /home/brilliant/ros2_ws/install/nav2_behavior_tree/lib/libnav2_back_up_cancel_bt_node.so
[15.120s] -- Up-to-date symlink: /home/brilliant/ros2_ws/install/nav2_behavior_tree/lib/libnav2_assisted_teleop_cancel_bt_node.so
[15.120s] -- Up-to-date symlink: /home/brilliant/ros2_ws/install/nav2_behavior_tree/lib/libnav2_drive_on_heading_cancel_bt_node.so
[15.121s] -- Up-to-date symlink: /home/brilliant/ros2_ws/install/nav2_behavior_tree/lib/libnav2_smooth_path_action_bt_node.so
[15.121s] -- Up-to-date symlink: /home/brilliant/ros2_ws/install/nav2_behavior_tree/lib/libnav2_follow_path_action_bt_node.so
[15.122s] -- Up-to-date symlink: /home/brilliant/ros2_ws/install/nav2_behavior_tree/lib/libnav2_back_up_action_bt_node.so
[15.122s] -- Up-to-date symlink: /home/brilliant/ros2_ws/install/nav2_behavior_tree/lib/libnav2_drive_on_heading_bt_node.so
[15.122s] -- Up-to-date symlink: /home/brilliant/ros2_ws/install/nav2_behavior_tree/lib/libnav2_spin_action_bt_node.so
[15.123s] -- Up-to-date symlink: /home/brilliant/ros2_ws/install/nav2_behavior_tree/lib/libnav2_wait_action_bt_node.so
[15.123s] -- Up-to-date symlink: /home/brilliant/ros2_ws/install/nav2_behavior_tree/lib/libnav2_assisted_teleop_action_bt_node.so
[15.123s] -- Up-to-date symlink: /home/brilliant/ros2_ws/install/nav2_behavior_tree/lib/libnav2_clear_costmap_service_bt_node.so
[15.124s] -- Up-to-date symlink: /home/brilliant/ros2_ws/install/nav2_behavior_tree/lib/libnav2_is_stuck_condition_bt_node.so
[15.124s] -- Up-to-date symlink: /home/brilliant/ros2_ws/install/nav2_behavior_tree/lib/libnav2_transform_available_condition_bt_node.so
[15.124s] -- Up-to-date symlink: /home/brilliant/ros2_ws/install/nav2_behavior_tree/lib/libnav2_goal_reached_condition_bt_node.so
[15.125s] -- Up-to-date symlink: /home/brilliant/ros2_ws/install/nav2_behavior_tree/lib/libnav2_globally_updated_goal_condition_bt_node.so
[15.125s] -- Up-to-date symlink: /home/brilliant/ros2_ws/install/nav2_behavior_tree/lib/libnav2_goal_updated_condition_bt_node.so
[15.125s] -- Up-to-date symlink: /home/brilliant/ros2_ws/install/nav2_behavior_tree/lib/libnav2_is_path_valid_condition_bt_node.so
[15.126s] -- Up-to-date symlink: /home/brilliant/ros2_ws/install/nav2_behavior_tree/lib/libnav2_time_expired_condition_bt_node.so
[15.126s] -- Up-to-date symlink: /home/brilliant/ros2_ws/install/nav2_behavior_tree/lib/libnav2_path_expiring_timer_condition.so
[15.126s] -- Up-to-date symlink: /home/brilliant/ros2_ws/install/nav2_behavior_tree/lib/libnav2_distance_traveled_condition_bt_node.so
[15.127s] -- Up-to-date symlink: /home/brilliant/ros2_ws/install/nav2_behavior_tree/lib/libnav2_initial_pose_received_condition_bt_node.so
[15.127s] -- Up-to-date symlink: /home/brilliant/ros2_ws/install/nav2_behavior_tree/lib/libnav2_is_battery_charging_condition_bt_node.so
[15.128s] -- Up-to-date symlink: /home/brilliant/ros2_ws/install/nav2_behavior_tree/lib/libnav2_is_battery_low_condition_bt_node.so
[15.128s] -- Up-to-date symlink: /home/brilliant/ros2_ws/install/nav2_behavior_tree/lib/libnav2_are_error_codes_active_condition_bt_node.so
[15.128s] -- Up-to-date symlink: /home/brilliant/ros2_ws/install/nav2_behavior_tree/lib/libnav2_would_a_controller_recovery_help_condition_bt_node.so
[15.129s] -- Up-to-date symlink: /home/brilliant/ros2_ws/install/nav2_behavior_tree/lib/libnav2_would_a_planner_recovery_help_condition_bt_node.so
[15.129s] -- Up-to-date symlink: /home/brilliant/ros2_ws/install/nav2_behavior_tree/lib/libnav2_would_a_smoother_recovery_help_condition_bt_node.so
[15.130s] -- Up-to-date symlink: /home/brilliant/ros2_ws/install/nav2_behavior_tree/lib/libnav2_reinitialize_global_localization_service_bt_node.so
[15.130s] -- Up-to-date symlink: /home/brilliant/ros2_ws/install/nav2_behavior_tree/lib/libnav2_rate_controller_bt_node.so
[15.130s] -- Up-to-date symlink: /home/brilliant/ros2_ws/install/nav2_behavior_tree/lib/libnav2_distance_controller_bt_node.so
[15.131s] -- Up-to-date symlink: /home/brilliant/ros2_ws/install/nav2_behavior_tree/lib/libnav2_speed_controller_bt_node.so
[15.131s] -- Up-to-date symlink: /home/brilliant/ros2_ws/install/nav2_behavior_tree/lib/libnav2_truncate_path_action_bt_node.so
[15.131s] -- Up-to-date symlink: /home/brilliant/ros2_ws/install/nav2_behavior_tree/lib/libnav2_truncate_path_local_action_bt_node.so
[15.132s] -- Up-to-date symlink: /home/brilliant/ros2_ws/install/nav2_behavior_tree/lib/libnav2_goal_updater_node_bt_node.so
[15.132s] -- Up-to-date symlink: /home/brilliant/ros2_ws/install/nav2_behavior_tree/lib/libnav2_path_longer_on_approach_bt_node.so
[15.133s] -- Up-to-date symlink: /home/brilliant/ros2_ws/install/nav2_behavior_tree/lib/libnav2_recovery_node_bt_node.so
[15.134s] -- Up-to-date symlink: /home/brilliant/ros2_ws/install/nav2_behavior_tree/lib/libnav2_navigate_to_pose_action_bt_node.so
[15.135s] -- Up-to-date symlink: /home/brilliant/ros2_ws/install/nav2_behavior_tree/lib/libnav2_navigate_through_poses_action_bt_node.so
[15.135s] -- Up-to-date symlink: /home/brilliant/ros2_ws/install/nav2_behavior_tree/lib/libnav2_remove_passed_goals_action_bt_node.so
[15.135s] -- Up-to-date symlink: /home/brilliant/ros2_ws/install/nav2_behavior_tree/lib/libnav2_get_pose_from_path_action_bt_node.so
[15.136s] -- Up-to-date symlink: /home/brilliant/ros2_ws/install/nav2_behavior_tree/lib/libnav2_pipeline_sequence_bt_node.so
[15.137s] -- Up-to-date symlink: /home/brilliant/ros2_ws/install/nav2_behavior_tree/lib/libnav2_round_robin_node_bt_node.so
[15.137s] -- Up-to-date symlink: /home/brilliant/ros2_ws/install/nav2_behavior_tree/lib/libnav2_single_trigger_bt_node.so
[15.138s] -- Up-to-date symlink: /home/brilliant/ros2_ws/install/nav2_behavior_tree/lib/libnav2_planner_selector_bt_node.so
[15.138s] -- Up-to-date symlink: /home/brilliant/ros2_ws/install/nav2_behavior_tree/lib/libnav2_controller_selector_bt_node.so
[15.139s] -- Up-to-date symlink: /home/brilliant/ros2_ws/install/nav2_behavior_tree/lib/libnav2_smoother_selector_bt_node.so
[15.139s] -- Up-to-date symlink: /home/brilliant/ros2_ws/install/nav2_behavior_tree/lib/libnav2_goal_checker_selector_bt_node.so
[15.140s] -- Up-to-date symlink: /home/brilliant/ros2_ws/install/nav2_behavior_tree/lib/libnav2_progress_checker_selector_bt_node.so
[15.140s] -- Up-to-date symlink: /home/brilliant/ros2_ws/install/nav2_behavior_tree/lib/libnav2_goal_updated_controller_bt_node.so
[15.141s] -- Up-to-date symlink: /home/brilliant/ros2_ws/install/nav2_behavior_tree/lib/nav2_behavior_tree/generate_nav2_tree_nodes_xml
[15.141s] -- Up-to-date symlink: /home/brilliant/ros2_ws/install/nav2_behavior_tree/include//nav2_behavior_tree/behavior_tree_engine.hpp
[15.142s] -- Up-to-date symlink: /home/brilliant/ros2_ws/install/nav2_behavior_tree/include//nav2_behavior_tree/bt_action_node.hpp
[15.142s] -- Up-to-date symlink: /home/brilliant/ros2_ws/install/nav2_behavior_tree/include//nav2_behavior_tree/bt_action_server.hpp
[15.143s] -- Up-to-date symlink: /home/brilliant/ros2_ws/install/nav2_behavior_tree/include//nav2_behavior_tree/bt_action_server_impl.hpp
[15.143s] -- Up-to-date symlink: /home/brilliant/ros2_ws/install/nav2_behavior_tree/include//nav2_behavior_tree/bt_cancel_action_node.hpp
[15.144s] -- Up-to-date symlink: /home/brilliant/ros2_ws/install/nav2_behavior_tree/include//nav2_behavior_tree/bt_service_node.hpp
[15.144s] -- Up-to-date symlink: /home/brilliant/ros2_ws/install/nav2_behavior_tree/include//nav2_behavior_tree/bt_utils.hpp
[15.144s] -- Up-to-date symlink: /home/brilliant/ros2_ws/install/nav2_behavior_tree/include//nav2_behavior_tree/plugins/action/assisted_teleop_action.hpp
[15.145s] -- Up-to-date symlink: /home/brilliant/ros2_ws/install/nav2_behavior_tree/include//nav2_behavior_tree/plugins/action/assisted_teleop_cancel_node.hpp
[15.145s] -- Up-to-date symlink: /home/brilliant/ros2_ws/install/nav2_behavior_tree/include//nav2_behavior_tree/plugins/action/back_up_action.hpp
[15.146s] -- Up-to-date symlink: /home/brilliant/ros2_ws/install/nav2_behavior_tree/include//nav2_behavior_tree/plugins/action/back_up_cancel_node.hpp
[15.146s] -- Up-to-date symlink: /home/brilliant/ros2_ws/install/nav2_behavior_tree/include//nav2_behavior_tree/plugins/action/clear_costmap_service.hpp
[15.147s] -- Up-to-date symlink: /home/brilliant/ros2_ws/install/nav2_behavior_tree/include//nav2_behavior_tree/plugins/action/compute_path_through_poses_action.hpp
[15.147s] -- Up-to-date symlink: /home/brilliant/ros2_ws/install/nav2_behavior_tree/include//nav2_behavior_tree/plugins/action/compute_path_to_pose_action.hpp
[15.148s] -- Up-to-date symlink: /home/brilliant/ros2_ws/install/nav2_behavior_tree/include//nav2_behavior_tree/plugins/action/controller_cancel_node.hpp
[15.148s] -- Up-to-date symlink: /home/brilliant/ros2_ws/install/nav2_behavior_tree/include//nav2_behavior_tree/plugins/action/controller_selector_node.hpp
[15.149s] -- Up-to-date symlink: /home/brilliant/ros2_ws/install/nav2_behavior_tree/include//nav2_behavior_tree/plugins/action/drive_on_heading_action.hpp
[15.149s] -- Up-to-date symlink: /home/brilliant/ros2_ws/install/nav2_behavior_tree/include//nav2_behavior_tree/plugins/action/drive_on_heading_cancel_node.hpp
[15.150s] -- Up-to-date symlink: /home/brilliant/ros2_ws/install/nav2_behavior_tree/include//nav2_behavior_tree/plugins/action/follow_path_action.hpp
[15.150s] -- Up-to-date symlink: /home/brilliant/ros2_ws/install/nav2_behavior_tree/include//nav2_behavior_tree/plugins/action/get_pose_from_path_action.hpp
[15.150s] -- Up-to-date symlink: /home/brilliant/ros2_ws/install/nav2_behavior_tree/include//nav2_behavior_tree/plugins/action/goal_checker_selector_node.hpp
[15.150s] -- Up-to-date symlink: /home/brilliant/ros2_ws/install/nav2_behavior_tree/include//nav2_behavior_tree/plugins/action/navigate_through_poses_action.hpp
[15.151s] -- Up-to-date symlink: /home/brilliant/ros2_ws/install/nav2_behavior_tree/include//nav2_behavior_tree/plugins/action/navigate_to_pose_action.hpp
[15.151s] -- Up-to-date symlink: /home/brilliant/ros2_ws/install/nav2_behavior_tree/include//nav2_behavior_tree/plugins/action/planner_selector_node.hpp
[15.151s] -- Up-to-date symlink: /home/brilliant/ros2_ws/install/nav2_behavior_tree/include//nav2_behavior_tree/plugins/action/progress_checker_selector_node.hpp
[15.151s] -- Up-to-date symlink: /home/brilliant/ros2_ws/install/nav2_behavior_tree/include//nav2_behavior_tree/plugins/action/reinitialize_global_localization_service.hpp
[15.152s] -- Up-to-date symlink: /home/brilliant/ros2_ws/install/nav2_behavior_tree/include//nav2_behavior_tree/plugins/action/remove_passed_goals_action.hpp
[15.152s] -- Up-to-date symlink: /home/brilliant/ros2_ws/install/nav2_behavior_tree/include//nav2_behavior_tree/plugins/action/smooth_path_action.hpp
[15.152s] -- Up-to-date symlink: /home/brilliant/ros2_ws/install/nav2_behavior_tree/include//nav2_behavior_tree/plugins/action/smoother_selector_node.hpp
[15.152s] -- Up-to-date symlink: /home/brilliant/ros2_ws/install/nav2_behavior_tree/include//nav2_behavior_tree/plugins/action/spin_action.hpp
[15.152s] -- Up-to-date symlink: /home/brilliant/ros2_ws/install/nav2_behavior_tree/include//nav2_behavior_tree/plugins/action/spin_cancel_node.hpp
[15.153s] -- Up-to-date symlink: /home/brilliant/ros2_ws/install/nav2_behavior_tree/include//nav2_behavior_tree/plugins/action/truncate_path_action.hpp
[15.153s] -- Up-to-date symlink: /home/brilliant/ros2_ws/install/nav2_behavior_tree/include//nav2_behavior_tree/plugins/action/truncate_path_local_action.hpp
[15.153s] -- Up-to-date symlink: /home/brilliant/ros2_ws/install/nav2_behavior_tree/include//nav2_behavior_tree/plugins/action/wait_action.hpp
[15.154s] -- Up-to-date symlink: /home/brilliant/ros2_ws/install/nav2_behavior_tree/include//nav2_behavior_tree/plugins/action/wait_cancel_node.hpp
[15.154s] -- Up-to-date symlink: /home/brilliant/ros2_ws/install/nav2_behavior_tree/include//nav2_behavior_tree/plugins/condition/are_error_codes_present_condition.hpp
[15.155s] -- Up-to-date symlink: /home/brilliant/ros2_ws/install/nav2_behavior_tree/include//nav2_behavior_tree/plugins/condition/distance_traveled_condition.hpp
[15.155s] -- Up-to-date symlink: /home/brilliant/ros2_ws/install/nav2_behavior_tree/include//nav2_behavior_tree/plugins/condition/globally_updated_goal_condition.hpp
[15.155s] -- Up-to-date symlink: /home/brilliant/ros2_ws/install/nav2_behavior_tree/include//nav2_behavior_tree/plugins/condition/goal_reached_condition.hpp
[15.156s] -- Up-to-date symlink: /home/brilliant/ros2_ws/install/nav2_behavior_tree/include//nav2_behavior_tree/plugins/condition/goal_updated_condition.hpp
[15.156s] -- Up-to-date symlink: /home/brilliant/ros2_ws/install/nav2_behavior_tree/include//nav2_behavior_tree/plugins/condition/initial_pose_received_condition.hpp
[15.156s] -- Up-to-date symlink: /home/brilliant/ros2_ws/install/nav2_behavior_tree/include//nav2_behavior_tree/plugins/condition/is_battery_charging_condition.hpp
[15.156s] -- Up-to-date symlink: /home/brilliant/ros2_ws/install/nav2_behavior_tree/include//nav2_behavior_tree/plugins/condition/is_battery_low_condition.hpp
[15.156s] -- Up-to-date symlink: /home/brilliant/ros2_ws/install/nav2_behavior_tree/include//nav2_behavior_tree/plugins/condition/is_path_valid_condition.hpp
[15.156s] -- Up-to-date symlink: /home/brilliant/ros2_ws/install/nav2_behavior_tree/include//nav2_behavior_tree/plugins/condition/is_stuck_condition.hpp
[15.157s] -- Up-to-date symlink: /home/brilliant/ros2_ws/install/nav2_behavior_tree/include//nav2_behavior_tree/plugins/condition/path_expiring_timer_condition.hpp
[15.157s] -- Up-to-date symlink: /home/brilliant/ros2_ws/install/nav2_behavior_tree/include//nav2_behavior_tree/plugins/condition/time_expired_condition.hpp
[15.157s] -- Up-to-date symlink: /home/brilliant/ros2_ws/install/nav2_behavior_tree/include//nav2_behavior_tree/plugins/condition/transform_available_condition.hpp
[15.157s] -- Up-to-date symlink: /home/brilliant/ros2_ws/install/nav2_behavior_tree/include//nav2_behavior_tree/plugins/condition/would_a_controller_recovery_help_condition.hpp
[15.158s] -- Up-to-date symlink: /home/brilliant/ros2_ws/install/nav2_behavior_tree/include//nav2_behavior_tree/plugins/condition/would_a_planner_recovery_help_condition.hpp
[15.158s] -- Up-to-date symlink: /home/brilliant/ros2_ws/install/nav2_behavior_tree/include//nav2_behavior_tree/plugins/condition/would_a_smoother_recovery_help_condition.hpp
[15.158s] -- Up-to-date symlink: /home/brilliant/ros2_ws/install/nav2_behavior_tree/include//nav2_behavior_tree/plugins/control/pipeline_sequence.hpp
[15.158s] -- Up-to-date symlink: /home/brilliant/ros2_ws/install/nav2_behavior_tree/include//nav2_behavior_tree/plugins/control/recovery_node.hpp
[15.159s] -- Up-to-date symlink: /home/brilliant/ros2_ws/install/nav2_behavior_tree/include//nav2_behavior_tree/plugins/control/round_robin_node.hpp
[15.159s] -- Up-to-date symlink: /home/brilliant/ros2_ws/install/nav2_behavior_tree/include//nav2_behavior_tree/plugins/decorator/distance_controller.hpp
[15.159s] -- Up-to-date symlink: /home/brilliant/ros2_ws/install/nav2_behavior_tree/include//nav2_behavior_tree/plugins/decorator/goal_updated_controller.hpp
[15.159s] -- Up-to-date symlink: /home/brilliant/ros2_ws/install/nav2_behavior_tree/include//nav2_behavior_tree/plugins/decorator/goal_updater_node.hpp
[15.159s] -- Up-to-date symlink: /home/brilliant/ros2_ws/install/nav2_behavior_tree/include//nav2_behavior_tree/plugins/decorator/path_longer_on_approach.hpp
[15.160s] -- Up-to-date symlink: /home/brilliant/ros2_ws/install/nav2_behavior_tree/include//nav2_behavior_tree/plugins/decorator/rate_controller.hpp
[15.160s] -- Up-to-date symlink: /home/brilliant/ros2_ws/install/nav2_behavior_tree/include//nav2_behavior_tree/plugins/decorator/single_trigger_node.hpp
[15.160s] -- Up-to-date symlink: /home/brilliant/ros2_ws/install/nav2_behavior_tree/include//nav2_behavior_tree/plugins/decorator/speed_controller.hpp
[15.160s] -- Up-to-date symlink: /home/brilliant/ros2_ws/install/nav2_behavior_tree/include//nav2_behavior_tree/ros_topic_logger.hpp
[15.161s] -- Up-to-date symlink: /home/brilliant/ros2_ws/install/nav2_behavior_tree/include/nav2_behavior_tree/utils//test_action_server.hpp
[15.161s] -- Up-to-date symlink: /home/brilliant/ros2_ws/install/nav2_behavior_tree/include/nav2_behavior_tree/utils//test_behavior_tree_fixture.hpp
[15.161s] -- Up-to-date symlink: /home/brilliant/ros2_ws/install/nav2_behavior_tree/include/nav2_behavior_tree/utils//test_dummy_tree_node.hpp
[15.161s] -- Up-to-date symlink: /home/brilliant/ros2_ws/install/nav2_behavior_tree/include/nav2_behavior_tree/utils//test_service.hpp
[15.161s] -- Up-to-date symlink: /home/brilliant/ros2_ws/install/nav2_behavior_tree/include/nav2_behavior_tree/utils//test_transform_handler.hpp
[15.162s] -- Up-to-date symlink: /home/brilliant/ros2_ws/install/nav2_behavior_tree/include/nav2_behavior_tree/nav2_behavior_tree/test/utils/test_action_server.hpp
[15.162s] -- Up-to-date symlink: /home/brilliant/ros2_ws/install/nav2_behavior_tree/include/nav2_behavior_tree/nav2_behavior_tree/test/utils/test_behavior_tree_fixture.hpp
[15.162s] -- Up-to-date symlink: /home/brilliant/ros2_ws/install/nav2_behavior_tree/include/nav2_behavior_tree/nav2_behavior_tree/test/utils/test_dummy_tree_node.hpp
[15.162s] -- Up-to-date symlink: /home/brilliant/ros2_ws/install/nav2_behavior_tree/include/nav2_behavior_tree/nav2_behavior_tree/test/utils/test_service.hpp
[15.163s] -- Up-to-date symlink: /home/brilliant/ros2_ws/install/nav2_behavior_tree/include/nav2_behavior_tree/nav2_behavior_tree/test/utils/test_transform_handler.hpp
[15.163s] -- Up-to-date symlink: /home/brilliant/ros2_ws/install/nav2_behavior_tree/share/nav2_behavior_tree/nav2_tree_nodes.xml
[15.163s] -- Up-to-date symlink: /home/brilliant/ros2_ws/install/nav2_behavior_tree/include/nav2_behavior_tree/plugins_list.hpp
[15.163s] -- Up-to-date symlink: /home/brilliant/ros2_ws/install/nav2_behavior_tree/share/nav2_behavior_tree/environment/library_path.sh
[15.164s] -- Up-to-date symlink: /home/brilliant/ros2_ws/install/nav2_behavior_tree/share/nav2_behavior_tree/environment/library_path.dsv
[15.164s] -- Up-to-date symlink: /home/brilliant/ros2_ws/install/nav2_behavior_tree/share/ament_index/resource_index/package_run_dependencies/nav2_behavior_tree
[15.164s] -- Up-to-date symlink: /home/brilliant/ros2_ws/install/nav2_behavior_tree/share/ament_index/resource_index/parent_prefix_path/nav2_behavior_tree
[15.164s] -- Up-to-date symlink: /home/brilliant/ros2_ws/install/nav2_behavior_tree/share/nav2_behavior_tree/environment/ament_prefix_path.sh
[15.165s] -- Up-to-date symlink: /home/brilliant/ros2_ws/install/nav2_behavior_tree/share/nav2_behavior_tree/environment/ament_prefix_path.dsv
[15.165s] -- Up-to-date symlink: /home/brilliant/ros2_ws/install/nav2_behavior_tree/share/nav2_behavior_tree/environment/path.sh
[15.165s] -- Up-to-date symlink: /home/brilliant/ros2_ws/install/nav2_behavior_tree/share/nav2_behavior_tree/environment/path.dsv
[15.165s] -- Up-to-date symlink: /home/brilliant/ros2_ws/install/nav2_behavior_tree/share/nav2_behavior_tree/local_setup.bash
[15.166s] -- Up-to-date symlink: /home/brilliant/ros2_ws/install/nav2_behavior_tree/share/nav2_behavior_tree/local_setup.sh
[15.166s] -- Up-to-date symlink: /home/brilliant/ros2_ws/install/nav2_behavior_tree/share/nav2_behavior_tree/local_setup.zsh
[15.166s] -- Up-to-date symlink: /home/brilliant/ros2_ws/install/nav2_behavior_tree/share/nav2_behavior_tree/local_setup.dsv
[15.167s] -- Symlinking: /home/brilliant/ros2_ws/install/nav2_behavior_tree/share/nav2_behavior_tree/package.dsv
[15.190s] -- Up-to-date symlink: /home/brilliant/ros2_ws/install/nav2_behavior_tree/share/ament_index/resource_index/packages/nav2_behavior_tree
[15.192s] -- Up-to-date symlink: /home/brilliant/ros2_ws/install/nav2_behavior_tree/share/nav2_behavior_tree/cmake/ament_cmake_export_include_directories-extras.cmake
[15.192s] -- Up-to-date symlink: /home/brilliant/ros2_ws/install/nav2_behavior_tree/share/nav2_behavior_tree/cmake/ament_cmake_export_libraries-extras.cmake
[15.193s] -- Up-to-date symlink: /home/brilliant/ros2_ws/install/nav2_behavior_tree/share/nav2_behavior_tree/cmake/ament_cmake_export_dependencies-extras.cmake
[15.194s] -- Up-to-date symlink: /home/brilliant/ros2_ws/install/nav2_behavior_tree/share/nav2_behavior_tree/cmake/nav2_behavior_treeConfig.cmake
[15.194s] -- Up-to-date symlink: /home/brilliant/ros2_ws/install/nav2_behavior_tree/share/nav2_behavior_tree/cmake/nav2_behavior_treeConfig-version.cmake
[15.195s] -- Up-to-date symlink: /home/brilliant/ros2_ws/install/nav2_behavior_tree/share/nav2_behavior_tree/package.xml
[15.202s] Invoked command in '/home/brilliant/ros2_ws/build/nav2_behavior_tree' returned '0': CMAKE_PREFIX_PATH=/home/brilliant/ros2_ws/install/nav2_util:/home/brilliant/ros2_ws/install/nav2_msgs:/home/brilliant/ros2_ws/install/nav2_common:/home/brilliant/ros2_ws/install/sllidar_ros2:/home/brilliant/ros2_ws/install/serial:/home/brilliant/ros2_ws/install/nav2_system_tests:/home/brilliant/ros2_ws/install/nav2_bringup:/home/brilliant/ros2_ws/install/navigation2:/home/brilliant/ros2_ws/install/opennav_docking:/home/brilliant/ros2_ws/install/opennav_docking_core:/home/brilliant/ros2_ws/install/opennav_docking_bt:/home/brilliant/ros2_ws/install/nav2_smoother:/home/brilliant/ros2_ws/install/nav2_rotation_shim_controller:/home/brilliant/ros2_ws/install/nav2_graceful_controller:/home/brilliant/ros2_ws/install/nav2_dwb_controller:/home/brilliant/ros2_ws/install/nav2_controller:/home/brilliant/ros2_ws/install/dwb_plugins:/home/brilliant/ros2_ws/install/dwb_critics:/home/brilliant/ros2_ws/install/dwb_core:/home/brilliant/ros2_ws/install/nav_2d_utils:/home/brilliant/ros2_ws/install/dwb_msgs:/home/brilliant/ros2_ws/install/nav_2d_msgs:/home/brilliant/ros2_ws/install/nav2_waypoint_follower:/home/brilliant/ros2_ws/install/nav2_theta_star_planner:/home/brilliant/ros2_ws/install/nav2_smac_planner:/home/brilliant/ros2_ws/install/nav2_regulated_pure_pursuit_controller:/home/brilliant/ros2_ws/install/nav2_planner:/home/brilliant/ros2_ws/install/nav2_navfn_planner:/home/brilliant/ros2_ws/install/nav2_mppi_controller:/home/brilliant/ros2_ws/install/nav2_constrained_smoother:/home/brilliant/ros2_ws/install/nav2_bt_navigator:/home/brilliant/ros2_ws/install/nav2_behaviors:/home/brilliant/ros2_ws/install/nav2_core:/home/brilliant/ros2_ws/install/nav2_collision_monitor:/home/brilliant/ros2_ws/install/costmap_queue:/home/brilliant/ros2_ws/install/nav2_costmap_2d:/home/brilliant/ros2_ws/install/nav2_voxel_grid:/home/brilliant/ros2_ws/install/nav2_velocity_smoother:/home/brilliant/ros2_ws/install/nav2_rviz_plugins:/home/brilliant/ros2_ws/install/nav2_map_server:/home/brilliant/ros2_ws/install/nav2_lifecycle_manager:/home/brilliant/ros2_ws/install/nav2_behavior_tree:/home/brilliant/ros2_ws/install/nav2_amcl:/home/brilliant/ros2_ws/install/minibot:/home/brilliant/ros2_ws/install/diffdrive_arduino:/opt/ros/jazzy/opt/gz_sim_vendor:/opt/ros/jazzy/opt/gz_sensors_vendor:/opt/ros/jazzy/opt/gz_physics_vendor:/opt/ros/jazzy/opt/sdformat_vendor:/opt/ros/jazzy/opt/gz_gui_vendor:/opt/ros/jazzy/opt/gz_transport_vendor:/opt/ros/jazzy/opt/gz_rendering_vendor:/opt/ros/jazzy/opt/gz_plugin_vendor:/opt/ros/jazzy/opt/gz_fuel_tools_vendor:/opt/ros/jazzy/opt/gz_msgs_vendor:/opt/ros/jazzy/opt/gz_common_vendor:/opt/ros/jazzy/opt/gz_math_vendor:/opt/ros/jazzy/opt/gz_utils_vendor:/opt/ros/jazzy/opt/gz_tools_vendor:/opt/ros/jazzy/opt/gz_ogre_next_vendor:/opt/ros/jazzy/opt/gz_dartsim_vendor:/opt/ros/jazzy/opt/gz_cmake_vendor:/home/brilliant/ros2_ws/install/twist_stamper:/home/brilliant/ros2_ws/install/nav2_simple_commander:/home/brilliant/ros2_ws/install/nav2_loopback_sim:/opt/ros/jazzy DEBUGINFOD_URLS=https://debuginfod.ubuntu.com LD_LIBRARY_PATH=/home/brilliant/ros2_ws/install/nav2_util/lib:/home/brilliant/ros2_ws/install/nav2_msgs/lib:/home/brilliant/ros2_ws/install/serial/lib:/home/brilliant/ros2_ws/install/nav2_system_tests/lib:/home/brilliant/ros2_ws/install/opennav_docking/lib:/home/brilliant/ros2_ws/install/opennav_docking_bt/lib:/home/brilliant/ros2_ws/install/nav2_smoother/lib:/home/brilliant/ros2_ws/install/nav2_rotation_shim_controller/lib:/home/brilliant/ros2_ws/install/nav2_graceful_controller/lib:/home/brilliant/ros2_ws/install/nav2_controller/lib:/home/brilliant/ros2_ws/install/dwb_plugins/lib:/home/brilliant/ros2_ws/install/dwb_critics/lib:/home/brilliant/ros2_ws/install/dwb_core/lib:/home/brilliant/ros2_ws/install/nav_2d_utils/lib:/home/brilliant/ros2_ws/install/dwb_msgs/lib:/home/brilliant/ros2_ws/install/nav_2d_msgs/lib:/home/brilliant/ros2_ws/install/nav2_waypoint_follower/lib:/home/brilliant/ros2_ws/install/nav2_theta_star_planner/lib:/home/brilliant/ros2_ws/install/nav2_smac_planner/lib:/home/brilliant/ros2_ws/install/nav2_regulated_pure_pursuit_controller/lib:/home/brilliant/ros2_ws/install/nav2_planner/lib:/home/brilliant/ros2_ws/install/nav2_navfn_planner/lib:/home/brilliant/ros2_ws/install/nav2_mppi_controller/lib:/home/brilliant/ros2_ws/install/nav2_constrained_smoother/lib:/home/brilliant/ros2_ws/install/nav2_bt_navigator/lib:/home/brilliant/ros2_ws/install/nav2_behaviors/lib:/home/brilliant/ros2_ws/install/nav2_collision_monitor/lib:/home/brilliant/ros2_ws/install/costmap_queue/lib:/home/brilliant/ros2_ws/install/nav2_costmap_2d/lib:/home/brilliant/ros2_ws/install/nav2_voxel_grid/lib:/home/brilliant/ros2_ws/install/nav2_velocity_smoother/lib:/home/brilliant/ros2_ws/install/nav2_rviz_plugins/lib:/home/brilliant/ros2_ws/install/nav2_map_server/lib:/home/brilliant/ros2_ws/install/nav2_lifecycle_manager/lib:/home/brilliant/ros2_ws/install/nav2_behavior_tree/lib:/home/brilliant/ros2_ws/install/nav2_amcl/lib:/home/brilliant/ros2_ws/install/diffdrive_arduino/lib:/opt/ros/jazzy/opt/gz_sim_vendor/lib:/opt/ros/jazzy/opt/gz_sensors_vendor/lib:/opt/ros/jazzy/opt/gz_physics_vendor/lib:/opt/ros/jazzy/opt/sdformat_vendor/lib:/opt/ros/jazzy/opt/rviz_ogre_vendor/lib:/opt/ros/jazzy/lib/x86_64-linux-gnu:/opt/ros/jazzy/opt/gz_gui_vendor/lib:/opt/ros/jazzy/opt/gz_transport_vendor/lib:/opt/ros/jazzy/opt/gz_rendering_vendor/lib:/opt/ros/jazzy/opt/gz_plugin_vendor/lib:/opt/ros/jazzy/opt/gz_fuel_tools_vendor/lib:/opt/ros/jazzy/opt/gz_msgs_vendor/lib:/opt/ros/jazzy/opt/gz_common_vendor/lib:/opt/ros/jazzy/opt/gz_math_vendor/lib:/opt/ros/jazzy/opt/gz_utils_vendor/lib:/opt/ros/jazzy/opt/gz_tools_vendor/lib:/opt/ros/jazzy/opt/gz_ogre_next_vendor/lib:/opt/ros/jazzy/opt/gz_dartsim_vendor/lib:/opt/ros/jazzy/opt/gz_cmake_vendor/lib:/opt/ros/jazzy/lib PYTHONPATH=/home/brilliant/ros2_ws/install/nav2_msgs/lib/python3.12/site-packages:/home/brilliant/ros2_ws/install/nav2_common/lib/python3.12/site-packages:/home/brilliant/ros2_ws/build/twist_stamper:/home/brilliant/ros2_ws/install/twist_stamper/lib/python3.12/site-packages:/home/brilliant/ros2_ws/install/dwb_msgs/lib/python3.12/site-packages:/home/brilliant/ros2_ws/install/nav_2d_msgs/lib/python3.12/site-packages:/home/brilliant/ros2_ws/build/nav2_simple_commander:/home/brilliant/ros2_ws/install/nav2_simple_commander/lib/python3.12/site-packages:/home/brilliant/ros2_ws/build/nav2_loopback_sim:/home/brilliant/ros2_ws/install/nav2_loopback_sim/lib/python3.12/site-packages:/opt/ros/jazzy/lib/python3.12/site-packages /usr/bin/cmake --install /home/brilliant/ros2_ws/build/nav2_behavior_tree
