[0.704s] Invoking command in '/home/brilliant/ros2_ws/build/serial': CMAKE_PREFIX_PATH=${CMAKE_PREFIX_PATH}:/home/brilliant/ros2_ws/install/twist_stamper:/home/brilliant/ros2_ws/install/nav2_simple_commander:/home/brilliant/ros2_ws/install/nav2_loopback_sim:/opt/ros/jazzy DEBUGINFOD_URLS=https://debuginfod.ubuntu.com /usr/bin/cmake --build /home/brilliant/ros2_ws/build/serial -- -j4 -l4
[0.968s] [ 28%] Built target serial
[1.078s] [ 42%] Built target gtest
[1.161s] [ 57%] Built target serial_example
[1.273s] [ 71%] Built target gtest_main
[1.423s] [ 85%] Built target serial-test
[1.541s] [100%] Built target serial-test-timer
[1.594s] Invoked command in '/home/brilliant/ros2_ws/build/serial' returned '0': CMAKE_PREFIX_PATH=${CMAKE_PREFIX_PATH}:/home/brilliant/ros2_ws/install/twist_stamper:/home/brilliant/ros2_ws/install/nav2_simple_commander:/home/brilliant/ros2_ws/install/nav2_loopback_sim:/opt/ros/jazzy DEBUGINFOD_URLS=https://debuginfod.ubuntu.com /usr/bin/cmake --build /home/brilliant/ros2_ws/build/serial -- -j4 -l4
[1.604s] Invoking command in '/home/brilliant/ros2_ws/build/serial': CMAKE_PREFIX_PATH=${CMAKE_PREFIX_PATH}:/home/brilliant/ros2_ws/install/twist_stamper:/home/brilliant/ros2_ws/install/nav2_simple_commander:/home/brilliant/ros2_ws/install/nav2_loopback_sim:/opt/ros/jazzy DEBUGINFOD_URLS=https://debuginfod.ubuntu.com /usr/bin/cmake --install /home/brilliant/ros2_ws/build/serial
[1.630s] -- Install configuration: ""
[1.630s] -- Execute custom install script
[1.632s] -- Up-to-date symlink: /home/brilliant/ros2_ws/install/serial/lib/libserial.a
[1.632s] -- Up-to-date symlink: /home/brilliant/ros2_ws/install/serial/include/serial/serial.h
[1.632s] -- Up-to-date symlink: /home/brilliant/ros2_ws/install/serial/include/serial/v8stdint.h
[1.633s] -- Up-to-date symlink: /home/brilliant/ros2_ws/install/serial/share/serial/environment/library_path.sh
[1.633s] -- Up-to-date symlink: /home/brilliant/ros2_ws/install/serial/share/serial/environment/library_path.dsv
[1.637s] -- Up-to-date symlink: /home/brilliant/ros2_ws/install/serial/share/ament_index/resource_index/package_run_dependencies/serial
[1.638s] -- Up-to-date symlink: /home/brilliant/ros2_ws/install/serial/share/ament_index/resource_index/parent_prefix_path/serial
[1.638s] -- Up-to-date symlink: /home/brilliant/ros2_ws/install/serial/share/serial/environment/ament_prefix_path.sh
[1.638s] -- Up-to-date symlink: /home/brilliant/ros2_ws/install/serial/share/serial/environment/ament_prefix_path.dsv
[1.639s] -- Up-to-date symlink: /home/brilliant/ros2_ws/install/serial/share/serial/environment/path.sh
[1.640s] -- Up-to-date symlink: /home/brilliant/ros2_ws/install/serial/share/serial/environment/path.dsv
[1.640s] -- Up-to-date symlink: /home/brilliant/ros2_ws/install/serial/share/serial/local_setup.bash
[1.640s] -- Up-to-date symlink: /home/brilliant/ros2_ws/install/serial/share/serial/local_setup.sh
[1.642s] -- Up-to-date symlink: /home/brilliant/ros2_ws/install/serial/share/serial/local_setup.zsh
[1.643s] -- Up-to-date symlink: /home/brilliant/ros2_ws/install/serial/share/serial/local_setup.dsv
[1.643s] -- Symlinking: /home/brilliant/ros2_ws/install/serial/share/serial/package.dsv
[1.674s] -- Up-to-date symlink: /home/brilliant/ros2_ws/install/serial/share/ament_index/resource_index/packages/serial
[1.674s] -- Up-to-date symlink: /home/brilliant/ros2_ws/install/serial/share/serial/cmake/ament_cmake_export_include_directories-extras.cmake
[1.675s] -- Up-to-date symlink: /home/brilliant/ros2_ws/install/serial/share/serial/cmake/ament_cmake_export_libraries-extras.cmake
[1.676s] -- Up-to-date symlink: /home/brilliant/ros2_ws/install/serial/share/serial/cmake/serialConfig.cmake
[1.677s] -- Up-to-date symlink: /home/brilliant/ros2_ws/install/serial/share/serial/cmake/serialConfig-version.cmake
[1.677s] -- Up-to-date symlink: /home/brilliant/ros2_ws/install/serial/share/serial/package.xml
[1.690s] Invoked command in '/home/brilliant/ros2_ws/build/serial' returned '0': CMAKE_PREFIX_PATH=${CMAKE_PREFIX_PATH}:/home/brilliant/ros2_ws/install/twist_stamper:/home/brilliant/ros2_ws/install/nav2_simple_commander:/home/brilliant/ros2_ws/install/nav2_loopback_sim:/opt/ros/jazzy DEBUGINFOD_URLS=https://debuginfod.ubuntu.com /usr/bin/cmake --install /home/brilliant/ros2_ws/build/serial
