[0.130s] Invoking command in '/home/brilliant/ros2_ws/build/nav2_collision_monitor': AMENT_PREFIX_PATH=/home/brilliant/ros2_ws/install/nav2_costmap_2d:${AMENT_PREFIX_PATH} CMAKE_PREFIX_PATH=/home/brilliant/ros2_ws/install/nav2_costmap_2d:/home/brilliant/ros2_ws/install/nav2_map_server:/home/brilliant/ros2_ws/install/nav2_lifecycle_manager:/home/brilliant/ros2_ws/install/nav2_util:/home/brilliant/ros2_ws/install/nav2_voxel_grid:/home/brilliant/ros2_ws/install/nav2_msgs:/home/brilliant/ros2_ws/install/nav2_common:/home/brilliant/ros2_ws/install/sllidar_ros2:/home/brilliant/ros2_ws/install/serial:/home/brilliant/ros2_ws/install/opennav_docking_core:/home/brilliant/ros2_ws/install/nav_2d_utils:/home/brilliant/ros2_ws/install/dwb_msgs:/home/brilliant/ros2_ws/install/nav_2d_msgs:/home/brilliant/ros2_ws/install/nav2_velocity_smoother:/home/brilliant/ros2_ws/install/nav2_rviz_plugins:/home/brilliant/ros2_ws/install/nav2_amcl:/home/brilliant/ros2_ws/install/minibot:/home/brilliant/ros2_ws/install/diffdrive_arduino:/opt/ros/jazzy/opt/gz_sim_vendor:/opt/ros/jazzy/opt/gz_sensors_vendor:/opt/ros/jazzy/opt/gz_physics_vendor:/opt/ros/jazzy/opt/sdformat_vendor:/opt/ros/jazzy/opt/gz_gui_vendor:/opt/ros/jazzy/opt/gz_transport_vendor:/opt/ros/jazzy/opt/gz_rendering_vendor:/opt/ros/jazzy/opt/gz_plugin_vendor:/opt/ros/jazzy/opt/gz_fuel_tools_vendor:/opt/ros/jazzy/opt/gz_msgs_vendor:/opt/ros/jazzy/opt/gz_common_vendor:/opt/ros/jazzy/opt/gz_math_vendor:/opt/ros/jazzy/opt/gz_utils_vendor:/opt/ros/jazzy/opt/gz_tools_vendor:/opt/ros/jazzy/opt/gz_ogre_next_vendor:/opt/ros/jazzy/opt/gz_dartsim_vendor:/opt/ros/jazzy/opt/gz_cmake_vendor:/home/brilliant/ros2_ws/install/twist_stamper:/home/brilliant/ros2_ws/install/nav2_simple_commander:/home/brilliant/ros2_ws/install/nav2_loopback_sim:/opt/ros/jazzy DEBUGINFOD_URLS=https://debuginfod.ubuntu.com LD_LIBRARY_PATH=/home/brilliant/ros2_ws/install/nav2_costmap_2d/lib:/home/brilliant/ros2_ws/install/nav2_map_server/lib:/home/brilliant/ros2_ws/install/nav2_lifecycle_manager/lib:/home/brilliant/ros2_ws/install/nav2_util/lib:/home/brilliant/ros2_ws/install/nav2_voxel_grid/lib:/home/brilliant/ros2_ws/install/nav2_msgs/lib:/home/brilliant/ros2_ws/install/serial/lib:/home/brilliant/ros2_ws/install/nav_2d_utils/lib:/home/brilliant/ros2_ws/install/dwb_msgs/lib:/home/brilliant/ros2_ws/install/nav_2d_msgs/lib:/home/brilliant/ros2_ws/install/nav2_velocity_smoother/lib:/home/brilliant/ros2_ws/install/nav2_rviz_plugins/lib:/home/brilliant/ros2_ws/install/nav2_amcl/lib:/home/brilliant/ros2_ws/install/diffdrive_arduino/lib:/opt/ros/jazzy/opt/gz_sim_vendor/lib:/opt/ros/jazzy/opt/gz_sensors_vendor/lib:/opt/ros/jazzy/opt/gz_physics_vendor/lib:/opt/ros/jazzy/opt/sdformat_vendor/lib:/opt/ros/jazzy/opt/rviz_ogre_vendor/lib:/opt/ros/jazzy/lib/x86_64-linux-gnu:/opt/ros/jazzy/opt/gz_gui_vendor/lib:/opt/ros/jazzy/opt/gz_transport_vendor/lib:/opt/ros/jazzy/opt/gz_rendering_vendor/lib:/opt/ros/jazzy/opt/gz_plugin_vendor/lib:/opt/ros/jazzy/opt/gz_fuel_tools_vendor/lib:/opt/ros/jazzy/opt/gz_msgs_vendor/lib:/opt/ros/jazzy/opt/gz_common_vendor/lib:/opt/ros/jazzy/opt/gz_math_vendor/lib:/opt/ros/jazzy/opt/gz_utils_vendor/lib:/opt/ros/jazzy/opt/gz_tools_vendor/lib:/opt/ros/jazzy/opt/gz_ogre_next_vendor/lib:/opt/ros/jazzy/opt/gz_dartsim_vendor/lib:/opt/ros/jazzy/opt/gz_cmake_vendor/lib:/opt/ros/jazzy/lib PYTHONPATH=/home/brilliant/ros2_ws/install/nav2_msgs/lib/python3.12/site-packages:/home/brilliant/ros2_ws/install/nav2_common/lib/python3.12/site-packages:/home/brilliant/ros2_ws/build/twist_stamper:/home/brilliant/ros2_ws/install/twist_stamper/lib/python3.12/site-packages:/home/brilliant/ros2_ws/install/dwb_msgs/lib/python3.12/site-packages:/home/brilliant/ros2_ws/install/nav_2d_msgs/lib/python3.12/site-packages:/home/brilliant/ros2_ws/build/nav2_simple_commander:/home/brilliant/ros2_ws/install/nav2_simple_commander/lib/python3.12/site-packages:/home/brilliant/ros2_ws/build/nav2_loopback_sim:/home/brilliant/ros2_ws/install/nav2_loopback_sim/lib/python3.12/site-packages:/opt/ros/jazzy/lib/python3.12/site-packages /usr/bin/cmake /home/brilliant/ros2_ws/src/navigation2/nav2_collision_monitor -DAMENT_CMAKE_SYMLINK_INSTALL=1 -DCMAKE_INSTALL_PREFIX=/home/brilliant/ros2_ws/install/nav2_collision_monitor
[0.437s] -- The C compiler identification is GNU 13.3.0
[0.711s] -- The CXX compiler identification is GNU 13.3.0
[0.763s] -- Detecting C compiler ABI info
[1.161s] -- Detecting C compiler ABI info - done
[1.202s] -- Check for working C compiler: /usr/bin/cc - skipped
[1.220s] -- Detecting C compile features
[1.225s] -- Detecting C compile features - done
[1.268s] -- Detecting CXX compiler ABI info
[1.654s] -- Detecting CXX compiler ABI info - done
[1.681s] -- Check for working CXX compiler: /usr/bin/c++ - skipped
[1.682s] -- Detecting CXX compile features
[1.684s] -- Detecting CXX compile features - done
[1.757s] -- Found ament_cmake: 2.5.4 (/opt/ros/jazzy/share/ament_cmake/cmake)
[2.778s] -- Found Python3: /usr/bin/python3 (found version "3.12.3") found components: Interpreter 
[3.187s] -- Override CMake install command with custom implementation using symlinks instead of copying resources
[3.585s] -- Found rclcpp: 28.1.10 (/opt/ros/jazzy/share/rclcpp/cmake)
[3.993s] -- Found rosidl_generator_c: 4.6.5 (/opt/ros/jazzy/share/rosidl_generator_c/cmake)
[4.103s] -- Found rosidl_generator_cpp: 4.6.5 (/opt/ros/jazzy/share/rosidl_generator_cpp/cmake)
[4.254s] -- Using all available rosidl_typesupport_c: rosidl_typesupport_fastrtps_c;rosidl_typesupport_introspection_c
[4.448s] -- Using all available rosidl_typesupport_cpp: rosidl_typesupport_fastrtps_cpp;rosidl_typesupport_introspection_cpp
[5.049s] -- Found rmw_implementation_cmake: 7.3.2 (/opt/ros/jazzy/share/rmw_implementation_cmake/cmake)
[5.088s] -- Found rmw_fastrtps_cpp: 8.4.2 (/opt/ros/jazzy/share/rmw_fastrtps_cpp/cmake)
[5.732s] -- Found OpenSSL: /usr/lib/x86_64-linux-gnu/libcrypto.so (found version "3.0.13")  
[5.861s] -- Found FastRTPS: /opt/ros/jazzy/include (Required is at least version "2.13") 
[5.928s] -- Using RMW implementation 'rmw_fastrtps_cpp' as default
[6.478s] -- Found rclcpp_components: 28.1.10 (/opt/ros/jazzy/share/rclcpp_components/cmake)
[6.731s] -- Found sensor_msgs: 5.3.6 (/opt/ros/jazzy/share/sensor_msgs/cmake)
[6.898s] -- Found tf2: 0.36.12 (/opt/ros/jazzy/share/tf2/cmake)
[6.987s] -- Found tf2_ros: 0.36.12 (/opt/ros/jazzy/share/tf2_ros/cmake)
[7.318s] -- Found tf2_geometry_msgs: 0.36.12 (/opt/ros/jazzy/share/tf2_geometry_msgs/cmake)
[7.409s] -- Found eigen3_cmake_module: 0.3.0 (/opt/ros/jazzy/share/eigen3_cmake_module/cmake)
[7.410s] -- Found Eigen3: TRUE (found version "3.4.0") 
[7.414s] -- Ensuring Eigen3 include directory is part of orocos-kdl CMake target
[7.421s] -- Found nav2_common: 1.3.7 (/home/brilliant/ros2_ws/install/nav2_common/share/nav2_common/cmake)
[7.422s] -- Found nav2_util: 1.3.7 (/home/brilliant/ros2_ws/install/nav2_util/share/nav2_util/cmake)
[8.060s] -- Found nav2_costmap_2d: 1.3.7 (/home/brilliant/ros2_ws/install/nav2_costmap_2d/share/nav2_costmap_2d/cmake)
[8.364s] -- Setting build type to Release as none was specified.
[8.458s] -- Found ament_lint_auto: 0.17.2 (/opt/ros/jazzy/share/ament_lint_auto/cmake)
[8.746s] -- Found gtest sources under '/opt/ros/jazzy/src/gtest_vendor': C++ tests using 'Google Test' will be built
[8.751s] -- Performing Test CMAKE_HAVE_LIBC_PTHREAD
[8.983s] -- Performing Test CMAKE_HAVE_LIBC_PTHREAD - Success
[8.986s] -- Found Threads: TRUE  
[9.180s] -- Added test 'cppcheck' to perform static code analysis on C / C++ code
[9.181s] -- Configured cppcheck include dirs: /home/brilliant/ros2_ws/src/navigation2/nav2_collision_monitor/include
[9.182s] -- Configured cppcheck exclude dirs and/or files: 
[9.185s] -- Added test 'flake8' to check Python code syntax and style conventions
[9.186s] -- Configured 'flake8' exclude dirs and/or files: 
[9.190s] -- Added test 'lint_cmake' to check CMake code style
[9.193s] -- Added test 'pep257' to check Python code against some of the docstring style conventions in PEP 257
[9.202s] -- Added test 'uncrustify' to check C / C++ code style
[9.202s] -- Configured uncrustify additional arguments: 
[9.206s] -- Added test 'xmllint' to check XML markup files
[9.217s] -- Configuring done (9.0s)
[9.552s] -- Generating done (0.3s)
[9.623s] -- Build files have been written to: /home/brilliant/ros2_ws/build/nav2_collision_monitor
[9.668s] Invoked command in '/home/brilliant/ros2_ws/build/nav2_collision_monitor' returned '0': AMENT_PREFIX_PATH=/home/brilliant/ros2_ws/install/nav2_costmap_2d:${AMENT_PREFIX_PATH} CMAKE_PREFIX_PATH=/home/brilliant/ros2_ws/install/nav2_costmap_2d:/home/brilliant/ros2_ws/install/nav2_map_server:/home/brilliant/ros2_ws/install/nav2_lifecycle_manager:/home/brilliant/ros2_ws/install/nav2_util:/home/brilliant/ros2_ws/install/nav2_voxel_grid:/home/brilliant/ros2_ws/install/nav2_msgs:/home/brilliant/ros2_ws/install/nav2_common:/home/brilliant/ros2_ws/install/sllidar_ros2:/home/brilliant/ros2_ws/install/serial:/home/brilliant/ros2_ws/install/opennav_docking_core:/home/brilliant/ros2_ws/install/nav_2d_utils:/home/brilliant/ros2_ws/install/dwb_msgs:/home/brilliant/ros2_ws/install/nav_2d_msgs:/home/brilliant/ros2_ws/install/nav2_velocity_smoother:/home/brilliant/ros2_ws/install/nav2_rviz_plugins:/home/brilliant/ros2_ws/install/nav2_amcl:/home/brilliant/ros2_ws/install/minibot:/home/brilliant/ros2_ws/install/diffdrive_arduino:/opt/ros/jazzy/opt/gz_sim_vendor:/opt/ros/jazzy/opt/gz_sensors_vendor:/opt/ros/jazzy/opt/gz_physics_vendor:/opt/ros/jazzy/opt/sdformat_vendor:/opt/ros/jazzy/opt/gz_gui_vendor:/opt/ros/jazzy/opt/gz_transport_vendor:/opt/ros/jazzy/opt/gz_rendering_vendor:/opt/ros/jazzy/opt/gz_plugin_vendor:/opt/ros/jazzy/opt/gz_fuel_tools_vendor:/opt/ros/jazzy/opt/gz_msgs_vendor:/opt/ros/jazzy/opt/gz_common_vendor:/opt/ros/jazzy/opt/gz_math_vendor:/opt/ros/jazzy/opt/gz_utils_vendor:/opt/ros/jazzy/opt/gz_tools_vendor:/opt/ros/jazzy/opt/gz_ogre_next_vendor:/opt/ros/jazzy/opt/gz_dartsim_vendor:/opt/ros/jazzy/opt/gz_cmake_vendor:/home/brilliant/ros2_ws/install/twist_stamper:/home/brilliant/ros2_ws/install/nav2_simple_commander:/home/brilliant/ros2_ws/install/nav2_loopback_sim:/opt/ros/jazzy DEBUGINFOD_URLS=https://debuginfod.ubuntu.com LD_LIBRARY_PATH=/home/brilliant/ros2_ws/install/nav2_costmap_2d/lib:/home/brilliant/ros2_ws/install/nav2_map_server/lib:/home/brilliant/ros2_ws/install/nav2_lifecycle_manager/lib:/home/brilliant/ros2_ws/install/nav2_util/lib:/home/brilliant/ros2_ws/install/nav2_voxel_grid/lib:/home/brilliant/ros2_ws/install/nav2_msgs/lib:/home/brilliant/ros2_ws/install/serial/lib:/home/brilliant/ros2_ws/install/nav_2d_utils/lib:/home/brilliant/ros2_ws/install/dwb_msgs/lib:/home/brilliant/ros2_ws/install/nav_2d_msgs/lib:/home/brilliant/ros2_ws/install/nav2_velocity_smoother/lib:/home/brilliant/ros2_ws/install/nav2_rviz_plugins/lib:/home/brilliant/ros2_ws/install/nav2_amcl/lib:/home/brilliant/ros2_ws/install/diffdrive_arduino/lib:/opt/ros/jazzy/opt/gz_sim_vendor/lib:/opt/ros/jazzy/opt/gz_sensors_vendor/lib:/opt/ros/jazzy/opt/gz_physics_vendor/lib:/opt/ros/jazzy/opt/sdformat_vendor/lib:/opt/ros/jazzy/opt/rviz_ogre_vendor/lib:/opt/ros/jazzy/lib/x86_64-linux-gnu:/opt/ros/jazzy/opt/gz_gui_vendor/lib:/opt/ros/jazzy/opt/gz_transport_vendor/lib:/opt/ros/jazzy/opt/gz_rendering_vendor/lib:/opt/ros/jazzy/opt/gz_plugin_vendor/lib:/opt/ros/jazzy/opt/gz_fuel_tools_vendor/lib:/opt/ros/jazzy/opt/gz_msgs_vendor/lib:/opt/ros/jazzy/opt/gz_common_vendor/lib:/opt/ros/jazzy/opt/gz_math_vendor/lib:/opt/ros/jazzy/opt/gz_utils_vendor/lib:/opt/ros/jazzy/opt/gz_tools_vendor/lib:/opt/ros/jazzy/opt/gz_ogre_next_vendor/lib:/opt/ros/jazzy/opt/gz_dartsim_vendor/lib:/opt/ros/jazzy/opt/gz_cmake_vendor/lib:/opt/ros/jazzy/lib PYTHONPATH=/home/brilliant/ros2_ws/install/nav2_msgs/lib/python3.12/site-packages:/home/brilliant/ros2_ws/install/nav2_common/lib/python3.12/site-packages:/home/brilliant/ros2_ws/build/twist_stamper:/home/brilliant/ros2_ws/install/twist_stamper/lib/python3.12/site-packages:/home/brilliant/ros2_ws/install/dwb_msgs/lib/python3.12/site-packages:/home/brilliant/ros2_ws/install/nav_2d_msgs/lib/python3.12/site-packages:/home/brilliant/ros2_ws/build/nav2_simple_commander:/home/brilliant/ros2_ws/install/nav2_simple_commander/lib/python3.12/site-packages:/home/brilliant/ros2_ws/build/nav2_loopback_sim:/home/brilliant/ros2_ws/install/nav2_loopback_sim/lib/python3.12/site-packages:/opt/ros/jazzy/lib/python3.12/site-packages /usr/bin/cmake /home/brilliant/ros2_ws/src/navigation2/nav2_collision_monitor -DAMENT_CMAKE_SYMLINK_INSTALL=1 -DCMAKE_INSTALL_PREFIX=/home/brilliant/ros2_ws/install/nav2_collision_monitor
[9.670s] Invoking command in '/home/brilliant/ros2_ws/build/nav2_collision_monitor': AMENT_PREFIX_PATH=/home/brilliant/ros2_ws/install/nav2_costmap_2d:${AMENT_PREFIX_PATH} CMAKE_PREFIX_PATH=/home/brilliant/ros2_ws/install/nav2_costmap_2d:/home/brilliant/ros2_ws/install/nav2_map_server:/home/brilliant/ros2_ws/install/nav2_lifecycle_manager:/home/brilliant/ros2_ws/install/nav2_util:/home/brilliant/ros2_ws/install/nav2_voxel_grid:/home/brilliant/ros2_ws/install/nav2_msgs:/home/brilliant/ros2_ws/install/nav2_common:/home/brilliant/ros2_ws/install/sllidar_ros2:/home/brilliant/ros2_ws/install/serial:/home/brilliant/ros2_ws/install/opennav_docking_core:/home/brilliant/ros2_ws/install/nav_2d_utils:/home/brilliant/ros2_ws/install/dwb_msgs:/home/brilliant/ros2_ws/install/nav_2d_msgs:/home/brilliant/ros2_ws/install/nav2_velocity_smoother:/home/brilliant/ros2_ws/install/nav2_rviz_plugins:/home/brilliant/ros2_ws/install/nav2_amcl:/home/brilliant/ros2_ws/install/minibot:/home/brilliant/ros2_ws/install/diffdrive_arduino:/opt/ros/jazzy/opt/gz_sim_vendor:/opt/ros/jazzy/opt/gz_sensors_vendor:/opt/ros/jazzy/opt/gz_physics_vendor:/opt/ros/jazzy/opt/sdformat_vendor:/opt/ros/jazzy/opt/gz_gui_vendor:/opt/ros/jazzy/opt/gz_transport_vendor:/opt/ros/jazzy/opt/gz_rendering_vendor:/opt/ros/jazzy/opt/gz_plugin_vendor:/opt/ros/jazzy/opt/gz_fuel_tools_vendor:/opt/ros/jazzy/opt/gz_msgs_vendor:/opt/ros/jazzy/opt/gz_common_vendor:/opt/ros/jazzy/opt/gz_math_vendor:/opt/ros/jazzy/opt/gz_utils_vendor:/opt/ros/jazzy/opt/gz_tools_vendor:/opt/ros/jazzy/opt/gz_ogre_next_vendor:/opt/ros/jazzy/opt/gz_dartsim_vendor:/opt/ros/jazzy/opt/gz_cmake_vendor:/home/brilliant/ros2_ws/install/twist_stamper:/home/brilliant/ros2_ws/install/nav2_simple_commander:/home/brilliant/ros2_ws/install/nav2_loopback_sim:/opt/ros/jazzy DEBUGINFOD_URLS=https://debuginfod.ubuntu.com LD_LIBRARY_PATH=/home/brilliant/ros2_ws/install/nav2_costmap_2d/lib:/home/brilliant/ros2_ws/install/nav2_map_server/lib:/home/brilliant/ros2_ws/install/nav2_lifecycle_manager/lib:/home/brilliant/ros2_ws/install/nav2_util/lib:/home/brilliant/ros2_ws/install/nav2_voxel_grid/lib:/home/brilliant/ros2_ws/install/nav2_msgs/lib:/home/brilliant/ros2_ws/install/serial/lib:/home/brilliant/ros2_ws/install/nav_2d_utils/lib:/home/brilliant/ros2_ws/install/dwb_msgs/lib:/home/brilliant/ros2_ws/install/nav_2d_msgs/lib:/home/brilliant/ros2_ws/install/nav2_velocity_smoother/lib:/home/brilliant/ros2_ws/install/nav2_rviz_plugins/lib:/home/brilliant/ros2_ws/install/nav2_amcl/lib:/home/brilliant/ros2_ws/install/diffdrive_arduino/lib:/opt/ros/jazzy/opt/gz_sim_vendor/lib:/opt/ros/jazzy/opt/gz_sensors_vendor/lib:/opt/ros/jazzy/opt/gz_physics_vendor/lib:/opt/ros/jazzy/opt/sdformat_vendor/lib:/opt/ros/jazzy/opt/rviz_ogre_vendor/lib:/opt/ros/jazzy/lib/x86_64-linux-gnu:/opt/ros/jazzy/opt/gz_gui_vendor/lib:/opt/ros/jazzy/opt/gz_transport_vendor/lib:/opt/ros/jazzy/opt/gz_rendering_vendor/lib:/opt/ros/jazzy/opt/gz_plugin_vendor/lib:/opt/ros/jazzy/opt/gz_fuel_tools_vendor/lib:/opt/ros/jazzy/opt/gz_msgs_vendor/lib:/opt/ros/jazzy/opt/gz_common_vendor/lib:/opt/ros/jazzy/opt/gz_math_vendor/lib:/opt/ros/jazzy/opt/gz_utils_vendor/lib:/opt/ros/jazzy/opt/gz_tools_vendor/lib:/opt/ros/jazzy/opt/gz_ogre_next_vendor/lib:/opt/ros/jazzy/opt/gz_dartsim_vendor/lib:/opt/ros/jazzy/opt/gz_cmake_vendor/lib:/opt/ros/jazzy/lib PYTHONPATH=/home/brilliant/ros2_ws/install/nav2_msgs/lib/python3.12/site-packages:/home/brilliant/ros2_ws/install/nav2_common/lib/python3.12/site-packages:/home/brilliant/ros2_ws/build/twist_stamper:/home/brilliant/ros2_ws/install/twist_stamper/lib/python3.12/site-packages:/home/brilliant/ros2_ws/install/dwb_msgs/lib/python3.12/site-packages:/home/brilliant/ros2_ws/install/nav_2d_msgs/lib/python3.12/site-packages:/home/brilliant/ros2_ws/build/nav2_simple_commander:/home/brilliant/ros2_ws/install/nav2_simple_commander/lib/python3.12/site-packages:/home/brilliant/ros2_ws/build/nav2_loopback_sim:/home/brilliant/ros2_ws/install/nav2_loopback_sim/lib/python3.12/site-packages:/opt/ros/jazzy/lib/python3.12/site-packages /usr/bin/cmake --build /home/brilliant/ros2_ws/build/nav2_collision_monitor -- -j4 -l4
[9.817s] [  2%] [32mBuilding CXX object CMakeFiles/collision_monitor_core.dir/src/collision_monitor_node.cpp.o[0m
[69.549s] [  4%] [32mBuilding CXX object CMakeFiles/collision_monitor_core.dir/src/polygon.cpp.o[0m
[89.739s] [  7%] [32mBuilding CXX object CMakeFiles/collision_monitor_core.dir/src/velocity_polygon.cpp.o[0m
[101.501s] [  9%] [32mBuilding CXX object CMakeFiles/collision_monitor_core.dir/src/circle.cpp.o[0m
[126.352s] [ 11%] [32mBuilding CXX object CMakeFiles/collision_monitor_core.dir/src/source.cpp.o[0m
[136.905s] [ 14%] [32mBuilding CXX object CMakeFiles/collision_monitor_core.dir/src/scan.cpp.o[0m
[156.478s] [ 16%] [32mBuilding CXX object CMakeFiles/collision_monitor_core.dir/src/pointcloud.cpp.o[0m
[179.712s] [ 19%] [32mBuilding CXX object CMakeFiles/collision_monitor_core.dir/src/polygon_source.cpp.o[0m
[203.381s] [ 21%] [32mBuilding CXX object CMakeFiles/collision_monitor_core.dir/src/range.cpp.o[0m
[222.666s] [ 23%] [32mBuilding CXX object CMakeFiles/collision_monitor_core.dir/src/kinematics.cpp.o[0m
[223.716s] [ 26%] [32m[1mLinking CXX shared library libcollision_monitor_core.so[0m
[225.306s] [ 26%] Built target collision_monitor_core
[225.398s] [ 28%] [32mBuilding CXX object gtest/CMakeFiles/gtest_main.dir/src/gtest_main.cc.o[0m
[225.416s] [ 30%] [32mBuilding CXX object gtest/CMakeFiles/gtest.dir/src/gtest-all.cc.o[0m
[228.601s] [ 33%] [32m[1mLinking CXX static library libgtest_main.a[0m
[228.828s] [ 33%] Built target gtest_main
[249.346s] [ 35%] [32m[1mLinking CXX static library libgtest.a[0m
[249.449s] [ 35%] Built target gtest
[249.504s] [ 38%] [32mBuilding CXX object CMakeFiles/collision_monitor.dir/src/collision_monitor_main.cpp.o[0m
[257.573s] [ 40%] [32m[1mLinking CXX executable collision_monitor[0m
[258.113s] [ 40%] Built target collision_monitor
[258.160s] [ 42%] [32mBuilding CXX object test/CMakeFiles/sources_test.dir/sources_test.cpp.o[0m
[262.215s] [ 45%] [32mBuilding CXX object test/CMakeFiles/polygons_test.dir/polygons_test.cpp.o[0m
[264.325s] [ 47%] [32mBuilding CXX object test/CMakeFiles/kinematics_test.dir/kinematics_test.cpp.o[0m
[266.460s] [ 50%] [32mBuilding CXX object CMakeFiles/collision_detector_core.dir/src/collision_detector_node.cpp.o[0m
[279.455s] [ 52%] [32m[1mLinking CXX executable kinematics_test[0m
[281.812s] [ 52%] Built target kinematics_test
[305.614s] [ 54%] [32m[1mLinking CXX executable sources_test[0m
[307.021s] [ 54%] Built target sources_test
[316.266s] [ 57%] [32m[1mLinking CXX executable polygons_test[0m
[317.125s] [ 57%] Built target polygons_test
[320.140s] [ 59%] [32mBuilding CXX object CMakeFiles/collision_detector_core.dir/src/polygon.cpp.o[0m
[337.191s] [ 61%] [32mBuilding CXX object CMakeFiles/collision_detector_core.dir/src/velocity_polygon.cpp.o[0m
[338.083s] [ 64%] [32mBuilding CXX object CMakeFiles/collision_detector_core.dir/src/circle.cpp.o[0m
[363.771s] [ 66%] [32mBuilding CXX object CMakeFiles/collision_detector_core.dir/src/source.cpp.o[0m
[369.845s] [ 69%] [32mBuilding CXX object CMakeFiles/collision_detector_core.dir/src/scan.cpp.o[0m
[371.878s] [ 71%] [32mBuilding CXX object CMakeFiles/collision_detector_core.dir/src/pointcloud.cpp.o[0m
[404.221s] [ 73%] [32mBuilding CXX object CMakeFiles/collision_detector_core.dir/src/polygon_source.cpp.o[0m
[420.044s] [ 76%] [32mBuilding CXX object CMakeFiles/collision_detector_core.dir/src/range.cpp.o[0m
[441.302s] [ 78%] [32mBuilding CXX object CMakeFiles/collision_detector_core.dir/src/kinematics.cpp.o[0m
[442.003s] [ 80%] [32m[1mLinking CXX shared library libcollision_detector_core.so[0m
[442.899s] [ 80%] Built target collision_detector_core
[442.971s] [ 85%] [32mBuilding CXX object test/CMakeFiles/velocity_polygons_test.dir/velocity_polygons_test.cpp.o[0m
[442.971s] [ 85%] [32mBuilding CXX object test/CMakeFiles/collision_monitor_node_test.dir/collision_monitor_node_test.cpp.o[0m
[481.290s] [ 88%] [32m[1mLinking CXX executable velocity_polygons_test[0m
[484.302s] [ 88%] Built target velocity_polygons_test
[566.046s] [ 90%] [32m[1mLinking CXX executable collision_monitor_node_test[0m
[568.645s] [ 90%] Built target collision_monitor_node_test
[568.754s] [ 92%] [32mBuilding CXX object test/CMakeFiles/collision_detector_node_test.dir/collision_detector_node_test.cpp.o[0m
[655.724s] [ 95%] [32m[1mLinking CXX executable collision_detector_node_test[0m
[658.035s] [ 95%] Built target collision_detector_node_test
[658.160s] [ 97%] [32mBuilding CXX object CMakeFiles/collision_detector.dir/src/collision_detector_main.cpp.o[0m
[672.522s] [100%] [32m[1mLinking CXX executable collision_detector[0m
[673.689s] [100%] Built target collision_detector
[673.813s] Invoked command in '/home/brilliant/ros2_ws/build/nav2_collision_monitor' returned '0': AMENT_PREFIX_PATH=/home/brilliant/ros2_ws/install/nav2_costmap_2d:${AMENT_PREFIX_PATH} CMAKE_PREFIX_PATH=/home/brilliant/ros2_ws/install/nav2_costmap_2d:/home/brilliant/ros2_ws/install/nav2_map_server:/home/brilliant/ros2_ws/install/nav2_lifecycle_manager:/home/brilliant/ros2_ws/install/nav2_util:/home/brilliant/ros2_ws/install/nav2_voxel_grid:/home/brilliant/ros2_ws/install/nav2_msgs:/home/brilliant/ros2_ws/install/nav2_common:/home/brilliant/ros2_ws/install/sllidar_ros2:/home/brilliant/ros2_ws/install/serial:/home/brilliant/ros2_ws/install/opennav_docking_core:/home/brilliant/ros2_ws/install/nav_2d_utils:/home/brilliant/ros2_ws/install/dwb_msgs:/home/brilliant/ros2_ws/install/nav_2d_msgs:/home/brilliant/ros2_ws/install/nav2_velocity_smoother:/home/brilliant/ros2_ws/install/nav2_rviz_plugins:/home/brilliant/ros2_ws/install/nav2_amcl:/home/brilliant/ros2_ws/install/minibot:/home/brilliant/ros2_ws/install/diffdrive_arduino:/opt/ros/jazzy/opt/gz_sim_vendor:/opt/ros/jazzy/opt/gz_sensors_vendor:/opt/ros/jazzy/opt/gz_physics_vendor:/opt/ros/jazzy/opt/sdformat_vendor:/opt/ros/jazzy/opt/gz_gui_vendor:/opt/ros/jazzy/opt/gz_transport_vendor:/opt/ros/jazzy/opt/gz_rendering_vendor:/opt/ros/jazzy/opt/gz_plugin_vendor:/opt/ros/jazzy/opt/gz_fuel_tools_vendor:/opt/ros/jazzy/opt/gz_msgs_vendor:/opt/ros/jazzy/opt/gz_common_vendor:/opt/ros/jazzy/opt/gz_math_vendor:/opt/ros/jazzy/opt/gz_utils_vendor:/opt/ros/jazzy/opt/gz_tools_vendor:/opt/ros/jazzy/opt/gz_ogre_next_vendor:/opt/ros/jazzy/opt/gz_dartsim_vendor:/opt/ros/jazzy/opt/gz_cmake_vendor:/home/brilliant/ros2_ws/install/twist_stamper:/home/brilliant/ros2_ws/install/nav2_simple_commander:/home/brilliant/ros2_ws/install/nav2_loopback_sim:/opt/ros/jazzy DEBUGINFOD_URLS=https://debuginfod.ubuntu.com LD_LIBRARY_PATH=/home/brilliant/ros2_ws/install/nav2_costmap_2d/lib:/home/brilliant/ros2_ws/install/nav2_map_server/lib:/home/brilliant/ros2_ws/install/nav2_lifecycle_manager/lib:/home/brilliant/ros2_ws/install/nav2_util/lib:/home/brilliant/ros2_ws/install/nav2_voxel_grid/lib:/home/brilliant/ros2_ws/install/nav2_msgs/lib:/home/brilliant/ros2_ws/install/serial/lib:/home/brilliant/ros2_ws/install/nav_2d_utils/lib:/home/brilliant/ros2_ws/install/dwb_msgs/lib:/home/brilliant/ros2_ws/install/nav_2d_msgs/lib:/home/brilliant/ros2_ws/install/nav2_velocity_smoother/lib:/home/brilliant/ros2_ws/install/nav2_rviz_plugins/lib:/home/brilliant/ros2_ws/install/nav2_amcl/lib:/home/brilliant/ros2_ws/install/diffdrive_arduino/lib:/opt/ros/jazzy/opt/gz_sim_vendor/lib:/opt/ros/jazzy/opt/gz_sensors_vendor/lib:/opt/ros/jazzy/opt/gz_physics_vendor/lib:/opt/ros/jazzy/opt/sdformat_vendor/lib:/opt/ros/jazzy/opt/rviz_ogre_vendor/lib:/opt/ros/jazzy/lib/x86_64-linux-gnu:/opt/ros/jazzy/opt/gz_gui_vendor/lib:/opt/ros/jazzy/opt/gz_transport_vendor/lib:/opt/ros/jazzy/opt/gz_rendering_vendor/lib:/opt/ros/jazzy/opt/gz_plugin_vendor/lib:/opt/ros/jazzy/opt/gz_fuel_tools_vendor/lib:/opt/ros/jazzy/opt/gz_msgs_vendor/lib:/opt/ros/jazzy/opt/gz_common_vendor/lib:/opt/ros/jazzy/opt/gz_math_vendor/lib:/opt/ros/jazzy/opt/gz_utils_vendor/lib:/opt/ros/jazzy/opt/gz_tools_vendor/lib:/opt/ros/jazzy/opt/gz_ogre_next_vendor/lib:/opt/ros/jazzy/opt/gz_dartsim_vendor/lib:/opt/ros/jazzy/opt/gz_cmake_vendor/lib:/opt/ros/jazzy/lib PYTHONPATH=/home/brilliant/ros2_ws/install/nav2_msgs/lib/python3.12/site-packages:/home/brilliant/ros2_ws/install/nav2_common/lib/python3.12/site-packages:/home/brilliant/ros2_ws/build/twist_stamper:/home/brilliant/ros2_ws/install/twist_stamper/lib/python3.12/site-packages:/home/brilliant/ros2_ws/install/dwb_msgs/lib/python3.12/site-packages:/home/brilliant/ros2_ws/install/nav_2d_msgs/lib/python3.12/site-packages:/home/brilliant/ros2_ws/build/nav2_simple_commander:/home/brilliant/ros2_ws/install/nav2_simple_commander/lib/python3.12/site-packages:/home/brilliant/ros2_ws/build/nav2_loopback_sim:/home/brilliant/ros2_ws/install/nav2_loopback_sim/lib/python3.12/site-packages:/opt/ros/jazzy/lib/python3.12/site-packages /usr/bin/cmake --build /home/brilliant/ros2_ws/build/nav2_collision_monitor -- -j4 -l4
[673.817s] Invoking command in '/home/brilliant/ros2_ws/build/nav2_collision_monitor': AMENT_PREFIX_PATH=/home/brilliant/ros2_ws/install/nav2_costmap_2d:${AMENT_PREFIX_PATH} CMAKE_PREFIX_PATH=/home/brilliant/ros2_ws/install/nav2_costmap_2d:/home/brilliant/ros2_ws/install/nav2_map_server:/home/brilliant/ros2_ws/install/nav2_lifecycle_manager:/home/brilliant/ros2_ws/install/nav2_util:/home/brilliant/ros2_ws/install/nav2_voxel_grid:/home/brilliant/ros2_ws/install/nav2_msgs:/home/brilliant/ros2_ws/install/nav2_common:/home/brilliant/ros2_ws/install/sllidar_ros2:/home/brilliant/ros2_ws/install/serial:/home/brilliant/ros2_ws/install/opennav_docking_core:/home/brilliant/ros2_ws/install/nav_2d_utils:/home/brilliant/ros2_ws/install/dwb_msgs:/home/brilliant/ros2_ws/install/nav_2d_msgs:/home/brilliant/ros2_ws/install/nav2_velocity_smoother:/home/brilliant/ros2_ws/install/nav2_rviz_plugins:/home/brilliant/ros2_ws/install/nav2_amcl:/home/brilliant/ros2_ws/install/minibot:/home/brilliant/ros2_ws/install/diffdrive_arduino:/opt/ros/jazzy/opt/gz_sim_vendor:/opt/ros/jazzy/opt/gz_sensors_vendor:/opt/ros/jazzy/opt/gz_physics_vendor:/opt/ros/jazzy/opt/sdformat_vendor:/opt/ros/jazzy/opt/gz_gui_vendor:/opt/ros/jazzy/opt/gz_transport_vendor:/opt/ros/jazzy/opt/gz_rendering_vendor:/opt/ros/jazzy/opt/gz_plugin_vendor:/opt/ros/jazzy/opt/gz_fuel_tools_vendor:/opt/ros/jazzy/opt/gz_msgs_vendor:/opt/ros/jazzy/opt/gz_common_vendor:/opt/ros/jazzy/opt/gz_math_vendor:/opt/ros/jazzy/opt/gz_utils_vendor:/opt/ros/jazzy/opt/gz_tools_vendor:/opt/ros/jazzy/opt/gz_ogre_next_vendor:/opt/ros/jazzy/opt/gz_dartsim_vendor:/opt/ros/jazzy/opt/gz_cmake_vendor:/home/brilliant/ros2_ws/install/twist_stamper:/home/brilliant/ros2_ws/install/nav2_simple_commander:/home/brilliant/ros2_ws/install/nav2_loopback_sim:/opt/ros/jazzy DEBUGINFOD_URLS=https://debuginfod.ubuntu.com LD_LIBRARY_PATH=/home/brilliant/ros2_ws/install/nav2_costmap_2d/lib:/home/brilliant/ros2_ws/install/nav2_map_server/lib:/home/brilliant/ros2_ws/install/nav2_lifecycle_manager/lib:/home/brilliant/ros2_ws/install/nav2_util/lib:/home/brilliant/ros2_ws/install/nav2_voxel_grid/lib:/home/brilliant/ros2_ws/install/nav2_msgs/lib:/home/brilliant/ros2_ws/install/serial/lib:/home/brilliant/ros2_ws/install/nav_2d_utils/lib:/home/brilliant/ros2_ws/install/dwb_msgs/lib:/home/brilliant/ros2_ws/install/nav_2d_msgs/lib:/home/brilliant/ros2_ws/install/nav2_velocity_smoother/lib:/home/brilliant/ros2_ws/install/nav2_rviz_plugins/lib:/home/brilliant/ros2_ws/install/nav2_amcl/lib:/home/brilliant/ros2_ws/install/diffdrive_arduino/lib:/opt/ros/jazzy/opt/gz_sim_vendor/lib:/opt/ros/jazzy/opt/gz_sensors_vendor/lib:/opt/ros/jazzy/opt/gz_physics_vendor/lib:/opt/ros/jazzy/opt/sdformat_vendor/lib:/opt/ros/jazzy/opt/rviz_ogre_vendor/lib:/opt/ros/jazzy/lib/x86_64-linux-gnu:/opt/ros/jazzy/opt/gz_gui_vendor/lib:/opt/ros/jazzy/opt/gz_transport_vendor/lib:/opt/ros/jazzy/opt/gz_rendering_vendor/lib:/opt/ros/jazzy/opt/gz_plugin_vendor/lib:/opt/ros/jazzy/opt/gz_fuel_tools_vendor/lib:/opt/ros/jazzy/opt/gz_msgs_vendor/lib:/opt/ros/jazzy/opt/gz_common_vendor/lib:/opt/ros/jazzy/opt/gz_math_vendor/lib:/opt/ros/jazzy/opt/gz_utils_vendor/lib:/opt/ros/jazzy/opt/gz_tools_vendor/lib:/opt/ros/jazzy/opt/gz_ogre_next_vendor/lib:/opt/ros/jazzy/opt/gz_dartsim_vendor/lib:/opt/ros/jazzy/opt/gz_cmake_vendor/lib:/opt/ros/jazzy/lib PYTHONPATH=/home/brilliant/ros2_ws/install/nav2_msgs/lib/python3.12/site-packages:/home/brilliant/ros2_ws/install/nav2_common/lib/python3.12/site-packages:/home/brilliant/ros2_ws/build/twist_stamper:/home/brilliant/ros2_ws/install/twist_stamper/lib/python3.12/site-packages:/home/brilliant/ros2_ws/install/dwb_msgs/lib/python3.12/site-packages:/home/brilliant/ros2_ws/install/nav_2d_msgs/lib/python3.12/site-packages:/home/brilliant/ros2_ws/build/nav2_simple_commander:/home/brilliant/ros2_ws/install/nav2_simple_commander/lib/python3.12/site-packages:/home/brilliant/ros2_ws/build/nav2_loopback_sim:/home/brilliant/ros2_ws/install/nav2_loopback_sim/lib/python3.12/site-packages:/opt/ros/jazzy/lib/python3.12/site-packages /usr/bin/cmake --install /home/brilliant/ros2_ws/build/nav2_collision_monitor
[673.850s] -- Install configuration: "Release"
[673.852s] -- Execute custom install script
[673.853s] -- Symlinking: /home/brilliant/ros2_ws/install/nav2_collision_monitor/lib/libcollision_monitor_core.so
[673.939s] -- Symlinking: /home/brilliant/ros2_ws/install/nav2_collision_monitor/lib/libcollision_detector_core.so
[674.014s] -- Symlinking: /home/brilliant/ros2_ws/install/nav2_collision_monitor/lib/nav2_collision_monitor/collision_monitor
[674.074s] -- Symlinking: /home/brilliant/ros2_ws/install/nav2_collision_monitor/lib/nav2_collision_monitor/collision_detector
[674.110s] -- Symlinking: /home/brilliant/ros2_ws/install/nav2_collision_monitor/include//nav2_collision_monitor/circle.hpp
[674.162s] -- Symlinking: /home/brilliant/ros2_ws/install/nav2_collision_monitor/include//nav2_collision_monitor/collision_detector_node.hpp
[674.245s] -- Symlinking: /home/brilliant/ros2_ws/install/nav2_collision_monitor/include//nav2_collision_monitor/collision_monitor_node.hpp
[674.351s] -- Symlinking: /home/brilliant/ros2_ws/install/nav2_collision_monitor/include//nav2_collision_monitor/kinematics.hpp
[674.433s] -- Symlinking: /home/brilliant/ros2_ws/install/nav2_collision_monitor/include//nav2_collision_monitor/pointcloud.hpp
[674.516s] -- Symlinking: /home/brilliant/ros2_ws/install/nav2_collision_monitor/include//nav2_collision_monitor/polygon.hpp
[674.615s] -- Symlinking: /home/brilliant/ros2_ws/install/nav2_collision_monitor/include//nav2_collision_monitor/polygon_source.hpp
[674.705s] -- Symlinking: /home/brilliant/ros2_ws/install/nav2_collision_monitor/include//nav2_collision_monitor/range.hpp
[674.739s] -- Symlinking: /home/brilliant/ros2_ws/install/nav2_collision_monitor/include//nav2_collision_monitor/scan.hpp
[674.790s] -- Symlinking: /home/brilliant/ros2_ws/install/nav2_collision_monitor/include//nav2_collision_monitor/source.hpp
[674.856s] -- Symlinking: /home/brilliant/ros2_ws/install/nav2_collision_monitor/include//nav2_collision_monitor/types.hpp
[674.899s] -- Symlinking: /home/brilliant/ros2_ws/install/nav2_collision_monitor/include//nav2_collision_monitor/velocity_polygon.hpp
[674.952s] -- Symlinking: /home/brilliant/ros2_ws/install/nav2_collision_monitor/share/nav2_collision_monitor/launch/collision_detector_node.launch.py
[675.005s] -- Symlinking: /home/brilliant/ros2_ws/install/nav2_collision_monitor/share/nav2_collision_monitor/launch/collision_monitor_node.launch.py
[675.053s] -- Symlinking: /home/brilliant/ros2_ws/install/nav2_collision_monitor/share/nav2_collision_monitor/params/collision_detector_params.yaml
[675.093s] -- Symlinking: /home/brilliant/ros2_ws/install/nav2_collision_monitor/share/nav2_collision_monitor/params/collision_monitor_params.yaml
[675.134s] -- Symlinking: /home/brilliant/ros2_ws/install/nav2_collision_monitor/share/nav2_collision_monitor/environment/library_path.sh
[675.184s] -- Symlinking: /home/brilliant/ros2_ws/install/nav2_collision_monitor/share/nav2_collision_monitor/environment/library_path.dsv
[675.236s] -- Symlinking: /home/brilliant/ros2_ws/install/nav2_collision_monitor/share/ament_index/resource_index/package_run_dependencies/nav2_collision_monitor
[675.310s] -- Symlinking: /home/brilliant/ros2_ws/install/nav2_collision_monitor/share/ament_index/resource_index/parent_prefix_path/nav2_collision_monitor
[675.370s] -- Symlinking: /home/brilliant/ros2_ws/install/nav2_collision_monitor/share/nav2_collision_monitor/environment/ament_prefix_path.sh
[675.415s] -- Symlinking: /home/brilliant/ros2_ws/install/nav2_collision_monitor/share/nav2_collision_monitor/environment/ament_prefix_path.dsv
[675.460s] -- Symlinking: /home/brilliant/ros2_ws/install/nav2_collision_monitor/share/nav2_collision_monitor/environment/path.sh
[675.504s] -- Symlinking: /home/brilliant/ros2_ws/install/nav2_collision_monitor/share/nav2_collision_monitor/environment/path.dsv
[675.546s] -- Symlinking: /home/brilliant/ros2_ws/install/nav2_collision_monitor/share/nav2_collision_monitor/local_setup.bash
[675.580s] -- Symlinking: /home/brilliant/ros2_ws/install/nav2_collision_monitor/share/nav2_collision_monitor/local_setup.sh
[675.616s] -- Symlinking: /home/brilliant/ros2_ws/install/nav2_collision_monitor/share/nav2_collision_monitor/local_setup.zsh
[675.652s] -- Symlinking: /home/brilliant/ros2_ws/install/nav2_collision_monitor/share/nav2_collision_monitor/local_setup.dsv
[675.695s] -- Symlinking: /home/brilliant/ros2_ws/install/nav2_collision_monitor/share/nav2_collision_monitor/package.dsv
[675.732s] -- Symlinking: /home/brilliant/ros2_ws/install/nav2_collision_monitor/share/ament_index/resource_index/packages/nav2_collision_monitor
[675.773s] -- Symlinking: /home/brilliant/ros2_ws/install/nav2_collision_monitor/share/ament_index/resource_index/rclcpp_components/nav2_collision_monitor
[675.819s] -- Symlinking: /home/brilliant/ros2_ws/install/nav2_collision_monitor/share/nav2_collision_monitor/cmake/ament_cmake_export_include_directories-extras.cmake
[675.866s] -- Symlinking: /home/brilliant/ros2_ws/install/nav2_collision_monitor/share/nav2_collision_monitor/cmake/ament_cmake_export_libraries-extras.cmake
[675.906s] -- Symlinking: /home/brilliant/ros2_ws/install/nav2_collision_monitor/share/nav2_collision_monitor/cmake/ament_cmake_export_dependencies-extras.cmake
[675.947s] -- Symlinking: /home/brilliant/ros2_ws/install/nav2_collision_monitor/share/nav2_collision_monitor/cmake/nav2_collision_monitorConfig.cmake
[675.984s] -- Symlinking: /home/brilliant/ros2_ws/install/nav2_collision_monitor/share/nav2_collision_monitor/cmake/nav2_collision_monitorConfig-version.cmake
[676.023s] -- Symlinking: /home/brilliant/ros2_ws/install/nav2_collision_monitor/share/nav2_collision_monitor/package.xml
[676.073s] Invoked command in '/home/brilliant/ros2_ws/build/nav2_collision_monitor' returned '0': AMENT_PREFIX_PATH=/home/brilliant/ros2_ws/install/nav2_costmap_2d:${AMENT_PREFIX_PATH} CMAKE_PREFIX_PATH=/home/brilliant/ros2_ws/install/nav2_costmap_2d:/home/brilliant/ros2_ws/install/nav2_map_server:/home/brilliant/ros2_ws/install/nav2_lifecycle_manager:/home/brilliant/ros2_ws/install/nav2_util:/home/brilliant/ros2_ws/install/nav2_voxel_grid:/home/brilliant/ros2_ws/install/nav2_msgs:/home/brilliant/ros2_ws/install/nav2_common:/home/brilliant/ros2_ws/install/sllidar_ros2:/home/brilliant/ros2_ws/install/serial:/home/brilliant/ros2_ws/install/opennav_docking_core:/home/brilliant/ros2_ws/install/nav_2d_utils:/home/brilliant/ros2_ws/install/dwb_msgs:/home/brilliant/ros2_ws/install/nav_2d_msgs:/home/brilliant/ros2_ws/install/nav2_velocity_smoother:/home/brilliant/ros2_ws/install/nav2_rviz_plugins:/home/brilliant/ros2_ws/install/nav2_amcl:/home/brilliant/ros2_ws/install/minibot:/home/brilliant/ros2_ws/install/diffdrive_arduino:/opt/ros/jazzy/opt/gz_sim_vendor:/opt/ros/jazzy/opt/gz_sensors_vendor:/opt/ros/jazzy/opt/gz_physics_vendor:/opt/ros/jazzy/opt/sdformat_vendor:/opt/ros/jazzy/opt/gz_gui_vendor:/opt/ros/jazzy/opt/gz_transport_vendor:/opt/ros/jazzy/opt/gz_rendering_vendor:/opt/ros/jazzy/opt/gz_plugin_vendor:/opt/ros/jazzy/opt/gz_fuel_tools_vendor:/opt/ros/jazzy/opt/gz_msgs_vendor:/opt/ros/jazzy/opt/gz_common_vendor:/opt/ros/jazzy/opt/gz_math_vendor:/opt/ros/jazzy/opt/gz_utils_vendor:/opt/ros/jazzy/opt/gz_tools_vendor:/opt/ros/jazzy/opt/gz_ogre_next_vendor:/opt/ros/jazzy/opt/gz_dartsim_vendor:/opt/ros/jazzy/opt/gz_cmake_vendor:/home/brilliant/ros2_ws/install/twist_stamper:/home/brilliant/ros2_ws/install/nav2_simple_commander:/home/brilliant/ros2_ws/install/nav2_loopback_sim:/opt/ros/jazzy DEBUGINFOD_URLS=https://debuginfod.ubuntu.com LD_LIBRARY_PATH=/home/brilliant/ros2_ws/install/nav2_costmap_2d/lib:/home/brilliant/ros2_ws/install/nav2_map_server/lib:/home/brilliant/ros2_ws/install/nav2_lifecycle_manager/lib:/home/brilliant/ros2_ws/install/nav2_util/lib:/home/brilliant/ros2_ws/install/nav2_voxel_grid/lib:/home/brilliant/ros2_ws/install/nav2_msgs/lib:/home/brilliant/ros2_ws/install/serial/lib:/home/brilliant/ros2_ws/install/nav_2d_utils/lib:/home/brilliant/ros2_ws/install/dwb_msgs/lib:/home/brilliant/ros2_ws/install/nav_2d_msgs/lib:/home/brilliant/ros2_ws/install/nav2_velocity_smoother/lib:/home/brilliant/ros2_ws/install/nav2_rviz_plugins/lib:/home/brilliant/ros2_ws/install/nav2_amcl/lib:/home/brilliant/ros2_ws/install/diffdrive_arduino/lib:/opt/ros/jazzy/opt/gz_sim_vendor/lib:/opt/ros/jazzy/opt/gz_sensors_vendor/lib:/opt/ros/jazzy/opt/gz_physics_vendor/lib:/opt/ros/jazzy/opt/sdformat_vendor/lib:/opt/ros/jazzy/opt/rviz_ogre_vendor/lib:/opt/ros/jazzy/lib/x86_64-linux-gnu:/opt/ros/jazzy/opt/gz_gui_vendor/lib:/opt/ros/jazzy/opt/gz_transport_vendor/lib:/opt/ros/jazzy/opt/gz_rendering_vendor/lib:/opt/ros/jazzy/opt/gz_plugin_vendor/lib:/opt/ros/jazzy/opt/gz_fuel_tools_vendor/lib:/opt/ros/jazzy/opt/gz_msgs_vendor/lib:/opt/ros/jazzy/opt/gz_common_vendor/lib:/opt/ros/jazzy/opt/gz_math_vendor/lib:/opt/ros/jazzy/opt/gz_utils_vendor/lib:/opt/ros/jazzy/opt/gz_tools_vendor/lib:/opt/ros/jazzy/opt/gz_ogre_next_vendor/lib:/opt/ros/jazzy/opt/gz_dartsim_vendor/lib:/opt/ros/jazzy/opt/gz_cmake_vendor/lib:/opt/ros/jazzy/lib PYTHONPATH=/home/brilliant/ros2_ws/install/nav2_msgs/lib/python3.12/site-packages:/home/brilliant/ros2_ws/install/nav2_common/lib/python3.12/site-packages:/home/brilliant/ros2_ws/build/twist_stamper:/home/brilliant/ros2_ws/install/twist_stamper/lib/python3.12/site-packages:/home/brilliant/ros2_ws/install/dwb_msgs/lib/python3.12/site-packages:/home/brilliant/ros2_ws/install/nav_2d_msgs/lib/python3.12/site-packages:/home/brilliant/ros2_ws/build/nav2_simple_commander:/home/brilliant/ros2_ws/install/nav2_simple_commander/lib/python3.12/site-packages:/home/brilliant/ros2_ws/build/nav2_loopback_sim:/home/brilliant/ros2_ws/install/nav2_loopback_sim/lib/python3.12/site-packages:/opt/ros/jazzy/lib/python3.12/site-packages /usr/bin/cmake --install /home/brilliant/ros2_ws/build/nav2_collision_monitor
