[1.727s] Invoking command in '/home/brilliant/ros2_ws/build/twist_stamper': DEBUGINFOD_URLS=https://debuginfod.ubuntu.com PYTHONPATH=/home/brilliant/ros2_ws/build/twist_stamper/prefix_override:/usr/lib/python3/dist-packages/colcon_core/task/python/colcon_distutils_commands:/home/brilliant/ros2_ws/install/twist_stamper/lib/python3.12/site-packages:${PYTHONPATH} /usr/bin/python3 -W ignore:setup.py install is deprecated -W ignore:easy_install command is deprecated setup.py develop --editable --build-directory /home/brilliant/ros2_ws/build/twist_stamper/build --no-deps symlink_data --force
[2.228s] running develop
[2.556s] running egg_info
[2.588s] writing twist_stamper.egg-info/PKG-INFO
[2.589s] writing dependency_links to twist_stamper.egg-info/dependency_links.txt
[2.590s] writing entry points to twist_stamper.egg-info/entry_points.txt
[2.590s] writing requirements to twist_stamper.egg-info/requires.txt
[2.590s] writing top-level names to twist_stamper.egg-info/top_level.txt
[2.659s] reading manifest file 'twist_stamper.egg-info/SOURCES.txt'
[2.660s] writing manifest file 'twist_stamper.egg-info/SOURCES.txt'
[2.694s] running build_ext
[2.694s] Creating /home/brilliant/ros2_ws/install/twist_stamper/lib/python3.12/site-packages/twist-stamper.egg-link (link to .)
[2.695s] Installing twist_stamper script to /home/brilliant/ros2_ws/install/twist_stamper/lib/twist_stamper
[2.695s] Installing twist_unstamper script to /home/brilliant/ros2_ws/install/twist_stamper/lib/twist_stamper
[2.696s] 
[2.696s] Installed /home/brilliant/ros2_ws/build/twist_stamper
[2.697s] running symlink_data
[2.697s] symbolically linking /home/brilliant/ros2_ws/build/twist_stamper/resource/twist_stamper -> /home/brilliant/ros2_ws/install/twist_stamper/share/ament_index/resource_index/packages
[2.698s] symbolically linking /home/brilliant/ros2_ws/build/twist_stamper/package.xml -> /home/brilliant/ros2_ws/install/twist_stamper/share/twist_stamper
[2.753s] Invoked command in '/home/brilliant/ros2_ws/build/twist_stamper' returned '0': DEBUGINFOD_URLS=https://debuginfod.ubuntu.com PYTHONPATH=/home/brilliant/ros2_ws/build/twist_stamper/prefix_override:/usr/lib/python3/dist-packages/colcon_core/task/python/colcon_distutils_commands:/home/brilliant/ros2_ws/install/twist_stamper/lib/python3.12/site-packages:${PYTHONPATH} /usr/bin/python3 -W ignore:setup.py install is deprecated -W ignore:easy_install command is deprecated setup.py develop --editable --build-directory /home/brilliant/ros2_ws/build/twist_stamper/build --no-deps symlink_data --force
