[0.057s] Invoking command in '/home/brilliant/ros2_ws/build/nav_2d_msgs': CMAKE_PREFIX_PATH=${CMAKE_PREFIX_PATH}:/home/brilliant/ros2_ws/install/twist_stamper:/home/brilliant/ros2_ws/install/nav2_simple_commander:/home/brilliant/ros2_ws/install/nav2_loopback_sim:/opt/ros/jazzy DEBUGINFOD_URLS=https://debuginfod.ubuntu.com /usr/bin/cmake --build /home/brilliant/ros2_ws/build/nav_2d_msgs -- -j4 -l4
[0.325s] [  1%] Built target nav_2d_msgs__rosidl_generator_type_description
[0.438s] [  1%] Built target ament_cmake_python_symlink_nav_2d_msgs
[0.536s] [ 25%] Built target nav_2d_msgs__rosidl_generator_c
[1.177s] running egg_info
[1.239s] writing nav_2d_msgs.egg-info/PKG-INFO
[1.241s] writing dependency_links to nav_2d_msgs.egg-info/dependency_links.txt
[1.242s] writing top-level names to nav_2d_msgs.egg-info/top_level.txt
[1.408s] reading manifest file 'nav_2d_msgs.egg-info/SOURCES.txt'
[1.409s] writing manifest file 'nav_2d_msgs.egg-info/SOURCES.txt'
[1.503s] [ 25%] Built target ament_cmake_python_build_nav_2d_msgs_egg
[1.601s] [ 34%] Built target nav_2d_msgs__rosidl_typesupport_c
[1.722s] [ 44%] Built target nav_2d_msgs__rosidl_typesupport_fastrtps_c
[1.826s] [ 53%] Built target nav_2d_msgs__rosidl_typesupport_introspection_c
[1.906s] [ 54%] Built target nav_2d_msgs__cpp
[2.002s] [ 64%] Built target nav_2d_msgs__rosidl_typesupport_fastrtps_cpp
[2.099s] [ 73%] Built target nav_2d_msgs__rosidl_typesupport_cpp
[2.211s] [ 83%] Built target nav_2d_msgs__rosidl_typesupport_introspection_cpp
[2.299s] [ 83%] Built target nav_2d_msgs
[2.394s] [ 84%] Built target nav_2d_msgs__py
[2.505s] [ 92%] Built target nav_2d_msgs__rosidl_generator_py
[2.580s] [ 95%] Built target nav_2d_msgs_s__rosidl_typesupport_fastrtps_c
[2.660s] [ 97%] Built target nav_2d_msgs_s__rosidl_typesupport_c
[2.774s] [100%] Built target nav_2d_msgs_s__rosidl_typesupport_introspection_c
[2.836s] Invoked command in '/home/brilliant/ros2_ws/build/nav_2d_msgs' returned '0': CMAKE_PREFIX_PATH=${CMAKE_PREFIX_PATH}:/home/brilliant/ros2_ws/install/twist_stamper:/home/brilliant/ros2_ws/install/nav2_simple_commander:/home/brilliant/ros2_ws/install/nav2_loopback_sim:/opt/ros/jazzy DEBUGINFOD_URLS=https://debuginfod.ubuntu.com /usr/bin/cmake --build /home/brilliant/ros2_ws/build/nav_2d_msgs -- -j4 -l4
[2.841s] Invoking command in '/home/brilliant/ros2_ws/build/nav_2d_msgs': CMAKE_PREFIX_PATH=${CMAKE_PREFIX_PATH}:/home/brilliant/ros2_ws/install/twist_stamper:/home/brilliant/ros2_ws/install/nav2_simple_commander:/home/brilliant/ros2_ws/install/nav2_loopback_sim:/opt/ros/jazzy DEBUGINFOD_URLS=https://debuginfod.ubuntu.com /usr/bin/cmake --install /home/brilliant/ros2_ws/build/nav_2d_msgs
[2.873s] -- Install configuration: ""
[2.876s] -- Execute custom install script
[2.879s] -- Up-to-date symlink: /home/brilliant/ros2_ws/install/nav_2d_msgs/share/ament_index/resource_index/rosidl_interfaces/nav_2d_msgs
[2.881s] -- Up-to-date symlink: /home/brilliant/ros2_ws/install/nav_2d_msgs/share/nav_2d_msgs/msg/Path2D.json
[2.884s] -- Up-to-date symlink: /home/brilliant/ros2_ws/install/nav_2d_msgs/share/nav_2d_msgs/msg/Pose2D32.json
[2.888s] -- Up-to-date symlink: /home/brilliant/ros2_ws/install/nav_2d_msgs/share/nav_2d_msgs/msg/Pose2DStamped.json
[2.890s] -- Up-to-date symlink: /home/brilliant/ros2_ws/install/nav_2d_msgs/share/nav_2d_msgs/msg/Twist2D.json
[2.894s] -- Up-to-date symlink: /home/brilliant/ros2_ws/install/nav_2d_msgs/share/nav_2d_msgs/msg/Twist2D32.json
[2.896s] -- Up-to-date symlink: /home/brilliant/ros2_ws/install/nav_2d_msgs/share/nav_2d_msgs/msg/Twist2DStamped.json
[2.902s] -- Up-to-date symlink: /home/brilliant/ros2_ws/install/nav_2d_msgs/include/nav_2d_msgs/nav_2d_msgs/msg/detail/path2_d__functions.h
[2.905s] -- Up-to-date symlink: /home/brilliant/ros2_ws/install/nav_2d_msgs/include/nav_2d_msgs/nav_2d_msgs/msg/detail/path2_d__struct.h
[2.907s] -- Up-to-date symlink: /home/brilliant/ros2_ws/install/nav_2d_msgs/include/nav_2d_msgs/nav_2d_msgs/msg/detail/path2_d__type_support.h
[2.909s] -- Up-to-date symlink: /home/brilliant/ros2_ws/install/nav_2d_msgs/include/nav_2d_msgs/nav_2d_msgs/msg/detail/pose2_d32__functions.h
[2.911s] -- Up-to-date symlink: /home/brilliant/ros2_ws/install/nav_2d_msgs/include/nav_2d_msgs/nav_2d_msgs/msg/detail/pose2_d32__struct.h
[2.912s] -- Up-to-date symlink: /home/brilliant/ros2_ws/install/nav_2d_msgs/include/nav_2d_msgs/nav_2d_msgs/msg/detail/pose2_d32__type_support.h
[2.914s] -- Up-to-date symlink: /home/brilliant/ros2_ws/install/nav_2d_msgs/include/nav_2d_msgs/nav_2d_msgs/msg/detail/pose2_d_stamped__functions.h
[2.915s] -- Up-to-date symlink: /home/brilliant/ros2_ws/install/nav_2d_msgs/include/nav_2d_msgs/nav_2d_msgs/msg/detail/pose2_d_stamped__struct.h
[2.916s] -- Up-to-date symlink: /home/brilliant/ros2_ws/install/nav_2d_msgs/include/nav_2d_msgs/nav_2d_msgs/msg/detail/pose2_d_stamped__type_support.h
[2.917s] -- Up-to-date symlink: /home/brilliant/ros2_ws/install/nav_2d_msgs/include/nav_2d_msgs/nav_2d_msgs/msg/detail/twist2_d32__functions.h
[2.918s] -- Up-to-date symlink: /home/brilliant/ros2_ws/install/nav_2d_msgs/include/nav_2d_msgs/nav_2d_msgs/msg/detail/twist2_d32__struct.h
[2.918s] -- Up-to-date symlink: /home/brilliant/ros2_ws/install/nav_2d_msgs/include/nav_2d_msgs/nav_2d_msgs/msg/detail/twist2_d32__type_support.h
[2.920s] -- Up-to-date symlink: /home/brilliant/ros2_ws/install/nav_2d_msgs/include/nav_2d_msgs/nav_2d_msgs/msg/detail/twist2_d__functions.h
[2.922s] -- Up-to-date symlink: /home/brilliant/ros2_ws/install/nav_2d_msgs/include/nav_2d_msgs/nav_2d_msgs/msg/detail/twist2_d__struct.h
[2.924s] -- Up-to-date symlink: /home/brilliant/ros2_ws/install/nav_2d_msgs/include/nav_2d_msgs/nav_2d_msgs/msg/detail/twist2_d__type_support.h
[2.925s] -- Up-to-date symlink: /home/brilliant/ros2_ws/install/nav_2d_msgs/include/nav_2d_msgs/nav_2d_msgs/msg/detail/twist2_d_stamped__functions.h
[2.928s] -- Up-to-date symlink: /home/brilliant/ros2_ws/install/nav_2d_msgs/include/nav_2d_msgs/nav_2d_msgs/msg/detail/twist2_d_stamped__struct.h
[2.930s] -- Up-to-date symlink: /home/brilliant/ros2_ws/install/nav_2d_msgs/include/nav_2d_msgs/nav_2d_msgs/msg/detail/twist2_d_stamped__type_support.h
[2.931s] -- Up-to-date symlink: /home/brilliant/ros2_ws/install/nav_2d_msgs/include/nav_2d_msgs/nav_2d_msgs/msg/path2_d.h
[2.932s] -- Up-to-date symlink: /home/brilliant/ros2_ws/install/nav_2d_msgs/include/nav_2d_msgs/nav_2d_msgs/msg/pose2_d32.h
[2.933s] -- Up-to-date symlink: /home/brilliant/ros2_ws/install/nav_2d_msgs/include/nav_2d_msgs/nav_2d_msgs/msg/pose2_d_stamped.h
[2.936s] -- Up-to-date symlink: /home/brilliant/ros2_ws/install/nav_2d_msgs/include/nav_2d_msgs/nav_2d_msgs/msg/rosidl_generator_c__visibility_control.h
[2.937s] -- Up-to-date symlink: /home/brilliant/ros2_ws/install/nav_2d_msgs/include/nav_2d_msgs/nav_2d_msgs/msg/twist2_d.h
[2.938s] -- Up-to-date symlink: /home/brilliant/ros2_ws/install/nav_2d_msgs/include/nav_2d_msgs/nav_2d_msgs/msg/twist2_d32.h
[2.941s] -- Up-to-date symlink: /home/brilliant/ros2_ws/install/nav_2d_msgs/include/nav_2d_msgs/nav_2d_msgs/msg/twist2_d_stamped.h
[2.945s] -- Up-to-date symlink: /home/brilliant/ros2_ws/install/nav_2d_msgs/share/nav_2d_msgs/environment/library_path.sh
[2.945s] -- Up-to-date symlink: /home/brilliant/ros2_ws/install/nav_2d_msgs/share/nav_2d_msgs/environment/library_path.dsv
[2.949s] -- Up-to-date symlink: /home/brilliant/ros2_ws/install/nav_2d_msgs/include/nav_2d_msgs/nav_2d_msgs/msg/detail/path2_d__rosidl_typesupport_fastrtps_c.h
[2.950s] -- Up-to-date symlink: /home/brilliant/ros2_ws/install/nav_2d_msgs/include/nav_2d_msgs/nav_2d_msgs/msg/detail/pose2_d32__rosidl_typesupport_fastrtps_c.h
[2.951s] -- Up-to-date symlink: /home/brilliant/ros2_ws/install/nav_2d_msgs/include/nav_2d_msgs/nav_2d_msgs/msg/detail/pose2_d_stamped__rosidl_typesupport_fastrtps_c.h
[2.953s] -- Up-to-date symlink: /home/brilliant/ros2_ws/install/nav_2d_msgs/include/nav_2d_msgs/nav_2d_msgs/msg/detail/twist2_d32__rosidl_typesupport_fastrtps_c.h
[2.955s] -- Up-to-date symlink: /home/brilliant/ros2_ws/install/nav_2d_msgs/include/nav_2d_msgs/nav_2d_msgs/msg/detail/twist2_d__rosidl_typesupport_fastrtps_c.h
[2.956s] -- Up-to-date symlink: /home/brilliant/ros2_ws/install/nav_2d_msgs/include/nav_2d_msgs/nav_2d_msgs/msg/detail/twist2_d_stamped__rosidl_typesupport_fastrtps_c.h
[2.957s] -- Up-to-date symlink: /home/brilliant/ros2_ws/install/nav_2d_msgs/include/nav_2d_msgs/nav_2d_msgs/msg/rosidl_typesupport_fastrtps_c__visibility_control.h
[2.961s] -- Up-to-date symlink: /home/brilliant/ros2_ws/install/nav_2d_msgs/include/nav_2d_msgs/nav_2d_msgs/msg/detail/path2_d__builder.hpp
[2.964s] -- Up-to-date symlink: /home/brilliant/ros2_ws/install/nav_2d_msgs/include/nav_2d_msgs/nav_2d_msgs/msg/detail/path2_d__struct.hpp
[2.966s] -- Up-to-date symlink: /home/brilliant/ros2_ws/install/nav_2d_msgs/include/nav_2d_msgs/nav_2d_msgs/msg/detail/path2_d__traits.hpp
[2.968s] -- Up-to-date symlink: /home/brilliant/ros2_ws/install/nav_2d_msgs/include/nav_2d_msgs/nav_2d_msgs/msg/detail/path2_d__type_support.hpp
[2.969s] -- Up-to-date symlink: /home/brilliant/ros2_ws/install/nav_2d_msgs/include/nav_2d_msgs/nav_2d_msgs/msg/detail/pose2_d32__builder.hpp
[2.970s] -- Up-to-date symlink: /home/brilliant/ros2_ws/install/nav_2d_msgs/include/nav_2d_msgs/nav_2d_msgs/msg/detail/pose2_d32__struct.hpp
[2.970s] -- Up-to-date symlink: /home/brilliant/ros2_ws/install/nav_2d_msgs/include/nav_2d_msgs/nav_2d_msgs/msg/detail/pose2_d32__traits.hpp
[2.971s] -- Up-to-date symlink: /home/brilliant/ros2_ws/install/nav_2d_msgs/include/nav_2d_msgs/nav_2d_msgs/msg/detail/pose2_d32__type_support.hpp
[2.972s] -- Up-to-date symlink: /home/brilliant/ros2_ws/install/nav_2d_msgs/include/nav_2d_msgs/nav_2d_msgs/msg/detail/pose2_d_stamped__builder.hpp
[2.973s] -- Up-to-date symlink: /home/brilliant/ros2_ws/install/nav_2d_msgs/include/nav_2d_msgs/nav_2d_msgs/msg/detail/pose2_d_stamped__struct.hpp
[2.975s] -- Up-to-date symlink: /home/brilliant/ros2_ws/install/nav_2d_msgs/include/nav_2d_msgs/nav_2d_msgs/msg/detail/pose2_d_stamped__traits.hpp
[2.978s] -- Up-to-date symlink: /home/brilliant/ros2_ws/install/nav_2d_msgs/include/nav_2d_msgs/nav_2d_msgs/msg/detail/pose2_d_stamped__type_support.hpp
[2.979s] -- Up-to-date symlink: /home/brilliant/ros2_ws/install/nav_2d_msgs/include/nav_2d_msgs/nav_2d_msgs/msg/detail/twist2_d32__builder.hpp
[2.981s] -- Up-to-date symlink: /home/brilliant/ros2_ws/install/nav_2d_msgs/include/nav_2d_msgs/nav_2d_msgs/msg/detail/twist2_d32__struct.hpp
[2.983s] -- Up-to-date symlink: /home/brilliant/ros2_ws/install/nav_2d_msgs/include/nav_2d_msgs/nav_2d_msgs/msg/detail/twist2_d32__traits.hpp
[2.984s] -- Up-to-date symlink: /home/brilliant/ros2_ws/install/nav_2d_msgs/include/nav_2d_msgs/nav_2d_msgs/msg/detail/twist2_d32__type_support.hpp
[2.986s] -- Up-to-date symlink: /home/brilliant/ros2_ws/install/nav_2d_msgs/include/nav_2d_msgs/nav_2d_msgs/msg/detail/twist2_d__builder.hpp
[2.988s] -- Up-to-date symlink: /home/brilliant/ros2_ws/install/nav_2d_msgs/include/nav_2d_msgs/nav_2d_msgs/msg/detail/twist2_d__struct.hpp
[2.991s] -- Up-to-date symlink: /home/brilliant/ros2_ws/install/nav_2d_msgs/include/nav_2d_msgs/nav_2d_msgs/msg/detail/twist2_d__traits.hpp
[2.995s] -- Up-to-date symlink: /home/brilliant/ros2_ws/install/nav_2d_msgs/include/nav_2d_msgs/nav_2d_msgs/msg/detail/twist2_d__type_support.hpp
[2.996s] -- Up-to-date symlink: /home/brilliant/ros2_ws/install/nav_2d_msgs/include/nav_2d_msgs/nav_2d_msgs/msg/detail/twist2_d_stamped__builder.hpp
[2.997s] -- Up-to-date symlink: /home/brilliant/ros2_ws/install/nav_2d_msgs/include/nav_2d_msgs/nav_2d_msgs/msg/detail/twist2_d_stamped__struct.hpp
[2.997s] -- Up-to-date symlink: /home/brilliant/ros2_ws/install/nav_2d_msgs/include/nav_2d_msgs/nav_2d_msgs/msg/detail/twist2_d_stamped__traits.hpp
[3.000s] -- Up-to-date symlink: /home/brilliant/ros2_ws/install/nav_2d_msgs/include/nav_2d_msgs/nav_2d_msgs/msg/detail/twist2_d_stamped__type_support.hpp
[3.000s] -- Up-to-date symlink: /home/brilliant/ros2_ws/install/nav_2d_msgs/include/nav_2d_msgs/nav_2d_msgs/msg/path2_d.hpp
[3.001s] -- Up-to-date symlink: /home/brilliant/ros2_ws/install/nav_2d_msgs/include/nav_2d_msgs/nav_2d_msgs/msg/pose2_d32.hpp
[3.003s] -- Up-to-date symlink: /home/brilliant/ros2_ws/install/nav_2d_msgs/include/nav_2d_msgs/nav_2d_msgs/msg/pose2_d_stamped.hpp
[3.004s] -- Up-to-date symlink: /home/brilliant/ros2_ws/install/nav_2d_msgs/include/nav_2d_msgs/nav_2d_msgs/msg/rosidl_generator_cpp__visibility_control.hpp
[3.007s] -- Up-to-date symlink: /home/brilliant/ros2_ws/install/nav_2d_msgs/include/nav_2d_msgs/nav_2d_msgs/msg/twist2_d.hpp
[3.008s] -- Up-to-date symlink: /home/brilliant/ros2_ws/install/nav_2d_msgs/include/nav_2d_msgs/nav_2d_msgs/msg/twist2_d32.hpp
[3.008s] -- Up-to-date symlink: /home/brilliant/ros2_ws/install/nav_2d_msgs/include/nav_2d_msgs/nav_2d_msgs/msg/twist2_d_stamped.hpp
[3.012s] -- Up-to-date symlink: /home/brilliant/ros2_ws/install/nav_2d_msgs/include/nav_2d_msgs/nav_2d_msgs/msg/detail/path2_d__rosidl_typesupport_fastrtps_cpp.hpp
[3.014s] -- Up-to-date symlink: /home/brilliant/ros2_ws/install/nav_2d_msgs/include/nav_2d_msgs/nav_2d_msgs/msg/detail/pose2_d32__rosidl_typesupport_fastrtps_cpp.hpp
[3.016s] -- Up-to-date symlink: /home/brilliant/ros2_ws/install/nav_2d_msgs/include/nav_2d_msgs/nav_2d_msgs/msg/detail/pose2_d_stamped__rosidl_typesupport_fastrtps_cpp.hpp
[3.017s] -- Up-to-date symlink: /home/brilliant/ros2_ws/install/nav_2d_msgs/include/nav_2d_msgs/nav_2d_msgs/msg/detail/twist2_d32__rosidl_typesupport_fastrtps_cpp.hpp
[3.018s] -- Up-to-date symlink: /home/brilliant/ros2_ws/install/nav_2d_msgs/include/nav_2d_msgs/nav_2d_msgs/msg/detail/twist2_d__rosidl_typesupport_fastrtps_cpp.hpp
[3.019s] -- Up-to-date symlink: /home/brilliant/ros2_ws/install/nav_2d_msgs/include/nav_2d_msgs/nav_2d_msgs/msg/detail/twist2_d_stamped__rosidl_typesupport_fastrtps_cpp.hpp
[3.020s] -- Up-to-date symlink: /home/brilliant/ros2_ws/install/nav_2d_msgs/include/nav_2d_msgs/nav_2d_msgs/msg/rosidl_typesupport_fastrtps_cpp__visibility_control.h
[3.023s] -- Up-to-date symlink: /home/brilliant/ros2_ws/install/nav_2d_msgs/include/nav_2d_msgs/nav_2d_msgs/msg/detail/path2_d__rosidl_typesupport_introspection_c.h
[3.024s] -- Up-to-date symlink: /home/brilliant/ros2_ws/install/nav_2d_msgs/include/nav_2d_msgs/nav_2d_msgs/msg/detail/pose2_d32__rosidl_typesupport_introspection_c.h
[3.026s] -- Up-to-date symlink: /home/brilliant/ros2_ws/install/nav_2d_msgs/include/nav_2d_msgs/nav_2d_msgs/msg/detail/pose2_d_stamped__rosidl_typesupport_introspection_c.h
[3.028s] -- Up-to-date symlink: /home/brilliant/ros2_ws/install/nav_2d_msgs/include/nav_2d_msgs/nav_2d_msgs/msg/detail/twist2_d32__rosidl_typesupport_introspection_c.h
[3.030s] -- Up-to-date symlink: /home/brilliant/ros2_ws/install/nav_2d_msgs/include/nav_2d_msgs/nav_2d_msgs/msg/detail/twist2_d__rosidl_typesupport_introspection_c.h
[3.031s] -- Up-to-date symlink: /home/brilliant/ros2_ws/install/nav_2d_msgs/include/nav_2d_msgs/nav_2d_msgs/msg/detail/twist2_d_stamped__rosidl_typesupport_introspection_c.h
[3.034s] -- Up-to-date symlink: /home/brilliant/ros2_ws/install/nav_2d_msgs/include/nav_2d_msgs/nav_2d_msgs/msg/rosidl_typesupport_introspection_c__visibility_control.h
[3.037s] -- Up-to-date symlink: /home/brilliant/ros2_ws/install/nav_2d_msgs/include/nav_2d_msgs/nav_2d_msgs/msg/detail/path2_d__rosidl_typesupport_introspection_cpp.hpp
[3.039s] -- Up-to-date symlink: /home/brilliant/ros2_ws/install/nav_2d_msgs/include/nav_2d_msgs/nav_2d_msgs/msg/detail/pose2_d32__rosidl_typesupport_introspection_cpp.hpp
[3.041s] -- Up-to-date symlink: /home/brilliant/ros2_ws/install/nav_2d_msgs/include/nav_2d_msgs/nav_2d_msgs/msg/detail/pose2_d_stamped__rosidl_typesupport_introspection_cpp.hpp
[3.043s] -- Up-to-date symlink: /home/brilliant/ros2_ws/install/nav_2d_msgs/include/nav_2d_msgs/nav_2d_msgs/msg/detail/twist2_d32__rosidl_typesupport_introspection_cpp.hpp
[3.045s] -- Up-to-date symlink: /home/brilliant/ros2_ws/install/nav_2d_msgs/include/nav_2d_msgs/nav_2d_msgs/msg/detail/twist2_d__rosidl_typesupport_introspection_cpp.hpp
[3.046s] -- Up-to-date symlink: /home/brilliant/ros2_ws/install/nav_2d_msgs/include/nav_2d_msgs/nav_2d_msgs/msg/detail/twist2_d_stamped__rosidl_typesupport_introspection_cpp.hpp
[3.050s] -- Up-to-date symlink: /home/brilliant/ros2_ws/install/nav_2d_msgs/share/nav_2d_msgs/environment/pythonpath.sh
[3.051s] -- Up-to-date symlink: /home/brilliant/ros2_ws/install/nav_2d_msgs/share/nav_2d_msgs/environment/pythonpath.dsv
[3.052s] -- Up-to-date symlink: /home/brilliant/ros2_ws/install/nav_2d_msgs/lib/python3.12/site-packages/nav_2d_msgs-1.3.7-py3.12.egg-info/PKG-INFO
[3.053s] -- Up-to-date symlink: /home/brilliant/ros2_ws/install/nav_2d_msgs/lib/python3.12/site-packages/nav_2d_msgs-1.3.7-py3.12.egg-info/SOURCES.txt
[3.055s] -- Up-to-date symlink: /home/brilliant/ros2_ws/install/nav_2d_msgs/lib/python3.12/site-packages/nav_2d_msgs-1.3.7-py3.12.egg-info/dependency_links.txt
[3.058s] -- Up-to-date symlink: /home/brilliant/ros2_ws/install/nav_2d_msgs/lib/python3.12/site-packages/nav_2d_msgs-1.3.7-py3.12.egg-info/top_level.txt
[3.060s] -- Up-to-date symlink: /home/brilliant/ros2_ws/install/nav_2d_msgs/lib/python3.12/site-packages/nav_2d_msgs/__init__.py
[3.062s] -- Up-to-date symlink: /home/brilliant/ros2_ws/install/nav_2d_msgs/lib/python3.12/site-packages/nav_2d_msgs/_nav_2d_msgs_s.ep.rosidl_typesupport_c.c
[3.064s] -- Up-to-date symlink: /home/brilliant/ros2_ws/install/nav_2d_msgs/lib/python3.12/site-packages/nav_2d_msgs/_nav_2d_msgs_s.ep.rosidl_typesupport_fastrtps_c.c
[3.066s] -- Up-to-date symlink: /home/brilliant/ros2_ws/install/nav_2d_msgs/lib/python3.12/site-packages/nav_2d_msgs/_nav_2d_msgs_s.ep.rosidl_typesupport_introspection_c.c
[3.068s] -- Up-to-date symlink: /home/brilliant/ros2_ws/install/nav_2d_msgs/lib/python3.12/site-packages/nav_2d_msgs/msg/__init__.py
[3.069s] -- Up-to-date symlink: /home/brilliant/ros2_ws/install/nav_2d_msgs/lib/python3.12/site-packages/nav_2d_msgs/msg/_path2_d.py
[3.071s] -- Up-to-date symlink: /home/brilliant/ros2_ws/install/nav_2d_msgs/lib/python3.12/site-packages/nav_2d_msgs/msg/_path2_d_s.c
[3.072s] -- Up-to-date symlink: /home/brilliant/ros2_ws/install/nav_2d_msgs/lib/python3.12/site-packages/nav_2d_msgs/msg/_pose2_d32.py
[3.073s] -- Up-to-date symlink: /home/brilliant/ros2_ws/install/nav_2d_msgs/lib/python3.12/site-packages/nav_2d_msgs/msg/_pose2_d32_s.c
[3.074s] -- Up-to-date symlink: /home/brilliant/ros2_ws/install/nav_2d_msgs/lib/python3.12/site-packages/nav_2d_msgs/msg/_pose2_d_stamped.py
[3.076s] -- Up-to-date symlink: /home/brilliant/ros2_ws/install/nav_2d_msgs/lib/python3.12/site-packages/nav_2d_msgs/msg/_pose2_d_stamped_s.c
[3.077s] -- Up-to-date symlink: /home/brilliant/ros2_ws/install/nav_2d_msgs/lib/python3.12/site-packages/nav_2d_msgs/msg/_twist2_d.py
[3.077s] -- Up-to-date symlink: /home/brilliant/ros2_ws/install/nav_2d_msgs/lib/python3.12/site-packages/nav_2d_msgs/msg/_twist2_d32.py
[3.081s] -- Up-to-date symlink: /home/brilliant/ros2_ws/install/nav_2d_msgs/lib/python3.12/site-packages/nav_2d_msgs/msg/_twist2_d32_s.c
[3.083s] -- Up-to-date symlink: /home/brilliant/ros2_ws/install/nav_2d_msgs/lib/python3.12/site-packages/nav_2d_msgs/msg/_twist2_d_s.c
[3.083s] -- Up-to-date symlink: /home/brilliant/ros2_ws/install/nav_2d_msgs/lib/python3.12/site-packages/nav_2d_msgs/msg/_twist2_d_stamped.py
[3.085s] -- Up-to-date symlink: /home/brilliant/ros2_ws/install/nav_2d_msgs/lib/python3.12/site-packages/nav_2d_msgs/msg/_twist2_d_stamped_s.c
[3.085s] -- Up-to-date symlink: /home/brilliant/ros2_ws/install/nav_2d_msgs/lib/python3.12/site-packages/nav_2d_msgs/nav_2d_msgs_s__rosidl_typesupport_c.so
[3.087s] -- Up-to-date symlink: /home/brilliant/ros2_ws/install/nav_2d_msgs/lib/python3.12/site-packages/nav_2d_msgs/nav_2d_msgs_s__rosidl_typesupport_fastrtps_c.so
[3.088s] -- Up-to-date symlink: /home/brilliant/ros2_ws/install/nav_2d_msgs/lib/python3.12/site-packages/nav_2d_msgs/nav_2d_msgs_s__rosidl_typesupport_introspection_c.so
[3.089s] -- Up-to-date symlink: /home/brilliant/ros2_ws/install/nav_2d_msgs/lib/python3.12/site-packages/nav_2d_msgs/nav_2d_msgs_s__rosidl_typesupport_fastrtps_c.so
[3.094s] -- Up-to-date symlink: /home/brilliant/ros2_ws/install/nav_2d_msgs/lib/python3.12/site-packages/nav_2d_msgs/nav_2d_msgs_s__rosidl_typesupport_introspection_c.so
[3.095s] -- Up-to-date symlink: /home/brilliant/ros2_ws/install/nav_2d_msgs/lib/python3.12/site-packages/nav_2d_msgs/nav_2d_msgs_s__rosidl_typesupport_c.so
[3.097s] -- Up-to-date symlink: /home/brilliant/ros2_ws/install/nav_2d_msgs/share/nav_2d_msgs/msg/Path2D.idl
[3.100s] -- Up-to-date symlink: /home/brilliant/ros2_ws/install/nav_2d_msgs/share/nav_2d_msgs/msg/Pose2D32.idl
[3.102s] -- Up-to-date symlink: /home/brilliant/ros2_ws/install/nav_2d_msgs/share/nav_2d_msgs/msg/Pose2DStamped.idl
[3.103s] -- Up-to-date symlink: /home/brilliant/ros2_ws/install/nav_2d_msgs/share/nav_2d_msgs/msg/Twist2D.idl
[3.105s] -- Up-to-date symlink: /home/brilliant/ros2_ws/install/nav_2d_msgs/share/nav_2d_msgs/msg/Twist2D32.idl
[3.108s] -- Up-to-date symlink: /home/brilliant/ros2_ws/install/nav_2d_msgs/share/nav_2d_msgs/msg/Twist2DStamped.idl
[3.110s] -- Up-to-date symlink: /home/brilliant/ros2_ws/install/nav_2d_msgs/share/nav_2d_msgs/msg/Path2D.msg
[3.113s] -- Up-to-date symlink: /home/brilliant/ros2_ws/install/nav_2d_msgs/share/nav_2d_msgs/msg/Pose2D32.msg
[3.117s] -- Up-to-date symlink: /home/brilliant/ros2_ws/install/nav_2d_msgs/share/nav_2d_msgs/msg/Pose2DStamped.msg
[3.117s] -- Up-to-date symlink: /home/brilliant/ros2_ws/install/nav_2d_msgs/share/nav_2d_msgs/msg/Twist2D.msg
[3.119s] -- Up-to-date symlink: /home/brilliant/ros2_ws/install/nav_2d_msgs/share/nav_2d_msgs/msg/Twist2D32.msg
[3.121s] -- Up-to-date symlink: /home/brilliant/ros2_ws/install/nav_2d_msgs/share/nav_2d_msgs/msg/Twist2DStamped.msg
[3.122s] -- Up-to-date symlink: /home/brilliant/ros2_ws/install/nav_2d_msgs/share/ament_index/resource_index/package_run_dependencies/nav_2d_msgs
[3.123s] -- Up-to-date symlink: /home/brilliant/ros2_ws/install/nav_2d_msgs/share/ament_index/resource_index/parent_prefix_path/nav_2d_msgs
[3.125s] -- Up-to-date symlink: /home/brilliant/ros2_ws/install/nav_2d_msgs/share/nav_2d_msgs/environment/ament_prefix_path.sh
[3.126s] -- Up-to-date symlink: /home/brilliant/ros2_ws/install/nav_2d_msgs/share/nav_2d_msgs/environment/ament_prefix_path.dsv
[3.128s] -- Up-to-date symlink: /home/brilliant/ros2_ws/install/nav_2d_msgs/share/nav_2d_msgs/environment/path.sh
[3.128s] -- Up-to-date symlink: /home/brilliant/ros2_ws/install/nav_2d_msgs/share/nav_2d_msgs/environment/path.dsv
[3.131s] -- Up-to-date symlink: /home/brilliant/ros2_ws/install/nav_2d_msgs/share/nav_2d_msgs/local_setup.bash
[3.132s] -- Up-to-date symlink: /home/brilliant/ros2_ws/install/nav_2d_msgs/share/nav_2d_msgs/local_setup.sh
[3.137s] -- Up-to-date symlink: /home/brilliant/ros2_ws/install/nav_2d_msgs/share/nav_2d_msgs/local_setup.zsh
[3.137s] -- Up-to-date symlink: /home/brilliant/ros2_ws/install/nav_2d_msgs/share/nav_2d_msgs/local_setup.dsv
[3.138s] -- Symlinking: /home/brilliant/ros2_ws/install/nav_2d_msgs/share/nav_2d_msgs/package.dsv
[3.178s] -- Up-to-date symlink: /home/brilliant/ros2_ws/install/nav_2d_msgs/share/ament_index/resource_index/packages/nav_2d_msgs
[3.179s] -- Up-to-date symlink: /home/brilliant/ros2_ws/install/nav_2d_msgs/share/nav_2d_msgs/cmake/rosidl_cmake-extras.cmake
[3.180s] -- Up-to-date symlink: /home/brilliant/ros2_ws/install/nav_2d_msgs/share/nav_2d_msgs/cmake/ament_cmake_export_dependencies-extras.cmake
[3.184s] -- Up-to-date symlink: /home/brilliant/ros2_ws/install/nav_2d_msgs/share/nav_2d_msgs/cmake/ament_cmake_export_include_directories-extras.cmake
[3.184s] -- Up-to-date symlink: /home/brilliant/ros2_ws/install/nav_2d_msgs/share/nav_2d_msgs/cmake/ament_cmake_export_libraries-extras.cmake
[3.185s] -- Up-to-date symlink: /home/brilliant/ros2_ws/install/nav_2d_msgs/share/nav_2d_msgs/cmake/ament_cmake_export_targets-extras.cmake
[3.186s] -- Up-to-date symlink: /home/brilliant/ros2_ws/install/nav_2d_msgs/share/nav_2d_msgs/cmake/rosidl_cmake_export_typesupport_targets-extras.cmake
[3.187s] -- Up-to-date symlink: /home/brilliant/ros2_ws/install/nav_2d_msgs/share/nav_2d_msgs/cmake/rosidl_cmake_export_typesupport_libraries-extras.cmake
[3.189s] -- Up-to-date symlink: /home/brilliant/ros2_ws/install/nav_2d_msgs/share/nav_2d_msgs/cmake/nav_2d_msgsConfig.cmake
[3.191s] -- Up-to-date symlink: /home/brilliant/ros2_ws/install/nav_2d_msgs/share/nav_2d_msgs/cmake/nav_2d_msgsConfig-version.cmake
[3.192s] -- Up-to-date symlink: /home/brilliant/ros2_ws/install/nav_2d_msgs/share/nav_2d_msgs/package.xml
[3.199s] -- Up-to-date: /home/brilliant/ros2_ws/install/nav_2d_msgs/lib/libnav_2d_msgs__rosidl_generator_c.so
[3.203s] -- Up-to-date: /home/brilliant/ros2_ws/install/nav_2d_msgs/lib/libnav_2d_msgs__rosidl_typesupport_fastrtps_c.so
[3.206s] -- Up-to-date: /home/brilliant/ros2_ws/install/nav_2d_msgs/lib/libnav_2d_msgs__rosidl_typesupport_fastrtps_cpp.so
[3.209s] -- Up-to-date: /home/brilliant/ros2_ws/install/nav_2d_msgs/lib/libnav_2d_msgs__rosidl_typesupport_introspection_c.so
[3.214s] -- Up-to-date: /home/brilliant/ros2_ws/install/nav_2d_msgs/lib/libnav_2d_msgs__rosidl_typesupport_c.so
[3.219s] -- Up-to-date: /home/brilliant/ros2_ws/install/nav_2d_msgs/lib/libnav_2d_msgs__rosidl_typesupport_introspection_cpp.so
[3.222s] -- Up-to-date: /home/brilliant/ros2_ws/install/nav_2d_msgs/lib/libnav_2d_msgs__rosidl_typesupport_cpp.so
[3.327s] Listing '/home/brilliant/ros2_ws/install/nav_2d_msgs/lib/python3.12/site-packages/nav_2d_msgs'...
[3.330s] Listing '/home/brilliant/ros2_ws/install/nav_2d_msgs/lib/python3.12/site-packages/nav_2d_msgs/msg'...
[3.360s] -- Up-to-date: /home/brilliant/ros2_ws/install/nav_2d_msgs/lib/libnav_2d_msgs__rosidl_generator_py.so
[3.364s] -- Up-to-date: /home/brilliant/ros2_ws/install/nav_2d_msgs/share/nav_2d_msgs/cmake/export_nav_2d_msgs__rosidl_generator_cExport.cmake
[3.366s] -- Up-to-date: /home/brilliant/ros2_ws/install/nav_2d_msgs/share/nav_2d_msgs/cmake/export_nav_2d_msgs__rosidl_generator_cExport-noconfig.cmake
[3.366s] -- Up-to-date: /home/brilliant/ros2_ws/install/nav_2d_msgs/share/nav_2d_msgs/cmake/export_nav_2d_msgs__rosidl_typesupport_fastrtps_cExport.cmake
[3.366s] -- Up-to-date: /home/brilliant/ros2_ws/install/nav_2d_msgs/share/nav_2d_msgs/cmake/export_nav_2d_msgs__rosidl_typesupport_fastrtps_cExport-noconfig.cmake
[3.367s] -- Up-to-date: /home/brilliant/ros2_ws/install/nav_2d_msgs/share/nav_2d_msgs/cmake/export_nav_2d_msgs__rosidl_generator_cppExport.cmake
[3.370s] -- Up-to-date: /home/brilliant/ros2_ws/install/nav_2d_msgs/share/nav_2d_msgs/cmake/export_nav_2d_msgs__rosidl_typesupport_fastrtps_cppExport.cmake
[3.370s] -- Up-to-date: /home/brilliant/ros2_ws/install/nav_2d_msgs/share/nav_2d_msgs/cmake/export_nav_2d_msgs__rosidl_typesupport_fastrtps_cppExport-noconfig.cmake
[3.370s] -- Up-to-date: /home/brilliant/ros2_ws/install/nav_2d_msgs/share/nav_2d_msgs/cmake/nav_2d_msgs__rosidl_typesupport_introspection_cExport.cmake
[3.374s] -- Up-to-date: /home/brilliant/ros2_ws/install/nav_2d_msgs/share/nav_2d_msgs/cmake/nav_2d_msgs__rosidl_typesupport_introspection_cExport-noconfig.cmake
[3.374s] -- Up-to-date: /home/brilliant/ros2_ws/install/nav_2d_msgs/share/nav_2d_msgs/cmake/nav_2d_msgs__rosidl_typesupport_cExport.cmake
[3.374s] -- Up-to-date: /home/brilliant/ros2_ws/install/nav_2d_msgs/share/nav_2d_msgs/cmake/nav_2d_msgs__rosidl_typesupport_cExport-noconfig.cmake
[3.374s] -- Up-to-date: /home/brilliant/ros2_ws/install/nav_2d_msgs/share/nav_2d_msgs/cmake/nav_2d_msgs__rosidl_typesupport_introspection_cppExport.cmake
[3.375s] -- Up-to-date: /home/brilliant/ros2_ws/install/nav_2d_msgs/share/nav_2d_msgs/cmake/nav_2d_msgs__rosidl_typesupport_introspection_cppExport-noconfig.cmake
[3.378s] -- Up-to-date: /home/brilliant/ros2_ws/install/nav_2d_msgs/share/nav_2d_msgs/cmake/nav_2d_msgs__rosidl_typesupport_cppExport.cmake
[3.379s] -- Up-to-date: /home/brilliant/ros2_ws/install/nav_2d_msgs/share/nav_2d_msgs/cmake/nav_2d_msgs__rosidl_typesupport_cppExport-noconfig.cmake
[3.387s] -- Up-to-date: /home/brilliant/ros2_ws/install/nav_2d_msgs/share/nav_2d_msgs/cmake/export_nav_2d_msgs__rosidl_generator_pyExport.cmake
[3.387s] -- Up-to-date: /home/brilliant/ros2_ws/install/nav_2d_msgs/share/nav_2d_msgs/cmake/export_nav_2d_msgs__rosidl_generator_pyExport-noconfig.cmake
[3.394s] Invoked command in '/home/brilliant/ros2_ws/build/nav_2d_msgs' returned '0': CMAKE_PREFIX_PATH=${CMAKE_PREFIX_PATH}:/home/brilliant/ros2_ws/install/twist_stamper:/home/brilliant/ros2_ws/install/nav2_simple_commander:/home/brilliant/ros2_ws/install/nav2_loopback_sim:/opt/ros/jazzy DEBUGINFOD_URLS=https://debuginfod.ubuntu.com /usr/bin/cmake --install /home/brilliant/ros2_ws/build/nav_2d_msgs
