[0.176s] DEBUG:colcon:Command line arguments: ['/usr/bin/colcon', 'build', '--symlink-install']
[0.176s] DEBUG:colcon:Parsed command line arguments: Namespace(log_base=None, log_level=None, verb_name='build', build_base='build', install_base='install', merge_install=False, symlink_install=True, test_result_base=None, continue_on_error=False, executor='parallel', parallel_workers=4, event_handlers=None, ignore_user_meta=False, metas=['./colcon.meta'], base_paths=['.'], packages_ignore=None, packages_ignore_regex=None, paths=None, packages_up_to=None, packages_up_to_regex=None, packages_above=None, packages_above_and_dependencies=None, packages_above_depth=None, packages_select_by_dep=None, packages_skip_by_dep=None, packages_skip_up_to=None, packages_select_build_failed=False, packages_skip_build_finished=False, packages_select_test_failures=False, packages_skip_test_passed=False, packages_select=None, packages_skip=None, packages_select_regex=None, packages_skip_regex=None, packages_start=None, packages_end=None, allow_overriding=[], cmake_args=None, cmake_target=None, cmake_target_skip_unavailable=False, cmake_clean_cache=False, cmake_clean_first=False, cmake_force_configure=False, ament_cmake_args=None, catkin_cmake_args=None, catkin_skip_building_tests=False, mixin_files=None, mixin=None, verb_parser=<colcon_mixin.mixin.mixin_argument.MixinArgumentDecorator object at 0x764dd4ca4800>, verb_extension=<colcon_core.verb.build.BuildVerb object at 0x764dd4ca43e0>, main=<bound method BuildVerb.main of <colcon_core.verb.build.BuildVerb object at 0x764dd4ca43e0>>, mixin_verb=('build',))
[0.250s] Level 1:colcon.colcon_core.package_discovery:discover_packages(colcon_meta) check parameters
[0.250s] Level 1:colcon.colcon_core.package_discovery:discover_packages(recursive) check parameters
[0.250s] Level 1:colcon.colcon_core.package_discovery:discover_packages(ignore) check parameters
[0.250s] Level 1:colcon.colcon_core.package_discovery:discover_packages(path) check parameters
[0.250s] Level 1:colcon.colcon_core.package_discovery:discover_packages(colcon_meta) discover
[0.250s] Level 1:colcon.colcon_core.package_discovery:discover_packages(recursive) discover
[0.250s] INFO:colcon.colcon_core.package_discovery:Crawling recursively for packages in '/home/brilliant/ros2_ws'
[0.251s] Level 1:colcon.colcon_core.package_identification:_identify(.) by extensions ['ignore', 'ignore_ament_install']
[0.251s] Level 1:colcon.colcon_core.package_identification:_identify(.) by extension 'ignore'
[0.251s] Level 1:colcon.colcon_core.package_identification:_identify(.) by extension 'ignore_ament_install'
[0.251s] Level 1:colcon.colcon_core.package_identification:_identify(.) by extensions ['colcon_pkg']
[0.251s] Level 1:colcon.colcon_core.package_identification:_identify(.) by extension 'colcon_pkg'
[0.251s] Level 1:colcon.colcon_core.package_identification:_identify(.) by extensions ['colcon_meta']
[0.251s] Level 1:colcon.colcon_core.package_identification:_identify(.) by extension 'colcon_meta'
[0.251s] Level 1:colcon.colcon_core.package_identification:_identify(.) by extensions ['ros']
[0.251s] Level 1:colcon.colcon_core.package_identification:_identify(.) by extension 'ros'
[0.293s] Level 1:colcon.colcon_core.package_identification:_identify(.) by extensions ['cmake', 'python']
[0.293s] Level 1:colcon.colcon_core.package_identification:_identify(.) by extension 'cmake'
[0.293s] Level 1:colcon.colcon_core.package_identification:_identify(.) by extension 'python'
[0.293s] Level 1:colcon.colcon_core.package_identification:_identify(.) by extensions ['python_setup_py']
[0.293s] Level 1:colcon.colcon_core.package_identification:_identify(.) by extension 'python_setup_py'
[0.293s] Level 1:colcon.colcon_core.package_identification:_identify(build) by extensions ['ignore', 'ignore_ament_install']
[0.293s] Level 1:colcon.colcon_core.package_identification:_identify(build) by extension 'ignore'
[0.294s] Level 1:colcon.colcon_core.package_identification:_identify(build) ignored
[0.294s] Level 1:colcon.colcon_core.package_identification:_identify(install) by extensions ['ignore', 'ignore_ament_install']
[0.294s] Level 1:colcon.colcon_core.package_identification:_identify(install) by extension 'ignore'
[0.294s] Level 1:colcon.colcon_core.package_identification:_identify(install) ignored
[0.294s] Level 1:colcon.colcon_core.package_identification:_identify(log) by extensions ['ignore', 'ignore_ament_install']
[0.294s] Level 1:colcon.colcon_core.package_identification:_identify(log) by extension 'ignore'
[0.294s] Level 1:colcon.colcon_core.package_identification:_identify(log) ignored
[0.295s] Level 1:colcon.colcon_core.package_identification:_identify(src) by extensions ['ignore', 'ignore_ament_install']
[0.295s] Level 1:colcon.colcon_core.package_identification:_identify(src) by extension 'ignore'
[0.295s] Level 1:colcon.colcon_core.package_identification:_identify(src) by extension 'ignore_ament_install'
[0.295s] Level 1:colcon.colcon_core.package_identification:_identify(src) by extensions ['colcon_pkg']
[0.295s] Level 1:colcon.colcon_core.package_identification:_identify(src) by extension 'colcon_pkg'
[0.295s] Level 1:colcon.colcon_core.package_identification:_identify(src) by extensions ['colcon_meta']
[0.295s] Level 1:colcon.colcon_core.package_identification:_identify(src) by extension 'colcon_meta'
[0.295s] Level 1:colcon.colcon_core.package_identification:_identify(src) by extensions ['ros']
[0.295s] Level 1:colcon.colcon_core.package_identification:_identify(src) by extension 'ros'
[0.295s] Level 1:colcon.colcon_core.package_identification:_identify(src) by extensions ['cmake', 'python']
[0.296s] Level 1:colcon.colcon_core.package_identification:_identify(src) by extension 'cmake'
[0.296s] Level 1:colcon.colcon_core.package_identification:_identify(src) by extension 'python'
[0.296s] Level 1:colcon.colcon_core.package_identification:_identify(src) by extensions ['python_setup_py']
[0.296s] Level 1:colcon.colcon_core.package_identification:_identify(src) by extension 'python_setup_py'
[0.296s] Level 1:colcon.colcon_core.package_identification:_identify(src/diffdrive_arduino) by extensions ['ignore', 'ignore_ament_install']
[0.296s] Level 1:colcon.colcon_core.package_identification:_identify(src/diffdrive_arduino) by extension 'ignore'
[0.296s] Level 1:colcon.colcon_core.package_identification:_identify(src/diffdrive_arduino) by extension 'ignore_ament_install'
[0.296s] Level 1:colcon.colcon_core.package_identification:_identify(src/diffdrive_arduino) by extensions ['colcon_pkg']
[0.296s] Level 1:colcon.colcon_core.package_identification:_identify(src/diffdrive_arduino) by extension 'colcon_pkg'
[0.297s] Level 1:colcon.colcon_core.package_identification:_identify(src/diffdrive_arduino) by extensions ['colcon_meta']
[0.297s] Level 1:colcon.colcon_core.package_identification:_identify(src/diffdrive_arduino) by extension 'colcon_meta'
[0.297s] Level 1:colcon.colcon_core.package_identification:_identify(src/diffdrive_arduino) by extensions ['ros']
[0.297s] Level 1:colcon.colcon_core.package_identification:_identify(src/diffdrive_arduino) by extension 'ros'
[0.301s] DEBUG:colcon.colcon_core.package_identification:Package 'src/diffdrive_arduino' with type 'ros.ament_cmake' and name 'diffdrive_arduino'
[0.301s] Level 1:colcon.colcon_core.package_identification:_identify(src/minibot) by extensions ['ignore', 'ignore_ament_install']
[0.301s] Level 1:colcon.colcon_core.package_identification:_identify(src/minibot) by extension 'ignore'
[0.301s] Level 1:colcon.colcon_core.package_identification:_identify(src/minibot) by extension 'ignore_ament_install'
[0.302s] Level 1:colcon.colcon_core.package_identification:_identify(src/minibot) by extensions ['colcon_pkg']
[0.302s] Level 1:colcon.colcon_core.package_identification:_identify(src/minibot) by extension 'colcon_pkg'
[0.302s] Level 1:colcon.colcon_core.package_identification:_identify(src/minibot) by extensions ['colcon_meta']
[0.302s] Level 1:colcon.colcon_core.package_identification:_identify(src/minibot) by extension 'colcon_meta'
[0.302s] Level 1:colcon.colcon_core.package_identification:_identify(src/minibot) by extensions ['ros']
[0.302s] Level 1:colcon.colcon_core.package_identification:_identify(src/minibot) by extension 'ros'
[0.303s] DEBUG:colcon.colcon_core.package_identification:Package 'src/minibot' with type 'ros.ament_cmake' and name 'minibot'
[0.303s] Level 1:colcon.colcon_core.package_identification:_identify(src/serial) by extensions ['ignore', 'ignore_ament_install']
[0.303s] Level 1:colcon.colcon_core.package_identification:_identify(src/serial) by extension 'ignore'
[0.303s] Level 1:colcon.colcon_core.package_identification:_identify(src/serial) by extension 'ignore_ament_install'
[0.303s] Level 1:colcon.colcon_core.package_identification:_identify(src/serial) by extensions ['colcon_pkg']
[0.303s] Level 1:colcon.colcon_core.package_identification:_identify(src/serial) by extension 'colcon_pkg'
[0.303s] Level 1:colcon.colcon_core.package_identification:_identify(src/serial) by extensions ['colcon_meta']
[0.304s] Level 1:colcon.colcon_core.package_identification:_identify(src/serial) by extension 'colcon_meta'
[0.304s] Level 1:colcon.colcon_core.package_identification:_identify(src/serial) by extensions ['ros']
[0.304s] Level 1:colcon.colcon_core.package_identification:_identify(src/serial) by extension 'ros'
[0.304s] DEBUG:colcon.colcon_core.package_identification:Package 'src/serial' with type 'ros.ament_cmake' and name 'serial'
[0.305s] Level 1:colcon.colcon_core.package_identification:_identify(src/sllidar_ros2) by extensions ['ignore', 'ignore_ament_install']
[0.305s] Level 1:colcon.colcon_core.package_identification:_identify(src/sllidar_ros2) by extension 'ignore'
[0.305s] Level 1:colcon.colcon_core.package_identification:_identify(src/sllidar_ros2) by extension 'ignore_ament_install'
[0.305s] Level 1:colcon.colcon_core.package_identification:_identify(src/sllidar_ros2) by extensions ['colcon_pkg']
[0.305s] Level 1:colcon.colcon_core.package_identification:_identify(src/sllidar_ros2) by extension 'colcon_pkg'
[0.305s] Level 1:colcon.colcon_core.package_identification:_identify(src/sllidar_ros2) by extensions ['colcon_meta']
[0.305s] Level 1:colcon.colcon_core.package_identification:_identify(src/sllidar_ros2) by extension 'colcon_meta'
[0.305s] Level 1:colcon.colcon_core.package_identification:_identify(src/sllidar_ros2) by extensions ['ros']
[0.305s] Level 1:colcon.colcon_core.package_identification:_identify(src/sllidar_ros2) by extension 'ros'
[0.306s] DEBUG:colcon.colcon_core.package_identification:Package 'src/sllidar_ros2' with type 'ros.ament_cmake' and name 'sllidar_ros2'
[0.307s] Level 1:colcon.colcon_core.package_identification:_identify(src/twist_stamper) by extensions ['ignore', 'ignore_ament_install']
[0.307s] Level 1:colcon.colcon_core.package_identification:_identify(src/twist_stamper) by extension 'ignore'
[0.307s] Level 1:colcon.colcon_core.package_identification:_identify(src/twist_stamper) by extension 'ignore_ament_install'
[0.307s] Level 1:colcon.colcon_core.package_identification:_identify(src/twist_stamper) by extensions ['colcon_pkg']
[0.307s] Level 1:colcon.colcon_core.package_identification:_identify(src/twist_stamper) by extension 'colcon_pkg'
[0.307s] Level 1:colcon.colcon_core.package_identification:_identify(src/twist_stamper) by extensions ['colcon_meta']
[0.307s] Level 1:colcon.colcon_core.package_identification:_identify(src/twist_stamper) by extension 'colcon_meta'
[0.307s] Level 1:colcon.colcon_core.package_identification:_identify(src/twist_stamper) by extensions ['ros']
[0.307s] Level 1:colcon.colcon_core.package_identification:_identify(src/twist_stamper) by extension 'ros'
[0.308s] DEBUG:colcon.colcon_core.package_identification:Package 'src/twist_stamper' with type 'ros.ament_python' and name 'twist_stamper'
[0.308s] Level 1:colcon.colcon_core.package_discovery:discover_packages(recursive) using defaults
[0.309s] Level 1:colcon.colcon_core.package_discovery:discover_packages(ignore) discover
[0.309s] Level 1:colcon.colcon_core.package_discovery:discover_packages(ignore) using defaults
[0.309s] Level 1:colcon.colcon_core.package_discovery:discover_packages(path) discover
[0.309s] Level 1:colcon.colcon_core.package_discovery:discover_packages(path) using defaults
[0.338s] Level 1:colcon.colcon_core.package_discovery:discover_packages(prefix_path) check parameters
[0.338s] Level 1:colcon.colcon_core.package_discovery:discover_packages(prefix_path) discover
[0.342s] DEBUG:colcon.colcon_installed_package_information.package_discovery:Found 5 installed packages in /home/brilliant/ros2_ws/install
[0.345s] DEBUG:colcon.colcon_installed_package_information.package_discovery:Found 418 installed packages in /opt/ros/jazzy
[0.347s] Level 1:colcon.colcon_core.package_discovery:discover_packages(prefix_path) using defaults
[0.484s] Level 5:colcon.colcon_core.verb:set package 'diffdrive_arduino' build argument 'cmake_args' from command line to 'None'
[0.484s] Level 5:colcon.colcon_core.verb:set package 'diffdrive_arduino' build argument 'cmake_target' from command line to 'None'
[0.484s] Level 5:colcon.colcon_core.verb:set package 'diffdrive_arduino' build argument 'cmake_target_skip_unavailable' from command line to 'False'
[0.484s] Level 5:colcon.colcon_core.verb:set package 'diffdrive_arduino' build argument 'cmake_clean_cache' from command line to 'False'
[0.484s] Level 5:colcon.colcon_core.verb:set package 'diffdrive_arduino' build argument 'cmake_clean_first' from command line to 'False'
[0.484s] Level 5:colcon.colcon_core.verb:set package 'diffdrive_arduino' build argument 'cmake_force_configure' from command line to 'False'
[0.484s] Level 5:colcon.colcon_core.verb:set package 'diffdrive_arduino' build argument 'ament_cmake_args' from command line to 'None'
[0.484s] Level 5:colcon.colcon_core.verb:set package 'diffdrive_arduino' build argument 'catkin_cmake_args' from command line to 'None'
[0.484s] Level 5:colcon.colcon_core.verb:set package 'diffdrive_arduino' build argument 'catkin_skip_building_tests' from command line to 'False'
[0.484s] DEBUG:colcon.colcon_core.verb:Building package 'diffdrive_arduino' with the following arguments: {'ament_cmake_args': None, 'build_base': '/home/brilliant/ros2_ws/build/diffdrive_arduino', 'catkin_cmake_args': None, 'catkin_skip_building_tests': False, 'cmake_args': None, 'cmake_clean_cache': False, 'cmake_clean_first': False, 'cmake_force_configure': False, 'cmake_target': None, 'cmake_target_skip_unavailable': False, 'install_base': '/home/brilliant/ros2_ws/install/diffdrive_arduino', 'merge_install': False, 'path': '/home/brilliant/ros2_ws/src/diffdrive_arduino', 'symlink_install': True, 'test_result_base': None}
[0.485s] Level 5:colcon.colcon_core.verb:set package 'minibot' build argument 'cmake_args' from command line to 'None'
[0.485s] Level 5:colcon.colcon_core.verb:set package 'minibot' build argument 'cmake_target' from command line to 'None'
[0.485s] Level 5:colcon.colcon_core.verb:set package 'minibot' build argument 'cmake_target_skip_unavailable' from command line to 'False'
[0.485s] Level 5:colcon.colcon_core.verb:set package 'minibot' build argument 'cmake_clean_cache' from command line to 'False'
[0.485s] Level 5:colcon.colcon_core.verb:set package 'minibot' build argument 'cmake_clean_first' from command line to 'False'
[0.485s] Level 5:colcon.colcon_core.verb:set package 'minibot' build argument 'cmake_force_configure' from command line to 'False'
[0.485s] Level 5:colcon.colcon_core.verb:set package 'minibot' build argument 'ament_cmake_args' from command line to 'None'
[0.485s] Level 5:colcon.colcon_core.verb:set package 'minibot' build argument 'catkin_cmake_args' from command line to 'None'
[0.485s] Level 5:colcon.colcon_core.verb:set package 'minibot' build argument 'catkin_skip_building_tests' from command line to 'False'
[0.485s] DEBUG:colcon.colcon_core.verb:Building package 'minibot' with the following arguments: {'ament_cmake_args': None, 'build_base': '/home/brilliant/ros2_ws/build/minibot', 'catkin_cmake_args': None, 'catkin_skip_building_tests': False, 'cmake_args': None, 'cmake_clean_cache': False, 'cmake_clean_first': False, 'cmake_force_configure': False, 'cmake_target': None, 'cmake_target_skip_unavailable': False, 'install_base': '/home/brilliant/ros2_ws/install/minibot', 'merge_install': False, 'path': '/home/brilliant/ros2_ws/src/minibot', 'symlink_install': True, 'test_result_base': None}
[0.486s] Level 5:colcon.colcon_core.verb:set package 'serial' build argument 'cmake_args' from command line to 'None'
[0.486s] Level 5:colcon.colcon_core.verb:set package 'serial' build argument 'cmake_target' from command line to 'None'
[0.486s] Level 5:colcon.colcon_core.verb:set package 'serial' build argument 'cmake_target_skip_unavailable' from command line to 'False'
[0.486s] Level 5:colcon.colcon_core.verb:set package 'serial' build argument 'cmake_clean_cache' from command line to 'False'
[0.486s] Level 5:colcon.colcon_core.verb:set package 'serial' build argument 'cmake_clean_first' from command line to 'False'
[0.486s] Level 5:colcon.colcon_core.verb:set package 'serial' build argument 'cmake_force_configure' from command line to 'False'
[0.486s] Level 5:colcon.colcon_core.verb:set package 'serial' build argument 'ament_cmake_args' from command line to 'None'
[0.486s] Level 5:colcon.colcon_core.verb:set package 'serial' build argument 'catkin_cmake_args' from command line to 'None'
[0.486s] Level 5:colcon.colcon_core.verb:set package 'serial' build argument 'catkin_skip_building_tests' from command line to 'False'
[0.486s] DEBUG:colcon.colcon_core.verb:Building package 'serial' with the following arguments: {'ament_cmake_args': None, 'build_base': '/home/brilliant/ros2_ws/build/serial', 'catkin_cmake_args': None, 'catkin_skip_building_tests': False, 'cmake_args': None, 'cmake_clean_cache': False, 'cmake_clean_first': False, 'cmake_force_configure': False, 'cmake_target': None, 'cmake_target_skip_unavailable': False, 'install_base': '/home/brilliant/ros2_ws/install/serial', 'merge_install': False, 'path': '/home/brilliant/ros2_ws/src/serial', 'symlink_install': True, 'test_result_base': None}
[0.486s] Level 5:colcon.colcon_core.verb:set package 'sllidar_ros2' build argument 'cmake_args' from command line to 'None'
[0.486s] Level 5:colcon.colcon_core.verb:set package 'sllidar_ros2' build argument 'cmake_target' from command line to 'None'
[0.486s] Level 5:colcon.colcon_core.verb:set package 'sllidar_ros2' build argument 'cmake_target_skip_unavailable' from command line to 'False'
[0.487s] Level 5:colcon.colcon_core.verb:set package 'sllidar_ros2' build argument 'cmake_clean_cache' from command line to 'False'
[0.487s] Level 5:colcon.colcon_core.verb:set package 'sllidar_ros2' build argument 'cmake_clean_first' from command line to 'False'
[0.487s] Level 5:colcon.colcon_core.verb:set package 'sllidar_ros2' build argument 'cmake_force_configure' from command line to 'False'
[0.487s] Level 5:colcon.colcon_core.verb:set package 'sllidar_ros2' build argument 'ament_cmake_args' from command line to 'None'
[0.487s] Level 5:colcon.colcon_core.verb:set package 'sllidar_ros2' build argument 'catkin_cmake_args' from command line to 'None'
[0.487s] Level 5:colcon.colcon_core.verb:set package 'sllidar_ros2' build argument 'catkin_skip_building_tests' from command line to 'False'
[0.487s] DEBUG:colcon.colcon_core.verb:Building package 'sllidar_ros2' with the following arguments: {'ament_cmake_args': None, 'build_base': '/home/brilliant/ros2_ws/build/sllidar_ros2', 'catkin_cmake_args': None, 'catkin_skip_building_tests': False, 'cmake_args': None, 'cmake_clean_cache': False, 'cmake_clean_first': False, 'cmake_force_configure': False, 'cmake_target': None, 'cmake_target_skip_unavailable': False, 'install_base': '/home/brilliant/ros2_ws/install/sllidar_ros2', 'merge_install': False, 'path': '/home/brilliant/ros2_ws/src/sllidar_ros2', 'symlink_install': True, 'test_result_base': None}
[0.487s] Level 5:colcon.colcon_core.verb:set package 'twist_stamper' build argument 'cmake_args' from command line to 'None'
[0.487s] Level 5:colcon.colcon_core.verb:set package 'twist_stamper' build argument 'cmake_target' from command line to 'None'
[0.487s] Level 5:colcon.colcon_core.verb:set package 'twist_stamper' build argument 'cmake_target_skip_unavailable' from command line to 'False'
[0.487s] Level 5:colcon.colcon_core.verb:set package 'twist_stamper' build argument 'cmake_clean_cache' from command line to 'False'
[0.487s] Level 5:colcon.colcon_core.verb:set package 'twist_stamper' build argument 'cmake_clean_first' from command line to 'False'
[0.487s] Level 5:colcon.colcon_core.verb:set package 'twist_stamper' build argument 'cmake_force_configure' from command line to 'False'
[0.487s] Level 5:colcon.colcon_core.verb:set package 'twist_stamper' build argument 'ament_cmake_args' from command line to 'None'
[0.487s] Level 5:colcon.colcon_core.verb:set package 'twist_stamper' build argument 'catkin_cmake_args' from command line to 'None'
[0.487s] Level 5:colcon.colcon_core.verb:set package 'twist_stamper' build argument 'catkin_skip_building_tests' from command line to 'False'
[0.488s] DEBUG:colcon.colcon_core.verb:Building package 'twist_stamper' with the following arguments: {'ament_cmake_args': None, 'build_base': '/home/brilliant/ros2_ws/build/twist_stamper', 'catkin_cmake_args': None, 'catkin_skip_building_tests': False, 'cmake_args': None, 'cmake_clean_cache': False, 'cmake_clean_first': False, 'cmake_force_configure': False, 'cmake_target': None, 'cmake_target_skip_unavailable': False, 'install_base': '/home/brilliant/ros2_ws/install/twist_stamper', 'merge_install': False, 'path': '/home/brilliant/ros2_ws/src/twist_stamper', 'symlink_install': True, 'test_result_base': None}
[0.488s] INFO:colcon.colcon_core.executor:Executing jobs using 'parallel' executor
[0.489s] DEBUG:colcon.colcon_parallel_executor.executor.parallel:run_until_complete
[0.489s] INFO:colcon.colcon_ros.task.ament_cmake.build:Building ROS package in '/home/brilliant/ros2_ws/src/diffdrive_arduino' with build type 'ament_cmake'
[0.489s] INFO:colcon.colcon_cmake.task.cmake.build:Building CMake package in '/home/brilliant/ros2_ws/src/diffdrive_arduino'
[0.495s] INFO:colcon.colcon_core.plugin_system:Skipping extension 'colcon_core.shell.bat': Not used on non-Windows systems
[0.496s] INFO:colcon.colcon_core.shell:Skip shell extension 'powershell' for command environment: Not usable outside of PowerShell
[0.496s] DEBUG:colcon.colcon_core.shell:Skip shell extension 'dsv' for command environment
[0.503s] INFO:colcon.colcon_ros.task.ament_cmake.build:Building ROS package in '/home/brilliant/ros2_ws/src/minibot' with build type 'ament_cmake'
[0.503s] INFO:colcon.colcon_cmake.task.cmake.build:Building CMake package in '/home/brilliant/ros2_ws/src/minibot'
[0.504s] INFO:colcon.colcon_core.shell:Skip shell extension 'powershell' for command environment: Not usable outside of PowerShell
[0.504s] DEBUG:colcon.colcon_core.shell:Skip shell extension 'dsv' for command environment
[0.511s] INFO:colcon.colcon_ros.task.ament_cmake.build:Building ROS package in '/home/brilliant/ros2_ws/src/serial' with build type 'ament_cmake'
[0.512s] INFO:colcon.colcon_cmake.task.cmake.build:Building CMake package in '/home/brilliant/ros2_ws/src/serial'
[0.512s] INFO:colcon.colcon_core.shell:Skip shell extension 'powershell' for command environment: Not usable outside of PowerShell
[0.512s] DEBUG:colcon.colcon_core.shell:Skip shell extension 'dsv' for command environment
[0.519s] INFO:colcon.colcon_ros.task.ament_cmake.build:Building ROS package in '/home/brilliant/ros2_ws/src/sllidar_ros2' with build type 'ament_cmake'
[0.520s] INFO:colcon.colcon_cmake.task.cmake.build:Building CMake package in '/home/brilliant/ros2_ws/src/sllidar_ros2'
[0.521s] INFO:colcon.colcon_core.shell:Skip shell extension 'powershell' for command environment: Not usable outside of PowerShell
[0.521s] DEBUG:colcon.colcon_core.shell:Skip shell extension 'dsv' for command environment
[0.535s] DEBUG:colcon.colcon_core.event_handler.log_command:Invoking command in '/home/brilliant/ros2_ws/build/diffdrive_arduino': CMAKE_PREFIX_PATH=${CMAKE_PREFIX_PATH}:/home/brilliant/ros2_ws/install/twist_stamper:/opt/ros/jazzy DEBUGINFOD_URLS=https://debuginfod.ubuntu.com /usr/bin/cmake --build /home/brilliant/ros2_ws/build/diffdrive_arduino -- -j4 -l4
[0.540s] DEBUG:colcon.colcon_core.event_handler.log_command:Invoking command in '/home/brilliant/ros2_ws/build/minibot': CMAKE_PREFIX_PATH=${CMAKE_PREFIX_PATH}:/home/brilliant/ros2_ws/install/twist_stamper:/opt/ros/jazzy DEBUGINFOD_URLS=https://debuginfod.ubuntu.com /usr/bin/cmake --build /home/brilliant/ros2_ws/build/minibot -- -j4 -l4
[0.546s] DEBUG:colcon.colcon_core.event_handler.log_command:Invoking command in '/home/brilliant/ros2_ws/build/serial': CMAKE_PREFIX_PATH=${CMAKE_PREFIX_PATH}:/home/brilliant/ros2_ws/install/twist_stamper:/opt/ros/jazzy DEBUGINFOD_URLS=https://debuginfod.ubuntu.com /usr/bin/cmake --build /home/brilliant/ros2_ws/build/serial -- -j4 -l4
[0.553s] DEBUG:colcon.colcon_core.event_handler.log_command:Invoking command in '/home/brilliant/ros2_ws/build/sllidar_ros2': CMAKE_PREFIX_PATH=${CMAKE_PREFIX_PATH}:/home/brilliant/ros2_ws/install/twist_stamper:/opt/ros/jazzy DEBUGINFOD_URLS=https://debuginfod.ubuntu.com /usr/bin/cmake --build /home/brilliant/ros2_ws/build/sllidar_ros2 -- -j4 -l4
[0.719s] DEBUG:colcon.colcon_core.event_handler.log_command:Invoked command in '/home/brilliant/ros2_ws/build/minibot' returned '0': CMAKE_PREFIX_PATH=${CMAKE_PREFIX_PATH}:/home/brilliant/ros2_ws/install/twist_stamper:/opt/ros/jazzy DEBUGINFOD_URLS=https://debuginfod.ubuntu.com /usr/bin/cmake --build /home/brilliant/ros2_ws/build/minibot -- -j4 -l4
[0.743s] DEBUG:colcon.colcon_core.event_handler.log_command:Invoking command in '/home/brilliant/ros2_ws/build/minibot': CMAKE_PREFIX_PATH=${CMAKE_PREFIX_PATH}:/home/brilliant/ros2_ws/install/twist_stamper:/opt/ros/jazzy DEBUGINFOD_URLS=https://debuginfod.ubuntu.com /usr/bin/cmake --install /home/brilliant/ros2_ws/build/minibot
[0.748s] DEBUG:colcon.colcon_core.event_handler.log_command:Invoked command in '/home/brilliant/ros2_ws/build/diffdrive_arduino' returned '0': CMAKE_PREFIX_PATH=${CMAKE_PREFIX_PATH}:/home/brilliant/ros2_ws/install/twist_stamper:/opt/ros/jazzy DEBUGINFOD_URLS=https://debuginfod.ubuntu.com /usr/bin/cmake --build /home/brilliant/ros2_ws/build/diffdrive_arduino -- -j4 -l4
[0.749s] DEBUG:colcon.colcon_core.event_handler.log_command:Invoking command in '/home/brilliant/ros2_ws/build/diffdrive_arduino': CMAKE_PREFIX_PATH=${CMAKE_PREFIX_PATH}:/home/brilliant/ros2_ws/install/twist_stamper:/opt/ros/jazzy DEBUGINFOD_URLS=https://debuginfod.ubuntu.com /usr/bin/cmake --install /home/brilliant/ros2_ws/build/diffdrive_arduino
[0.849s] Level 1:colcon.colcon_core.environment:create_environment_scripts_only(diffdrive_arduino)
[0.850s] DEBUG:colcon.colcon_core.event_handler.log_command:Invoked command in '/home/brilliant/ros2_ws/build/diffdrive_arduino' returned '0': CMAKE_PREFIX_PATH=${CMAKE_PREFIX_PATH}:/home/brilliant/ros2_ws/install/twist_stamper:/opt/ros/jazzy DEBUGINFOD_URLS=https://debuginfod.ubuntu.com /usr/bin/cmake --install /home/brilliant/ros2_ws/build/diffdrive_arduino
[0.856s] Level 1:colcon.colcon_core.environment:checking '/home/brilliant/ros2_ws/install/diffdrive_arduino' for CMake module files
[0.858s] Level 1:colcon.colcon_core.environment:checking '/home/brilliant/ros2_ws/install/diffdrive_arduino' for CMake config files
[0.859s] Level 1:colcon.colcon_core.shell:create_environment_hook('diffdrive_arduino', 'cmake_prefix_path')
[0.860s] INFO:colcon.colcon_core.shell:Creating environment hook '/home/brilliant/ros2_ws/install/diffdrive_arduino/share/diffdrive_arduino/hook/cmake_prefix_path.ps1'
[0.861s] INFO:colcon.colcon_core.shell:Creating environment descriptor '/home/brilliant/ros2_ws/install/diffdrive_arduino/share/diffdrive_arduino/hook/cmake_prefix_path.dsv'
[0.863s] INFO:colcon.colcon_core.shell:Creating environment hook '/home/brilliant/ros2_ws/install/diffdrive_arduino/share/diffdrive_arduino/hook/cmake_prefix_path.sh'
[0.865s] Level 1:colcon.colcon_core.environment:checking '/home/brilliant/ros2_ws/install/diffdrive_arduino/lib'
[0.866s] Level 1:colcon.colcon_core.shell:create_environment_hook('diffdrive_arduino', 'ld_library_path_lib')
[0.866s] INFO:colcon.colcon_core.shell:Creating environment hook '/home/brilliant/ros2_ws/install/diffdrive_arduino/share/diffdrive_arduino/hook/ld_library_path_lib.ps1'
[0.868s] INFO:colcon.colcon_core.shell:Creating environment descriptor '/home/brilliant/ros2_ws/install/diffdrive_arduino/share/diffdrive_arduino/hook/ld_library_path_lib.dsv'
[0.869s] INFO:colcon.colcon_core.shell:Creating environment hook '/home/brilliant/ros2_ws/install/diffdrive_arduino/share/diffdrive_arduino/hook/ld_library_path_lib.sh'
[0.869s] Level 1:colcon.colcon_core.environment:checking '/home/brilliant/ros2_ws/install/diffdrive_arduino/bin'
[0.870s] Level 1:colcon.colcon_core.environment:checking '/home/brilliant/ros2_ws/install/diffdrive_arduino/lib/pkgconfig/diffdrive_arduino.pc'
[0.870s] Level 1:colcon.colcon_core.environment:checking '/home/brilliant/ros2_ws/install/diffdrive_arduino/lib/python3.12/site-packages'
[0.873s] Level 1:colcon.colcon_core.environment:checking '/home/brilliant/ros2_ws/install/diffdrive_arduino/bin'
[0.874s] INFO:colcon.colcon_core.shell:Creating package script '/home/brilliant/ros2_ws/install/diffdrive_arduino/share/diffdrive_arduino/package.ps1'
[0.876s] INFO:colcon.colcon_core.shell:Creating package descriptor '/home/brilliant/ros2_ws/install/diffdrive_arduino/share/diffdrive_arduino/package.dsv'
[0.882s] INFO:colcon.colcon_core.shell:Creating package script '/home/brilliant/ros2_ws/install/diffdrive_arduino/share/diffdrive_arduino/package.sh'
[0.883s] INFO:colcon.colcon_core.shell:Creating package script '/home/brilliant/ros2_ws/install/diffdrive_arduino/share/diffdrive_arduino/package.bash'
[0.887s] INFO:colcon.colcon_core.shell:Creating package script '/home/brilliant/ros2_ws/install/diffdrive_arduino/share/diffdrive_arduino/package.zsh'
[0.889s] Level 1:colcon.colcon_core.environment:create_file_with_runtime_dependencies(/home/brilliant/ros2_ws/install/diffdrive_arduino/share/colcon-core/packages/diffdrive_arduino)
[0.892s] Level 1:colcon.colcon_core.environment:create_environment_scripts_only(diffdrive_arduino)
[0.893s] Level 1:colcon.colcon_core.environment:checking '/home/brilliant/ros2_ws/install/diffdrive_arduino' for CMake module files
[0.895s] Level 1:colcon.colcon_core.environment:checking '/home/brilliant/ros2_ws/install/diffdrive_arduino' for CMake config files
[0.897s] Level 1:colcon.colcon_core.shell:create_environment_hook('diffdrive_arduino', 'cmake_prefix_path')
[0.898s] INFO:colcon.colcon_core.shell:Creating environment hook '/home/brilliant/ros2_ws/install/diffdrive_arduino/share/diffdrive_arduino/hook/cmake_prefix_path.ps1'
[0.899s] INFO:colcon.colcon_core.shell:Creating environment descriptor '/home/brilliant/ros2_ws/install/diffdrive_arduino/share/diffdrive_arduino/hook/cmake_prefix_path.dsv'
[0.900s] INFO:colcon.colcon_core.shell:Creating environment hook '/home/brilliant/ros2_ws/install/diffdrive_arduino/share/diffdrive_arduino/hook/cmake_prefix_path.sh'
[0.902s] Level 1:colcon.colcon_core.environment:checking '/home/brilliant/ros2_ws/install/diffdrive_arduino/lib'
[0.902s] Level 1:colcon.colcon_core.shell:create_environment_hook('diffdrive_arduino', 'ld_library_path_lib')
[0.903s] INFO:colcon.colcon_core.shell:Creating environment hook '/home/brilliant/ros2_ws/install/diffdrive_arduino/share/diffdrive_arduino/hook/ld_library_path_lib.ps1'
[0.904s] INFO:colcon.colcon_core.shell:Creating environment descriptor '/home/brilliant/ros2_ws/install/diffdrive_arduino/share/diffdrive_arduino/hook/ld_library_path_lib.dsv'
[0.906s] INFO:colcon.colcon_core.shell:Creating environment hook '/home/brilliant/ros2_ws/install/diffdrive_arduino/share/diffdrive_arduino/hook/ld_library_path_lib.sh'
[0.907s] Level 1:colcon.colcon_core.environment:checking '/home/brilliant/ros2_ws/install/diffdrive_arduino/bin'
[0.907s] Level 1:colcon.colcon_core.environment:checking '/home/brilliant/ros2_ws/install/diffdrive_arduino/lib/pkgconfig/diffdrive_arduino.pc'
[0.908s] Level 1:colcon.colcon_core.environment:checking '/home/brilliant/ros2_ws/install/diffdrive_arduino/lib/python3.12/site-packages'
[0.908s] Level 1:colcon.colcon_core.environment:checking '/home/brilliant/ros2_ws/install/diffdrive_arduino/bin'
[0.909s] INFO:colcon.colcon_core.shell:Creating package script '/home/brilliant/ros2_ws/install/diffdrive_arduino/share/diffdrive_arduino/package.ps1'
[0.910s] INFO:colcon.colcon_core.shell:Creating package descriptor '/home/brilliant/ros2_ws/install/diffdrive_arduino/share/diffdrive_arduino/package.dsv'
[0.911s] INFO:colcon.colcon_core.shell:Creating package script '/home/brilliant/ros2_ws/install/diffdrive_arduino/share/diffdrive_arduino/package.sh'
[0.912s] INFO:colcon.colcon_core.shell:Creating package script '/home/brilliant/ros2_ws/install/diffdrive_arduino/share/diffdrive_arduino/package.bash'
[0.913s] INFO:colcon.colcon_core.shell:Creating package script '/home/brilliant/ros2_ws/install/diffdrive_arduino/share/diffdrive_arduino/package.zsh'
[0.914s] Level 1:colcon.colcon_core.environment:create_file_with_runtime_dependencies(/home/brilliant/ros2_ws/install/diffdrive_arduino/share/colcon-core/packages/diffdrive_arduino)
[0.915s] INFO:colcon.colcon_ros.task.ament_python.build:Building ROS package in '/home/brilliant/ros2_ws/src/twist_stamper' with build type 'ament_python'
[0.916s] Level 1:colcon.colcon_core.shell:create_environment_hook('twist_stamper', 'ament_prefix_path')
[0.916s] INFO:colcon.colcon_core.shell:Creating environment hook '/home/brilliant/ros2_ws/install/twist_stamper/share/twist_stamper/hook/ament_prefix_path.ps1'
[0.917s] INFO:colcon.colcon_core.shell:Creating environment descriptor '/home/brilliant/ros2_ws/install/twist_stamper/share/twist_stamper/hook/ament_prefix_path.dsv'
[0.918s] INFO:colcon.colcon_core.shell:Creating environment hook '/home/brilliant/ros2_ws/install/twist_stamper/share/twist_stamper/hook/ament_prefix_path.sh'
[0.919s] INFO:colcon.colcon_core.shell:Skip shell extension 'powershell' for command environment: Not usable outside of PowerShell
[0.919s] DEBUG:colcon.colcon_core.shell:Skip shell extension 'dsv' for command environment
[0.933s] Level 1:colcon.colcon_core.environment:create_environment_scripts_only(minibot)
[0.933s] Level 1:colcon.colcon_core.environment:checking '/home/brilliant/ros2_ws/install/minibot' for CMake module files
[0.935s] DEBUG:colcon.colcon_core.event_handler.log_command:Invoked command in '/home/brilliant/ros2_ws/build/minibot' returned '0': CMAKE_PREFIX_PATH=${CMAKE_PREFIX_PATH}:/home/brilliant/ros2_ws/install/twist_stamper:/opt/ros/jazzy DEBUGINFOD_URLS=https://debuginfod.ubuntu.com /usr/bin/cmake --install /home/brilliant/ros2_ws/build/minibot
[0.943s] Level 1:colcon.colcon_core.environment:checking '/home/brilliant/ros2_ws/install/minibot' for CMake config files
[0.947s] Level 1:colcon.colcon_core.shell:create_environment_hook('minibot', 'cmake_prefix_path')
[0.952s] INFO:colcon.colcon_core.shell:Creating environment hook '/home/brilliant/ros2_ws/install/minibot/share/minibot/hook/cmake_prefix_path.ps1'
[0.953s] INFO:colcon.colcon_core.shell:Creating environment descriptor '/home/brilliant/ros2_ws/install/minibot/share/minibot/hook/cmake_prefix_path.dsv'
[0.954s] INFO:colcon.colcon_core.shell:Creating environment hook '/home/brilliant/ros2_ws/install/minibot/share/minibot/hook/cmake_prefix_path.sh'
[0.966s] Level 1:colcon.colcon_core.environment:checking '/home/brilliant/ros2_ws/install/minibot/lib'
[0.966s] Level 1:colcon.colcon_core.environment:checking '/home/brilliant/ros2_ws/install/minibot/bin'
[0.966s] Level 1:colcon.colcon_core.environment:checking '/home/brilliant/ros2_ws/install/minibot/lib/pkgconfig/minibot.pc'
[0.976s] Level 1:colcon.colcon_core.environment:checking '/home/brilliant/ros2_ws/install/minibot/lib/python3.12/site-packages'
[0.976s] Level 1:colcon.colcon_core.environment:checking '/home/brilliant/ros2_ws/install/minibot/bin'
[0.977s] INFO:colcon.colcon_core.shell:Creating package script '/home/brilliant/ros2_ws/install/minibot/share/minibot/package.ps1'
[0.978s] INFO:colcon.colcon_core.shell:Creating package descriptor '/home/brilliant/ros2_ws/install/minibot/share/minibot/package.dsv'
[0.986s] INFO:colcon.colcon_core.shell:Creating package script '/home/brilliant/ros2_ws/install/minibot/share/minibot/package.sh'
[0.989s] INFO:colcon.colcon_core.shell:Creating package script '/home/brilliant/ros2_ws/install/minibot/share/minibot/package.bash'
[0.991s] INFO:colcon.colcon_core.shell:Creating package script '/home/brilliant/ros2_ws/install/minibot/share/minibot/package.zsh'
[0.992s] Level 1:colcon.colcon_core.environment:create_file_with_runtime_dependencies(/home/brilliant/ros2_ws/install/minibot/share/colcon-core/packages/minibot)
[0.993s] Level 1:colcon.colcon_core.environment:create_environment_scripts_only(minibot)
[0.993s] Level 1:colcon.colcon_core.environment:checking '/home/brilliant/ros2_ws/install/minibot' for CMake module files
[0.994s] Level 1:colcon.colcon_core.environment:checking '/home/brilliant/ros2_ws/install/minibot' for CMake config files
[0.995s] Level 1:colcon.colcon_core.shell:create_environment_hook('minibot', 'cmake_prefix_path')
[0.996s] INFO:colcon.colcon_core.shell:Creating environment hook '/home/brilliant/ros2_ws/install/minibot/share/minibot/hook/cmake_prefix_path.ps1'
[0.997s] INFO:colcon.colcon_core.shell:Creating environment descriptor '/home/brilliant/ros2_ws/install/minibot/share/minibot/hook/cmake_prefix_path.dsv'
[0.999s] INFO:colcon.colcon_core.shell:Creating environment hook '/home/brilliant/ros2_ws/install/minibot/share/minibot/hook/cmake_prefix_path.sh'
[1.001s] Level 1:colcon.colcon_core.environment:checking '/home/brilliant/ros2_ws/install/minibot/lib'
[1.002s] Level 1:colcon.colcon_core.environment:checking '/home/brilliant/ros2_ws/install/minibot/bin'
[1.002s] Level 1:colcon.colcon_core.environment:checking '/home/brilliant/ros2_ws/install/minibot/lib/pkgconfig/minibot.pc'
[1.002s] Level 1:colcon.colcon_core.environment:checking '/home/brilliant/ros2_ws/install/minibot/lib/python3.12/site-packages'
[1.003s] Level 1:colcon.colcon_core.environment:checking '/home/brilliant/ros2_ws/install/minibot/bin'
[1.003s] INFO:colcon.colcon_core.shell:Creating package script '/home/brilliant/ros2_ws/install/minibot/share/minibot/package.ps1'
[1.006s] INFO:colcon.colcon_core.shell:Creating package descriptor '/home/brilliant/ros2_ws/install/minibot/share/minibot/package.dsv'
[1.007s] INFO:colcon.colcon_core.shell:Creating package script '/home/brilliant/ros2_ws/install/minibot/share/minibot/package.sh'
[1.009s] INFO:colcon.colcon_core.shell:Creating package script '/home/brilliant/ros2_ws/install/minibot/share/minibot/package.bash'
[1.010s] INFO:colcon.colcon_core.shell:Creating package script '/home/brilliant/ros2_ws/install/minibot/share/minibot/package.zsh'
[1.012s] Level 1:colcon.colcon_core.environment:create_file_with_runtime_dependencies(/home/brilliant/ros2_ws/install/minibot/share/colcon-core/packages/minibot)
[1.016s] DEBUG:colcon.colcon_core.event_handler.log_command:Invoked command in '/home/brilliant/ros2_ws/build/sllidar_ros2' returned '0': CMAKE_PREFIX_PATH=${CMAKE_PREFIX_PATH}:/home/brilliant/ros2_ws/install/twist_stamper:/opt/ros/jazzy DEBUGINFOD_URLS=https://debuginfod.ubuntu.com /usr/bin/cmake --build /home/brilliant/ros2_ws/build/sllidar_ros2 -- -j4 -l4
[1.019s] DEBUG:colcon.colcon_core.event_handler.log_command:Invoking command in '/home/brilliant/ros2_ws/build/sllidar_ros2': CMAKE_PREFIX_PATH=${CMAKE_PREFIX_PATH}:/home/brilliant/ros2_ws/install/twist_stamper:/opt/ros/jazzy DEBUGINFOD_URLS=https://debuginfod.ubuntu.com /usr/bin/cmake --install /home/brilliant/ros2_ws/build/sllidar_ros2
[1.415s] INFO:colcon.colcon_core.task.python.build:Building Python package in '/home/brilliant/ros2_ws/src/twist_stamper'
[1.416s] INFO:colcon.colcon_core.shell:Skip shell extension 'powershell' for command environment: Not usable outside of PowerShell
[1.416s] DEBUG:colcon.colcon_core.shell:Skip shell extension 'dsv' for command environment
[1.432s] Level 1:colcon.colcon_core.environment:create_environment_scripts_only(sllidar_ros2)
[1.432s] Level 1:colcon.colcon_core.environment:checking '/home/brilliant/ros2_ws/install/sllidar_ros2' for CMake module files
[1.434s] DEBUG:colcon.colcon_core.event_handler.log_command:Invoked command in '/home/brilliant/ros2_ws/build/sllidar_ros2' returned '0': CMAKE_PREFIX_PATH=${CMAKE_PREFIX_PATH}:/home/brilliant/ros2_ws/install/twist_stamper:/opt/ros/jazzy DEBUGINFOD_URLS=https://debuginfod.ubuntu.com /usr/bin/cmake --install /home/brilliant/ros2_ws/build/sllidar_ros2
[1.436s] Level 1:colcon.colcon_core.environment:checking '/home/brilliant/ros2_ws/install/sllidar_ros2' for CMake config files
[1.438s] Level 1:colcon.colcon_core.shell:create_environment_hook('sllidar_ros2', 'cmake_prefix_path')
[1.438s] INFO:colcon.colcon_core.shell:Creating environment hook '/home/brilliant/ros2_ws/install/sllidar_ros2/share/sllidar_ros2/hook/cmake_prefix_path.ps1'
[1.440s] INFO:colcon.colcon_core.shell:Creating environment descriptor '/home/brilliant/ros2_ws/install/sllidar_ros2/share/sllidar_ros2/hook/cmake_prefix_path.dsv'
[1.441s] INFO:colcon.colcon_core.shell:Creating environment hook '/home/brilliant/ros2_ws/install/sllidar_ros2/share/sllidar_ros2/hook/cmake_prefix_path.sh'
[1.443s] Level 1:colcon.colcon_core.environment:checking '/home/brilliant/ros2_ws/install/sllidar_ros2/lib'
[1.443s] Level 1:colcon.colcon_core.environment:checking '/home/brilliant/ros2_ws/install/sllidar_ros2/bin'
[1.443s] Level 1:colcon.colcon_core.environment:checking '/home/brilliant/ros2_ws/install/sllidar_ros2/lib/pkgconfig/sllidar_ros2.pc'
[1.444s] Level 1:colcon.colcon_core.environment:checking '/home/brilliant/ros2_ws/install/sllidar_ros2/lib/python3.12/site-packages'
[1.445s] Level 1:colcon.colcon_core.environment:checking '/home/brilliant/ros2_ws/install/sllidar_ros2/bin'
[1.445s] INFO:colcon.colcon_core.shell:Creating package script '/home/brilliant/ros2_ws/install/sllidar_ros2/share/sllidar_ros2/package.ps1'
[1.447s] INFO:colcon.colcon_core.shell:Creating package descriptor '/home/brilliant/ros2_ws/install/sllidar_ros2/share/sllidar_ros2/package.dsv'
[1.448s] INFO:colcon.colcon_core.shell:Creating package script '/home/brilliant/ros2_ws/install/sllidar_ros2/share/sllidar_ros2/package.sh'
[1.450s] INFO:colcon.colcon_core.shell:Creating package script '/home/brilliant/ros2_ws/install/sllidar_ros2/share/sllidar_ros2/package.bash'
[1.451s] INFO:colcon.colcon_core.shell:Creating package script '/home/brilliant/ros2_ws/install/sllidar_ros2/share/sllidar_ros2/package.zsh'
[1.452s] Level 1:colcon.colcon_core.environment:create_file_with_runtime_dependencies(/home/brilliant/ros2_ws/install/sllidar_ros2/share/colcon-core/packages/sllidar_ros2)
[1.454s] Level 1:colcon.colcon_core.environment:create_environment_scripts_only(sllidar_ros2)
[1.454s] Level 1:colcon.colcon_core.environment:checking '/home/brilliant/ros2_ws/install/sllidar_ros2' for CMake module files
[1.456s] Level 1:colcon.colcon_core.environment:checking '/home/brilliant/ros2_ws/install/sllidar_ros2' for CMake config files
[1.457s] Level 1:colcon.colcon_core.shell:create_environment_hook('sllidar_ros2', 'cmake_prefix_path')
[1.458s] INFO:colcon.colcon_core.shell:Creating environment hook '/home/brilliant/ros2_ws/install/sllidar_ros2/share/sllidar_ros2/hook/cmake_prefix_path.ps1'
[1.459s] INFO:colcon.colcon_core.shell:Creating environment descriptor '/home/brilliant/ros2_ws/install/sllidar_ros2/share/sllidar_ros2/hook/cmake_prefix_path.dsv'
[1.460s] INFO:colcon.colcon_core.shell:Creating environment hook '/home/brilliant/ros2_ws/install/sllidar_ros2/share/sllidar_ros2/hook/cmake_prefix_path.sh'
[1.461s] Level 1:colcon.colcon_core.environment:checking '/home/brilliant/ros2_ws/install/sllidar_ros2/lib'
[1.462s] Level 1:colcon.colcon_core.environment:checking '/home/brilliant/ros2_ws/install/sllidar_ros2/bin'
[1.462s] Level 1:colcon.colcon_core.environment:checking '/home/brilliant/ros2_ws/install/sllidar_ros2/lib/pkgconfig/sllidar_ros2.pc'
[1.462s] Level 1:colcon.colcon_core.environment:checking '/home/brilliant/ros2_ws/install/sllidar_ros2/lib/python3.12/site-packages'
[1.463s] Level 1:colcon.colcon_core.environment:checking '/home/brilliant/ros2_ws/install/sllidar_ros2/bin'
[1.463s] INFO:colcon.colcon_core.shell:Creating package script '/home/brilliant/ros2_ws/install/sllidar_ros2/share/sllidar_ros2/package.ps1'
[1.465s] INFO:colcon.colcon_core.shell:Creating package descriptor '/home/brilliant/ros2_ws/install/sllidar_ros2/share/sllidar_ros2/package.dsv'
[1.465s] INFO:colcon.colcon_core.shell:Creating package script '/home/brilliant/ros2_ws/install/sllidar_ros2/share/sllidar_ros2/package.sh'
[1.466s] INFO:colcon.colcon_core.shell:Creating package script '/home/brilliant/ros2_ws/install/sllidar_ros2/share/sllidar_ros2/package.bash'
[1.466s] INFO:colcon.colcon_core.shell:Creating package script '/home/brilliant/ros2_ws/install/sllidar_ros2/share/sllidar_ros2/package.zsh'
[1.467s] Level 1:colcon.colcon_core.environment:create_file_with_runtime_dependencies(/home/brilliant/ros2_ws/install/sllidar_ros2/share/colcon-core/packages/sllidar_ros2)
[1.471s] DEBUG:colcon.colcon_core.event_handler.log_command:Invoked command in '/home/brilliant/ros2_ws/build/serial' returned '0': CMAKE_PREFIX_PATH=${CMAKE_PREFIX_PATH}:/home/brilliant/ros2_ws/install/twist_stamper:/opt/ros/jazzy DEBUGINFOD_URLS=https://debuginfod.ubuntu.com /usr/bin/cmake --build /home/brilliant/ros2_ws/build/serial -- -j4 -l4
[1.471s] DEBUG:colcon.colcon_core.event_handler.log_command:Invoking command in '/home/brilliant/ros2_ws/build/serial': CMAKE_PREFIX_PATH=${CMAKE_PREFIX_PATH}:/home/brilliant/ros2_ws/install/twist_stamper:/opt/ros/jazzy DEBUGINFOD_URLS=https://debuginfod.ubuntu.com /usr/bin/cmake --install /home/brilliant/ros2_ws/build/serial
[1.519s] Level 1:colcon.colcon_core.environment:create_environment_scripts_only(serial)
[1.520s] Level 1:colcon.colcon_core.environment:checking '/home/brilliant/ros2_ws/install/serial' for CMake module files
[1.521s] DEBUG:colcon.colcon_core.event_handler.log_command:Invoked command in '/home/brilliant/ros2_ws/build/serial' returned '0': CMAKE_PREFIX_PATH=${CMAKE_PREFIX_PATH}:/home/brilliant/ros2_ws/install/twist_stamper:/opt/ros/jazzy DEBUGINFOD_URLS=https://debuginfod.ubuntu.com /usr/bin/cmake --install /home/brilliant/ros2_ws/build/serial
[1.522s] Level 1:colcon.colcon_core.environment:checking '/home/brilliant/ros2_ws/install/serial' for CMake config files
[1.523s] Level 1:colcon.colcon_core.shell:create_environment_hook('serial', 'cmake_prefix_path')
[1.523s] INFO:colcon.colcon_core.shell:Creating environment hook '/home/brilliant/ros2_ws/install/serial/share/serial/hook/cmake_prefix_path.ps1'
[1.524s] INFO:colcon.colcon_core.shell:Creating environment descriptor '/home/brilliant/ros2_ws/install/serial/share/serial/hook/cmake_prefix_path.dsv'
[1.524s] INFO:colcon.colcon_core.shell:Creating environment hook '/home/brilliant/ros2_ws/install/serial/share/serial/hook/cmake_prefix_path.sh'
[1.525s] Level 1:colcon.colcon_core.environment:checking '/home/brilliant/ros2_ws/install/serial/lib'
[1.526s] Level 1:colcon.colcon_core.environment:checking '/home/brilliant/ros2_ws/install/serial/bin'
[1.526s] Level 1:colcon.colcon_core.environment:checking '/home/brilliant/ros2_ws/install/serial/lib/pkgconfig/serial.pc'
[1.526s] Level 1:colcon.colcon_core.environment:checking '/home/brilliant/ros2_ws/install/serial/lib/python3.12/site-packages'
[1.527s] Level 1:colcon.colcon_core.environment:checking '/home/brilliant/ros2_ws/install/serial/bin'
[1.527s] INFO:colcon.colcon_core.shell:Creating package script '/home/brilliant/ros2_ws/install/serial/share/serial/package.ps1'
[1.528s] INFO:colcon.colcon_core.shell:Creating package descriptor '/home/brilliant/ros2_ws/install/serial/share/serial/package.dsv'
[1.529s] INFO:colcon.colcon_core.shell:Creating package script '/home/brilliant/ros2_ws/install/serial/share/serial/package.sh'
[1.530s] INFO:colcon.colcon_core.shell:Creating package script '/home/brilliant/ros2_ws/install/serial/share/serial/package.bash'
[1.530s] INFO:colcon.colcon_core.shell:Creating package script '/home/brilliant/ros2_ws/install/serial/share/serial/package.zsh'
[1.531s] Level 1:colcon.colcon_core.environment:create_file_with_runtime_dependencies(/home/brilliant/ros2_ws/install/serial/share/colcon-core/packages/serial)
[1.532s] Level 1:colcon.colcon_core.environment:create_environment_scripts_only(serial)
[1.532s] Level 1:colcon.colcon_core.environment:checking '/home/brilliant/ros2_ws/install/serial' for CMake module files
[1.533s] Level 1:colcon.colcon_core.environment:checking '/home/brilliant/ros2_ws/install/serial' for CMake config files
[1.534s] Level 1:colcon.colcon_core.shell:create_environment_hook('serial', 'cmake_prefix_path')
[1.534s] INFO:colcon.colcon_core.shell:Creating environment hook '/home/brilliant/ros2_ws/install/serial/share/serial/hook/cmake_prefix_path.ps1'
[1.535s] INFO:colcon.colcon_core.shell:Creating environment descriptor '/home/brilliant/ros2_ws/install/serial/share/serial/hook/cmake_prefix_path.dsv'
[1.535s] INFO:colcon.colcon_core.shell:Creating environment hook '/home/brilliant/ros2_ws/install/serial/share/serial/hook/cmake_prefix_path.sh'
[1.536s] Level 1:colcon.colcon_core.environment:checking '/home/brilliant/ros2_ws/install/serial/lib'
[1.536s] Level 1:colcon.colcon_core.environment:checking '/home/brilliant/ros2_ws/install/serial/bin'
[1.537s] Level 1:colcon.colcon_core.environment:checking '/home/brilliant/ros2_ws/install/serial/lib/pkgconfig/serial.pc'
[1.537s] Level 1:colcon.colcon_core.environment:checking '/home/brilliant/ros2_ws/install/serial/lib/python3.12/site-packages'
[1.537s] Level 1:colcon.colcon_core.environment:checking '/home/brilliant/ros2_ws/install/serial/bin'
[1.538s] INFO:colcon.colcon_core.shell:Creating package script '/home/brilliant/ros2_ws/install/serial/share/serial/package.ps1'
[1.539s] INFO:colcon.colcon_core.shell:Creating package descriptor '/home/brilliant/ros2_ws/install/serial/share/serial/package.dsv'
[1.540s] INFO:colcon.colcon_core.shell:Creating package script '/home/brilliant/ros2_ws/install/serial/share/serial/package.sh'
[1.540s] INFO:colcon.colcon_core.shell:Creating package script '/home/brilliant/ros2_ws/install/serial/share/serial/package.bash'
[1.541s] INFO:colcon.colcon_core.shell:Creating package script '/home/brilliant/ros2_ws/install/serial/share/serial/package.zsh'
[1.542s] Level 1:colcon.colcon_core.environment:create_file_with_runtime_dependencies(/home/brilliant/ros2_ws/install/serial/share/colcon-core/packages/serial)
[2.448s] DEBUG:colcon.colcon_core.event_handler.log_command:Invoking command in '/home/brilliant/ros2_ws/build/twist_stamper': DEBUGINFOD_URLS=https://debuginfod.ubuntu.com PYTHONPATH=/home/brilliant/ros2_ws/build/twist_stamper/prefix_override:/usr/lib/python3/dist-packages/colcon_core/task/python/colcon_distutils_commands:/home/brilliant/ros2_ws/install/twist_stamper/lib/python3.12/site-packages:${PYTHONPATH} /usr/bin/python3 -W ignore:setup.py install is deprecated -W ignore:easy_install command is deprecated setup.py develop --editable --build-directory /home/brilliant/ros2_ws/build/twist_stamper/build --no-deps symlink_data
[3.526s] Level 1:colcon.colcon_core.shell:create_environment_hook('twist_stamper', 'pythonpath_develop')
[3.527s] DEBUG:colcon.colcon_core.event_handler.log_command:Invoked command in '/home/brilliant/ros2_ws/build/twist_stamper' returned '0': DEBUGINFOD_URLS=https://debuginfod.ubuntu.com PYTHONPATH=/home/brilliant/ros2_ws/build/twist_stamper/prefix_override:/usr/lib/python3/dist-packages/colcon_core/task/python/colcon_distutils_commands:/home/brilliant/ros2_ws/install/twist_stamper/lib/python3.12/site-packages:${PYTHONPATH} /usr/bin/python3 -W ignore:setup.py install is deprecated -W ignore:easy_install command is deprecated setup.py develop --editable --build-directory /home/brilliant/ros2_ws/build/twist_stamper/build --no-deps symlink_data
[3.527s] INFO:colcon.colcon_core.shell:Creating environment hook '/home/brilliant/ros2_ws/build/twist_stamper/share/twist_stamper/hook/pythonpath_develop.ps1'
[3.529s] INFO:colcon.colcon_core.shell:Creating environment descriptor '/home/brilliant/ros2_ws/build/twist_stamper/share/twist_stamper/hook/pythonpath_develop.dsv'
[3.530s] INFO:colcon.colcon_core.shell:Creating environment hook '/home/brilliant/ros2_ws/build/twist_stamper/share/twist_stamper/hook/pythonpath_develop.sh'
[3.532s] Level 1:colcon.colcon_core.environment:checking '/home/brilliant/ros2_ws/install/twist_stamper' for CMake module files
[3.534s] Level 1:colcon.colcon_core.environment:checking '/home/brilliant/ros2_ws/install/twist_stamper' for CMake config files
[3.536s] Level 1:colcon.colcon_core.environment:checking '/home/brilliant/ros2_ws/install/twist_stamper/lib'
[3.536s] Level 1:colcon.colcon_core.environment:checking '/home/brilliant/ros2_ws/install/twist_stamper/bin'
[3.536s] Level 1:colcon.colcon_core.environment:checking '/home/brilliant/ros2_ws/install/twist_stamper/lib/pkgconfig/twist_stamper.pc'
[3.537s] Level 1:colcon.colcon_core.environment:checking '/home/brilliant/ros2_ws/install/twist_stamper/lib/python3.12/site-packages'
[3.538s] Level 1:colcon.colcon_core.shell:create_environment_hook('twist_stamper', 'pythonpath')
[3.538s] INFO:colcon.colcon_core.shell:Creating environment hook '/home/brilliant/ros2_ws/install/twist_stamper/share/twist_stamper/hook/pythonpath.ps1'
[3.539s] INFO:colcon.colcon_core.shell:Creating environment descriptor '/home/brilliant/ros2_ws/install/twist_stamper/share/twist_stamper/hook/pythonpath.dsv'
[3.541s] INFO:colcon.colcon_core.shell:Creating environment hook '/home/brilliant/ros2_ws/install/twist_stamper/share/twist_stamper/hook/pythonpath.sh'
[3.542s] Level 1:colcon.colcon_core.environment:checking '/home/brilliant/ros2_ws/install/twist_stamper/bin'
[3.543s] Level 1:colcon.colcon_core.environment:create_environment_scripts_only(twist_stamper)
[3.543s] INFO:colcon.colcon_core.shell:Creating package script '/home/brilliant/ros2_ws/install/twist_stamper/share/twist_stamper/package.ps1'
[3.545s] INFO:colcon.colcon_core.shell:Creating package descriptor '/home/brilliant/ros2_ws/install/twist_stamper/share/twist_stamper/package.dsv'
[3.546s] INFO:colcon.colcon_core.shell:Creating package script '/home/brilliant/ros2_ws/install/twist_stamper/share/twist_stamper/package.sh'
[3.548s] INFO:colcon.colcon_core.shell:Creating package script '/home/brilliant/ros2_ws/install/twist_stamper/share/twist_stamper/package.bash'
[3.549s] INFO:colcon.colcon_core.shell:Creating package script '/home/brilliant/ros2_ws/install/twist_stamper/share/twist_stamper/package.zsh'
[3.550s] Level 1:colcon.colcon_core.environment:create_file_with_runtime_dependencies(/home/brilliant/ros2_ws/install/twist_stamper/share/colcon-core/packages/twist_stamper)
[3.551s] DEBUG:colcon.colcon_parallel_executor.executor.parallel:closing loop
[3.552s] DEBUG:colcon.colcon_parallel_executor.executor.parallel:loop closed
[3.552s] DEBUG:colcon.colcon_parallel_executor.executor.parallel:run_until_complete finished with '0'
[3.552s] DEBUG:colcon.colcon_core.event_reactor:joining thread
[3.571s] INFO:colcon.colcon_core.plugin_system:Skipping extension 'colcon_notification.desktop_notification.terminal_notifier': Not used on non-Darwin systems
[3.571s] INFO:colcon.colcon_core.plugin_system:Skipping extension 'colcon_notification.desktop_notification.win32': Not used on non-Windows systems
[3.572s] INFO:colcon.colcon_notification.desktop_notification:Sending desktop notification using 'notify2'
[3.612s] DEBUG:colcon.colcon_core.event_reactor:joined thread
[3.613s] INFO:colcon.colcon_core.shell:Creating prefix script '/home/brilliant/ros2_ws/install/local_setup.ps1'
[3.616s] INFO:colcon.colcon_core.shell:Creating prefix util module '/home/brilliant/ros2_ws/install/_local_setup_util_ps1.py'
[3.620s] INFO:colcon.colcon_core.shell:Creating prefix chain script '/home/brilliant/ros2_ws/install/setup.ps1'
[3.624s] INFO:colcon.colcon_core.shell:Creating prefix script '/home/brilliant/ros2_ws/install/local_setup.sh'
[3.625s] INFO:colcon.colcon_core.shell:Creating prefix util module '/home/brilliant/ros2_ws/install/_local_setup_util_sh.py'
[3.626s] INFO:colcon.colcon_core.shell:Creating prefix chain script '/home/brilliant/ros2_ws/install/setup.sh'
[3.628s] INFO:colcon.colcon_core.shell:Creating prefix script '/home/brilliant/ros2_ws/install/local_setup.bash'
[3.629s] INFO:colcon.colcon_core.shell:Creating prefix chain script '/home/brilliant/ros2_ws/install/setup.bash'
[3.633s] INFO:colcon.colcon_core.shell:Creating prefix script '/home/brilliant/ros2_ws/install/local_setup.zsh'
[3.656s] INFO:colcon.colcon_core.shell:Creating prefix chain script '/home/brilliant/ros2_ws/install/setup.zsh'
