[0.229s] DEBUG:colcon:Command line arguments: ['/usr/bin/colcon', 'build', '--symlink-install']
[0.229s] DEBUG:colcon:Parsed command line arguments: Namespace(log_base=None, log_level=None, verb_name='build', build_base='build', install_base='install', merge_install=False, symlink_install=True, test_result_base=None, continue_on_error=False, executor='parallel', parallel_workers=4, event_handlers=None, ignore_user_meta=False, metas=['./colcon.meta'], base_paths=['.'], packages_ignore=None, packages_ignore_regex=None, paths=None, packages_up_to=None, packages_up_to_regex=None, packages_above=None, packages_above_and_dependencies=None, packages_above_depth=None, packages_select_by_dep=None, packages_skip_by_dep=None, packages_skip_up_to=None, packages_select_build_failed=False, packages_skip_build_finished=False, packages_select_test_failures=False, packages_skip_test_passed=False, packages_select=None, packages_skip=None, packages_select_regex=None, packages_skip_regex=None, packages_start=None, packages_end=None, allow_overriding=[], cmake_args=None, cmake_target=None, cmake_target_skip_unavailable=False, cmake_clean_cache=False, cmake_clean_first=False, cmake_force_configure=False, ament_cmake_args=None, catkin_cmake_args=None, catkin_skip_building_tests=False, mixin_files=None, mixin=None, verb_parser=<colcon_mixin.mixin.mixin_argument.MixinArgumentDecorator object at 0x72d54d140b00>, verb_extension=<colcon_core.verb.build.BuildVerb object at 0x72d54d140740>, main=<bound method BuildVerb.main of <colcon_core.verb.build.BuildVerb object at 0x72d54d140740>>, mixin_verb=('build',))
[0.294s] Level 1:colcon.colcon_core.package_discovery:discover_packages(colcon_meta) check parameters
[0.294s] Level 1:colcon.colcon_core.package_discovery:discover_packages(recursive) check parameters
[0.294s] Level 1:colcon.colcon_core.package_discovery:discover_packages(ignore) check parameters
[0.294s] Level 1:colcon.colcon_core.package_discovery:discover_packages(path) check parameters
[0.294s] Level 1:colcon.colcon_core.package_discovery:discover_packages(colcon_meta) discover
[0.294s] Level 1:colcon.colcon_core.package_discovery:discover_packages(recursive) discover
[0.295s] INFO:colcon.colcon_core.package_discovery:Crawling recursively for packages in '/home/brilliant/ros2_ws'
[0.295s] Level 1:colcon.colcon_core.package_identification:_identify(.) by extensions ['ignore', 'ignore_ament_install']
[0.295s] Level 1:colcon.colcon_core.package_identification:_identify(.) by extension 'ignore'
[0.295s] Level 1:colcon.colcon_core.package_identification:_identify(.) by extension 'ignore_ament_install'
[0.295s] Level 1:colcon.colcon_core.package_identification:_identify(.) by extensions ['colcon_pkg']
[0.295s] Level 1:colcon.colcon_core.package_identification:_identify(.) by extension 'colcon_pkg'
[0.295s] Level 1:colcon.colcon_core.package_identification:_identify(.) by extensions ['colcon_meta']
[0.295s] Level 1:colcon.colcon_core.package_identification:_identify(.) by extension 'colcon_meta'
[0.295s] Level 1:colcon.colcon_core.package_identification:_identify(.) by extensions ['ros']
[0.296s] Level 1:colcon.colcon_core.package_identification:_identify(.) by extension 'ros'
[0.344s] Level 1:colcon.colcon_core.package_identification:_identify(.) by extensions ['cmake', 'python']
[0.344s] Level 1:colcon.colcon_core.package_identification:_identify(.) by extension 'cmake'
[0.344s] Level 1:colcon.colcon_core.package_identification:_identify(.) by extension 'python'
[0.344s] Level 1:colcon.colcon_core.package_identification:_identify(.) by extensions ['python_setup_py']
[0.344s] Level 1:colcon.colcon_core.package_identification:_identify(.) by extension 'python_setup_py'
[0.345s] Level 1:colcon.colcon_core.package_identification:_identify(build) by extensions ['ignore', 'ignore_ament_install']
[0.345s] Level 1:colcon.colcon_core.package_identification:_identify(build) by extension 'ignore'
[0.345s] Level 1:colcon.colcon_core.package_identification:_identify(build) ignored
[0.345s] Level 1:colcon.colcon_core.package_identification:_identify(install) by extensions ['ignore', 'ignore_ament_install']
[0.346s] Level 1:colcon.colcon_core.package_identification:_identify(install) by extension 'ignore'
[0.346s] Level 1:colcon.colcon_core.package_identification:_identify(install) ignored
[0.346s] Level 1:colcon.colcon_core.package_identification:_identify(log) by extensions ['ignore', 'ignore_ament_install']
[0.346s] Level 1:colcon.colcon_core.package_identification:_identify(log) by extension 'ignore'
[0.346s] Level 1:colcon.colcon_core.package_identification:_identify(log) ignored
[0.347s] Level 1:colcon.colcon_core.package_identification:_identify(src) by extensions ['ignore', 'ignore_ament_install']
[0.347s] Level 1:colcon.colcon_core.package_identification:_identify(src) by extension 'ignore'
[0.347s] Level 1:colcon.colcon_core.package_identification:_identify(src) by extension 'ignore_ament_install'
[0.347s] Level 1:colcon.colcon_core.package_identification:_identify(src) by extensions ['colcon_pkg']
[0.347s] Level 1:colcon.colcon_core.package_identification:_identify(src) by extension 'colcon_pkg'
[0.347s] Level 1:colcon.colcon_core.package_identification:_identify(src) by extensions ['colcon_meta']
[0.347s] Level 1:colcon.colcon_core.package_identification:_identify(src) by extension 'colcon_meta'
[0.347s] Level 1:colcon.colcon_core.package_identification:_identify(src) by extensions ['ros']
[0.348s] Level 1:colcon.colcon_core.package_identification:_identify(src) by extension 'ros'
[0.348s] Level 1:colcon.colcon_core.package_identification:_identify(src) by extensions ['cmake', 'python']
[0.348s] Level 1:colcon.colcon_core.package_identification:_identify(src) by extension 'cmake'
[0.348s] Level 1:colcon.colcon_core.package_identification:_identify(src) by extension 'python'
[0.348s] Level 1:colcon.colcon_core.package_identification:_identify(src) by extensions ['python_setup_py']
[0.348s] Level 1:colcon.colcon_core.package_identification:_identify(src) by extension 'python_setup_py'
[0.349s] Level 1:colcon.colcon_core.package_identification:_identify(src/diffdrive_arduino) by extensions ['ignore', 'ignore_ament_install']
[0.350s] Level 1:colcon.colcon_core.package_identification:_identify(src/diffdrive_arduino) by extension 'ignore'
[0.350s] Level 1:colcon.colcon_core.package_identification:_identify(src/diffdrive_arduino) by extension 'ignore_ament_install'
[0.350s] Level 1:colcon.colcon_core.package_identification:_identify(src/diffdrive_arduino) by extensions ['colcon_pkg']
[0.350s] Level 1:colcon.colcon_core.package_identification:_identify(src/diffdrive_arduino) by extension 'colcon_pkg'
[0.350s] Level 1:colcon.colcon_core.package_identification:_identify(src/diffdrive_arduino) by extensions ['colcon_meta']
[0.350s] Level 1:colcon.colcon_core.package_identification:_identify(src/diffdrive_arduino) by extension 'colcon_meta'
[0.350s] Level 1:colcon.colcon_core.package_identification:_identify(src/diffdrive_arduino) by extensions ['ros']
[0.350s] Level 1:colcon.colcon_core.package_identification:_identify(src/diffdrive_arduino) by extension 'ros'
[0.357s] DEBUG:colcon.colcon_core.package_identification:Package 'src/diffdrive_arduino' with type 'ros.ament_cmake' and name 'diffdrive_arduino'
[0.358s] Level 1:colcon.colcon_core.package_identification:_identify(src/minibot) by extensions ['ignore', 'ignore_ament_install']
[0.358s] Level 1:colcon.colcon_core.package_identification:_identify(src/minibot) by extension 'ignore'
[0.359s] Level 1:colcon.colcon_core.package_identification:_identify(src/minibot) by extension 'ignore_ament_install'
[0.359s] Level 1:colcon.colcon_core.package_identification:_identify(src/minibot) by extensions ['colcon_pkg']
[0.360s] Level 1:colcon.colcon_core.package_identification:_identify(src/minibot) by extension 'colcon_pkg'
[0.360s] Level 1:colcon.colcon_core.package_identification:_identify(src/minibot) by extensions ['colcon_meta']
[0.360s] Level 1:colcon.colcon_core.package_identification:_identify(src/minibot) by extension 'colcon_meta'
[0.360s] Level 1:colcon.colcon_core.package_identification:_identify(src/minibot) by extensions ['ros']
[0.360s] Level 1:colcon.colcon_core.package_identification:_identify(src/minibot) by extension 'ros'
[0.362s] DEBUG:colcon.colcon_core.package_identification:Package 'src/minibot' with type 'ros.ament_cmake' and name 'minibot'
[0.363s] Level 1:colcon.colcon_core.package_identification:_identify(src/serial) by extensions ['ignore', 'ignore_ament_install']
[0.363s] Level 1:colcon.colcon_core.package_identification:_identify(src/serial) by extension 'ignore'
[0.364s] Level 1:colcon.colcon_core.package_identification:_identify(src/serial) by extension 'ignore_ament_install'
[0.364s] Level 1:colcon.colcon_core.package_identification:_identify(src/serial) by extensions ['colcon_pkg']
[0.364s] Level 1:colcon.colcon_core.package_identification:_identify(src/serial) by extension 'colcon_pkg'
[0.364s] Level 1:colcon.colcon_core.package_identification:_identify(src/serial) by extensions ['colcon_meta']
[0.365s] Level 1:colcon.colcon_core.package_identification:_identify(src/serial) by extension 'colcon_meta'
[0.365s] Level 1:colcon.colcon_core.package_identification:_identify(src/serial) by extensions ['ros']
[0.365s] Level 1:colcon.colcon_core.package_identification:_identify(src/serial) by extension 'ros'
[0.366s] DEBUG:colcon.colcon_core.package_identification:Package 'src/serial' with type 'ros.ament_cmake' and name 'serial'
[0.367s] Level 1:colcon.colcon_core.package_identification:_identify(src/sllidar_ros2) by extensions ['ignore', 'ignore_ament_install']
[0.367s] Level 1:colcon.colcon_core.package_identification:_identify(src/sllidar_ros2) by extension 'ignore'
[0.367s] Level 1:colcon.colcon_core.package_identification:_identify(src/sllidar_ros2) by extension 'ignore_ament_install'
[0.367s] Level 1:colcon.colcon_core.package_identification:_identify(src/sllidar_ros2) by extensions ['colcon_pkg']
[0.367s] Level 1:colcon.colcon_core.package_identification:_identify(src/sllidar_ros2) by extension 'colcon_pkg'
[0.367s] Level 1:colcon.colcon_core.package_identification:_identify(src/sllidar_ros2) by extensions ['colcon_meta']
[0.367s] Level 1:colcon.colcon_core.package_identification:_identify(src/sllidar_ros2) by extension 'colcon_meta'
[0.368s] Level 1:colcon.colcon_core.package_identification:_identify(src/sllidar_ros2) by extensions ['ros']
[0.368s] Level 1:colcon.colcon_core.package_identification:_identify(src/sllidar_ros2) by extension 'ros'
[0.370s] DEBUG:colcon.colcon_core.package_identification:Package 'src/sllidar_ros2' with type 'ros.ament_cmake' and name 'sllidar_ros2'
[0.370s] Level 1:colcon.colcon_core.package_identification:_identify(src/twist_stamper) by extensions ['ignore', 'ignore_ament_install']
[0.371s] Level 1:colcon.colcon_core.package_identification:_identify(src/twist_stamper) by extension 'ignore'
[0.371s] Level 1:colcon.colcon_core.package_identification:_identify(src/twist_stamper) by extension 'ignore_ament_install'
[0.371s] Level 1:colcon.colcon_core.package_identification:_identify(src/twist_stamper) by extensions ['colcon_pkg']
[0.371s] Level 1:colcon.colcon_core.package_identification:_identify(src/twist_stamper) by extension 'colcon_pkg'
[0.371s] Level 1:colcon.colcon_core.package_identification:_identify(src/twist_stamper) by extensions ['colcon_meta']
[0.371s] Level 1:colcon.colcon_core.package_identification:_identify(src/twist_stamper) by extension 'colcon_meta'
[0.371s] Level 1:colcon.colcon_core.package_identification:_identify(src/twist_stamper) by extensions ['ros']
[0.372s] Level 1:colcon.colcon_core.package_identification:_identify(src/twist_stamper) by extension 'ros'
[0.373s] DEBUG:colcon.colcon_core.package_identification:Package 'src/twist_stamper' with type 'ros.ament_python' and name 'twist_stamper'
[0.373s] Level 1:colcon.colcon_core.package_discovery:discover_packages(recursive) using defaults
[0.373s] Level 1:colcon.colcon_core.package_discovery:discover_packages(ignore) discover
[0.374s] Level 1:colcon.colcon_core.package_discovery:discover_packages(ignore) using defaults
[0.374s] Level 1:colcon.colcon_core.package_discovery:discover_packages(path) discover
[0.374s] Level 1:colcon.colcon_core.package_discovery:discover_packages(path) using defaults
[0.425s] Level 1:colcon.colcon_core.package_discovery:discover_packages(prefix_path) check parameters
[0.425s] Level 1:colcon.colcon_core.package_discovery:discover_packages(prefix_path) discover
[0.428s] WARNING:colcon.colcon_core.prefix_path.colcon:The path '/home/brilliant/ros2_ws/src/install' in the environment variable COLCON_PREFIX_PATH doesn't exist
[0.428s] WARNING:colcon.colcon_ros.prefix_path.ament:The path '/home/brilliant/ros2_ws/src/install/twist_stamper' in the environment variable AMENT_PREFIX_PATH doesn't exist
[0.429s] WARNING:colcon.colcon_ros.prefix_path.ament:The path '/home/brilliant/ros2_ws/src/install/sllidar_ros2' in the environment variable AMENT_PREFIX_PATH doesn't exist
[0.429s] WARNING:colcon.colcon_ros.prefix_path.ament:The path '/home/brilliant/ros2_ws/src/install/serial' in the environment variable AMENT_PREFIX_PATH doesn't exist
[0.429s] WARNING:colcon.colcon_ros.prefix_path.ament:The path '/home/brilliant/ros2_ws/src/install/minibot' in the environment variable AMENT_PREFIX_PATH doesn't exist
[0.429s] WARNING:colcon.colcon_ros.prefix_path.ament:The path '/home/brilliant/ros2_ws/src/install/diffdrive_arduino' in the environment variable AMENT_PREFIX_PATH doesn't exist
[0.430s] WARNING:colcon.colcon_ros.prefix_path.catkin:The path '/home/brilliant/ros2_ws/src/install/sllidar_ros2' in the environment variable CMAKE_PREFIX_PATH doesn't exist
[0.430s] WARNING:colcon.colcon_ros.prefix_path.catkin:The path '/home/brilliant/ros2_ws/src/install/serial' in the environment variable CMAKE_PREFIX_PATH doesn't exist
[0.430s] WARNING:colcon.colcon_ros.prefix_path.catkin:The path '/home/brilliant/ros2_ws/src/install/minibot' in the environment variable CMAKE_PREFIX_PATH doesn't exist
[0.430s] WARNING:colcon.colcon_ros.prefix_path.catkin:The path '/home/brilliant/ros2_ws/src/install/diffdrive_arduino' in the environment variable CMAKE_PREFIX_PATH doesn't exist
[0.435s] DEBUG:colcon.colcon_installed_package_information.package_discovery:Found 5 installed packages in /home/brilliant/ros2_ws/install
[0.440s] DEBUG:colcon.colcon_installed_package_information.package_discovery:Found 394 installed packages in /opt/ros/jazzy
[0.443s] Level 1:colcon.colcon_core.package_discovery:discover_packages(prefix_path) using defaults
[0.535s] Level 5:colcon.colcon_core.verb:set package 'diffdrive_arduino' build argument 'cmake_args' from command line to 'None'
[0.535s] Level 5:colcon.colcon_core.verb:set package 'diffdrive_arduino' build argument 'cmake_target' from command line to 'None'
[0.536s] Level 5:colcon.colcon_core.verb:set package 'diffdrive_arduino' build argument 'cmake_target_skip_unavailable' from command line to 'False'
[0.536s] Level 5:colcon.colcon_core.verb:set package 'diffdrive_arduino' build argument 'cmake_clean_cache' from command line to 'False'
[0.536s] Level 5:colcon.colcon_core.verb:set package 'diffdrive_arduino' build argument 'cmake_clean_first' from command line to 'False'
[0.536s] Level 5:colcon.colcon_core.verb:set package 'diffdrive_arduino' build argument 'cmake_force_configure' from command line to 'False'
[0.536s] Level 5:colcon.colcon_core.verb:set package 'diffdrive_arduino' build argument 'ament_cmake_args' from command line to 'None'
[0.536s] Level 5:colcon.colcon_core.verb:set package 'diffdrive_arduino' build argument 'catkin_cmake_args' from command line to 'None'
[0.536s] Level 5:colcon.colcon_core.verb:set package 'diffdrive_arduino' build argument 'catkin_skip_building_tests' from command line to 'False'
[0.536s] DEBUG:colcon.colcon_core.verb:Building package 'diffdrive_arduino' with the following arguments: {'ament_cmake_args': None, 'build_base': '/home/brilliant/ros2_ws/build/diffdrive_arduino', 'catkin_cmake_args': None, 'catkin_skip_building_tests': False, 'cmake_args': None, 'cmake_clean_cache': False, 'cmake_clean_first': False, 'cmake_force_configure': False, 'cmake_target': None, 'cmake_target_skip_unavailable': False, 'install_base': '/home/brilliant/ros2_ws/install/diffdrive_arduino', 'merge_install': False, 'path': '/home/brilliant/ros2_ws/src/diffdrive_arduino', 'symlink_install': True, 'test_result_base': None}
[0.536s] Level 5:colcon.colcon_core.verb:set package 'minibot' build argument 'cmake_args' from command line to 'None'
[0.536s] Level 5:colcon.colcon_core.verb:set package 'minibot' build argument 'cmake_target' from command line to 'None'
[0.537s] Level 5:colcon.colcon_core.verb:set package 'minibot' build argument 'cmake_target_skip_unavailable' from command line to 'False'
[0.537s] Level 5:colcon.colcon_core.verb:set package 'minibot' build argument 'cmake_clean_cache' from command line to 'False'
[0.537s] Level 5:colcon.colcon_core.verb:set package 'minibot' build argument 'cmake_clean_first' from command line to 'False'
[0.537s] Level 5:colcon.colcon_core.verb:set package 'minibot' build argument 'cmake_force_configure' from command line to 'False'
[0.537s] Level 5:colcon.colcon_core.verb:set package 'minibot' build argument 'ament_cmake_args' from command line to 'None'
[0.537s] Level 5:colcon.colcon_core.verb:set package 'minibot' build argument 'catkin_cmake_args' from command line to 'None'
[0.537s] Level 5:colcon.colcon_core.verb:set package 'minibot' build argument 'catkin_skip_building_tests' from command line to 'False'
[0.537s] DEBUG:colcon.colcon_core.verb:Building package 'minibot' with the following arguments: {'ament_cmake_args': None, 'build_base': '/home/brilliant/ros2_ws/build/minibot', 'catkin_cmake_args': None, 'catkin_skip_building_tests': False, 'cmake_args': None, 'cmake_clean_cache': False, 'cmake_clean_first': False, 'cmake_force_configure': False, 'cmake_target': None, 'cmake_target_skip_unavailable': False, 'install_base': '/home/brilliant/ros2_ws/install/minibot', 'merge_install': False, 'path': '/home/brilliant/ros2_ws/src/minibot', 'symlink_install': True, 'test_result_base': None}
[0.537s] Level 5:colcon.colcon_core.verb:set package 'serial' build argument 'cmake_args' from command line to 'None'
[0.537s] Level 5:colcon.colcon_core.verb:set package 'serial' build argument 'cmake_target' from command line to 'None'
[0.537s] Level 5:colcon.colcon_core.verb:set package 'serial' build argument 'cmake_target_skip_unavailable' from command line to 'False'
[0.537s] Level 5:colcon.colcon_core.verb:set package 'serial' build argument 'cmake_clean_cache' from command line to 'False'
[0.538s] Level 5:colcon.colcon_core.verb:set package 'serial' build argument 'cmake_clean_first' from command line to 'False'
[0.538s] Level 5:colcon.colcon_core.verb:set package 'serial' build argument 'cmake_force_configure' from command line to 'False'
[0.538s] Level 5:colcon.colcon_core.verb:set package 'serial' build argument 'ament_cmake_args' from command line to 'None'
[0.538s] Level 5:colcon.colcon_core.verb:set package 'serial' build argument 'catkin_cmake_args' from command line to 'None'
[0.538s] Level 5:colcon.colcon_core.verb:set package 'serial' build argument 'catkin_skip_building_tests' from command line to 'False'
[0.538s] DEBUG:colcon.colcon_core.verb:Building package 'serial' with the following arguments: {'ament_cmake_args': None, 'build_base': '/home/brilliant/ros2_ws/build/serial', 'catkin_cmake_args': None, 'catkin_skip_building_tests': False, 'cmake_args': None, 'cmake_clean_cache': False, 'cmake_clean_first': False, 'cmake_force_configure': False, 'cmake_target': None, 'cmake_target_skip_unavailable': False, 'install_base': '/home/brilliant/ros2_ws/install/serial', 'merge_install': False, 'path': '/home/brilliant/ros2_ws/src/serial', 'symlink_install': True, 'test_result_base': None}
[0.538s] Level 5:colcon.colcon_core.verb:set package 'sllidar_ros2' build argument 'cmake_args' from command line to 'None'
[0.538s] Level 5:colcon.colcon_core.verb:set package 'sllidar_ros2' build argument 'cmake_target' from command line to 'None'
[0.538s] Level 5:colcon.colcon_core.verb:set package 'sllidar_ros2' build argument 'cmake_target_skip_unavailable' from command line to 'False'
[0.538s] Level 5:colcon.colcon_core.verb:set package 'sllidar_ros2' build argument 'cmake_clean_cache' from command line to 'False'
[0.538s] Level 5:colcon.colcon_core.verb:set package 'sllidar_ros2' build argument 'cmake_clean_first' from command line to 'False'
[0.538s] Level 5:colcon.colcon_core.verb:set package 'sllidar_ros2' build argument 'cmake_force_configure' from command line to 'False'
[0.539s] Level 5:colcon.colcon_core.verb:set package 'sllidar_ros2' build argument 'ament_cmake_args' from command line to 'None'
[0.539s] Level 5:colcon.colcon_core.verb:set package 'sllidar_ros2' build argument 'catkin_cmake_args' from command line to 'None'
[0.539s] Level 5:colcon.colcon_core.verb:set package 'sllidar_ros2' build argument 'catkin_skip_building_tests' from command line to 'False'
[0.539s] DEBUG:colcon.colcon_core.verb:Building package 'sllidar_ros2' with the following arguments: {'ament_cmake_args': None, 'build_base': '/home/brilliant/ros2_ws/build/sllidar_ros2', 'catkin_cmake_args': None, 'catkin_skip_building_tests': False, 'cmake_args': None, 'cmake_clean_cache': False, 'cmake_clean_first': False, 'cmake_force_configure': False, 'cmake_target': None, 'cmake_target_skip_unavailable': False, 'install_base': '/home/brilliant/ros2_ws/install/sllidar_ros2', 'merge_install': False, 'path': '/home/brilliant/ros2_ws/src/sllidar_ros2', 'symlink_install': True, 'test_result_base': None}
[0.539s] Level 5:colcon.colcon_core.verb:set package 'twist_stamper' build argument 'cmake_args' from command line to 'None'
[0.539s] Level 5:colcon.colcon_core.verb:set package 'twist_stamper' build argument 'cmake_target' from command line to 'None'
[0.539s] Level 5:colcon.colcon_core.verb:set package 'twist_stamper' build argument 'cmake_target_skip_unavailable' from command line to 'False'
[0.539s] Level 5:colcon.colcon_core.verb:set package 'twist_stamper' build argument 'cmake_clean_cache' from command line to 'False'
[0.539s] Level 5:colcon.colcon_core.verb:set package 'twist_stamper' build argument 'cmake_clean_first' from command line to 'False'
[0.539s] Level 5:colcon.colcon_core.verb:set package 'twist_stamper' build argument 'cmake_force_configure' from command line to 'False'
[0.539s] Level 5:colcon.colcon_core.verb:set package 'twist_stamper' build argument 'ament_cmake_args' from command line to 'None'
[0.539s] Level 5:colcon.colcon_core.verb:set package 'twist_stamper' build argument 'catkin_cmake_args' from command line to 'None'
[0.540s] Level 5:colcon.colcon_core.verb:set package 'twist_stamper' build argument 'catkin_skip_building_tests' from command line to 'False'
[0.540s] DEBUG:colcon.colcon_core.verb:Building package 'twist_stamper' with the following arguments: {'ament_cmake_args': None, 'build_base': '/home/brilliant/ros2_ws/build/twist_stamper', 'catkin_cmake_args': None, 'catkin_skip_building_tests': False, 'cmake_args': None, 'cmake_clean_cache': False, 'cmake_clean_first': False, 'cmake_force_configure': False, 'cmake_target': None, 'cmake_target_skip_unavailable': False, 'install_base': '/home/brilliant/ros2_ws/install/twist_stamper', 'merge_install': False, 'path': '/home/brilliant/ros2_ws/src/twist_stamper', 'symlink_install': True, 'test_result_base': None}
[0.540s] INFO:colcon.colcon_core.executor:Executing jobs using 'parallel' executor
[0.541s] DEBUG:colcon.colcon_parallel_executor.executor.parallel:run_until_complete
[0.541s] INFO:colcon.colcon_ros.task.ament_cmake.build:Building ROS package in '/home/brilliant/ros2_ws/src/diffdrive_arduino' with build type 'ament_cmake'
[0.542s] INFO:colcon.colcon_cmake.task.cmake.build:Building CMake package in '/home/brilliant/ros2_ws/src/diffdrive_arduino'
[0.550s] INFO:colcon.colcon_core.plugin_system:Skipping extension 'colcon_core.shell.bat': Not used on non-Windows systems
[0.551s] INFO:colcon.colcon_core.shell:Skip shell extension 'powershell' for command environment: Not usable outside of PowerShell
[0.551s] DEBUG:colcon.colcon_core.shell:Skip shell extension 'dsv' for command environment
[0.558s] INFO:colcon.colcon_ros.task.ament_cmake.build:Building ROS package in '/home/brilliant/ros2_ws/src/minibot' with build type 'ament_cmake'
[0.559s] INFO:colcon.colcon_cmake.task.cmake.build:Building CMake package in '/home/brilliant/ros2_ws/src/minibot'
[0.559s] INFO:colcon.colcon_core.shell:Skip shell extension 'powershell' for command environment: Not usable outside of PowerShell
[0.559s] DEBUG:colcon.colcon_core.shell:Skip shell extension 'dsv' for command environment
[0.565s] INFO:colcon.colcon_ros.task.ament_cmake.build:Building ROS package in '/home/brilliant/ros2_ws/src/serial' with build type 'ament_cmake'
[0.566s] INFO:colcon.colcon_cmake.task.cmake.build:Building CMake package in '/home/brilliant/ros2_ws/src/serial'
[0.567s] INFO:colcon.colcon_core.shell:Skip shell extension 'powershell' for command environment: Not usable outside of PowerShell
[0.567s] DEBUG:colcon.colcon_core.shell:Skip shell extension 'dsv' for command environment
[0.574s] INFO:colcon.colcon_ros.task.ament_cmake.build:Building ROS package in '/home/brilliant/ros2_ws/src/sllidar_ros2' with build type 'ament_cmake'
[0.575s] INFO:colcon.colcon_cmake.task.cmake.build:Building CMake package in '/home/brilliant/ros2_ws/src/sllidar_ros2'
[0.575s] INFO:colcon.colcon_core.shell:Skip shell extension 'powershell' for command environment: Not usable outside of PowerShell
[0.575s] DEBUG:colcon.colcon_core.shell:Skip shell extension 'dsv' for command environment
[0.589s] DEBUG:colcon.colcon_core.event_handler.log_command:Invoking command in '/home/brilliant/ros2_ws/build/diffdrive_arduino': CMAKE_PREFIX_PATH=${CMAKE_PREFIX_PATH}:/home/brilliant/ros2_ws/install/twist_stamper:/home/brilliant/ros2_ws/src/install/twist_stamper:/opt/ros/jazzy DEBUGINFOD_URLS=https://debuginfod.ubuntu.com /usr/bin/cmake --build /home/brilliant/ros2_ws/build/diffdrive_arduino -- -j4 -l4
[0.596s] DEBUG:colcon.colcon_core.event_handler.log_command:Invoking command in '/home/brilliant/ros2_ws/build/minibot': CMAKE_PREFIX_PATH=${CMAKE_PREFIX_PATH}:/home/brilliant/ros2_ws/install/twist_stamper:/home/brilliant/ros2_ws/src/install/twist_stamper:/opt/ros/jazzy DEBUGINFOD_URLS=https://debuginfod.ubuntu.com /usr/bin/cmake --build /home/brilliant/ros2_ws/build/minibot -- -j4 -l4
[0.604s] DEBUG:colcon.colcon_core.event_handler.log_command:Invoking command in '/home/brilliant/ros2_ws/build/serial': CMAKE_PREFIX_PATH=${CMAKE_PREFIX_PATH}:/home/brilliant/ros2_ws/install/twist_stamper:/home/brilliant/ros2_ws/src/install/twist_stamper:/opt/ros/jazzy DEBUGINFOD_URLS=https://debuginfod.ubuntu.com /usr/bin/cmake --build /home/brilliant/ros2_ws/build/serial -- -j4 -l4
[0.613s] DEBUG:colcon.colcon_core.event_handler.log_command:Invoking command in '/home/brilliant/ros2_ws/build/sllidar_ros2': CMAKE_PREFIX_PATH=${CMAKE_PREFIX_PATH}:/home/brilliant/ros2_ws/install/twist_stamper:/home/brilliant/ros2_ws/src/install/twist_stamper:/opt/ros/jazzy DEBUGINFOD_URLS=https://debuginfod.ubuntu.com /usr/bin/cmake --build /home/brilliant/ros2_ws/build/sllidar_ros2 -- -j4 -l4
[0.789s] DEBUG:colcon.colcon_core.event_handler.log_command:Invoked command in '/home/brilliant/ros2_ws/build/diffdrive_arduino' returned '0': CMAKE_PREFIX_PATH=${CMAKE_PREFIX_PATH}:/home/brilliant/ros2_ws/install/twist_stamper:/home/brilliant/ros2_ws/src/install/twist_stamper:/opt/ros/jazzy DEBUGINFOD_URLS=https://debuginfod.ubuntu.com /usr/bin/cmake --build /home/brilliant/ros2_ws/build/diffdrive_arduino -- -j4 -l4
[0.819s] DEBUG:colcon.colcon_core.event_handler.log_command:Invoking command in '/home/brilliant/ros2_ws/build/diffdrive_arduino': CMAKE_PREFIX_PATH=${CMAKE_PREFIX_PATH}:/home/brilliant/ros2_ws/install/twist_stamper:/home/brilliant/ros2_ws/src/install/twist_stamper:/opt/ros/jazzy DEBUGINFOD_URLS=https://debuginfod.ubuntu.com /usr/bin/cmake --install /home/brilliant/ros2_ws/build/diffdrive_arduino
[0.822s] DEBUG:colcon.colcon_core.event_handler.log_command:Invoked command in '/home/brilliant/ros2_ws/build/minibot' returned '0': CMAKE_PREFIX_PATH=${CMAKE_PREFIX_PATH}:/home/brilliant/ros2_ws/install/twist_stamper:/home/brilliant/ros2_ws/src/install/twist_stamper:/opt/ros/jazzy DEBUGINFOD_URLS=https://debuginfod.ubuntu.com /usr/bin/cmake --build /home/brilliant/ros2_ws/build/minibot -- -j4 -l4
[0.830s] DEBUG:colcon.colcon_core.event_handler.log_command:Invoking command in '/home/brilliant/ros2_ws/build/minibot': CMAKE_PREFIX_PATH=${CMAKE_PREFIX_PATH}:/home/brilliant/ros2_ws/install/twist_stamper:/home/brilliant/ros2_ws/src/install/twist_stamper:/opt/ros/jazzy DEBUGINFOD_URLS=https://debuginfod.ubuntu.com /usr/bin/cmake --install /home/brilliant/ros2_ws/build/minibot
[0.931s] Level 1:colcon.colcon_core.environment:create_environment_scripts_only(minibot)
[0.933s] DEBUG:colcon.colcon_core.event_handler.log_command:Invoked command in '/home/brilliant/ros2_ws/build/minibot' returned '0': CMAKE_PREFIX_PATH=${CMAKE_PREFIX_PATH}:/home/brilliant/ros2_ws/install/twist_stamper:/home/brilliant/ros2_ws/src/install/twist_stamper:/opt/ros/jazzy DEBUGINFOD_URLS=https://debuginfod.ubuntu.com /usr/bin/cmake --install /home/brilliant/ros2_ws/build/minibot
[0.956s] Level 1:colcon.colcon_core.environment:checking '/home/brilliant/ros2_ws/install/minibot' for CMake module files
[0.958s] Level 1:colcon.colcon_core.environment:checking '/home/brilliant/ros2_ws/install/minibot' for CMake config files
[0.959s] Level 1:colcon.colcon_core.shell:create_environment_hook('minibot', 'cmake_prefix_path')
[0.962s] INFO:colcon.colcon_core.shell:Creating environment hook '/home/brilliant/ros2_ws/install/minibot/share/minibot/hook/cmake_prefix_path.ps1'
[0.964s] INFO:colcon.colcon_core.shell:Creating environment descriptor '/home/brilliant/ros2_ws/install/minibot/share/minibot/hook/cmake_prefix_path.dsv'
[0.964s] INFO:colcon.colcon_core.shell:Creating environment hook '/home/brilliant/ros2_ws/install/minibot/share/minibot/hook/cmake_prefix_path.sh'
[0.969s] Level 1:colcon.colcon_core.environment:checking '/home/brilliant/ros2_ws/install/minibot/lib'
[0.970s] Level 1:colcon.colcon_core.environment:checking '/home/brilliant/ros2_ws/install/minibot/bin'
[0.970s] Level 1:colcon.colcon_core.environment:checking '/home/brilliant/ros2_ws/install/minibot/lib/pkgconfig/minibot.pc'
[0.971s] Level 1:colcon.colcon_core.environment:checking '/home/brilliant/ros2_ws/install/minibot/lib/python3.12/site-packages'
[0.972s] Level 1:colcon.colcon_core.environment:checking '/home/brilliant/ros2_ws/install/minibot/bin'
[0.973s] INFO:colcon.colcon_core.shell:Creating package script '/home/brilliant/ros2_ws/install/minibot/share/minibot/package.ps1'
[0.975s] INFO:colcon.colcon_core.shell:Creating package descriptor '/home/brilliant/ros2_ws/install/minibot/share/minibot/package.dsv'
[0.976s] INFO:colcon.colcon_core.shell:Creating package script '/home/brilliant/ros2_ws/install/minibot/share/minibot/package.sh'
[0.978s] INFO:colcon.colcon_core.shell:Creating package script '/home/brilliant/ros2_ws/install/minibot/share/minibot/package.bash'
[0.979s] INFO:colcon.colcon_core.shell:Creating package script '/home/brilliant/ros2_ws/install/minibot/share/minibot/package.zsh'
[0.984s] Level 1:colcon.colcon_core.environment:create_file_with_runtime_dependencies(/home/brilliant/ros2_ws/install/minibot/share/colcon-core/packages/minibot)
[0.985s] Level 1:colcon.colcon_core.environment:create_environment_scripts_only(minibot)
[0.985s] Level 1:colcon.colcon_core.environment:checking '/home/brilliant/ros2_ws/install/minibot' for CMake module files
[0.988s] Level 1:colcon.colcon_core.environment:checking '/home/brilliant/ros2_ws/install/minibot' for CMake config files
[0.993s] Level 1:colcon.colcon_core.shell:create_environment_hook('minibot', 'cmake_prefix_path')
[0.994s] INFO:colcon.colcon_core.shell:Creating environment hook '/home/brilliant/ros2_ws/install/minibot/share/minibot/hook/cmake_prefix_path.ps1'
[0.995s] INFO:colcon.colcon_core.shell:Creating environment descriptor '/home/brilliant/ros2_ws/install/minibot/share/minibot/hook/cmake_prefix_path.dsv'
[0.996s] INFO:colcon.colcon_core.shell:Creating environment hook '/home/brilliant/ros2_ws/install/minibot/share/minibot/hook/cmake_prefix_path.sh'
[0.999s] Level 1:colcon.colcon_core.environment:checking '/home/brilliant/ros2_ws/install/minibot/lib'
[0.999s] Level 1:colcon.colcon_core.environment:checking '/home/brilliant/ros2_ws/install/minibot/bin'
[1.000s] Level 1:colcon.colcon_core.environment:checking '/home/brilliant/ros2_ws/install/minibot/lib/pkgconfig/minibot.pc'
[1.000s] Level 1:colcon.colcon_core.environment:checking '/home/brilliant/ros2_ws/install/minibot/lib/python3.12/site-packages'
[1.001s] Level 1:colcon.colcon_core.environment:checking '/home/brilliant/ros2_ws/install/minibot/bin'
[1.003s] INFO:colcon.colcon_core.shell:Creating package script '/home/brilliant/ros2_ws/install/minibot/share/minibot/package.ps1'
[1.006s] INFO:colcon.colcon_core.shell:Creating package descriptor '/home/brilliant/ros2_ws/install/minibot/share/minibot/package.dsv'
[1.008s] INFO:colcon.colcon_core.shell:Creating package script '/home/brilliant/ros2_ws/install/minibot/share/minibot/package.sh'
[1.012s] INFO:colcon.colcon_core.shell:Creating package script '/home/brilliant/ros2_ws/install/minibot/share/minibot/package.bash'
[1.014s] INFO:colcon.colcon_core.shell:Creating package script '/home/brilliant/ros2_ws/install/minibot/share/minibot/package.zsh'
[1.015s] Level 1:colcon.colcon_core.environment:create_file_with_runtime_dependencies(/home/brilliant/ros2_ws/install/minibot/share/colcon-core/packages/minibot)
[1.022s] INFO:colcon.colcon_ros.task.ament_python.build:Building ROS package in '/home/brilliant/ros2_ws/src/twist_stamper' with build type 'ament_python'
[1.022s] Level 1:colcon.colcon_core.shell:create_environment_hook('twist_stamper', 'ament_prefix_path')
[1.023s] INFO:colcon.colcon_core.shell:Creating environment hook '/home/brilliant/ros2_ws/install/twist_stamper/share/twist_stamper/hook/ament_prefix_path.ps1'
[1.024s] INFO:colcon.colcon_core.shell:Creating environment descriptor '/home/brilliant/ros2_ws/install/twist_stamper/share/twist_stamper/hook/ament_prefix_path.dsv'
[1.025s] INFO:colcon.colcon_core.shell:Creating environment hook '/home/brilliant/ros2_ws/install/twist_stamper/share/twist_stamper/hook/ament_prefix_path.sh'
[1.026s] INFO:colcon.colcon_core.shell:Skip shell extension 'powershell' for command environment: Not usable outside of PowerShell
[1.026s] DEBUG:colcon.colcon_core.shell:Skip shell extension 'dsv' for command environment
[1.041s] Level 1:colcon.colcon_core.environment:create_environment_scripts_only(diffdrive_arduino)
[1.041s] Level 1:colcon.colcon_core.environment:checking '/home/brilliant/ros2_ws/install/diffdrive_arduino' for CMake module files
[1.046s] Level 1:colcon.colcon_core.environment:checking '/home/brilliant/ros2_ws/install/diffdrive_arduino' for CMake config files
[1.047s] DEBUG:colcon.colcon_core.event_handler.log_command:Invoked command in '/home/brilliant/ros2_ws/build/diffdrive_arduino' returned '0': CMAKE_PREFIX_PATH=${CMAKE_PREFIX_PATH}:/home/brilliant/ros2_ws/install/twist_stamper:/home/brilliant/ros2_ws/src/install/twist_stamper:/opt/ros/jazzy DEBUGINFOD_URLS=https://debuginfod.ubuntu.com /usr/bin/cmake --install /home/brilliant/ros2_ws/build/diffdrive_arduino
[1.053s] Level 1:colcon.colcon_core.shell:create_environment_hook('diffdrive_arduino', 'cmake_prefix_path')
[1.053s] INFO:colcon.colcon_core.shell:Creating environment hook '/home/brilliant/ros2_ws/install/diffdrive_arduino/share/diffdrive_arduino/hook/cmake_prefix_path.ps1'
[1.054s] INFO:colcon.colcon_core.shell:Creating environment descriptor '/home/brilliant/ros2_ws/install/diffdrive_arduino/share/diffdrive_arduino/hook/cmake_prefix_path.dsv'
[1.055s] INFO:colcon.colcon_core.shell:Creating environment hook '/home/brilliant/ros2_ws/install/diffdrive_arduino/share/diffdrive_arduino/hook/cmake_prefix_path.sh'
[1.057s] Level 1:colcon.colcon_core.environment:checking '/home/brilliant/ros2_ws/install/diffdrive_arduino/lib'
[1.058s] Level 1:colcon.colcon_core.shell:create_environment_hook('diffdrive_arduino', 'ld_library_path_lib')
[1.058s] INFO:colcon.colcon_core.shell:Creating environment hook '/home/brilliant/ros2_ws/install/diffdrive_arduino/share/diffdrive_arduino/hook/ld_library_path_lib.ps1'
[1.059s] INFO:colcon.colcon_core.shell:Creating environment descriptor '/home/brilliant/ros2_ws/install/diffdrive_arduino/share/diffdrive_arduino/hook/ld_library_path_lib.dsv'
[1.060s] INFO:colcon.colcon_core.shell:Creating environment hook '/home/brilliant/ros2_ws/install/diffdrive_arduino/share/diffdrive_arduino/hook/ld_library_path_lib.sh'
[1.063s] Level 1:colcon.colcon_core.environment:checking '/home/brilliant/ros2_ws/install/diffdrive_arduino/bin'
[1.066s] Level 1:colcon.colcon_core.environment:checking '/home/brilliant/ros2_ws/install/diffdrive_arduino/lib/pkgconfig/diffdrive_arduino.pc'
[1.067s] Level 1:colcon.colcon_core.environment:checking '/home/brilliant/ros2_ws/install/diffdrive_arduino/lib/python3.12/site-packages'
[1.069s] Level 1:colcon.colcon_core.environment:checking '/home/brilliant/ros2_ws/install/diffdrive_arduino/bin'
[1.070s] INFO:colcon.colcon_core.shell:Creating package script '/home/brilliant/ros2_ws/install/diffdrive_arduino/share/diffdrive_arduino/package.ps1'
[1.071s] INFO:colcon.colcon_core.shell:Creating package descriptor '/home/brilliant/ros2_ws/install/diffdrive_arduino/share/diffdrive_arduino/package.dsv'
[1.075s] INFO:colcon.colcon_core.shell:Creating package script '/home/brilliant/ros2_ws/install/diffdrive_arduino/share/diffdrive_arduino/package.sh'
[1.080s] INFO:colcon.colcon_core.shell:Creating package script '/home/brilliant/ros2_ws/install/diffdrive_arduino/share/diffdrive_arduino/package.bash'
[1.082s] INFO:colcon.colcon_core.shell:Creating package script '/home/brilliant/ros2_ws/install/diffdrive_arduino/share/diffdrive_arduino/package.zsh'
[1.083s] Level 1:colcon.colcon_core.environment:create_file_with_runtime_dependencies(/home/brilliant/ros2_ws/install/diffdrive_arduino/share/colcon-core/packages/diffdrive_arduino)
[1.084s] Level 1:colcon.colcon_core.environment:create_environment_scripts_only(diffdrive_arduino)
[1.084s] Level 1:colcon.colcon_core.environment:checking '/home/brilliant/ros2_ws/install/diffdrive_arduino' for CMake module files
[1.089s] Level 1:colcon.colcon_core.environment:checking '/home/brilliant/ros2_ws/install/diffdrive_arduino' for CMake config files
[1.090s] Level 1:colcon.colcon_core.shell:create_environment_hook('diffdrive_arduino', 'cmake_prefix_path')
[1.094s] INFO:colcon.colcon_core.shell:Creating environment hook '/home/brilliant/ros2_ws/install/diffdrive_arduino/share/diffdrive_arduino/hook/cmake_prefix_path.ps1'
[1.096s] INFO:colcon.colcon_core.shell:Creating environment descriptor '/home/brilliant/ros2_ws/install/diffdrive_arduino/share/diffdrive_arduino/hook/cmake_prefix_path.dsv'
[1.096s] INFO:colcon.colcon_core.shell:Creating environment hook '/home/brilliant/ros2_ws/install/diffdrive_arduino/share/diffdrive_arduino/hook/cmake_prefix_path.sh'
[1.097s] Level 1:colcon.colcon_core.environment:checking '/home/brilliant/ros2_ws/install/diffdrive_arduino/lib'
[1.098s] Level 1:colcon.colcon_core.shell:create_environment_hook('diffdrive_arduino', 'ld_library_path_lib')
[1.104s] INFO:colcon.colcon_core.shell:Creating environment hook '/home/brilliant/ros2_ws/install/diffdrive_arduino/share/diffdrive_arduino/hook/ld_library_path_lib.ps1'
[1.106s] INFO:colcon.colcon_core.shell:Creating environment descriptor '/home/brilliant/ros2_ws/install/diffdrive_arduino/share/diffdrive_arduino/hook/ld_library_path_lib.dsv'
[1.108s] INFO:colcon.colcon_core.shell:Creating environment hook '/home/brilliant/ros2_ws/install/diffdrive_arduino/share/diffdrive_arduino/hook/ld_library_path_lib.sh'
[1.110s] Level 1:colcon.colcon_core.environment:checking '/home/brilliant/ros2_ws/install/diffdrive_arduino/bin'
[1.111s] Level 1:colcon.colcon_core.environment:checking '/home/brilliant/ros2_ws/install/diffdrive_arduino/lib/pkgconfig/diffdrive_arduino.pc'
[1.112s] Level 1:colcon.colcon_core.environment:checking '/home/brilliant/ros2_ws/install/diffdrive_arduino/lib/python3.12/site-packages'
[1.113s] Level 1:colcon.colcon_core.environment:checking '/home/brilliant/ros2_ws/install/diffdrive_arduino/bin'
[1.114s] INFO:colcon.colcon_core.shell:Creating package script '/home/brilliant/ros2_ws/install/diffdrive_arduino/share/diffdrive_arduino/package.ps1'
[1.116s] INFO:colcon.colcon_core.shell:Creating package descriptor '/home/brilliant/ros2_ws/install/diffdrive_arduino/share/diffdrive_arduino/package.dsv'
[1.117s] INFO:colcon.colcon_core.shell:Creating package script '/home/brilliant/ros2_ws/install/diffdrive_arduino/share/diffdrive_arduino/package.sh'
[1.118s] INFO:colcon.colcon_core.shell:Creating package script '/home/brilliant/ros2_ws/install/diffdrive_arduino/share/diffdrive_arduino/package.bash'
[1.119s] INFO:colcon.colcon_core.shell:Creating package script '/home/brilliant/ros2_ws/install/diffdrive_arduino/share/diffdrive_arduino/package.zsh'
[1.120s] Level 1:colcon.colcon_core.environment:create_file_with_runtime_dependencies(/home/brilliant/ros2_ws/install/diffdrive_arduino/share/colcon-core/packages/diffdrive_arduino)
[1.126s] DEBUG:colcon.colcon_core.event_handler.log_command:Invoked command in '/home/brilliant/ros2_ws/build/sllidar_ros2' returned '0': CMAKE_PREFIX_PATH=${CMAKE_PREFIX_PATH}:/home/brilliant/ros2_ws/install/twist_stamper:/home/brilliant/ros2_ws/src/install/twist_stamper:/opt/ros/jazzy DEBUGINFOD_URLS=https://debuginfod.ubuntu.com /usr/bin/cmake --build /home/brilliant/ros2_ws/build/sllidar_ros2 -- -j4 -l4
[1.132s] DEBUG:colcon.colcon_core.event_handler.log_command:Invoking command in '/home/brilliant/ros2_ws/build/sllidar_ros2': CMAKE_PREFIX_PATH=${CMAKE_PREFIX_PATH}:/home/brilliant/ros2_ws/install/twist_stamper:/home/brilliant/ros2_ws/src/install/twist_stamper:/opt/ros/jazzy DEBUGINFOD_URLS=https://debuginfod.ubuntu.com /usr/bin/cmake --install /home/brilliant/ros2_ws/build/sllidar_ros2
[1.497s] INFO:colcon.colcon_core.task.python.build:Building Python package in '/home/brilliant/ros2_ws/src/twist_stamper'
[1.498s] INFO:colcon.colcon_core.shell:Skip shell extension 'powershell' for command environment: Not usable outside of PowerShell
[1.498s] DEBUG:colcon.colcon_core.shell:Skip shell extension 'dsv' for command environment
[1.507s] DEBUG:colcon.colcon_core.event_handler.log_command:Invoked command in '/home/brilliant/ros2_ws/build/serial' returned '0': CMAKE_PREFIX_PATH=${CMAKE_PREFIX_PATH}:/home/brilliant/ros2_ws/install/twist_stamper:/home/brilliant/ros2_ws/src/install/twist_stamper:/opt/ros/jazzy DEBUGINFOD_URLS=https://debuginfod.ubuntu.com /usr/bin/cmake --build /home/brilliant/ros2_ws/build/serial -- -j4 -l4
[1.512s] DEBUG:colcon.colcon_core.event_handler.log_command:Invoking command in '/home/brilliant/ros2_ws/build/serial': CMAKE_PREFIX_PATH=${CMAKE_PREFIX_PATH}:/home/brilliant/ros2_ws/install/twist_stamper:/home/brilliant/ros2_ws/src/install/twist_stamper:/opt/ros/jazzy DEBUGINFOD_URLS=https://debuginfod.ubuntu.com /usr/bin/cmake --install /home/brilliant/ros2_ws/build/serial
[1.513s] Level 1:colcon.colcon_core.environment:create_environment_scripts_only(sllidar_ros2)
[1.515s] Level 1:colcon.colcon_core.environment:checking '/home/brilliant/ros2_ws/install/sllidar_ros2' for CMake module files
[1.516s] DEBUG:colcon.colcon_core.event_handler.log_command:Invoked command in '/home/brilliant/ros2_ws/build/sllidar_ros2' returned '0': CMAKE_PREFIX_PATH=${CMAKE_PREFIX_PATH}:/home/brilliant/ros2_ws/install/twist_stamper:/home/brilliant/ros2_ws/src/install/twist_stamper:/opt/ros/jazzy DEBUGINFOD_URLS=https://debuginfod.ubuntu.com /usr/bin/cmake --install /home/brilliant/ros2_ws/build/sllidar_ros2
[1.517s] Level 1:colcon.colcon_core.environment:checking '/home/brilliant/ros2_ws/install/sllidar_ros2' for CMake config files
[1.517s] Level 1:colcon.colcon_core.shell:create_environment_hook('sllidar_ros2', 'cmake_prefix_path')
[1.518s] INFO:colcon.colcon_core.shell:Creating environment hook '/home/brilliant/ros2_ws/install/sllidar_ros2/share/sllidar_ros2/hook/cmake_prefix_path.ps1'
[1.518s] INFO:colcon.colcon_core.shell:Creating environment descriptor '/home/brilliant/ros2_ws/install/sllidar_ros2/share/sllidar_ros2/hook/cmake_prefix_path.dsv'
[1.519s] INFO:colcon.colcon_core.shell:Creating environment hook '/home/brilliant/ros2_ws/install/sllidar_ros2/share/sllidar_ros2/hook/cmake_prefix_path.sh'
[1.520s] Level 1:colcon.colcon_core.environment:checking '/home/brilliant/ros2_ws/install/sllidar_ros2/lib'
[1.520s] Level 1:colcon.colcon_core.environment:checking '/home/brilliant/ros2_ws/install/sllidar_ros2/bin'
[1.520s] Level 1:colcon.colcon_core.environment:checking '/home/brilliant/ros2_ws/install/sllidar_ros2/lib/pkgconfig/sllidar_ros2.pc'
[1.521s] Level 1:colcon.colcon_core.environment:checking '/home/brilliant/ros2_ws/install/sllidar_ros2/lib/python3.12/site-packages'
[1.521s] Level 1:colcon.colcon_core.environment:checking '/home/brilliant/ros2_ws/install/sllidar_ros2/bin'
[1.521s] INFO:colcon.colcon_core.shell:Creating package script '/home/brilliant/ros2_ws/install/sllidar_ros2/share/sllidar_ros2/package.ps1'
[1.522s] INFO:colcon.colcon_core.shell:Creating package descriptor '/home/brilliant/ros2_ws/install/sllidar_ros2/share/sllidar_ros2/package.dsv'
[1.523s] INFO:colcon.colcon_core.shell:Creating package script '/home/brilliant/ros2_ws/install/sllidar_ros2/share/sllidar_ros2/package.sh'
[1.524s] INFO:colcon.colcon_core.shell:Creating package script '/home/brilliant/ros2_ws/install/sllidar_ros2/share/sllidar_ros2/package.bash'
[1.524s] INFO:colcon.colcon_core.shell:Creating package script '/home/brilliant/ros2_ws/install/sllidar_ros2/share/sllidar_ros2/package.zsh'
[1.525s] Level 1:colcon.colcon_core.environment:create_file_with_runtime_dependencies(/home/brilliant/ros2_ws/install/sllidar_ros2/share/colcon-core/packages/sllidar_ros2)
[1.526s] Level 1:colcon.colcon_core.environment:create_environment_scripts_only(sllidar_ros2)
[1.526s] Level 1:colcon.colcon_core.environment:checking '/home/brilliant/ros2_ws/install/sllidar_ros2' for CMake module files
[1.527s] Level 1:colcon.colcon_core.environment:checking '/home/brilliant/ros2_ws/install/sllidar_ros2' for CMake config files
[1.528s] Level 1:colcon.colcon_core.shell:create_environment_hook('sllidar_ros2', 'cmake_prefix_path')
[1.528s] INFO:colcon.colcon_core.shell:Creating environment hook '/home/brilliant/ros2_ws/install/sllidar_ros2/share/sllidar_ros2/hook/cmake_prefix_path.ps1'
[1.529s] INFO:colcon.colcon_core.shell:Creating environment descriptor '/home/brilliant/ros2_ws/install/sllidar_ros2/share/sllidar_ros2/hook/cmake_prefix_path.dsv'
[1.532s] INFO:colcon.colcon_core.shell:Creating environment hook '/home/brilliant/ros2_ws/install/sllidar_ros2/share/sllidar_ros2/hook/cmake_prefix_path.sh'
[1.537s] Level 1:colcon.colcon_core.environment:checking '/home/brilliant/ros2_ws/install/sllidar_ros2/lib'
[1.537s] Level 1:colcon.colcon_core.environment:checking '/home/brilliant/ros2_ws/install/sllidar_ros2/bin'
[1.538s] Level 1:colcon.colcon_core.environment:checking '/home/brilliant/ros2_ws/install/sllidar_ros2/lib/pkgconfig/sllidar_ros2.pc'
[1.538s] Level 1:colcon.colcon_core.environment:checking '/home/brilliant/ros2_ws/install/sllidar_ros2/lib/python3.12/site-packages'
[1.538s] Level 1:colcon.colcon_core.environment:checking '/home/brilliant/ros2_ws/install/sllidar_ros2/bin'
[1.538s] INFO:colcon.colcon_core.shell:Creating package script '/home/brilliant/ros2_ws/install/sllidar_ros2/share/sllidar_ros2/package.ps1'
[1.539s] INFO:colcon.colcon_core.shell:Creating package descriptor '/home/brilliant/ros2_ws/install/sllidar_ros2/share/sllidar_ros2/package.dsv'
[1.540s] INFO:colcon.colcon_core.shell:Creating package script '/home/brilliant/ros2_ws/install/sllidar_ros2/share/sllidar_ros2/package.sh'
[1.540s] INFO:colcon.colcon_core.shell:Creating package script '/home/brilliant/ros2_ws/install/sllidar_ros2/share/sllidar_ros2/package.bash'
[1.541s] INFO:colcon.colcon_core.shell:Creating package script '/home/brilliant/ros2_ws/install/sllidar_ros2/share/sllidar_ros2/package.zsh'
[1.541s] Level 1:colcon.colcon_core.environment:create_file_with_runtime_dependencies(/home/brilliant/ros2_ws/install/sllidar_ros2/share/colcon-core/packages/sllidar_ros2)
[1.568s] Level 1:colcon.colcon_core.environment:create_environment_scripts_only(serial)
[1.569s] Level 1:colcon.colcon_core.environment:checking '/home/brilliant/ros2_ws/install/serial' for CMake module files
[1.569s] DEBUG:colcon.colcon_core.event_handler.log_command:Invoked command in '/home/brilliant/ros2_ws/build/serial' returned '0': CMAKE_PREFIX_PATH=${CMAKE_PREFIX_PATH}:/home/brilliant/ros2_ws/install/twist_stamper:/home/brilliant/ros2_ws/src/install/twist_stamper:/opt/ros/jazzy DEBUGINFOD_URLS=https://debuginfod.ubuntu.com /usr/bin/cmake --install /home/brilliant/ros2_ws/build/serial
[1.571s] Level 1:colcon.colcon_core.environment:checking '/home/brilliant/ros2_ws/install/serial' for CMake config files
[1.572s] Level 1:colcon.colcon_core.shell:create_environment_hook('serial', 'cmake_prefix_path')
[1.572s] INFO:colcon.colcon_core.shell:Creating environment hook '/home/brilliant/ros2_ws/install/serial/share/serial/hook/cmake_prefix_path.ps1'
[1.573s] INFO:colcon.colcon_core.shell:Creating environment descriptor '/home/brilliant/ros2_ws/install/serial/share/serial/hook/cmake_prefix_path.dsv'
[1.574s] INFO:colcon.colcon_core.shell:Creating environment hook '/home/brilliant/ros2_ws/install/serial/share/serial/hook/cmake_prefix_path.sh'
[1.575s] Level 1:colcon.colcon_core.environment:checking '/home/brilliant/ros2_ws/install/serial/lib'
[1.575s] Level 1:colcon.colcon_core.environment:checking '/home/brilliant/ros2_ws/install/serial/bin'
[1.575s] Level 1:colcon.colcon_core.environment:checking '/home/brilliant/ros2_ws/install/serial/lib/pkgconfig/serial.pc'
[1.575s] Level 1:colcon.colcon_core.environment:checking '/home/brilliant/ros2_ws/install/serial/lib/python3.12/site-packages'
[1.576s] Level 1:colcon.colcon_core.environment:checking '/home/brilliant/ros2_ws/install/serial/bin'
[1.576s] INFO:colcon.colcon_core.shell:Creating package script '/home/brilliant/ros2_ws/install/serial/share/serial/package.ps1'
[1.577s] INFO:colcon.colcon_core.shell:Creating package descriptor '/home/brilliant/ros2_ws/install/serial/share/serial/package.dsv'
[1.578s] INFO:colcon.colcon_core.shell:Creating package script '/home/brilliant/ros2_ws/install/serial/share/serial/package.sh'
[1.578s] INFO:colcon.colcon_core.shell:Creating package script '/home/brilliant/ros2_ws/install/serial/share/serial/package.bash'
[1.579s] INFO:colcon.colcon_core.shell:Creating package script '/home/brilliant/ros2_ws/install/serial/share/serial/package.zsh'
[1.579s] Level 1:colcon.colcon_core.environment:create_file_with_runtime_dependencies(/home/brilliant/ros2_ws/install/serial/share/colcon-core/packages/serial)
[1.580s] Level 1:colcon.colcon_core.environment:create_environment_scripts_only(serial)
[1.580s] Level 1:colcon.colcon_core.environment:checking '/home/brilliant/ros2_ws/install/serial' for CMake module files
[1.581s] Level 1:colcon.colcon_core.environment:checking '/home/brilliant/ros2_ws/install/serial' for CMake config files
[1.582s] Level 1:colcon.colcon_core.shell:create_environment_hook('serial', 'cmake_prefix_path')
[1.582s] INFO:colcon.colcon_core.shell:Creating environment hook '/home/brilliant/ros2_ws/install/serial/share/serial/hook/cmake_prefix_path.ps1'
[1.583s] INFO:colcon.colcon_core.shell:Creating environment descriptor '/home/brilliant/ros2_ws/install/serial/share/serial/hook/cmake_prefix_path.dsv'
[1.584s] INFO:colcon.colcon_core.shell:Creating environment hook '/home/brilliant/ros2_ws/install/serial/share/serial/hook/cmake_prefix_path.sh'
[1.585s] Level 1:colcon.colcon_core.environment:checking '/home/brilliant/ros2_ws/install/serial/lib'
[1.585s] Level 1:colcon.colcon_core.environment:checking '/home/brilliant/ros2_ws/install/serial/bin'
[1.585s] Level 1:colcon.colcon_core.environment:checking '/home/brilliant/ros2_ws/install/serial/lib/pkgconfig/serial.pc'
[1.585s] Level 1:colcon.colcon_core.environment:checking '/home/brilliant/ros2_ws/install/serial/lib/python3.12/site-packages'
[1.586s] Level 1:colcon.colcon_core.environment:checking '/home/brilliant/ros2_ws/install/serial/bin'
[1.586s] INFO:colcon.colcon_core.shell:Creating package script '/home/brilliant/ros2_ws/install/serial/share/serial/package.ps1'
[1.587s] INFO:colcon.colcon_core.shell:Creating package descriptor '/home/brilliant/ros2_ws/install/serial/share/serial/package.dsv'
[1.588s] INFO:colcon.colcon_core.shell:Creating package script '/home/brilliant/ros2_ws/install/serial/share/serial/package.sh'
[1.589s] INFO:colcon.colcon_core.shell:Creating package script '/home/brilliant/ros2_ws/install/serial/share/serial/package.bash'
[1.590s] INFO:colcon.colcon_core.shell:Creating package script '/home/brilliant/ros2_ws/install/serial/share/serial/package.zsh'
[1.591s] Level 1:colcon.colcon_core.environment:create_file_with_runtime_dependencies(/home/brilliant/ros2_ws/install/serial/share/colcon-core/packages/serial)
[2.586s] DEBUG:colcon.colcon_core.event_handler.log_command:Invoking command in '/home/brilliant/ros2_ws/build/twist_stamper': DEBUGINFOD_URLS=https://debuginfod.ubuntu.com PYTHONPATH=/home/brilliant/ros2_ws/build/twist_stamper/prefix_override:/usr/lib/python3/dist-packages/colcon_core/task/python/colcon_distutils_commands:/home/brilliant/ros2_ws/install/twist_stamper/lib/python3.12/site-packages:${PYTHONPATH} /usr/bin/python3 -W ignore:setup.py install is deprecated -W ignore:easy_install command is deprecated setup.py develop --editable --build-directory /home/brilliant/ros2_ws/build/twist_stamper/build --no-deps symlink_data
[3.652s] Level 1:colcon.colcon_core.shell:create_environment_hook('twist_stamper', 'pythonpath_develop')
[3.653s] INFO:colcon.colcon_core.shell:Creating environment hook '/home/brilliant/ros2_ws/build/twist_stamper/share/twist_stamper/hook/pythonpath_develop.ps1'
[3.654s] DEBUG:colcon.colcon_core.event_handler.log_command:Invoked command in '/home/brilliant/ros2_ws/build/twist_stamper' returned '0': DEBUGINFOD_URLS=https://debuginfod.ubuntu.com PYTHONPATH=/home/brilliant/ros2_ws/build/twist_stamper/prefix_override:/usr/lib/python3/dist-packages/colcon_core/task/python/colcon_distutils_commands:/home/brilliant/ros2_ws/install/twist_stamper/lib/python3.12/site-packages:${PYTHONPATH} /usr/bin/python3 -W ignore:setup.py install is deprecated -W ignore:easy_install command is deprecated setup.py develop --editable --build-directory /home/brilliant/ros2_ws/build/twist_stamper/build --no-deps symlink_data
[3.655s] INFO:colcon.colcon_core.shell:Creating environment descriptor '/home/brilliant/ros2_ws/build/twist_stamper/share/twist_stamper/hook/pythonpath_develop.dsv'
[3.656s] INFO:colcon.colcon_core.shell:Creating environment hook '/home/brilliant/ros2_ws/build/twist_stamper/share/twist_stamper/hook/pythonpath_develop.sh'
[3.658s] Level 1:colcon.colcon_core.environment:checking '/home/brilliant/ros2_ws/install/twist_stamper' for CMake module files
[3.660s] Level 1:colcon.colcon_core.environment:checking '/home/brilliant/ros2_ws/install/twist_stamper' for CMake config files
[3.662s] Level 1:colcon.colcon_core.environment:checking '/home/brilliant/ros2_ws/install/twist_stamper/lib'
[3.662s] Level 1:colcon.colcon_core.environment:checking '/home/brilliant/ros2_ws/install/twist_stamper/bin'
[3.662s] Level 1:colcon.colcon_core.environment:checking '/home/brilliant/ros2_ws/install/twist_stamper/lib/pkgconfig/twist_stamper.pc'
[3.663s] Level 1:colcon.colcon_core.environment:checking '/home/brilliant/ros2_ws/install/twist_stamper/lib/python3.12/site-packages'
[3.663s] Level 1:colcon.colcon_core.shell:create_environment_hook('twist_stamper', 'pythonpath')
[3.664s] INFO:colcon.colcon_core.shell:Creating environment hook '/home/brilliant/ros2_ws/install/twist_stamper/share/twist_stamper/hook/pythonpath.ps1'
[3.666s] INFO:colcon.colcon_core.shell:Creating environment descriptor '/home/brilliant/ros2_ws/install/twist_stamper/share/twist_stamper/hook/pythonpath.dsv'
[3.667s] INFO:colcon.colcon_core.shell:Creating environment hook '/home/brilliant/ros2_ws/install/twist_stamper/share/twist_stamper/hook/pythonpath.sh'
[3.669s] Level 1:colcon.colcon_core.environment:checking '/home/brilliant/ros2_ws/install/twist_stamper/bin'
[3.669s] Level 1:colcon.colcon_core.environment:create_environment_scripts_only(twist_stamper)
[3.670s] INFO:colcon.colcon_core.shell:Creating package script '/home/brilliant/ros2_ws/install/twist_stamper/share/twist_stamper/package.ps1'
[3.672s] INFO:colcon.colcon_core.shell:Creating package descriptor '/home/brilliant/ros2_ws/install/twist_stamper/share/twist_stamper/package.dsv'
[3.673s] INFO:colcon.colcon_core.shell:Creating package script '/home/brilliant/ros2_ws/install/twist_stamper/share/twist_stamper/package.sh'
[3.675s] INFO:colcon.colcon_core.shell:Creating package script '/home/brilliant/ros2_ws/install/twist_stamper/share/twist_stamper/package.bash'
[3.676s] INFO:colcon.colcon_core.shell:Creating package script '/home/brilliant/ros2_ws/install/twist_stamper/share/twist_stamper/package.zsh'
[3.677s] Level 1:colcon.colcon_core.environment:create_file_with_runtime_dependencies(/home/brilliant/ros2_ws/install/twist_stamper/share/colcon-core/packages/twist_stamper)
[3.678s] DEBUG:colcon.colcon_parallel_executor.executor.parallel:closing loop
[3.680s] DEBUG:colcon.colcon_parallel_executor.executor.parallel:loop closed
[3.680s] DEBUG:colcon.colcon_parallel_executor.executor.parallel:run_until_complete finished with '0'
[3.680s] DEBUG:colcon.colcon_core.event_reactor:joining thread
[3.700s] INFO:colcon.colcon_core.plugin_system:Skipping extension 'colcon_notification.desktop_notification.terminal_notifier': Not used on non-Darwin systems
[3.700s] INFO:colcon.colcon_core.plugin_system:Skipping extension 'colcon_notification.desktop_notification.win32': Not used on non-Windows systems
[3.700s] INFO:colcon.colcon_notification.desktop_notification:Sending desktop notification using 'notify2'
[3.791s] DEBUG:colcon.colcon_core.event_reactor:joined thread
[3.792s] INFO:colcon.colcon_core.shell:Creating prefix script '/home/brilliant/ros2_ws/install/local_setup.ps1'
[3.794s] INFO:colcon.colcon_core.shell:Creating prefix util module '/home/brilliant/ros2_ws/install/_local_setup_util_ps1.py'
[3.796s] INFO:colcon.colcon_core.shell:Creating prefix chain script '/home/brilliant/ros2_ws/install/setup.ps1'
[3.799s] INFO:colcon.colcon_core.shell:Creating prefix script '/home/brilliant/ros2_ws/install/local_setup.sh'
[3.801s] INFO:colcon.colcon_core.shell:Creating prefix util module '/home/brilliant/ros2_ws/install/_local_setup_util_sh.py'
[3.802s] INFO:colcon.colcon_core.shell:Creating prefix chain script '/home/brilliant/ros2_ws/install/setup.sh'
[3.805s] INFO:colcon.colcon_core.shell:Creating prefix script '/home/brilliant/ros2_ws/install/local_setup.bash'
[3.806s] INFO:colcon.colcon_core.shell:Creating prefix chain script '/home/brilliant/ros2_ws/install/setup.bash'
[3.808s] INFO:colcon.colcon_core.shell:Creating prefix script '/home/brilliant/ros2_ws/install/local_setup.zsh'
[3.809s] INFO:colcon.colcon_core.shell:Creating prefix chain script '/home/brilliant/ros2_ws/install/setup.zsh'
