[1.751s] Invoking command in '/home/brilliant/ros2_ws/build/twist_stamper': DEBUGINFOD_URLS=https://debuginfod.ubuntu.com PYTHONPATH=/home/brilliant/ros2_ws/build/twist_stamper/prefix_override:/usr/lib/python3/dist-packages/colcon_core/task/python/colcon_distutils_commands:/home/brilliant/ros2_ws/install/twist_stamper/lib/python3.12/site-packages:${PYTHONPATH} /usr/bin/python3 -W ignore:setup.py install is deprecated -W ignore:easy_install command is deprecated setup.py develop --uninstall --editable --build-directory /home/brilliant/ros2_ws/build/twist_stamper/build
[2.237s] running develop
[2.581s] Removing /home/brilliant/ros2_ws/install/twist_stamper/lib/python3.12/site-packages/twist-stamper.egg-link (link to .)
[2.647s] Invoked command in '/home/brilliant/ros2_ws/build/twist_stamper' returned '0': DEBUGINFOD_URLS=https://debuginfod.ubuntu.com PYTHONPATH=/home/brilliant/ros2_ws/build/twist_stamper/prefix_override:/usr/lib/python3/dist-packages/colcon_core/task/python/colcon_distutils_commands:/home/brilliant/ros2_ws/install/twist_stamper/lib/python3.12/site-packages:${PYTHONPATH} /usr/bin/python3 -W ignore:setup.py install is deprecated -W ignore:easy_install command is deprecated setup.py develop --uninstall --editable --build-directory /home/brilliant/ros2_ws/build/twist_stamper/build
[2.649s] Invoking command in '/home/brilliant/ros2_ws/src/twist_stamper': DEBUGINFOD_URLS=https://debuginfod.ubuntu.com PYTHONPATH=/home/brilliant/ros2_ws/build/twist_stamper/prefix_override:/usr/lib/python3/dist-packages/colcon_core/task/python/colcon_distutils_commands:/home/brilliant/ros2_ws/install/twist_stamper/lib/python3.12/site-packages:${PYTHONPATH} /usr/bin/python3 -W ignore:setup.py install is deprecated -W ignore:easy_install command is deprecated setup.py egg_info --egg-base ../../build/twist_stamper build --build-base /home/brilliant/ros2_ws/build/twist_stamper/build install --record /home/brilliant/ros2_ws/build/twist_stamper/install.log --single-version-externally-managed install_data --force
[3.082s] running egg_info
[3.116s] writing ../../build/twist_stamper/twist_stamper.egg-info/PKG-INFO
[3.116s] writing dependency_links to ../../build/twist_stamper/twist_stamper.egg-info/dependency_links.txt
[3.117s] writing entry points to ../../build/twist_stamper/twist_stamper.egg-info/entry_points.txt
[3.118s] writing requirements to ../../build/twist_stamper/twist_stamper.egg-info/requires.txt
[3.118s] writing top-level names to ../../build/twist_stamper/twist_stamper.egg-info/top_level.txt
[3.183s] reading manifest file '../../build/twist_stamper/twist_stamper.egg-info/SOURCES.txt'
[3.184s] adding license file 'LICENSE'
[3.185s] writing manifest file '../../build/twist_stamper/twist_stamper.egg-info/SOURCES.txt'
[3.185s] running build
[3.186s] running build_py
[3.186s] running install
[3.194s] running install_lib
[3.229s] creating /home/brilliant/ros2_ws/install/twist_stamper/lib/python3.12/site-packages/twist_stamper
[3.229s] copying /home/brilliant/ros2_ws/build/twist_stamper/build/lib/twist_stamper/__init__.py -> /home/brilliant/ros2_ws/install/twist_stamper/lib/python3.12/site-packages/twist_stamper
[3.230s] copying /home/brilliant/ros2_ws/build/twist_stamper/build/lib/twist_stamper/twist_stamper.py -> /home/brilliant/ros2_ws/install/twist_stamper/lib/python3.12/site-packages/twist_stamper
[3.230s] copying /home/brilliant/ros2_ws/build/twist_stamper/build/lib/twist_stamper/twist_unstamper.py -> /home/brilliant/ros2_ws/install/twist_stamper/lib/python3.12/site-packages/twist_stamper
[3.231s] byte-compiling /home/brilliant/ros2_ws/install/twist_stamper/lib/python3.12/site-packages/twist_stamper/__init__.py to __init__.cpython-312.pyc
[3.231s] byte-compiling /home/brilliant/ros2_ws/install/twist_stamper/lib/python3.12/site-packages/twist_stamper/twist_stamper.py to twist_stamper.cpython-312.pyc
[3.232s] byte-compiling /home/brilliant/ros2_ws/install/twist_stamper/lib/python3.12/site-packages/twist_stamper/twist_unstamper.py to twist_unstamper.cpython-312.pyc
[3.232s] running install_data
[3.233s] copying resource/twist_stamper -> /home/brilliant/ros2_ws/install/twist_stamper/share/ament_index/resource_index/packages
[3.233s] copying package.xml -> /home/brilliant/ros2_ws/install/twist_stamper/share/twist_stamper
[3.234s] running install_egg_info
[3.271s] Copying ../../build/twist_stamper/twist_stamper.egg-info to /home/brilliant/ros2_ws/install/twist_stamper/lib/python3.12/site-packages/twist_stamper-0.0.5-py3.12.egg-info
[3.273s] running install_scripts
[3.496s] Installing twist_stamper script to /home/brilliant/ros2_ws/install/twist_stamper/lib/twist_stamper
[3.497s] Installing twist_unstamper script to /home/brilliant/ros2_ws/install/twist_stamper/lib/twist_stamper
[3.497s] writing list of installed files to '/home/brilliant/ros2_ws/build/twist_stamper/install.log'
[3.548s] Invoked command in '/home/brilliant/ros2_ws/src/twist_stamper' returned '0': DEBUGINFOD_URLS=https://debuginfod.ubuntu.com PYTHONPATH=/home/brilliant/ros2_ws/build/twist_stamper/prefix_override:/usr/lib/python3/dist-packages/colcon_core/task/python/colcon_distutils_commands:/home/brilliant/ros2_ws/install/twist_stamper/lib/python3.12/site-packages:${PYTHONPATH} /usr/bin/python3 -W ignore:setup.py install is deprecated -W ignore:easy_install command is deprecated setup.py egg_info --egg-base ../../build/twist_stamper build --build-base /home/brilliant/ros2_ws/build/twist_stamper/build install --record /home/brilliant/ros2_ws/build/twist_stamper/install.log --single-version-externally-managed install_data --force
