[0.056s] Invoking command in '/home/brilliant/ros2_ws/build/dwb_msgs': CMAKE_PREFIX_PATH=/home/brilliant/ros2_ws/install/nav_2d_msgs:/home/brilliant/ros2_ws/install/sllidar_ros2:/home/brilliant/ros2_ws/install/serial:/home/brilliant/ros2_ws/install/nav2_system_tests:/home/brilliant/ros2_ws/install/nav2_bringup:/home/brilliant/ros2_ws/install/navigation2:/home/brilliant/ros2_ws/install/opennav_docking:/home/brilliant/ros2_ws/install/opennav_docking_core:/home/brilliant/ros2_ws/install/opennav_docking_bt:/home/brilliant/ros2_ws/install/nav2_smoother:/home/brilliant/ros2_ws/install/nav2_rotation_shim_controller:/home/brilliant/ros2_ws/install/nav2_graceful_controller:/home/brilliant/ros2_ws/install/nav2_dwb_controller:/home/brilliant/ros2_ws/install/nav2_controller:/home/brilliant/ros2_ws/install/dwb_plugins:/home/brilliant/ros2_ws/install/dwb_critics:/home/brilliant/ros2_ws/install/dwb_core:/home/brilliant/ros2_ws/install/nav_2d_utils:/home/brilliant/ros2_ws/install/dwb_msgs:/home/brilliant/ros2_ws/install/nav2_waypoint_follower:/home/brilliant/ros2_ws/install/nav2_theta_star_planner:/home/brilliant/ros2_ws/install/nav2_smac_planner:/home/brilliant/ros2_ws/install/nav2_regulated_pure_pursuit_controller:/home/brilliant/ros2_ws/install/nav2_planner:/home/brilliant/ros2_ws/install/nav2_navfn_planner:/home/brilliant/ros2_ws/install/nav2_mppi_controller:/home/brilliant/ros2_ws/install/nav2_constrained_smoother:/home/brilliant/ros2_ws/install/nav2_bt_navigator:/home/brilliant/ros2_ws/install/nav2_behaviors:/home/brilliant/ros2_ws/install/nav2_core:/home/brilliant/ros2_ws/install/nav2_collision_monitor:/home/brilliant/ros2_ws/install/costmap_queue:/home/brilliant/ros2_ws/install/nav2_costmap_2d:/home/brilliant/ros2_ws/install/nav2_voxel_grid:/home/brilliant/ros2_ws/install/nav2_velocity_smoother:/home/brilliant/ros2_ws/install/nav2_rviz_plugins:/home/brilliant/ros2_ws/install/nav2_map_server:/home/brilliant/ros2_ws/install/nav2_lifecycle_manager:/home/brilliant/ros2_ws/install/nav2_behavior_tree:/home/brilliant/ros2_ws/install/nav2_amcl:/home/brilliant/ros2_ws/install/nav2_util:/home/brilliant/ros2_ws/install/nav2_msgs:/home/brilliant/ros2_ws/install/nav2_common:/home/brilliant/ros2_ws/install/minibot:/home/brilliant/ros2_ws/install/diffdrive_arduino:/opt/ros/jazzy/opt/gz_sim_vendor:/opt/ros/jazzy/opt/gz_sensors_vendor:/opt/ros/jazzy/opt/gz_physics_vendor:/opt/ros/jazzy/opt/sdformat_vendor:/opt/ros/jazzy/opt/gz_gui_vendor:/opt/ros/jazzy/opt/gz_transport_vendor:/opt/ros/jazzy/opt/gz_rendering_vendor:/opt/ros/jazzy/opt/gz_plugin_vendor:/opt/ros/jazzy/opt/gz_fuel_tools_vendor:/opt/ros/jazzy/opt/gz_msgs_vendor:/opt/ros/jazzy/opt/gz_common_vendor:/opt/ros/jazzy/opt/gz_math_vendor:/opt/ros/jazzy/opt/gz_utils_vendor:/opt/ros/jazzy/opt/gz_tools_vendor:/opt/ros/jazzy/opt/gz_ogre_next_vendor:/opt/ros/jazzy/opt/gz_dartsim_vendor:/opt/ros/jazzy/opt/gz_cmake_vendor:/home/brilliant/ros2_ws/install/twist_stamper:/home/brilliant/ros2_ws/install/nav2_simple_commander:/home/brilliant/ros2_ws/install/nav2_loopback_sim:/opt/ros/jazzy DEBUGINFOD_URLS=https://debuginfod.ubuntu.com LD_LIBRARY_PATH=/home/brilliant/ros2_ws/install/nav_2d_msgs/lib:/home/brilliant/ros2_ws/install/serial/lib:/home/brilliant/ros2_ws/install/nav2_system_tests/lib:/home/brilliant/ros2_ws/install/opennav_docking/lib:/home/brilliant/ros2_ws/install/opennav_docking_bt/lib:/home/brilliant/ros2_ws/install/nav2_smoother/lib:/home/brilliant/ros2_ws/install/nav2_rotation_shim_controller/lib:/home/brilliant/ros2_ws/install/nav2_graceful_controller/lib:/home/brilliant/ros2_ws/install/nav2_controller/lib:/home/brilliant/ros2_ws/install/dwb_plugins/lib:/home/brilliant/ros2_ws/install/dwb_critics/lib:/home/brilliant/ros2_ws/install/dwb_core/lib:/home/brilliant/ros2_ws/install/nav_2d_utils/lib:/home/brilliant/ros2_ws/install/dwb_msgs/lib:/home/brilliant/ros2_ws/install/nav2_waypoint_follower/lib:/home/brilliant/ros2_ws/install/nav2_theta_star_planner/lib:/home/brilliant/ros2_ws/install/nav2_smac_planner/lib:/home/brilliant/ros2_ws/install/nav2_regulated_pure_pursuit_controller/lib:/home/brilliant/ros2_ws/install/nav2_planner/lib:/home/brilliant/ros2_ws/install/nav2_navfn_planner/lib:/home/brilliant/ros2_ws/install/nav2_mppi_controller/lib:/home/brilliant/ros2_ws/install/nav2_constrained_smoother/lib:/home/brilliant/ros2_ws/install/nav2_bt_navigator/lib:/home/brilliant/ros2_ws/install/nav2_behaviors/lib:/home/brilliant/ros2_ws/install/nav2_collision_monitor/lib:/home/brilliant/ros2_ws/install/costmap_queue/lib:/home/brilliant/ros2_ws/install/nav2_costmap_2d/lib:/home/brilliant/ros2_ws/install/nav2_voxel_grid/lib:/home/brilliant/ros2_ws/install/nav2_velocity_smoother/lib:/home/brilliant/ros2_ws/install/nav2_rviz_plugins/lib:/home/brilliant/ros2_ws/install/nav2_map_server/lib:/home/brilliant/ros2_ws/install/nav2_lifecycle_manager/lib:/home/brilliant/ros2_ws/install/nav2_behavior_tree/lib:/home/brilliant/ros2_ws/install/nav2_amcl/lib:/home/brilliant/ros2_ws/install/nav2_util/lib:/home/brilliant/ros2_ws/install/nav2_msgs/lib:/home/brilliant/ros2_ws/install/diffdrive_arduino/lib:/opt/ros/jazzy/opt/gz_sim_vendor/lib:/opt/ros/jazzy/opt/gz_sensors_vendor/lib:/opt/ros/jazzy/opt/gz_physics_vendor/lib:/opt/ros/jazzy/opt/sdformat_vendor/lib:/opt/ros/jazzy/opt/rviz_ogre_vendor/lib:/opt/ros/jazzy/lib/x86_64-linux-gnu:/opt/ros/jazzy/opt/gz_gui_vendor/lib:/opt/ros/jazzy/opt/gz_transport_vendor/lib:/opt/ros/jazzy/opt/gz_rendering_vendor/lib:/opt/ros/jazzy/opt/gz_plugin_vendor/lib:/opt/ros/jazzy/opt/gz_fuel_tools_vendor/lib:/opt/ros/jazzy/opt/gz_msgs_vendor/lib:/opt/ros/jazzy/opt/gz_common_vendor/lib:/opt/ros/jazzy/opt/gz_math_vendor/lib:/opt/ros/jazzy/opt/gz_utils_vendor/lib:/opt/ros/jazzy/opt/gz_tools_vendor/lib:/opt/ros/jazzy/opt/gz_ogre_next_vendor/lib:/opt/ros/jazzy/opt/gz_dartsim_vendor/lib:/opt/ros/jazzy/opt/gz_cmake_vendor/lib:/opt/ros/jazzy/lib PYTHONPATH=/home/brilliant/ros2_ws/install/nav_2d_msgs/lib/python3.12/site-packages:/home/brilliant/ros2_ws/build/twist_stamper:/home/brilliant/ros2_ws/install/twist_stamper/lib/python3.12/site-packages:/home/brilliant/ros2_ws/install/dwb_msgs/lib/python3.12/site-packages:/home/brilliant/ros2_ws/build/nav2_simple_commander:/home/brilliant/ros2_ws/install/nav2_simple_commander/lib/python3.12/site-packages:/home/brilliant/ros2_ws/install/nav2_msgs/lib/python3.12/site-packages:/home/brilliant/ros2_ws/build/nav2_loopback_sim:/home/brilliant/ros2_ws/install/nav2_loopback_sim/lib/python3.12/site-packages:/home/brilliant/ros2_ws/install/nav2_common/lib/python3.12/site-packages:/opt/ros/jazzy/lib/python3.12/site-packages /usr/bin/cmake --build /home/brilliant/ros2_ws/build/dwb_msgs -- -j4 -l4
[0.365s] [  1%] Built target dwb_msgs__rosidl_generator_type_description
[0.512s] [  1%] Built target ament_cmake_python_symlink_dwb_msgs
[0.701s] [ 27%] Built target dwb_msgs__rosidl_generator_c
[1.460s] running egg_info
[1.530s] writing dwb_msgs.egg-info/PKG-INFO
[1.532s] writing dependency_links to dwb_msgs.egg-info/dependency_links.txt
[1.533s] writing top-level names to dwb_msgs.egg-info/top_level.txt
[1.736s] reading manifest file 'dwb_msgs.egg-info/SOURCES.txt'
[1.747s] writing manifest file 'dwb_msgs.egg-info/SOURCES.txt'
[1.961s] [ 27%] Built target ament_cmake_python_build_dwb_msgs_egg
[2.211s] [ 37%] Built target dwb_msgs__rosidl_typesupport_introspection_c
[2.398s] [ 47%] Built target dwb_msgs__rosidl_typesupport_c
[2.598s] [ 56%] Built target dwb_msgs__rosidl_typesupport_fastrtps_c
[2.765s] [ 56%] Built target dwb_msgs__cpp
[2.955s] [ 66%] Built target dwb_msgs__rosidl_typesupport_cpp
[3.159s] [ 75%] Built target dwb_msgs__rosidl_typesupport_introspection_cpp
[3.381s] [ 85%] Built target dwb_msgs__rosidl_typesupport_fastrtps_cpp
[3.732s] [ 85%] Built target dwb_msgs
[3.936s] [ 86%] Built target dwb_msgs__py
[4.122s] [ 94%] Built target dwb_msgs__rosidl_generator_py
[4.375s] [ 96%] Built target dwb_msgs_s__rosidl_typesupport_fastrtps_c
[4.532s] [ 98%] Built target dwb_msgs_s__rosidl_typesupport_c
[4.794s] [100%] Built target dwb_msgs_s__rosidl_typesupport_introspection_c
[5.949s] Invoked command in '/home/brilliant/ros2_ws/build/dwb_msgs' returned '0': CMAKE_PREFIX_PATH=/home/brilliant/ros2_ws/install/nav_2d_msgs:/home/brilliant/ros2_ws/install/sllidar_ros2:/home/brilliant/ros2_ws/install/serial:/home/brilliant/ros2_ws/install/nav2_system_tests:/home/brilliant/ros2_ws/install/nav2_bringup:/home/brilliant/ros2_ws/install/navigation2:/home/brilliant/ros2_ws/install/opennav_docking:/home/brilliant/ros2_ws/install/opennav_docking_core:/home/brilliant/ros2_ws/install/opennav_docking_bt:/home/brilliant/ros2_ws/install/nav2_smoother:/home/brilliant/ros2_ws/install/nav2_rotation_shim_controller:/home/brilliant/ros2_ws/install/nav2_graceful_controller:/home/brilliant/ros2_ws/install/nav2_dwb_controller:/home/brilliant/ros2_ws/install/nav2_controller:/home/brilliant/ros2_ws/install/dwb_plugins:/home/brilliant/ros2_ws/install/dwb_critics:/home/brilliant/ros2_ws/install/dwb_core:/home/brilliant/ros2_ws/install/nav_2d_utils:/home/brilliant/ros2_ws/install/dwb_msgs:/home/brilliant/ros2_ws/install/nav2_waypoint_follower:/home/brilliant/ros2_ws/install/nav2_theta_star_planner:/home/brilliant/ros2_ws/install/nav2_smac_planner:/home/brilliant/ros2_ws/install/nav2_regulated_pure_pursuit_controller:/home/brilliant/ros2_ws/install/nav2_planner:/home/brilliant/ros2_ws/install/nav2_navfn_planner:/home/brilliant/ros2_ws/install/nav2_mppi_controller:/home/brilliant/ros2_ws/install/nav2_constrained_smoother:/home/brilliant/ros2_ws/install/nav2_bt_navigator:/home/brilliant/ros2_ws/install/nav2_behaviors:/home/brilliant/ros2_ws/install/nav2_core:/home/brilliant/ros2_ws/install/nav2_collision_monitor:/home/brilliant/ros2_ws/install/costmap_queue:/home/brilliant/ros2_ws/install/nav2_costmap_2d:/home/brilliant/ros2_ws/install/nav2_voxel_grid:/home/brilliant/ros2_ws/install/nav2_velocity_smoother:/home/brilliant/ros2_ws/install/nav2_rviz_plugins:/home/brilliant/ros2_ws/install/nav2_map_server:/home/brilliant/ros2_ws/install/nav2_lifecycle_manager:/home/brilliant/ros2_ws/install/nav2_behavior_tree:/home/brilliant/ros2_ws/install/nav2_amcl:/home/brilliant/ros2_ws/install/nav2_util:/home/brilliant/ros2_ws/install/nav2_msgs:/home/brilliant/ros2_ws/install/nav2_common:/home/brilliant/ros2_ws/install/minibot:/home/brilliant/ros2_ws/install/diffdrive_arduino:/opt/ros/jazzy/opt/gz_sim_vendor:/opt/ros/jazzy/opt/gz_sensors_vendor:/opt/ros/jazzy/opt/gz_physics_vendor:/opt/ros/jazzy/opt/sdformat_vendor:/opt/ros/jazzy/opt/gz_gui_vendor:/opt/ros/jazzy/opt/gz_transport_vendor:/opt/ros/jazzy/opt/gz_rendering_vendor:/opt/ros/jazzy/opt/gz_plugin_vendor:/opt/ros/jazzy/opt/gz_fuel_tools_vendor:/opt/ros/jazzy/opt/gz_msgs_vendor:/opt/ros/jazzy/opt/gz_common_vendor:/opt/ros/jazzy/opt/gz_math_vendor:/opt/ros/jazzy/opt/gz_utils_vendor:/opt/ros/jazzy/opt/gz_tools_vendor:/opt/ros/jazzy/opt/gz_ogre_next_vendor:/opt/ros/jazzy/opt/gz_dartsim_vendor:/opt/ros/jazzy/opt/gz_cmake_vendor:/home/brilliant/ros2_ws/install/twist_stamper:/home/brilliant/ros2_ws/install/nav2_simple_commander:/home/brilliant/ros2_ws/install/nav2_loopback_sim:/opt/ros/jazzy DEBUGINFOD_URLS=https://debuginfod.ubuntu.com LD_LIBRARY_PATH=/home/brilliant/ros2_ws/install/nav_2d_msgs/lib:/home/brilliant/ros2_ws/install/serial/lib:/home/brilliant/ros2_ws/install/nav2_system_tests/lib:/home/brilliant/ros2_ws/install/opennav_docking/lib:/home/brilliant/ros2_ws/install/opennav_docking_bt/lib:/home/brilliant/ros2_ws/install/nav2_smoother/lib:/home/brilliant/ros2_ws/install/nav2_rotation_shim_controller/lib:/home/brilliant/ros2_ws/install/nav2_graceful_controller/lib:/home/brilliant/ros2_ws/install/nav2_controller/lib:/home/brilliant/ros2_ws/install/dwb_plugins/lib:/home/brilliant/ros2_ws/install/dwb_critics/lib:/home/brilliant/ros2_ws/install/dwb_core/lib:/home/brilliant/ros2_ws/install/nav_2d_utils/lib:/home/brilliant/ros2_ws/install/dwb_msgs/lib:/home/brilliant/ros2_ws/install/nav2_waypoint_follower/lib:/home/brilliant/ros2_ws/install/nav2_theta_star_planner/lib:/home/brilliant/ros2_ws/install/nav2_smac_planner/lib:/home/brilliant/ros2_ws/install/nav2_regulated_pure_pursuit_controller/lib:/home/brilliant/ros2_ws/install/nav2_planner/lib:/home/brilliant/ros2_ws/install/nav2_navfn_planner/lib:/home/brilliant/ros2_ws/install/nav2_mppi_controller/lib:/home/brilliant/ros2_ws/install/nav2_constrained_smoother/lib:/home/brilliant/ros2_ws/install/nav2_bt_navigator/lib:/home/brilliant/ros2_ws/install/nav2_behaviors/lib:/home/brilliant/ros2_ws/install/nav2_collision_monitor/lib:/home/brilliant/ros2_ws/install/costmap_queue/lib:/home/brilliant/ros2_ws/install/nav2_costmap_2d/lib:/home/brilliant/ros2_ws/install/nav2_voxel_grid/lib:/home/brilliant/ros2_ws/install/nav2_velocity_smoother/lib:/home/brilliant/ros2_ws/install/nav2_rviz_plugins/lib:/home/brilliant/ros2_ws/install/nav2_map_server/lib:/home/brilliant/ros2_ws/install/nav2_lifecycle_manager/lib:/home/brilliant/ros2_ws/install/nav2_behavior_tree/lib:/home/brilliant/ros2_ws/install/nav2_amcl/lib:/home/brilliant/ros2_ws/install/nav2_util/lib:/home/brilliant/ros2_ws/install/nav2_msgs/lib:/home/brilliant/ros2_ws/install/diffdrive_arduino/lib:/opt/ros/jazzy/opt/gz_sim_vendor/lib:/opt/ros/jazzy/opt/gz_sensors_vendor/lib:/opt/ros/jazzy/opt/gz_physics_vendor/lib:/opt/ros/jazzy/opt/sdformat_vendor/lib:/opt/ros/jazzy/opt/rviz_ogre_vendor/lib:/opt/ros/jazzy/lib/x86_64-linux-gnu:/opt/ros/jazzy/opt/gz_gui_vendor/lib:/opt/ros/jazzy/opt/gz_transport_vendor/lib:/opt/ros/jazzy/opt/gz_rendering_vendor/lib:/opt/ros/jazzy/opt/gz_plugin_vendor/lib:/opt/ros/jazzy/opt/gz_fuel_tools_vendor/lib:/opt/ros/jazzy/opt/gz_msgs_vendor/lib:/opt/ros/jazzy/opt/gz_common_vendor/lib:/opt/ros/jazzy/opt/gz_math_vendor/lib:/opt/ros/jazzy/opt/gz_utils_vendor/lib:/opt/ros/jazzy/opt/gz_tools_vendor/lib:/opt/ros/jazzy/opt/gz_ogre_next_vendor/lib:/opt/ros/jazzy/opt/gz_dartsim_vendor/lib:/opt/ros/jazzy/opt/gz_cmake_vendor/lib:/opt/ros/jazzy/lib PYTHONPATH=/home/brilliant/ros2_ws/install/nav_2d_msgs/lib/python3.12/site-packages:/home/brilliant/ros2_ws/build/twist_stamper:/home/brilliant/ros2_ws/install/twist_stamper/lib/python3.12/site-packages:/home/brilliant/ros2_ws/install/dwb_msgs/lib/python3.12/site-packages:/home/brilliant/ros2_ws/build/nav2_simple_commander:/home/brilliant/ros2_ws/install/nav2_simple_commander/lib/python3.12/site-packages:/home/brilliant/ros2_ws/install/nav2_msgs/lib/python3.12/site-packages:/home/brilliant/ros2_ws/build/nav2_loopback_sim:/home/brilliant/ros2_ws/install/nav2_loopback_sim/lib/python3.12/site-packages:/home/brilliant/ros2_ws/install/nav2_common/lib/python3.12/site-packages:/opt/ros/jazzy/lib/python3.12/site-packages /usr/bin/cmake --build /home/brilliant/ros2_ws/build/dwb_msgs -- -j4 -l4
[5.963s] Invoking command in '/home/brilliant/ros2_ws/build/dwb_msgs': CMAKE_PREFIX_PATH=/home/brilliant/ros2_ws/install/nav_2d_msgs:/home/brilliant/ros2_ws/install/sllidar_ros2:/home/brilliant/ros2_ws/install/serial:/home/brilliant/ros2_ws/install/nav2_system_tests:/home/brilliant/ros2_ws/install/nav2_bringup:/home/brilliant/ros2_ws/install/navigation2:/home/brilliant/ros2_ws/install/opennav_docking:/home/brilliant/ros2_ws/install/opennav_docking_core:/home/brilliant/ros2_ws/install/opennav_docking_bt:/home/brilliant/ros2_ws/install/nav2_smoother:/home/brilliant/ros2_ws/install/nav2_rotation_shim_controller:/home/brilliant/ros2_ws/install/nav2_graceful_controller:/home/brilliant/ros2_ws/install/nav2_dwb_controller:/home/brilliant/ros2_ws/install/nav2_controller:/home/brilliant/ros2_ws/install/dwb_plugins:/home/brilliant/ros2_ws/install/dwb_critics:/home/brilliant/ros2_ws/install/dwb_core:/home/brilliant/ros2_ws/install/nav_2d_utils:/home/brilliant/ros2_ws/install/dwb_msgs:/home/brilliant/ros2_ws/install/nav2_waypoint_follower:/home/brilliant/ros2_ws/install/nav2_theta_star_planner:/home/brilliant/ros2_ws/install/nav2_smac_planner:/home/brilliant/ros2_ws/install/nav2_regulated_pure_pursuit_controller:/home/brilliant/ros2_ws/install/nav2_planner:/home/brilliant/ros2_ws/install/nav2_navfn_planner:/home/brilliant/ros2_ws/install/nav2_mppi_controller:/home/brilliant/ros2_ws/install/nav2_constrained_smoother:/home/brilliant/ros2_ws/install/nav2_bt_navigator:/home/brilliant/ros2_ws/install/nav2_behaviors:/home/brilliant/ros2_ws/install/nav2_core:/home/brilliant/ros2_ws/install/nav2_collision_monitor:/home/brilliant/ros2_ws/install/costmap_queue:/home/brilliant/ros2_ws/install/nav2_costmap_2d:/home/brilliant/ros2_ws/install/nav2_voxel_grid:/home/brilliant/ros2_ws/install/nav2_velocity_smoother:/home/brilliant/ros2_ws/install/nav2_rviz_plugins:/home/brilliant/ros2_ws/install/nav2_map_server:/home/brilliant/ros2_ws/install/nav2_lifecycle_manager:/home/brilliant/ros2_ws/install/nav2_behavior_tree:/home/brilliant/ros2_ws/install/nav2_amcl:/home/brilliant/ros2_ws/install/nav2_util:/home/brilliant/ros2_ws/install/nav2_msgs:/home/brilliant/ros2_ws/install/nav2_common:/home/brilliant/ros2_ws/install/minibot:/home/brilliant/ros2_ws/install/diffdrive_arduino:/opt/ros/jazzy/opt/gz_sim_vendor:/opt/ros/jazzy/opt/gz_sensors_vendor:/opt/ros/jazzy/opt/gz_physics_vendor:/opt/ros/jazzy/opt/sdformat_vendor:/opt/ros/jazzy/opt/gz_gui_vendor:/opt/ros/jazzy/opt/gz_transport_vendor:/opt/ros/jazzy/opt/gz_rendering_vendor:/opt/ros/jazzy/opt/gz_plugin_vendor:/opt/ros/jazzy/opt/gz_fuel_tools_vendor:/opt/ros/jazzy/opt/gz_msgs_vendor:/opt/ros/jazzy/opt/gz_common_vendor:/opt/ros/jazzy/opt/gz_math_vendor:/opt/ros/jazzy/opt/gz_utils_vendor:/opt/ros/jazzy/opt/gz_tools_vendor:/opt/ros/jazzy/opt/gz_ogre_next_vendor:/opt/ros/jazzy/opt/gz_dartsim_vendor:/opt/ros/jazzy/opt/gz_cmake_vendor:/home/brilliant/ros2_ws/install/twist_stamper:/home/brilliant/ros2_ws/install/nav2_simple_commander:/home/brilliant/ros2_ws/install/nav2_loopback_sim:/opt/ros/jazzy DEBUGINFOD_URLS=https://debuginfod.ubuntu.com LD_LIBRARY_PATH=/home/brilliant/ros2_ws/install/nav_2d_msgs/lib:/home/brilliant/ros2_ws/install/serial/lib:/home/brilliant/ros2_ws/install/nav2_system_tests/lib:/home/brilliant/ros2_ws/install/opennav_docking/lib:/home/brilliant/ros2_ws/install/opennav_docking_bt/lib:/home/brilliant/ros2_ws/install/nav2_smoother/lib:/home/brilliant/ros2_ws/install/nav2_rotation_shim_controller/lib:/home/brilliant/ros2_ws/install/nav2_graceful_controller/lib:/home/brilliant/ros2_ws/install/nav2_controller/lib:/home/brilliant/ros2_ws/install/dwb_plugins/lib:/home/brilliant/ros2_ws/install/dwb_critics/lib:/home/brilliant/ros2_ws/install/dwb_core/lib:/home/brilliant/ros2_ws/install/nav_2d_utils/lib:/home/brilliant/ros2_ws/install/dwb_msgs/lib:/home/brilliant/ros2_ws/install/nav2_waypoint_follower/lib:/home/brilliant/ros2_ws/install/nav2_theta_star_planner/lib:/home/brilliant/ros2_ws/install/nav2_smac_planner/lib:/home/brilliant/ros2_ws/install/nav2_regulated_pure_pursuit_controller/lib:/home/brilliant/ros2_ws/install/nav2_planner/lib:/home/brilliant/ros2_ws/install/nav2_navfn_planner/lib:/home/brilliant/ros2_ws/install/nav2_mppi_controller/lib:/home/brilliant/ros2_ws/install/nav2_constrained_smoother/lib:/home/brilliant/ros2_ws/install/nav2_bt_navigator/lib:/home/brilliant/ros2_ws/install/nav2_behaviors/lib:/home/brilliant/ros2_ws/install/nav2_collision_monitor/lib:/home/brilliant/ros2_ws/install/costmap_queue/lib:/home/brilliant/ros2_ws/install/nav2_costmap_2d/lib:/home/brilliant/ros2_ws/install/nav2_voxel_grid/lib:/home/brilliant/ros2_ws/install/nav2_velocity_smoother/lib:/home/brilliant/ros2_ws/install/nav2_rviz_plugins/lib:/home/brilliant/ros2_ws/install/nav2_map_server/lib:/home/brilliant/ros2_ws/install/nav2_lifecycle_manager/lib:/home/brilliant/ros2_ws/install/nav2_behavior_tree/lib:/home/brilliant/ros2_ws/install/nav2_amcl/lib:/home/brilliant/ros2_ws/install/nav2_util/lib:/home/brilliant/ros2_ws/install/nav2_msgs/lib:/home/brilliant/ros2_ws/install/diffdrive_arduino/lib:/opt/ros/jazzy/opt/gz_sim_vendor/lib:/opt/ros/jazzy/opt/gz_sensors_vendor/lib:/opt/ros/jazzy/opt/gz_physics_vendor/lib:/opt/ros/jazzy/opt/sdformat_vendor/lib:/opt/ros/jazzy/opt/rviz_ogre_vendor/lib:/opt/ros/jazzy/lib/x86_64-linux-gnu:/opt/ros/jazzy/opt/gz_gui_vendor/lib:/opt/ros/jazzy/opt/gz_transport_vendor/lib:/opt/ros/jazzy/opt/gz_rendering_vendor/lib:/opt/ros/jazzy/opt/gz_plugin_vendor/lib:/opt/ros/jazzy/opt/gz_fuel_tools_vendor/lib:/opt/ros/jazzy/opt/gz_msgs_vendor/lib:/opt/ros/jazzy/opt/gz_common_vendor/lib:/opt/ros/jazzy/opt/gz_math_vendor/lib:/opt/ros/jazzy/opt/gz_utils_vendor/lib:/opt/ros/jazzy/opt/gz_tools_vendor/lib:/opt/ros/jazzy/opt/gz_ogre_next_vendor/lib:/opt/ros/jazzy/opt/gz_dartsim_vendor/lib:/opt/ros/jazzy/opt/gz_cmake_vendor/lib:/opt/ros/jazzy/lib PYTHONPATH=/home/brilliant/ros2_ws/install/nav_2d_msgs/lib/python3.12/site-packages:/home/brilliant/ros2_ws/build/twist_stamper:/home/brilliant/ros2_ws/install/twist_stamper/lib/python3.12/site-packages:/home/brilliant/ros2_ws/install/dwb_msgs/lib/python3.12/site-packages:/home/brilliant/ros2_ws/build/nav2_simple_commander:/home/brilliant/ros2_ws/install/nav2_simple_commander/lib/python3.12/site-packages:/home/brilliant/ros2_ws/install/nav2_msgs/lib/python3.12/site-packages:/home/brilliant/ros2_ws/build/nav2_loopback_sim:/home/brilliant/ros2_ws/install/nav2_loopback_sim/lib/python3.12/site-packages:/home/brilliant/ros2_ws/install/nav2_common/lib/python3.12/site-packages:/opt/ros/jazzy/lib/python3.12/site-packages /usr/bin/cmake --install /home/brilliant/ros2_ws/build/dwb_msgs
[6.027s] -- Install configuration: ""
[6.031s] -- Execute custom install script
[6.035s] -- Up-to-date symlink: /home/brilliant/ros2_ws/install/dwb_msgs/share/ament_index/resource_index/rosidl_interfaces/dwb_msgs
[6.036s] -- Up-to-date symlink: /home/brilliant/ros2_ws/install/dwb_msgs/share/dwb_msgs/msg/CriticScore.json
[6.036s] -- Up-to-date symlink: /home/brilliant/ros2_ws/install/dwb_msgs/share/dwb_msgs/msg/LocalPlanEvaluation.json
[6.040s] -- Up-to-date symlink: /home/brilliant/ros2_ws/install/dwb_msgs/share/dwb_msgs/msg/Trajectory2D.json
[6.041s] -- Up-to-date symlink: /home/brilliant/ros2_ws/install/dwb_msgs/share/dwb_msgs/msg/TrajectoryScore.json
[6.041s] -- Up-to-date symlink: /home/brilliant/ros2_ws/install/dwb_msgs/share/dwb_msgs/srv/DebugLocalPlan.json
[6.041s] -- Up-to-date symlink: /home/brilliant/ros2_ws/install/dwb_msgs/share/dwb_msgs/srv/GenerateTrajectory.json
[6.042s] -- Up-to-date symlink: /home/brilliant/ros2_ws/install/dwb_msgs/share/dwb_msgs/srv/GenerateTwists.json
[6.042s] -- Up-to-date symlink: /home/brilliant/ros2_ws/install/dwb_msgs/share/dwb_msgs/srv/GetCriticScore.json
[6.042s] -- Up-to-date symlink: /home/brilliant/ros2_ws/install/dwb_msgs/share/dwb_msgs/srv/ScoreTrajectory.json
[6.046s] -- Up-to-date symlink: /home/brilliant/ros2_ws/install/dwb_msgs/include/dwb_msgs/dwb_msgs/msg/critic_score.h
[6.046s] -- Up-to-date symlink: /home/brilliant/ros2_ws/install/dwb_msgs/include/dwb_msgs/dwb_msgs/msg/detail/critic_score__functions.h
[6.047s] -- Up-to-date symlink: /home/brilliant/ros2_ws/install/dwb_msgs/include/dwb_msgs/dwb_msgs/msg/detail/critic_score__struct.h
[6.049s] -- Up-to-date symlink: /home/brilliant/ros2_ws/install/dwb_msgs/include/dwb_msgs/dwb_msgs/msg/detail/critic_score__type_support.h
[6.051s] -- Up-to-date symlink: /home/brilliant/ros2_ws/install/dwb_msgs/include/dwb_msgs/dwb_msgs/msg/detail/local_plan_evaluation__functions.h
[6.051s] -- Up-to-date symlink: /home/brilliant/ros2_ws/install/dwb_msgs/include/dwb_msgs/dwb_msgs/msg/detail/local_plan_evaluation__struct.h
[6.053s] -- Up-to-date symlink: /home/brilliant/ros2_ws/install/dwb_msgs/include/dwb_msgs/dwb_msgs/msg/detail/local_plan_evaluation__type_support.h
[6.054s] -- Up-to-date symlink: /home/brilliant/ros2_ws/install/dwb_msgs/include/dwb_msgs/dwb_msgs/msg/detail/trajectory2_d__functions.h
[6.056s] -- Up-to-date symlink: /home/brilliant/ros2_ws/install/dwb_msgs/include/dwb_msgs/dwb_msgs/msg/detail/trajectory2_d__struct.h
[6.058s] -- Up-to-date symlink: /home/brilliant/ros2_ws/install/dwb_msgs/include/dwb_msgs/dwb_msgs/msg/detail/trajectory2_d__type_support.h
[6.058s] -- Up-to-date symlink: /home/brilliant/ros2_ws/install/dwb_msgs/include/dwb_msgs/dwb_msgs/msg/detail/trajectory_score__functions.h
[6.059s] -- Up-to-date symlink: /home/brilliant/ros2_ws/install/dwb_msgs/include/dwb_msgs/dwb_msgs/msg/detail/trajectory_score__struct.h
[6.063s] -- Up-to-date symlink: /home/brilliant/ros2_ws/install/dwb_msgs/include/dwb_msgs/dwb_msgs/msg/detail/trajectory_score__type_support.h
[6.064s] -- Up-to-date symlink: /home/brilliant/ros2_ws/install/dwb_msgs/include/dwb_msgs/dwb_msgs/msg/local_plan_evaluation.h
[6.064s] -- Up-to-date symlink: /home/brilliant/ros2_ws/install/dwb_msgs/include/dwb_msgs/dwb_msgs/msg/rosidl_generator_c__visibility_control.h
[6.065s] -- Up-to-date symlink: /home/brilliant/ros2_ws/install/dwb_msgs/include/dwb_msgs/dwb_msgs/msg/trajectory2_d.h
[6.065s] -- Up-to-date symlink: /home/brilliant/ros2_ws/install/dwb_msgs/include/dwb_msgs/dwb_msgs/msg/trajectory_score.h
[6.067s] -- Up-to-date symlink: /home/brilliant/ros2_ws/install/dwb_msgs/include/dwb_msgs/dwb_msgs/srv/debug_local_plan.h
[6.070s] -- Up-to-date symlink: /home/brilliant/ros2_ws/install/dwb_msgs/include/dwb_msgs/dwb_msgs/srv/detail/debug_local_plan__functions.h
[6.072s] -- Up-to-date symlink: /home/brilliant/ros2_ws/install/dwb_msgs/include/dwb_msgs/dwb_msgs/srv/detail/debug_local_plan__struct.h
[6.073s] -- Up-to-date symlink: /home/brilliant/ros2_ws/install/dwb_msgs/include/dwb_msgs/dwb_msgs/srv/detail/debug_local_plan__type_support.h
[6.074s] -- Up-to-date symlink: /home/brilliant/ros2_ws/install/dwb_msgs/include/dwb_msgs/dwb_msgs/srv/detail/generate_trajectory__functions.h
[6.074s] -- Up-to-date symlink: /home/brilliant/ros2_ws/install/dwb_msgs/include/dwb_msgs/dwb_msgs/srv/detail/generate_trajectory__struct.h
[6.074s] -- Up-to-date symlink: /home/brilliant/ros2_ws/install/dwb_msgs/include/dwb_msgs/dwb_msgs/srv/detail/generate_trajectory__type_support.h
[6.074s] -- Up-to-date symlink: /home/brilliant/ros2_ws/install/dwb_msgs/include/dwb_msgs/dwb_msgs/srv/detail/generate_twists__functions.h
[6.075s] -- Up-to-date symlink: /home/brilliant/ros2_ws/install/dwb_msgs/include/dwb_msgs/dwb_msgs/srv/detail/generate_twists__struct.h
[6.075s] -- Up-to-date symlink: /home/brilliant/ros2_ws/install/dwb_msgs/include/dwb_msgs/dwb_msgs/srv/detail/generate_twists__type_support.h
[6.075s] -- Up-to-date symlink: /home/brilliant/ros2_ws/install/dwb_msgs/include/dwb_msgs/dwb_msgs/srv/detail/get_critic_score__functions.h
[6.086s] -- Up-to-date symlink: /home/brilliant/ros2_ws/install/dwb_msgs/include/dwb_msgs/dwb_msgs/srv/detail/get_critic_score__struct.h
[6.087s] -- Up-to-date symlink: /home/brilliant/ros2_ws/install/dwb_msgs/include/dwb_msgs/dwb_msgs/srv/detail/get_critic_score__type_support.h
[6.088s] -- Up-to-date symlink: /home/brilliant/ros2_ws/install/dwb_msgs/include/dwb_msgs/dwb_msgs/srv/detail/score_trajectory__functions.h
[6.088s] -- Up-to-date symlink: /home/brilliant/ros2_ws/install/dwb_msgs/include/dwb_msgs/dwb_msgs/srv/detail/score_trajectory__struct.h
[6.088s] -- Up-to-date symlink: /home/brilliant/ros2_ws/install/dwb_msgs/include/dwb_msgs/dwb_msgs/srv/detail/score_trajectory__type_support.h
[6.088s] -- Up-to-date symlink: /home/brilliant/ros2_ws/install/dwb_msgs/include/dwb_msgs/dwb_msgs/srv/generate_trajectory.h
[6.091s] -- Up-to-date symlink: /home/brilliant/ros2_ws/install/dwb_msgs/include/dwb_msgs/dwb_msgs/srv/generate_twists.h
[6.094s] -- Up-to-date symlink: /home/brilliant/ros2_ws/install/dwb_msgs/include/dwb_msgs/dwb_msgs/srv/get_critic_score.h
[6.097s] -- Up-to-date symlink: /home/brilliant/ros2_ws/install/dwb_msgs/include/dwb_msgs/dwb_msgs/srv/score_trajectory.h
[6.097s] -- Up-to-date symlink: /home/brilliant/ros2_ws/install/dwb_msgs/share/dwb_msgs/environment/library_path.sh
[6.099s] -- Up-to-date symlink: /home/brilliant/ros2_ws/install/dwb_msgs/share/dwb_msgs/environment/library_path.dsv
[6.100s] -- Up-to-date symlink: /home/brilliant/ros2_ws/install/dwb_msgs/include/dwb_msgs/dwb_msgs/msg/detail/critic_score__rosidl_typesupport_fastrtps_c.h
[6.100s] -- Up-to-date symlink: /home/brilliant/ros2_ws/install/dwb_msgs/include/dwb_msgs/dwb_msgs/msg/detail/local_plan_evaluation__rosidl_typesupport_fastrtps_c.h
[6.100s] -- Up-to-date symlink: /home/brilliant/ros2_ws/install/dwb_msgs/include/dwb_msgs/dwb_msgs/msg/detail/trajectory2_d__rosidl_typesupport_fastrtps_c.h
[6.104s] -- Up-to-date symlink: /home/brilliant/ros2_ws/install/dwb_msgs/include/dwb_msgs/dwb_msgs/msg/detail/trajectory_score__rosidl_typesupport_fastrtps_c.h
[6.105s] -- Up-to-date symlink: /home/brilliant/ros2_ws/install/dwb_msgs/include/dwb_msgs/dwb_msgs/msg/rosidl_typesupport_fastrtps_c__visibility_control.h
[6.105s] -- Up-to-date symlink: /home/brilliant/ros2_ws/install/dwb_msgs/include/dwb_msgs/dwb_msgs/srv/detail/debug_local_plan__rosidl_typesupport_fastrtps_c.h
[6.106s] -- Up-to-date symlink: /home/brilliant/ros2_ws/install/dwb_msgs/include/dwb_msgs/dwb_msgs/srv/detail/generate_trajectory__rosidl_typesupport_fastrtps_c.h
[6.108s] -- Up-to-date symlink: /home/brilliant/ros2_ws/install/dwb_msgs/include/dwb_msgs/dwb_msgs/srv/detail/generate_twists__rosidl_typesupport_fastrtps_c.h
[6.109s] -- Up-to-date symlink: /home/brilliant/ros2_ws/install/dwb_msgs/include/dwb_msgs/dwb_msgs/srv/detail/get_critic_score__rosidl_typesupport_fastrtps_c.h
[6.113s] -- Up-to-date symlink: /home/brilliant/ros2_ws/install/dwb_msgs/include/dwb_msgs/dwb_msgs/srv/detail/score_trajectory__rosidl_typesupport_fastrtps_c.h
[6.114s] -- Up-to-date symlink: /home/brilliant/ros2_ws/install/dwb_msgs/include/dwb_msgs/dwb_msgs/msg/critic_score.hpp
[6.114s] -- Up-to-date symlink: /home/brilliant/ros2_ws/install/dwb_msgs/include/dwb_msgs/dwb_msgs/msg/detail/critic_score__builder.hpp
[6.114s] -- Up-to-date symlink: /home/brilliant/ros2_ws/install/dwb_msgs/include/dwb_msgs/dwb_msgs/msg/detail/critic_score__struct.hpp
[6.114s] -- Up-to-date symlink: /home/brilliant/ros2_ws/install/dwb_msgs/include/dwb_msgs/dwb_msgs/msg/detail/critic_score__traits.hpp
[6.115s] -- Up-to-date symlink: /home/brilliant/ros2_ws/install/dwb_msgs/include/dwb_msgs/dwb_msgs/msg/detail/critic_score__type_support.hpp
[6.115s] -- Up-to-date symlink: /home/brilliant/ros2_ws/install/dwb_msgs/include/dwb_msgs/dwb_msgs/msg/detail/local_plan_evaluation__builder.hpp
[6.116s] -- Up-to-date symlink: /home/brilliant/ros2_ws/install/dwb_msgs/include/dwb_msgs/dwb_msgs/msg/detail/local_plan_evaluation__struct.hpp
[6.117s] -- Up-to-date symlink: /home/brilliant/ros2_ws/install/dwb_msgs/include/dwb_msgs/dwb_msgs/msg/detail/local_plan_evaluation__traits.hpp
[6.117s] -- Up-to-date symlink: /home/brilliant/ros2_ws/install/dwb_msgs/include/dwb_msgs/dwb_msgs/msg/detail/local_plan_evaluation__type_support.hpp
[6.122s] -- Up-to-date symlink: /home/brilliant/ros2_ws/install/dwb_msgs/include/dwb_msgs/dwb_msgs/msg/detail/trajectory2_d__builder.hpp
[6.123s] -- Up-to-date symlink: /home/brilliant/ros2_ws/install/dwb_msgs/include/dwb_msgs/dwb_msgs/msg/detail/trajectory2_d__struct.hpp
[6.123s] -- Up-to-date symlink: /home/brilliant/ros2_ws/install/dwb_msgs/include/dwb_msgs/dwb_msgs/msg/detail/trajectory2_d__traits.hpp
[6.123s] -- Up-to-date symlink: /home/brilliant/ros2_ws/install/dwb_msgs/include/dwb_msgs/dwb_msgs/msg/detail/trajectory2_d__type_support.hpp
[6.126s] -- Up-to-date symlink: /home/brilliant/ros2_ws/install/dwb_msgs/include/dwb_msgs/dwb_msgs/msg/detail/trajectory_score__builder.hpp
[6.128s] -- Up-to-date symlink: /home/brilliant/ros2_ws/install/dwb_msgs/include/dwb_msgs/dwb_msgs/msg/detail/trajectory_score__struct.hpp
[6.129s] -- Up-to-date symlink: /home/brilliant/ros2_ws/install/dwb_msgs/include/dwb_msgs/dwb_msgs/msg/detail/trajectory_score__traits.hpp
[6.129s] -- Up-to-date symlink: /home/brilliant/ros2_ws/install/dwb_msgs/include/dwb_msgs/dwb_msgs/msg/detail/trajectory_score__type_support.hpp
[6.130s] -- Up-to-date symlink: /home/brilliant/ros2_ws/install/dwb_msgs/include/dwb_msgs/dwb_msgs/msg/local_plan_evaluation.hpp
[6.131s] -- Up-to-date symlink: /home/brilliant/ros2_ws/install/dwb_msgs/include/dwb_msgs/dwb_msgs/msg/rosidl_generator_cpp__visibility_control.hpp
[6.132s] -- Up-to-date symlink: /home/brilliant/ros2_ws/install/dwb_msgs/include/dwb_msgs/dwb_msgs/msg/trajectory2_d.hpp
[6.132s] -- Up-to-date symlink: /home/brilliant/ros2_ws/install/dwb_msgs/include/dwb_msgs/dwb_msgs/msg/trajectory_score.hpp
[6.132s] -- Up-to-date symlink: /home/brilliant/ros2_ws/install/dwb_msgs/include/dwb_msgs/dwb_msgs/srv/debug_local_plan.hpp
[6.132s] -- Up-to-date symlink: /home/brilliant/ros2_ws/install/dwb_msgs/include/dwb_msgs/dwb_msgs/srv/detail/debug_local_plan__builder.hpp
[6.136s] -- Up-to-date symlink: /home/brilliant/ros2_ws/install/dwb_msgs/include/dwb_msgs/dwb_msgs/srv/detail/debug_local_plan__struct.hpp
[6.137s] -- Up-to-date symlink: /home/brilliant/ros2_ws/install/dwb_msgs/include/dwb_msgs/dwb_msgs/srv/detail/debug_local_plan__traits.hpp
[6.137s] -- Up-to-date symlink: /home/brilliant/ros2_ws/install/dwb_msgs/include/dwb_msgs/dwb_msgs/srv/detail/debug_local_plan__type_support.hpp
[6.137s] -- Up-to-date symlink: /home/brilliant/ros2_ws/install/dwb_msgs/include/dwb_msgs/dwb_msgs/srv/detail/generate_trajectory__builder.hpp
[6.137s] -- Up-to-date symlink: /home/brilliant/ros2_ws/install/dwb_msgs/include/dwb_msgs/dwb_msgs/srv/detail/generate_trajectory__struct.hpp
[6.138s] -- Up-to-date symlink: /home/brilliant/ros2_ws/install/dwb_msgs/include/dwb_msgs/dwb_msgs/srv/detail/generate_trajectory__traits.hpp
[6.138s] -- Up-to-date symlink: /home/brilliant/ros2_ws/install/dwb_msgs/include/dwb_msgs/dwb_msgs/srv/detail/generate_trajectory__type_support.hpp
[6.138s] -- Up-to-date symlink: /home/brilliant/ros2_ws/install/dwb_msgs/include/dwb_msgs/dwb_msgs/srv/detail/generate_twists__builder.hpp
[6.138s] -- Up-to-date symlink: /home/brilliant/ros2_ws/install/dwb_msgs/include/dwb_msgs/dwb_msgs/srv/detail/generate_twists__struct.hpp
[6.139s] -- Up-to-date symlink: /home/brilliant/ros2_ws/install/dwb_msgs/include/dwb_msgs/dwb_msgs/srv/detail/generate_twists__traits.hpp
[6.139s] -- Up-to-date symlink: /home/brilliant/ros2_ws/install/dwb_msgs/include/dwb_msgs/dwb_msgs/srv/detail/generate_twists__type_support.hpp
[6.146s] -- Up-to-date symlink: /home/brilliant/ros2_ws/install/dwb_msgs/include/dwb_msgs/dwb_msgs/srv/detail/get_critic_score__builder.hpp
[6.147s] -- Up-to-date symlink: /home/brilliant/ros2_ws/install/dwb_msgs/include/dwb_msgs/dwb_msgs/srv/detail/get_critic_score__struct.hpp
[6.147s] -- Up-to-date symlink: /home/brilliant/ros2_ws/install/dwb_msgs/include/dwb_msgs/dwb_msgs/srv/detail/get_critic_score__traits.hpp
[6.147s] -- Up-to-date symlink: /home/brilliant/ros2_ws/install/dwb_msgs/include/dwb_msgs/dwb_msgs/srv/detail/get_critic_score__type_support.hpp
[6.148s] -- Up-to-date symlink: /home/brilliant/ros2_ws/install/dwb_msgs/include/dwb_msgs/dwb_msgs/srv/detail/score_trajectory__builder.hpp
[6.148s] -- Up-to-date symlink: /home/brilliant/ros2_ws/install/dwb_msgs/include/dwb_msgs/dwb_msgs/srv/detail/score_trajectory__struct.hpp
[6.148s] -- Up-to-date symlink: /home/brilliant/ros2_ws/install/dwb_msgs/include/dwb_msgs/dwb_msgs/srv/detail/score_trajectory__traits.hpp
[6.148s] -- Up-to-date symlink: /home/brilliant/ros2_ws/install/dwb_msgs/include/dwb_msgs/dwb_msgs/srv/detail/score_trajectory__type_support.hpp
[6.148s] -- Up-to-date symlink: /home/brilliant/ros2_ws/install/dwb_msgs/include/dwb_msgs/dwb_msgs/srv/generate_trajectory.hpp
[6.149s] -- Up-to-date symlink: /home/brilliant/ros2_ws/install/dwb_msgs/include/dwb_msgs/dwb_msgs/srv/generate_twists.hpp
[6.149s] -- Up-to-date symlink: /home/brilliant/ros2_ws/install/dwb_msgs/include/dwb_msgs/dwb_msgs/srv/get_critic_score.hpp
[6.157s] -- Up-to-date symlink: /home/brilliant/ros2_ws/install/dwb_msgs/include/dwb_msgs/dwb_msgs/srv/score_trajectory.hpp
[6.158s] -- Up-to-date symlink: /home/brilliant/ros2_ws/install/dwb_msgs/include/dwb_msgs/dwb_msgs/msg/detail/critic_score__rosidl_typesupport_fastrtps_cpp.hpp
[6.158s] -- Up-to-date symlink: /home/brilliant/ros2_ws/install/dwb_msgs/include/dwb_msgs/dwb_msgs/msg/detail/local_plan_evaluation__rosidl_typesupport_fastrtps_cpp.hpp
[6.158s] -- Up-to-date symlink: /home/brilliant/ros2_ws/install/dwb_msgs/include/dwb_msgs/dwb_msgs/msg/detail/trajectory2_d__rosidl_typesupport_fastrtps_cpp.hpp
[6.162s] -- Up-to-date symlink: /home/brilliant/ros2_ws/install/dwb_msgs/include/dwb_msgs/dwb_msgs/msg/detail/trajectory_score__rosidl_typesupport_fastrtps_cpp.hpp
[6.163s] -- Up-to-date symlink: /home/brilliant/ros2_ws/install/dwb_msgs/include/dwb_msgs/dwb_msgs/msg/rosidl_typesupport_fastrtps_cpp__visibility_control.h
[6.163s] -- Up-to-date symlink: /home/brilliant/ros2_ws/install/dwb_msgs/include/dwb_msgs/dwb_msgs/srv/detail/debug_local_plan__rosidl_typesupport_fastrtps_cpp.hpp
[6.163s] -- Up-to-date symlink: /home/brilliant/ros2_ws/install/dwb_msgs/include/dwb_msgs/dwb_msgs/srv/detail/generate_trajectory__rosidl_typesupport_fastrtps_cpp.hpp
[6.163s] -- Up-to-date symlink: /home/brilliant/ros2_ws/install/dwb_msgs/include/dwb_msgs/dwb_msgs/srv/detail/generate_twists__rosidl_typesupport_fastrtps_cpp.hpp
[6.164s] -- Up-to-date symlink: /home/brilliant/ros2_ws/install/dwb_msgs/include/dwb_msgs/dwb_msgs/srv/detail/get_critic_score__rosidl_typesupport_fastrtps_cpp.hpp
[6.164s] -- Up-to-date symlink: /home/brilliant/ros2_ws/install/dwb_msgs/include/dwb_msgs/dwb_msgs/srv/detail/score_trajectory__rosidl_typesupport_fastrtps_cpp.hpp
[6.164s] -- Up-to-date symlink: /home/brilliant/ros2_ws/install/dwb_msgs/include/dwb_msgs/dwb_msgs/msg/detail/critic_score__rosidl_typesupport_introspection_c.h
[6.171s] -- Up-to-date symlink: /home/brilliant/ros2_ws/install/dwb_msgs/include/dwb_msgs/dwb_msgs/msg/detail/local_plan_evaluation__rosidl_typesupport_introspection_c.h
[6.173s] -- Up-to-date symlink: /home/brilliant/ros2_ws/install/dwb_msgs/include/dwb_msgs/dwb_msgs/msg/detail/trajectory2_d__rosidl_typesupport_introspection_c.h
[6.174s] -- Up-to-date symlink: /home/brilliant/ros2_ws/install/dwb_msgs/include/dwb_msgs/dwb_msgs/msg/detail/trajectory_score__rosidl_typesupport_introspection_c.h
[6.174s] -- Up-to-date symlink: /home/brilliant/ros2_ws/install/dwb_msgs/include/dwb_msgs/dwb_msgs/msg/rosidl_typesupport_introspection_c__visibility_control.h
[6.175s] -- Up-to-date symlink: /home/brilliant/ros2_ws/install/dwb_msgs/include/dwb_msgs/dwb_msgs/srv/detail/debug_local_plan__rosidl_typesupport_introspection_c.h
[6.177s] -- Up-to-date symlink: /home/brilliant/ros2_ws/install/dwb_msgs/include/dwb_msgs/dwb_msgs/srv/detail/generate_trajectory__rosidl_typesupport_introspection_c.h
[6.178s] -- Up-to-date symlink: /home/brilliant/ros2_ws/install/dwb_msgs/include/dwb_msgs/dwb_msgs/srv/detail/generate_twists__rosidl_typesupport_introspection_c.h
[6.178s] -- Up-to-date symlink: /home/brilliant/ros2_ws/install/dwb_msgs/include/dwb_msgs/dwb_msgs/srv/detail/get_critic_score__rosidl_typesupport_introspection_c.h
[6.180s] -- Up-to-date symlink: /home/brilliant/ros2_ws/install/dwb_msgs/include/dwb_msgs/dwb_msgs/srv/detail/score_trajectory__rosidl_typesupport_introspection_c.h
[6.181s] -- Up-to-date symlink: /home/brilliant/ros2_ws/install/dwb_msgs/include/dwb_msgs/dwb_msgs/msg/detail/critic_score__rosidl_typesupport_introspection_cpp.hpp
[6.183s] -- Up-to-date symlink: /home/brilliant/ros2_ws/install/dwb_msgs/include/dwb_msgs/dwb_msgs/msg/detail/local_plan_evaluation__rosidl_typesupport_introspection_cpp.hpp
[6.185s] -- Up-to-date symlink: /home/brilliant/ros2_ws/install/dwb_msgs/include/dwb_msgs/dwb_msgs/msg/detail/trajectory2_d__rosidl_typesupport_introspection_cpp.hpp
[6.185s] -- Up-to-date symlink: /home/brilliant/ros2_ws/install/dwb_msgs/include/dwb_msgs/dwb_msgs/msg/detail/trajectory_score__rosidl_typesupport_introspection_cpp.hpp
[6.190s] -- Up-to-date symlink: /home/brilliant/ros2_ws/install/dwb_msgs/include/dwb_msgs/dwb_msgs/srv/detail/debug_local_plan__rosidl_typesupport_introspection_cpp.hpp
[6.191s] -- Up-to-date symlink: /home/brilliant/ros2_ws/install/dwb_msgs/include/dwb_msgs/dwb_msgs/srv/detail/generate_trajectory__rosidl_typesupport_introspection_cpp.hpp
[6.192s] -- Up-to-date symlink: /home/brilliant/ros2_ws/install/dwb_msgs/include/dwb_msgs/dwb_msgs/srv/detail/generate_twists__rosidl_typesupport_introspection_cpp.hpp
[6.192s] -- Up-to-date symlink: /home/brilliant/ros2_ws/install/dwb_msgs/include/dwb_msgs/dwb_msgs/srv/detail/get_critic_score__rosidl_typesupport_introspection_cpp.hpp
[6.192s] -- Up-to-date symlink: /home/brilliant/ros2_ws/install/dwb_msgs/include/dwb_msgs/dwb_msgs/srv/detail/score_trajectory__rosidl_typesupport_introspection_cpp.hpp
[6.193s] -- Up-to-date symlink: /home/brilliant/ros2_ws/install/dwb_msgs/share/dwb_msgs/environment/pythonpath.sh
[6.193s] -- Up-to-date symlink: /home/brilliant/ros2_ws/install/dwb_msgs/share/dwb_msgs/environment/pythonpath.dsv
[6.193s] -- Up-to-date symlink: /home/brilliant/ros2_ws/install/dwb_msgs/lib/python3.12/site-packages/dwb_msgs-1.3.7-py3.12.egg-info/PKG-INFO
[6.196s] -- Up-to-date symlink: /home/brilliant/ros2_ws/install/dwb_msgs/lib/python3.12/site-packages/dwb_msgs-1.3.7-py3.12.egg-info/SOURCES.txt
[6.199s] -- Up-to-date symlink: /home/brilliant/ros2_ws/install/dwb_msgs/lib/python3.12/site-packages/dwb_msgs-1.3.7-py3.12.egg-info/dependency_links.txt
[6.200s] -- Up-to-date symlink: /home/brilliant/ros2_ws/install/dwb_msgs/lib/python3.12/site-packages/dwb_msgs-1.3.7-py3.12.egg-info/top_level.txt
[6.202s] -- Up-to-date symlink: /home/brilliant/ros2_ws/install/dwb_msgs/lib/python3.12/site-packages/dwb_msgs/__init__.py
[6.202s] -- Up-to-date symlink: /home/brilliant/ros2_ws/install/dwb_msgs/lib/python3.12/site-packages/dwb_msgs/_dwb_msgs_s.ep.rosidl_typesupport_c.c
[6.202s] -- Up-to-date symlink: /home/brilliant/ros2_ws/install/dwb_msgs/lib/python3.12/site-packages/dwb_msgs/_dwb_msgs_s.ep.rosidl_typesupport_fastrtps_c.c
[6.202s] -- Up-to-date symlink: /home/brilliant/ros2_ws/install/dwb_msgs/lib/python3.12/site-packages/dwb_msgs/_dwb_msgs_s.ep.rosidl_typesupport_introspection_c.c
[6.203s] -- Up-to-date symlink: /home/brilliant/ros2_ws/install/dwb_msgs/lib/python3.12/site-packages/dwb_msgs/dwb_msgs_s__rosidl_typesupport_c.so
[6.203s] -- Up-to-date symlink: /home/brilliant/ros2_ws/install/dwb_msgs/lib/python3.12/site-packages/dwb_msgs/dwb_msgs_s__rosidl_typesupport_fastrtps_c.so
[6.203s] -- Up-to-date symlink: /home/brilliant/ros2_ws/install/dwb_msgs/lib/python3.12/site-packages/dwb_msgs/dwb_msgs_s__rosidl_typesupport_introspection_c.so
[6.203s] -- Up-to-date symlink: /home/brilliant/ros2_ws/install/dwb_msgs/lib/python3.12/site-packages/dwb_msgs/msg/__init__.py
[6.204s] -- Up-to-date symlink: /home/brilliant/ros2_ws/install/dwb_msgs/lib/python3.12/site-packages/dwb_msgs/msg/_critic_score.py
[6.204s] -- Up-to-date symlink: /home/brilliant/ros2_ws/install/dwb_msgs/lib/python3.12/site-packages/dwb_msgs/msg/_critic_score_s.c
[6.204s] -- Up-to-date symlink: /home/brilliant/ros2_ws/install/dwb_msgs/lib/python3.12/site-packages/dwb_msgs/msg/_local_plan_evaluation.py
[6.211s] -- Up-to-date symlink: /home/brilliant/ros2_ws/install/dwb_msgs/lib/python3.12/site-packages/dwb_msgs/msg/_local_plan_evaluation_s.c
[6.212s] -- Up-to-date symlink: /home/brilliant/ros2_ws/install/dwb_msgs/lib/python3.12/site-packages/dwb_msgs/msg/_trajectory2_d.py
[6.212s] -- Up-to-date symlink: /home/brilliant/ros2_ws/install/dwb_msgs/lib/python3.12/site-packages/dwb_msgs/msg/_trajectory2_d_s.c
[6.212s] -- Up-to-date symlink: /home/brilliant/ros2_ws/install/dwb_msgs/lib/python3.12/site-packages/dwb_msgs/msg/_trajectory_score.py
[6.213s] -- Up-to-date symlink: /home/brilliant/ros2_ws/install/dwb_msgs/lib/python3.12/site-packages/dwb_msgs/msg/_trajectory_score_s.c
[6.213s] -- Up-to-date symlink: /home/brilliant/ros2_ws/install/dwb_msgs/lib/python3.12/site-packages/dwb_msgs/srv/__init__.py
[6.213s] -- Up-to-date symlink: /home/brilliant/ros2_ws/install/dwb_msgs/lib/python3.12/site-packages/dwb_msgs/srv/_debug_local_plan.py
[6.215s] -- Up-to-date symlink: /home/brilliant/ros2_ws/install/dwb_msgs/lib/python3.12/site-packages/dwb_msgs/srv/_debug_local_plan_s.c
[6.215s] -- Up-to-date symlink: /home/brilliant/ros2_ws/install/dwb_msgs/lib/python3.12/site-packages/dwb_msgs/srv/_generate_trajectory.py
[6.220s] -- Up-to-date symlink: /home/brilliant/ros2_ws/install/dwb_msgs/lib/python3.12/site-packages/dwb_msgs/srv/_generate_trajectory_s.c
[6.220s] -- Up-to-date symlink: /home/brilliant/ros2_ws/install/dwb_msgs/lib/python3.12/site-packages/dwb_msgs/srv/_generate_twists.py
[6.220s] -- Up-to-date symlink: /home/brilliant/ros2_ws/install/dwb_msgs/lib/python3.12/site-packages/dwb_msgs/srv/_generate_twists_s.c
[6.221s] -- Up-to-date symlink: /home/brilliant/ros2_ws/install/dwb_msgs/lib/python3.12/site-packages/dwb_msgs/srv/_get_critic_score.py
[6.221s] -- Up-to-date symlink: /home/brilliant/ros2_ws/install/dwb_msgs/lib/python3.12/site-packages/dwb_msgs/srv/_get_critic_score_s.c
[6.221s] -- Up-to-date symlink: /home/brilliant/ros2_ws/install/dwb_msgs/lib/python3.12/site-packages/dwb_msgs/srv/_score_trajectory.py
[6.221s] -- Up-to-date symlink: /home/brilliant/ros2_ws/install/dwb_msgs/lib/python3.12/site-packages/dwb_msgs/srv/_score_trajectory_s.c
[6.222s] -- Up-to-date symlink: /home/brilliant/ros2_ws/install/dwb_msgs/lib/python3.12/site-packages/dwb_msgs/dwb_msgs_s__rosidl_typesupport_fastrtps_c.so
[6.222s] -- Up-to-date symlink: /home/brilliant/ros2_ws/install/dwb_msgs/lib/python3.12/site-packages/dwb_msgs/dwb_msgs_s__rosidl_typesupport_introspection_c.so
[6.222s] -- Up-to-date symlink: /home/brilliant/ros2_ws/install/dwb_msgs/lib/python3.12/site-packages/dwb_msgs/dwb_msgs_s__rosidl_typesupport_c.so
[6.231s] -- Up-to-date symlink: /home/brilliant/ros2_ws/install/dwb_msgs/share/dwb_msgs/msg/CriticScore.idl
[6.232s] -- Up-to-date symlink: /home/brilliant/ros2_ws/install/dwb_msgs/share/dwb_msgs/msg/LocalPlanEvaluation.idl
[6.232s] -- Up-to-date symlink: /home/brilliant/ros2_ws/install/dwb_msgs/share/dwb_msgs/msg/Trajectory2D.idl
[6.232s] -- Up-to-date symlink: /home/brilliant/ros2_ws/install/dwb_msgs/share/dwb_msgs/msg/TrajectoryScore.idl
[6.232s] -- Up-to-date symlink: /home/brilliant/ros2_ws/install/dwb_msgs/share/dwb_msgs/srv/DebugLocalPlan.idl
[6.233s] -- Up-to-date symlink: /home/brilliant/ros2_ws/install/dwb_msgs/share/dwb_msgs/srv/GenerateTrajectory.idl
[6.233s] -- Up-to-date symlink: /home/brilliant/ros2_ws/install/dwb_msgs/share/dwb_msgs/srv/GenerateTwists.idl
[6.233s] -- Up-to-date symlink: /home/brilliant/ros2_ws/install/dwb_msgs/share/dwb_msgs/srv/GetCriticScore.idl
[6.236s] -- Up-to-date symlink: /home/brilliant/ros2_ws/install/dwb_msgs/share/dwb_msgs/srv/ScoreTrajectory.idl
[6.237s] -- Up-to-date symlink: /home/brilliant/ros2_ws/install/dwb_msgs/share/dwb_msgs/msg/CriticScore.msg
[6.237s] -- Up-to-date symlink: /home/brilliant/ros2_ws/install/dwb_msgs/share/dwb_msgs/msg/LocalPlanEvaluation.msg
[6.237s] -- Up-to-date symlink: /home/brilliant/ros2_ws/install/dwb_msgs/share/dwb_msgs/msg/Trajectory2D.msg
[6.241s] -- Up-to-date symlink: /home/brilliant/ros2_ws/install/dwb_msgs/share/dwb_msgs/msg/TrajectoryScore.msg
[6.241s] -- Up-to-date symlink: /home/brilliant/ros2_ws/install/dwb_msgs/share/dwb_msgs/srv/DebugLocalPlan.srv
[6.241s] -- Up-to-date symlink: /home/brilliant/ros2_ws/install/dwb_msgs/share/dwb_msgs/srv/GenerateTrajectory.srv
[6.241s] -- Up-to-date symlink: /home/brilliant/ros2_ws/install/dwb_msgs/share/dwb_msgs/srv/GenerateTwists.srv
[6.242s] -- Up-to-date symlink: /home/brilliant/ros2_ws/install/dwb_msgs/share/dwb_msgs/srv/GetCriticScore.srv
[6.242s] -- Up-to-date symlink: /home/brilliant/ros2_ws/install/dwb_msgs/share/dwb_msgs/srv/ScoreTrajectory.srv
[6.242s] -- Up-to-date symlink: /home/brilliant/ros2_ws/install/dwb_msgs/share/ament_index/resource_index/package_run_dependencies/dwb_msgs
[6.242s] -- Up-to-date symlink: /home/brilliant/ros2_ws/install/dwb_msgs/share/ament_index/resource_index/parent_prefix_path/dwb_msgs
[6.242s] -- Up-to-date symlink: /home/brilliant/ros2_ws/install/dwb_msgs/share/dwb_msgs/environment/ament_prefix_path.sh
[6.243s] -- Up-to-date symlink: /home/brilliant/ros2_ws/install/dwb_msgs/share/dwb_msgs/environment/ament_prefix_path.dsv
[6.243s] -- Up-to-date symlink: /home/brilliant/ros2_ws/install/dwb_msgs/share/dwb_msgs/environment/path.sh
[6.249s] -- Up-to-date symlink: /home/brilliant/ros2_ws/install/dwb_msgs/share/dwb_msgs/environment/path.dsv
[6.250s] -- Up-to-date symlink: /home/brilliant/ros2_ws/install/dwb_msgs/share/dwb_msgs/local_setup.bash
[6.250s] -- Up-to-date symlink: /home/brilliant/ros2_ws/install/dwb_msgs/share/dwb_msgs/local_setup.sh
[6.250s] -- Up-to-date symlink: /home/brilliant/ros2_ws/install/dwb_msgs/share/dwb_msgs/local_setup.zsh
[6.250s] -- Up-to-date symlink: /home/brilliant/ros2_ws/install/dwb_msgs/share/dwb_msgs/local_setup.dsv
[6.251s] -- Symlinking: /home/brilliant/ros2_ws/install/dwb_msgs/share/dwb_msgs/package.dsv
[6.251s] -- Up-to-date symlink: /home/brilliant/ros2_ws/install/dwb_msgs/share/ament_index/resource_index/packages/dwb_msgs
[6.251s] -- Up-to-date symlink: /home/brilliant/ros2_ws/install/dwb_msgs/share/dwb_msgs/cmake/rosidl_cmake-extras.cmake
[6.252s] -- Up-to-date symlink: /home/brilliant/ros2_ws/install/dwb_msgs/share/dwb_msgs/cmake/ament_cmake_export_dependencies-extras.cmake
[6.252s] -- Up-to-date symlink: /home/brilliant/ros2_ws/install/dwb_msgs/share/dwb_msgs/cmake/ament_cmake_export_include_directories-extras.cmake
[6.256s] -- Up-to-date symlink: /home/brilliant/ros2_ws/install/dwb_msgs/share/dwb_msgs/cmake/ament_cmake_export_libraries-extras.cmake
[6.257s] -- Up-to-date symlink: /home/brilliant/ros2_ws/install/dwb_msgs/share/dwb_msgs/cmake/ament_cmake_export_targets-extras.cmake
[6.259s] -- Up-to-date symlink: /home/brilliant/ros2_ws/install/dwb_msgs/share/dwb_msgs/cmake/rosidl_cmake_export_typesupport_targets-extras.cmake
[6.260s] -- Up-to-date symlink: /home/brilliant/ros2_ws/install/dwb_msgs/share/dwb_msgs/cmake/rosidl_cmake_export_typesupport_libraries-extras.cmake
[6.260s] -- Up-to-date symlink: /home/brilliant/ros2_ws/install/dwb_msgs/share/dwb_msgs/cmake/dwb_msgsConfig.cmake
[6.260s] -- Up-to-date symlink: /home/brilliant/ros2_ws/install/dwb_msgs/share/dwb_msgs/cmake/dwb_msgsConfig-version.cmake
[6.260s] -- Up-to-date symlink: /home/brilliant/ros2_ws/install/dwb_msgs/share/dwb_msgs/package.xml
[6.261s] -- Up-to-date: /home/brilliant/ros2_ws/install/dwb_msgs/lib/libdwb_msgs__rosidl_generator_c.so
[6.261s] -- Up-to-date: /home/brilliant/ros2_ws/install/dwb_msgs/lib/libdwb_msgs__rosidl_typesupport_fastrtps_c.so
[6.261s] -- Up-to-date: /home/brilliant/ros2_ws/install/dwb_msgs/lib/libdwb_msgs__rosidl_typesupport_fastrtps_cpp.so
[6.264s] -- Up-to-date: /home/brilliant/ros2_ws/install/dwb_msgs/lib/libdwb_msgs__rosidl_typesupport_introspection_c.so
[6.265s] -- Up-to-date: /home/brilliant/ros2_ws/install/dwb_msgs/lib/libdwb_msgs__rosidl_typesupport_c.so
[6.265s] -- Up-to-date: /home/brilliant/ros2_ws/install/dwb_msgs/lib/libdwb_msgs__rosidl_typesupport_introspection_cpp.so
[6.268s] -- Up-to-date: /home/brilliant/ros2_ws/install/dwb_msgs/lib/libdwb_msgs__rosidl_typesupport_cpp.so
[6.367s] Listing '/home/brilliant/ros2_ws/install/dwb_msgs/lib/python3.12/site-packages/dwb_msgs'...
[6.367s] Listing '/home/brilliant/ros2_ws/install/dwb_msgs/lib/python3.12/site-packages/dwb_msgs/msg'...
[6.367s] Listing '/home/brilliant/ros2_ws/install/dwb_msgs/lib/python3.12/site-packages/dwb_msgs/srv'...
[6.389s] -- Up-to-date: /home/brilliant/ros2_ws/install/dwb_msgs/lib/libdwb_msgs__rosidl_generator_py.so
[6.392s] -- Up-to-date: /home/brilliant/ros2_ws/install/dwb_msgs/share/dwb_msgs/cmake/export_dwb_msgs__rosidl_generator_cExport.cmake
[6.392s] -- Up-to-date: /home/brilliant/ros2_ws/install/dwb_msgs/share/dwb_msgs/cmake/export_dwb_msgs__rosidl_generator_cExport-noconfig.cmake
[6.393s] -- Up-to-date: /home/brilliant/ros2_ws/install/dwb_msgs/share/dwb_msgs/cmake/export_dwb_msgs__rosidl_typesupport_fastrtps_cExport.cmake
[6.393s] -- Up-to-date: /home/brilliant/ros2_ws/install/dwb_msgs/share/dwb_msgs/cmake/export_dwb_msgs__rosidl_typesupport_fastrtps_cExport-noconfig.cmake
[6.396s] -- Up-to-date: /home/brilliant/ros2_ws/install/dwb_msgs/share/dwb_msgs/cmake/export_dwb_msgs__rosidl_generator_cppExport.cmake
[6.397s] -- Up-to-date: /home/brilliant/ros2_ws/install/dwb_msgs/share/dwb_msgs/cmake/export_dwb_msgs__rosidl_typesupport_fastrtps_cppExport.cmake
[6.397s] -- Up-to-date: /home/brilliant/ros2_ws/install/dwb_msgs/share/dwb_msgs/cmake/export_dwb_msgs__rosidl_typesupport_fastrtps_cppExport-noconfig.cmake
[6.398s] -- Up-to-date: /home/brilliant/ros2_ws/install/dwb_msgs/share/dwb_msgs/cmake/dwb_msgs__rosidl_typesupport_introspection_cExport.cmake
[6.398s] -- Up-to-date: /home/brilliant/ros2_ws/install/dwb_msgs/share/dwb_msgs/cmake/dwb_msgs__rosidl_typesupport_introspection_cExport-noconfig.cmake
[6.399s] -- Up-to-date: /home/brilliant/ros2_ws/install/dwb_msgs/share/dwb_msgs/cmake/dwb_msgs__rosidl_typesupport_cExport.cmake
[6.400s] -- Up-to-date: /home/brilliant/ros2_ws/install/dwb_msgs/share/dwb_msgs/cmake/dwb_msgs__rosidl_typesupport_cExport-noconfig.cmake
[6.404s] -- Up-to-date: /home/brilliant/ros2_ws/install/dwb_msgs/share/dwb_msgs/cmake/dwb_msgs__rosidl_typesupport_introspection_cppExport.cmake
[6.404s] -- Up-to-date: /home/brilliant/ros2_ws/install/dwb_msgs/share/dwb_msgs/cmake/dwb_msgs__rosidl_typesupport_introspection_cppExport-noconfig.cmake
[6.406s] -- Up-to-date: /home/brilliant/ros2_ws/install/dwb_msgs/share/dwb_msgs/cmake/dwb_msgs__rosidl_typesupport_cppExport.cmake
[6.406s] -- Up-to-date: /home/brilliant/ros2_ws/install/dwb_msgs/share/dwb_msgs/cmake/dwb_msgs__rosidl_typesupport_cppExport-noconfig.cmake
[6.409s] -- Up-to-date: /home/brilliant/ros2_ws/install/dwb_msgs/share/dwb_msgs/cmake/export_dwb_msgs__rosidl_generator_pyExport.cmake
[6.409s] -- Up-to-date: /home/brilliant/ros2_ws/install/dwb_msgs/share/dwb_msgs/cmake/export_dwb_msgs__rosidl_generator_pyExport-noconfig.cmake
[6.426s] Invoked command in '/home/brilliant/ros2_ws/build/dwb_msgs' returned '0': CMAKE_PREFIX_PATH=/home/brilliant/ros2_ws/install/nav_2d_msgs:/home/brilliant/ros2_ws/install/sllidar_ros2:/home/brilliant/ros2_ws/install/serial:/home/brilliant/ros2_ws/install/nav2_system_tests:/home/brilliant/ros2_ws/install/nav2_bringup:/home/brilliant/ros2_ws/install/navigation2:/home/brilliant/ros2_ws/install/opennav_docking:/home/brilliant/ros2_ws/install/opennav_docking_core:/home/brilliant/ros2_ws/install/opennav_docking_bt:/home/brilliant/ros2_ws/install/nav2_smoother:/home/brilliant/ros2_ws/install/nav2_rotation_shim_controller:/home/brilliant/ros2_ws/install/nav2_graceful_controller:/home/brilliant/ros2_ws/install/nav2_dwb_controller:/home/brilliant/ros2_ws/install/nav2_controller:/home/brilliant/ros2_ws/install/dwb_plugins:/home/brilliant/ros2_ws/install/dwb_critics:/home/brilliant/ros2_ws/install/dwb_core:/home/brilliant/ros2_ws/install/nav_2d_utils:/home/brilliant/ros2_ws/install/dwb_msgs:/home/brilliant/ros2_ws/install/nav2_waypoint_follower:/home/brilliant/ros2_ws/install/nav2_theta_star_planner:/home/brilliant/ros2_ws/install/nav2_smac_planner:/home/brilliant/ros2_ws/install/nav2_regulated_pure_pursuit_controller:/home/brilliant/ros2_ws/install/nav2_planner:/home/brilliant/ros2_ws/install/nav2_navfn_planner:/home/brilliant/ros2_ws/install/nav2_mppi_controller:/home/brilliant/ros2_ws/install/nav2_constrained_smoother:/home/brilliant/ros2_ws/install/nav2_bt_navigator:/home/brilliant/ros2_ws/install/nav2_behaviors:/home/brilliant/ros2_ws/install/nav2_core:/home/brilliant/ros2_ws/install/nav2_collision_monitor:/home/brilliant/ros2_ws/install/costmap_queue:/home/brilliant/ros2_ws/install/nav2_costmap_2d:/home/brilliant/ros2_ws/install/nav2_voxel_grid:/home/brilliant/ros2_ws/install/nav2_velocity_smoother:/home/brilliant/ros2_ws/install/nav2_rviz_plugins:/home/brilliant/ros2_ws/install/nav2_map_server:/home/brilliant/ros2_ws/install/nav2_lifecycle_manager:/home/brilliant/ros2_ws/install/nav2_behavior_tree:/home/brilliant/ros2_ws/install/nav2_amcl:/home/brilliant/ros2_ws/install/nav2_util:/home/brilliant/ros2_ws/install/nav2_msgs:/home/brilliant/ros2_ws/install/nav2_common:/home/brilliant/ros2_ws/install/minibot:/home/brilliant/ros2_ws/install/diffdrive_arduino:/opt/ros/jazzy/opt/gz_sim_vendor:/opt/ros/jazzy/opt/gz_sensors_vendor:/opt/ros/jazzy/opt/gz_physics_vendor:/opt/ros/jazzy/opt/sdformat_vendor:/opt/ros/jazzy/opt/gz_gui_vendor:/opt/ros/jazzy/opt/gz_transport_vendor:/opt/ros/jazzy/opt/gz_rendering_vendor:/opt/ros/jazzy/opt/gz_plugin_vendor:/opt/ros/jazzy/opt/gz_fuel_tools_vendor:/opt/ros/jazzy/opt/gz_msgs_vendor:/opt/ros/jazzy/opt/gz_common_vendor:/opt/ros/jazzy/opt/gz_math_vendor:/opt/ros/jazzy/opt/gz_utils_vendor:/opt/ros/jazzy/opt/gz_tools_vendor:/opt/ros/jazzy/opt/gz_ogre_next_vendor:/opt/ros/jazzy/opt/gz_dartsim_vendor:/opt/ros/jazzy/opt/gz_cmake_vendor:/home/brilliant/ros2_ws/install/twist_stamper:/home/brilliant/ros2_ws/install/nav2_simple_commander:/home/brilliant/ros2_ws/install/nav2_loopback_sim:/opt/ros/jazzy DEBUGINFOD_URLS=https://debuginfod.ubuntu.com LD_LIBRARY_PATH=/home/brilliant/ros2_ws/install/nav_2d_msgs/lib:/home/brilliant/ros2_ws/install/serial/lib:/home/brilliant/ros2_ws/install/nav2_system_tests/lib:/home/brilliant/ros2_ws/install/opennav_docking/lib:/home/brilliant/ros2_ws/install/opennav_docking_bt/lib:/home/brilliant/ros2_ws/install/nav2_smoother/lib:/home/brilliant/ros2_ws/install/nav2_rotation_shim_controller/lib:/home/brilliant/ros2_ws/install/nav2_graceful_controller/lib:/home/brilliant/ros2_ws/install/nav2_controller/lib:/home/brilliant/ros2_ws/install/dwb_plugins/lib:/home/brilliant/ros2_ws/install/dwb_critics/lib:/home/brilliant/ros2_ws/install/dwb_core/lib:/home/brilliant/ros2_ws/install/nav_2d_utils/lib:/home/brilliant/ros2_ws/install/dwb_msgs/lib:/home/brilliant/ros2_ws/install/nav2_waypoint_follower/lib:/home/brilliant/ros2_ws/install/nav2_theta_star_planner/lib:/home/brilliant/ros2_ws/install/nav2_smac_planner/lib:/home/brilliant/ros2_ws/install/nav2_regulated_pure_pursuit_controller/lib:/home/brilliant/ros2_ws/install/nav2_planner/lib:/home/brilliant/ros2_ws/install/nav2_navfn_planner/lib:/home/brilliant/ros2_ws/install/nav2_mppi_controller/lib:/home/brilliant/ros2_ws/install/nav2_constrained_smoother/lib:/home/brilliant/ros2_ws/install/nav2_bt_navigator/lib:/home/brilliant/ros2_ws/install/nav2_behaviors/lib:/home/brilliant/ros2_ws/install/nav2_collision_monitor/lib:/home/brilliant/ros2_ws/install/costmap_queue/lib:/home/brilliant/ros2_ws/install/nav2_costmap_2d/lib:/home/brilliant/ros2_ws/install/nav2_voxel_grid/lib:/home/brilliant/ros2_ws/install/nav2_velocity_smoother/lib:/home/brilliant/ros2_ws/install/nav2_rviz_plugins/lib:/home/brilliant/ros2_ws/install/nav2_map_server/lib:/home/brilliant/ros2_ws/install/nav2_lifecycle_manager/lib:/home/brilliant/ros2_ws/install/nav2_behavior_tree/lib:/home/brilliant/ros2_ws/install/nav2_amcl/lib:/home/brilliant/ros2_ws/install/nav2_util/lib:/home/brilliant/ros2_ws/install/nav2_msgs/lib:/home/brilliant/ros2_ws/install/diffdrive_arduino/lib:/opt/ros/jazzy/opt/gz_sim_vendor/lib:/opt/ros/jazzy/opt/gz_sensors_vendor/lib:/opt/ros/jazzy/opt/gz_physics_vendor/lib:/opt/ros/jazzy/opt/sdformat_vendor/lib:/opt/ros/jazzy/opt/rviz_ogre_vendor/lib:/opt/ros/jazzy/lib/x86_64-linux-gnu:/opt/ros/jazzy/opt/gz_gui_vendor/lib:/opt/ros/jazzy/opt/gz_transport_vendor/lib:/opt/ros/jazzy/opt/gz_rendering_vendor/lib:/opt/ros/jazzy/opt/gz_plugin_vendor/lib:/opt/ros/jazzy/opt/gz_fuel_tools_vendor/lib:/opt/ros/jazzy/opt/gz_msgs_vendor/lib:/opt/ros/jazzy/opt/gz_common_vendor/lib:/opt/ros/jazzy/opt/gz_math_vendor/lib:/opt/ros/jazzy/opt/gz_utils_vendor/lib:/opt/ros/jazzy/opt/gz_tools_vendor/lib:/opt/ros/jazzy/opt/gz_ogre_next_vendor/lib:/opt/ros/jazzy/opt/gz_dartsim_vendor/lib:/opt/ros/jazzy/opt/gz_cmake_vendor/lib:/opt/ros/jazzy/lib PYTHONPATH=/home/brilliant/ros2_ws/install/nav_2d_msgs/lib/python3.12/site-packages:/home/brilliant/ros2_ws/build/twist_stamper:/home/brilliant/ros2_ws/install/twist_stamper/lib/python3.12/site-packages:/home/brilliant/ros2_ws/install/dwb_msgs/lib/python3.12/site-packages:/home/brilliant/ros2_ws/build/nav2_simple_commander:/home/brilliant/ros2_ws/install/nav2_simple_commander/lib/python3.12/site-packages:/home/brilliant/ros2_ws/install/nav2_msgs/lib/python3.12/site-packages:/home/brilliant/ros2_ws/build/nav2_loopback_sim:/home/brilliant/ros2_ws/install/nav2_loopback_sim/lib/python3.12/site-packages:/home/brilliant/ros2_ws/install/nav2_common/lib/python3.12/site-packages:/opt/ros/jazzy/lib/python3.12/site-packages /usr/bin/cmake --install /home/brilliant/ros2_ws/build/dwb_msgs
