[0.035s] Invoking command in '/home/brilliant/ros2_ws/build/sllidar_ros2': CMAKE_PREFIX_PATH=${CMAKE_PREFIX_PATH}:/home/brilliant/ros2_ws/install/twist_stamper:/opt/ros/jazzy DEBUGINFOD_URLS=https://debuginfod.ubuntu.com /usr/bin/cmake --build /home/brilliant/ros2_ws/build/sllidar_ros2 -- -j4 -l4
[0.312s] [ 90%] Built target sllidar_node
[0.318s] [100%] Built target sllidar_client
[0.376s] Invoked command in '/home/brilliant/ros2_ws/build/sllidar_ros2' returned '0': CMAKE_PREFIX_PATH=${CMAKE_PREFIX_PATH}:/home/brilliant/ros2_ws/install/twist_stamper:/opt/ros/jazzy DEBUGINFOD_URLS=https://debuginfod.ubuntu.com /usr/bin/cmake --build /home/brilliant/ros2_ws/build/sllidar_ros2 -- -j4 -l4
[0.420s] Invoking command in '/home/brilliant/ros2_ws/build/sllidar_ros2': CMAKE_PREFIX_PATH=${CMAKE_PREFIX_PATH}:/home/brilliant/ros2_ws/install/twist_stamper:/opt/ros/jazzy DEBUGINFOD_URLS=https://debuginfod.ubuntu.com /usr/bin/cmake --install /home/brilliant/ros2_ws/build/sllidar_ros2
[0.499s] -- Install configuration: ""
[0.502s] -- Execute custom install script
[0.507s] -- Up-to-date symlink: /home/brilliant/ros2_ws/install/sllidar_ros2/share/sllidar_ros2/launch/sllidar_a1_launch.py
[0.507s] -- Up-to-date symlink: /home/brilliant/ros2_ws/install/sllidar_ros2/share/sllidar_ros2/launch/sllidar_a2m12_launch .py
[0.509s] -- Up-to-date symlink: /home/brilliant/ros2_ws/install/sllidar_ros2/share/sllidar_ros2/launch/sllidar_a2m7_launch.py
[0.509s] -- Up-to-date symlink: /home/brilliant/ros2_ws/install/sllidar_ros2/share/sllidar_ros2/launch/sllidar_a2m8_launch.py
[0.512s] -- Up-to-date symlink: /home/brilliant/ros2_ws/install/sllidar_ros2/share/sllidar_ros2/launch/sllidar_a3_launch.py
[0.513s] -- Up-to-date symlink: /home/brilliant/ros2_ws/install/sllidar_ros2/share/sllidar_ros2/launch/sllidar_c1_launch.py
[0.516s] -- Up-to-date symlink: /home/brilliant/ros2_ws/install/sllidar_ros2/share/sllidar_ros2/launch/sllidar_s1_launch.py
[0.516s] -- Up-to-date symlink: /home/brilliant/ros2_ws/install/sllidar_ros2/share/sllidar_ros2/launch/sllidar_s1_tcp_launch.py
[0.517s] -- Up-to-date symlink: /home/brilliant/ros2_ws/install/sllidar_ros2/share/sllidar_ros2/launch/sllidar_s2_launch.py
[0.517s] -- Up-to-date symlink: /home/brilliant/ros2_ws/install/sllidar_ros2/share/sllidar_ros2/launch/sllidar_s2e_launch.py
[0.517s] -- Up-to-date symlink: /home/brilliant/ros2_ws/install/sllidar_ros2/share/sllidar_ros2/launch/sllidar_s3_launch.py
[0.528s] -- Up-to-date symlink: /home/brilliant/ros2_ws/install/sllidar_ros2/share/sllidar_ros2/launch/sllidar_t1_launch.py
[0.529s] -- Up-to-date symlink: /home/brilliant/ros2_ws/install/sllidar_ros2/share/sllidar_ros2/launch/view_sllidar_a1_launch.py
[0.529s] -- Up-to-date symlink: /home/brilliant/ros2_ws/install/sllidar_ros2/share/sllidar_ros2/launch/view_sllidar_a2m12_launch.py
[0.529s] -- Up-to-date symlink: /home/brilliant/ros2_ws/install/sllidar_ros2/share/sllidar_ros2/launch/view_sllidar_a2m7_launch.py
[0.531s] -- Up-to-date symlink: /home/brilliant/ros2_ws/install/sllidar_ros2/share/sllidar_ros2/launch/view_sllidar_a2m8_launch.py
[0.532s] -- Up-to-date symlink: /home/brilliant/ros2_ws/install/sllidar_ros2/share/sllidar_ros2/launch/view_sllidar_a3_launch.py
[0.532s] -- Up-to-date symlink: /home/brilliant/ros2_ws/install/sllidar_ros2/share/sllidar_ros2/launch/view_sllidar_c1_launch.py
[0.535s] -- Up-to-date symlink: /home/brilliant/ros2_ws/install/sllidar_ros2/share/sllidar_ros2/launch/view_sllidar_s1_launch.py
[0.536s] -- Up-to-date symlink: /home/brilliant/ros2_ws/install/sllidar_ros2/share/sllidar_ros2/launch/view_sllidar_s1_tcp_launch.py
[0.537s] -- Up-to-date symlink: /home/brilliant/ros2_ws/install/sllidar_ros2/share/sllidar_ros2/launch/view_sllidar_s2_launch.py
[0.538s] -- Up-to-date symlink: /home/brilliant/ros2_ws/install/sllidar_ros2/share/sllidar_ros2/launch/view_sllidar_s2e_launch.py
[0.541s] -- Up-to-date symlink: /home/brilliant/ros2_ws/install/sllidar_ros2/share/sllidar_ros2/launch/view_sllidar_s3_launch.py
[0.541s] -- Up-to-date symlink: /home/brilliant/ros2_ws/install/sllidar_ros2/share/sllidar_ros2/launch/view_sllidar_t1_launch.py
[0.545s] -- Up-to-date symlink: /home/brilliant/ros2_ws/install/sllidar_ros2/share/sllidar_ros2/rviz/sllidar_ros2.rviz
[0.545s] -- Up-to-date symlink: /home/brilliant/ros2_ws/install/sllidar_ros2/lib/sllidar_ros2/sllidar_node
[0.546s] -- Up-to-date symlink: /home/brilliant/ros2_ws/install/sllidar_ros2/lib/sllidar_ros2/sllidar_client
[0.552s] -- Up-to-date symlink: /home/brilliant/ros2_ws/install/sllidar_ros2/share/ament_index/resource_index/package_run_dependencies/sllidar_ros2
[0.553s] -- Up-to-date symlink: /home/brilliant/ros2_ws/install/sllidar_ros2/share/ament_index/resource_index/parent_prefix_path/sllidar_ros2
[0.553s] -- Up-to-date symlink: /home/brilliant/ros2_ws/install/sllidar_ros2/share/sllidar_ros2/environment/ament_prefix_path.sh
[0.553s] -- Up-to-date symlink: /home/brilliant/ros2_ws/install/sllidar_ros2/share/sllidar_ros2/environment/ament_prefix_path.dsv
[0.558s] -- Up-to-date symlink: /home/brilliant/ros2_ws/install/sllidar_ros2/share/sllidar_ros2/environment/path.sh
[0.561s] -- Up-to-date symlink: /home/brilliant/ros2_ws/install/sllidar_ros2/share/sllidar_ros2/environment/path.dsv
[0.562s] -- Up-to-date symlink: /home/brilliant/ros2_ws/install/sllidar_ros2/share/sllidar_ros2/local_setup.bash
[0.567s] -- Up-to-date symlink: /home/brilliant/ros2_ws/install/sllidar_ros2/share/sllidar_ros2/local_setup.sh
[0.567s] -- Up-to-date symlink: /home/brilliant/ros2_ws/install/sllidar_ros2/share/sllidar_ros2/local_setup.zsh
[0.567s] -- Up-to-date symlink: /home/brilliant/ros2_ws/install/sllidar_ros2/share/sllidar_ros2/local_setup.dsv
[0.567s] -- Symlinking: /home/brilliant/ros2_ws/install/sllidar_ros2/share/sllidar_ros2/package.dsv
[0.639s] -- Up-to-date symlink: /home/brilliant/ros2_ws/install/sllidar_ros2/share/ament_index/resource_index/packages/sllidar_ros2
[0.639s] -- Up-to-date symlink: /home/brilliant/ros2_ws/install/sllidar_ros2/share/sllidar_ros2/cmake/ament_cmake_export_dependencies-extras.cmake
[0.639s] -- Up-to-date symlink: /home/brilliant/ros2_ws/install/sllidar_ros2/share/sllidar_ros2/cmake/ament_cmake_export_include_directories-extras.cmake
[0.639s] -- Up-to-date symlink: /home/brilliant/ros2_ws/install/sllidar_ros2/share/sllidar_ros2/cmake/sllidar_ros2Config.cmake
[0.640s] -- Up-to-date symlink: /home/brilliant/ros2_ws/install/sllidar_ros2/share/sllidar_ros2/cmake/sllidar_ros2Config-version.cmake
[0.640s] -- Up-to-date symlink: /home/brilliant/ros2_ws/install/sllidar_ros2/share/sllidar_ros2/package.xml
[0.748s] Invoked command in '/home/brilliant/ros2_ws/build/sllidar_ros2' returned '0': CMAKE_PREFIX_PATH=${CMAKE_PREFIX_PATH}:/home/brilliant/ros2_ws/install/twist_stamper:/opt/ros/jazzy DEBUGINFOD_URLS=https://debuginfod.ubuntu.com /usr/bin/cmake --install /home/brilliant/ros2_ws/build/sllidar_ros2
