[2.966s] Invoking command in '/home/brilliant/ros2_ws/build/nav2_simple_commander': AMENT_PREFIX_PATH=/home/brilliant/ros2_ws/install/nav2_msgs:/home/brilliant/ros2_ws/install/nav2_common:${AMENT_PREFIX_PATH} CMAKE_PREFIX_PATH=/home/brilliant/ros2_ws/install/nav2_msgs:/home/brilliant/ros2_ws/install/nav2_common:${CMAKE_PREFIX_PATH} DEBUGINFOD_URLS=https://debuginfod.ubuntu.com LD_LIBRARY_PATH=/home/brilliant/ros2_ws/install/nav2_msgs/lib:${LD_LIBRARY_PATH} PYTHONPATH=/home/brilliant/ros2_ws/build/nav2_simple_commander/prefix_override:/usr/lib/python3/dist-packages/colcon_core/task/python/colcon_distutils_commands:/home/brilliant/ros2_ws/install/nav2_simple_commander/lib/python3.12/site-packages:/home/brilliant/ros2_ws/install/nav2_msgs/lib/python3.12/site-packages:/home/brilliant/ros2_ws/install/nav2_common/lib/python3.12/site-packages:${PYTHONPATH} /usr/bin/python3 -W ignore:setup.py install is deprecated -W ignore:easy_install command is deprecated setup.py develop --editable --build-directory /home/brilliant/ros2_ws/build/nav2_simple_commander/build --no-deps symlink_data
[3.902s] running develop
[4.455s] running egg_info
[4.514s] writing nav2_simple_commander.egg-info/PKG-INFO
[4.516s] writing dependency_links to nav2_simple_commander.egg-info/dependency_links.txt
[4.517s] writing entry points to nav2_simple_commander.egg-info/entry_points.txt
[4.517s] writing requirements to nav2_simple_commander.egg-info/requires.txt
[4.517s] writing top-level names to nav2_simple_commander.egg-info/top_level.txt
[4.641s] reading manifest file 'nav2_simple_commander.egg-info/SOURCES.txt'
[4.642s] writing manifest file 'nav2_simple_commander.egg-info/SOURCES.txt'
[4.721s] running build_ext
[4.722s] Creating /home/brilliant/ros2_ws/install/nav2_simple_commander/lib/python3.12/site-packages/nav2-simple-commander.egg-link (link to .)
[4.726s] Installing demo_inspection script to /home/brilliant/ros2_ws/install/nav2_simple_commander/lib/nav2_simple_commander
[4.731s] Installing demo_picking script to /home/brilliant/ros2_ws/install/nav2_simple_commander/lib/nav2_simple_commander
[4.732s] Installing demo_recoveries script to /home/brilliant/ros2_ws/install/nav2_simple_commander/lib/nav2_simple_commander
[4.732s] Installing demo_security script to /home/brilliant/ros2_ws/install/nav2_simple_commander/lib/nav2_simple_commander
[4.732s] Installing example_assisted_teleop script to /home/brilliant/ros2_ws/install/nav2_simple_commander/lib/nav2_simple_commander
[4.732s] Installing example_follow_path script to /home/brilliant/ros2_ws/install/nav2_simple_commander/lib/nav2_simple_commander
[4.733s] Installing example_nav_through_poses script to /home/brilliant/ros2_ws/install/nav2_simple_commander/lib/nav2_simple_commander
[4.733s] Installing example_nav_to_pose script to /home/brilliant/ros2_ws/install/nav2_simple_commander/lib/nav2_simple_commander
[4.733s] Installing example_waypoint_follower script to /home/brilliant/ros2_ws/install/nav2_simple_commander/lib/nav2_simple_commander
[4.739s] 
[4.739s] Installed /home/brilliant/ros2_ws/build/nav2_simple_commander
[4.739s] running symlink_data
[4.852s] Invoked command in '/home/brilliant/ros2_ws/build/nav2_simple_commander' returned '0': AMENT_PREFIX_PATH=/home/brilliant/ros2_ws/install/nav2_msgs:/home/brilliant/ros2_ws/install/nav2_common:${AMENT_PREFIX_PATH} CMAKE_PREFIX_PATH=/home/brilliant/ros2_ws/install/nav2_msgs:/home/brilliant/ros2_ws/install/nav2_common:${CMAKE_PREFIX_PATH} DEBUGINFOD_URLS=https://debuginfod.ubuntu.com LD_LIBRARY_PATH=/home/brilliant/ros2_ws/install/nav2_msgs/lib:${LD_LIBRARY_PATH} PYTHONPATH=/home/brilliant/ros2_ws/build/nav2_simple_commander/prefix_override:/usr/lib/python3/dist-packages/colcon_core/task/python/colcon_distutils_commands:/home/brilliant/ros2_ws/install/nav2_simple_commander/lib/python3.12/site-packages:/home/brilliant/ros2_ws/install/nav2_msgs/lib/python3.12/site-packages:/home/brilliant/ros2_ws/install/nav2_common/lib/python3.12/site-packages:${PYTHONPATH} /usr/bin/python3 -W ignore:setup.py install is deprecated -W ignore:easy_install command is deprecated setup.py develop --editable --build-directory /home/brilliant/ros2_ws/build/nav2_simple_commander/build --no-deps symlink_data
