-- The C compiler identification is GNU 13.3.0
-- The CXX compiler identification is GNU 13.3.0
-- Detecting C compiler ABI info
-- Detecting C compiler ABI info - done
-- Check for working C compiler: /usr/bin/cc - skipped
-- Detecting C compile features
-- Detecting C compile features - done
-- Detecting CXX compiler ABI info
-- Detecting CXX compiler ABI info - done
-- Check for working CXX compiler: /usr/bin/c++ - skipped
-- Detecting CXX compile features
-- Detecting CXX compile features - done
-- Found ament_cmake: 2.5.4 (/opt/ros/jazzy/share/ament_cmake/cmake)
-- Found Python3: /usr/bin/python3 (found version "3.12.3") found components: Interpreter 
-- Found rclcpp: 28.1.10 (/opt/ros/jazzy/share/rclcpp/cmake)
-- Found rosidl_generator_c: 4.6.5 (/opt/ros/jazzy/share/rosidl_generator_c/cmake)
-- Found rosidl_generator_cpp: 4.6.5 (/opt/ros/jazzy/share/rosidl_generator_cpp/cmake)
-- Using all available rosidl_typesupport_c: rosidl_typesupport_fastrtps_c;rosidl_typesupport_introspection_c
-- Using all available rosidl_typesupport_cpp: rosidl_typesupport_fastrtps_cpp;rosidl_typesupport_introspection_cpp
-- Found rmw_implementation_cmake: 7.3.2 (/opt/ros/jazzy/share/rmw_implementation_cmake/cmake)
-- Found rmw_fastrtps_cpp: 8.4.2 (/opt/ros/jazzy/share/rmw_fastrtps_cpp/cmake)
-- Found OpenSSL: /usr/lib/x86_64-linux-gnu/libcrypto.so (found version "3.0.13")  
-- Found FastRTPS: /opt/ros/jazzy/include (Required is at least version "2.13") 
-- Using RMW implementation 'rmw_fastrtps_cpp' as default
-- Found geometry_msgs: 5.3.6 (/opt/ros/jazzy/share/geometry_msgs/cmake)
-- Found ament_lint_auto: 0.17.2 (/opt/ros/jazzy/share/ament_lint_auto/cmake)
-- Added test 'copyright' to check source files copyright and LICENSE
-- Added test 'cppcheck' to perform static code analysis on C / C++ code
-- Configured cppcheck include dirs: 
-- Configured cppcheck exclude dirs and/or files: 
-- Added test 'cpplint' to check C / C++ code against the Google style
-- Configured cpplint exclude dirs and/or files: 
-- Added test 'flake8' to check Python code syntax and style conventions
-- Configured 'flake8' exclude dirs and/or files: 
-- Added test 'lint_cmake' to check CMake code style
-- Added test 'pep257' to check Python code against some of the docstring style conventions in PEP 257
-- Added test 'uncrustify' to check C / C++ code style
-- Configured uncrustify additional arguments: 
-- Added test 'xmllint' to check XML markup files
-- Configuring done (6.3s)
-- Generating done (0.0s)
-- Build files have been written to: /home/brilliant/ros2_ws/build/minibot
[ 50%] [32mBuilding CXX object CMakeFiles/velocity_publisher.dir/demo_publisher_node/velocity_publisher.cpp.o[0m
[100%] [32m[1mLinking CXX executable velocity_publisher[0m
[100%] Built target velocity_publisher
-- Install configuration: ""
-- Installing: /home/brilliant/ros2_ws/install/minibot/lib/minibot/velocity_publisher
-- Set non-toolchain portion of runtime path of "/home/brilliant/ros2_ws/install/minibot/lib/minibot/velocity_publisher" to ""
-- Installing: /home/brilliant/ros2_ws/install/minibot/share/minibot/config
-- Installing: /home/brilliant/ros2_ws/install/minibot/share/minibot/config/controller_gz_sim.yaml
-- Installing: /home/brilliant/ros2_ws/install/minibot/share/minibot/config/gz_params.yaml
-- Installing: /home/brilliant/ros2_ws/install/minibot/share/minibot/config/minibot_display.rviz
-- Installing: /home/brilliant/ros2_ws/install/minibot/share/minibot/config/empty.yaml
-- Installing: /home/brilliant/ros2_ws/install/minibot/share/minibot/config/controller.yaml
-- Installing: /home/brilliant/ros2_ws/install/minibot/share/minibot/config/mapper_params_online_async.yaml
-- Installing: /home/brilliant/ros2_ws/install/minibot/share/minibot/config/minibot_config.rviz
-- Installing: /home/brilliant/ros2_ws/install/minibot/share/minibot/config/mapper_params_localization.yaml
-- Installing: /home/brilliant/ros2_ws/install/minibot/share/minibot/config/sim_config.rviz
-- Installing: /home/brilliant/ros2_ws/install/minibot/share/minibot/config/nav2_params.yaml
-- Installing: /home/brilliant/ros2_ws/install/minibot/share/minibot/config/twist_mux.yaml
-- Installing: /home/brilliant/ros2_ws/install/minibot/share/minibot/config/joystick_params.yaml
-- Installing: /home/brilliant/ros2_ws/install/minibot/share/minibot/description
-- Installing: /home/brilliant/ros2_ws/install/minibot/share/minibot/description/robot_main.xacro
-- Installing: /home/brilliant/ros2_ws/install/minibot/share/minibot/description/depth_camera.xacro
-- Installing: /home/brilliant/ros2_ws/install/minibot/share/minibot/description/camera.xacro
-- Installing: /home/brilliant/ros2_ws/install/minibot/share/minibot/description/inertial_macros.xacro
-- Installing: /home/brilliant/ros2_ws/install/minibot/share/minibot/description/lidar.xacro
-- Installing: /home/brilliant/ros2_ws/install/minibot/share/minibot/description/ros2_control.xacro
-- Installing: /home/brilliant/ros2_ws/install/minibot/share/minibot/description/gz_diff_drive_control.xacro
-- Installing: /home/brilliant/ros2_ws/install/minibot/share/minibot/description/robot.urdf.xacro
-- Installing: /home/brilliant/ros2_ws/install/minibot/share/minibot/launch
-- Installing: /home/brilliant/ros2_ws/install/minibot/share/minibot/launch/sim_control_station.launch.py
-- Installing: /home/brilliant/ros2_ws/install/minibot/share/minibot/launch/robot.launch.py
-- Installing: /home/brilliant/ros2_ws/install/minibot/share/minibot/launch/robot_remote_station.launch.py
-- Installing: /home/brilliant/ros2_ws/install/minibot/share/minibot/launch/joystick_teleop.launch.py
-- Installing: /home/brilliant/ros2_ws/install/minibot/share/minibot/launch/sim.launch.py
-- Installing: /home/brilliant/ros2_ws/install/minibot/share/minibot/worlds
-- Installing: /home/brilliant/ros2_ws/install/minibot/share/minibot/worlds/playground.sdf
-- Installing: /home/brilliant/ros2_ws/install/minibot/share/minibot/worlds/empty.sdf
-- Installing: /home/brilliant/ros2_ws/install/minibot/share/minibot/demo_publisher_node
-- Installing: /home/brilliant/ros2_ws/install/minibot/share/minibot/demo_publisher_node/velocity_publisher.cpp
-- Installing: /home/brilliant/ros2_ws/install/minibot/share/minibot/maps
-- Installing: /home/brilliant/ros2_ws/install/minibot/share/minibot/maps/sample_map.pgm
-- Installing: /home/brilliant/ros2_ws/install/minibot/share/minibot/maps/sample_map_serial.data
-- Installing: /home/brilliant/ros2_ws/install/minibot/share/minibot/maps/map_01.pgm
-- Installing: /home/brilliant/ros2_ws/install/minibot/share/minibot/maps/sample_map_serial.posegraph
-- Installing: /home/brilliant/ros2_ws/install/minibot/share/minibot/maps/map_01_serial.data
-- Installing: /home/brilliant/ros2_ws/install/minibot/share/minibot/maps/sample_map.yaml
-- Installing: /home/brilliant/ros2_ws/install/minibot/share/minibot/maps/map_01.yaml
-- Installing: /home/brilliant/ros2_ws/install/minibot/share/minibot/maps/map_01_serial.posegraph
-- Installing: /home/brilliant/ros2_ws/install/minibot/share/minibot/visual_demos
-- Installing: /home/brilliant/ros2_ws/install/minibot/share/minibot/visual_demos/robot_visual.jpg
-- Installing: /home/brilliant/ros2_ws/install/minibot/share/minibot/visual_demos/robot_hardware.jpg
-- Installing: /home/brilliant/ros2_ws/install/minibot/share/minibot/visual_demos/Nav2_demostration-ezgif.com-video-to-gif-converter.gif
-- Installing: /home/brilliant/ros2_ws/install/minibot/share/minibot/visual_demos/SLAM_demostration-ezgif.com-video-to-gif-converter.gif
-- Installing: /home/brilliant/ros2_ws/install/minibot/share/ament_index/resource_index/package_run_dependencies/minibot
-- Installing: /home/brilliant/ros2_ws/install/minibot/share/ament_index/resource_index/parent_prefix_path/minibot
-- Installing: /home/brilliant/ros2_ws/install/minibot/share/minibot/environment/ament_prefix_path.sh
-- Installing: /home/brilliant/ros2_ws/install/minibot/share/minibot/environment/ament_prefix_path.dsv
-- Installing: /home/brilliant/ros2_ws/install/minibot/share/minibot/environment/path.sh
-- Installing: /home/brilliant/ros2_ws/install/minibot/share/minibot/environment/path.dsv
-- Installing: /home/brilliant/ros2_ws/install/minibot/share/minibot/local_setup.bash
-- Installing: /home/brilliant/ros2_ws/install/minibot/share/minibot/local_setup.sh
-- Installing: /home/brilliant/ros2_ws/install/minibot/share/minibot/local_setup.zsh
-- Installing: /home/brilliant/ros2_ws/install/minibot/share/minibot/local_setup.dsv
-- Installing: /home/brilliant/ros2_ws/install/minibot/share/minibot/package.dsv
-- Installing: /home/brilliant/ros2_ws/install/minibot/share/ament_index/resource_index/packages/minibot
-- Installing: /home/brilliant/ros2_ws/install/minibot/share/minibot/cmake/minibotConfig.cmake
-- Installing: /home/brilliant/ros2_ws/install/minibot/share/minibot/cmake/minibotConfig-version.cmake
-- Installing: /home/brilliant/ros2_ws/install/minibot/share/minibot/package.xml
