[0.080s] Invoking command in '/home/brilliant/ros2_ws/build/minibot': CMAKE_PREFIX_PATH=${CMAKE_PREFIX_PATH}:/home/brilliant/ros2_ws/install/twist_stamper:/home/brilliant/ros2_ws/install/nav2_simple_commander:/home/brilliant/ros2_ws/install/nav2_loopback_sim:/opt/ros/jazzy DEBUGINFOD_URLS=https://debuginfod.ubuntu.com /usr/bin/cmake --build /home/brilliant/ros2_ws/build/minibot -- -j4 -l4
[0.762s] [100%] Built target velocity_publisher
[0.889s] Invoked command in '/home/brilliant/ros2_ws/build/minibot' returned '0': CMAKE_PREFIX_PATH=${CMAKE_PREFIX_PATH}:/home/brilliant/ros2_ws/install/twist_stamper:/home/brilliant/ros2_ws/install/nav2_simple_commander:/home/brilliant/ros2_ws/install/nav2_loopback_sim:/opt/ros/jazzy DEBUGINFOD_URLS=https://debuginfod.ubuntu.com /usr/bin/cmake --build /home/brilliant/ros2_ws/build/minibot -- -j4 -l4
[0.895s] Invoking command in '/home/brilliant/ros2_ws/build/minibot': CMAKE_PREFIX_PATH=${CMAKE_PREFIX_PATH}:/home/brilliant/ros2_ws/install/twist_stamper:/home/brilliant/ros2_ws/install/nav2_simple_commander:/home/brilliant/ros2_ws/install/nav2_loopback_sim:/opt/ros/jazzy DEBUGINFOD_URLS=https://debuginfod.ubuntu.com /usr/bin/cmake --install /home/brilliant/ros2_ws/build/minibot
[0.984s] -- Install configuration: ""
[0.987s] -- Execute custom install script
[0.996s] -- Up-to-date symlink: /home/brilliant/ros2_ws/install/minibot/lib/minibot/velocity_publisher
[1.000s] -- Up-to-date symlink: /home/brilliant/ros2_ws/install/minibot/share/minibot/config/controller.yaml
[1.002s] -- Up-to-date symlink: /home/brilliant/ros2_ws/install/minibot/share/minibot/config/controller_gz_sim.yaml
[1.004s] -- Up-to-date symlink: /home/brilliant/ros2_ws/install/minibot/share/minibot/config/empty.yaml
[1.007s] -- Up-to-date symlink: /home/brilliant/ros2_ws/install/minibot/share/minibot/config/gz_params.yaml
[1.007s] -- Up-to-date symlink: /home/brilliant/ros2_ws/install/minibot/share/minibot/config/joystick_params.yaml
[1.007s] -- Up-to-date symlink: /home/brilliant/ros2_ws/install/minibot/share/minibot/config/mapper_params_localization.yaml
[1.012s] -- Up-to-date symlink: /home/brilliant/ros2_ws/install/minibot/share/minibot/config/mapper_params_online_async.yaml
[1.013s] -- Up-to-date symlink: /home/brilliant/ros2_ws/install/minibot/share/minibot/config/minibot_config.rviz
[1.016s] -- Up-to-date symlink: /home/brilliant/ros2_ws/install/minibot/share/minibot/config/minibot_display.rviz
[1.020s] -- Up-to-date symlink: /home/brilliant/ros2_ws/install/minibot/share/minibot/config/nav2_params.yaml
[1.020s] -- Up-to-date symlink: /home/brilliant/ros2_ws/install/minibot/share/minibot/config/sim_config.rviz
[1.021s] -- Up-to-date symlink: /home/brilliant/ros2_ws/install/minibot/share/minibot/config/twist_mux.yaml
[1.025s] -- Up-to-date symlink: /home/brilliant/ros2_ws/install/minibot/share/minibot/description/camera.xacro
[1.031s] -- Up-to-date symlink: /home/brilliant/ros2_ws/install/minibot/share/minibot/description/depth_camera.xacro
[1.032s] -- Up-to-date symlink: /home/brilliant/ros2_ws/install/minibot/share/minibot/description/gz_diff_drive_control.xacro
[1.032s] -- Up-to-date symlink: /home/brilliant/ros2_ws/install/minibot/share/minibot/description/inertial_macros.xacro
[1.033s] -- Up-to-date symlink: /home/brilliant/ros2_ws/install/minibot/share/minibot/description/lidar.xacro
[1.037s] -- Up-to-date symlink: /home/brilliant/ros2_ws/install/minibot/share/minibot/description/robot.urdf.xacro
[1.037s] -- Up-to-date symlink: /home/brilliant/ros2_ws/install/minibot/share/minibot/description/robot_main.xacro
[1.038s] -- Up-to-date symlink: /home/brilliant/ros2_ws/install/minibot/share/minibot/description/ros2_control.xacro
[1.038s] -- Up-to-date symlink: /home/brilliant/ros2_ws/install/minibot/share/minibot/launch/joystick_teleop.launch.py
[1.038s] -- Up-to-date symlink: /home/brilliant/ros2_ws/install/minibot/share/minibot/launch/robot.launch.py
[1.039s] -- Up-to-date symlink: /home/brilliant/ros2_ws/install/minibot/share/minibot/launch/robot_remote_station.launch.py
[1.040s] -- Up-to-date symlink: /home/brilliant/ros2_ws/install/minibot/share/minibot/launch/sim.launch.py
[1.041s] -- Up-to-date symlink: /home/brilliant/ros2_ws/install/minibot/share/minibot/launch/sim_control_station.launch.py
[1.042s] -- Up-to-date symlink: /home/brilliant/ros2_ws/install/minibot/share/minibot/worlds/empty.sdf
[1.043s] -- Up-to-date symlink: /home/brilliant/ros2_ws/install/minibot/share/minibot/worlds/playground.sdf
[1.044s] -- Up-to-date symlink: /home/brilliant/ros2_ws/install/minibot/share/minibot/demo_publisher_node/velocity_publisher.cpp
[1.045s] -- Up-to-date symlink: /home/brilliant/ros2_ws/install/minibot/share/minibot/maps/map_01.pgm
[1.046s] -- Up-to-date symlink: /home/brilliant/ros2_ws/install/minibot/share/minibot/maps/map_01.yaml
[1.046s] -- Up-to-date symlink: /home/brilliant/ros2_ws/install/minibot/share/minibot/maps/map_01_serial.data
[1.048s] -- Up-to-date symlink: /home/brilliant/ros2_ws/install/minibot/share/minibot/maps/map_01_serial.posegraph
[1.048s] -- Up-to-date symlink: /home/brilliant/ros2_ws/install/minibot/share/minibot/maps/sample_map.pgm
[1.055s] -- Up-to-date symlink: /home/brilliant/ros2_ws/install/minibot/share/minibot/maps/sample_map.yaml
[1.055s] -- Up-to-date symlink: /home/brilliant/ros2_ws/install/minibot/share/minibot/maps/sample_map_serial.data
[1.056s] -- Up-to-date symlink: /home/brilliant/ros2_ws/install/minibot/share/minibot/maps/sample_map_serial.posegraph
[1.057s] -- Symlinking: /home/brilliant/ros2_ws/install/minibot/share/minibot/maps/sim_map.data
[1.191s] -- Symlinking: /home/brilliant/ros2_ws/install/minibot/share/minibot/maps/sim_map.pgm
[1.293s] -- Symlinking: /home/brilliant/ros2_ws/install/minibot/share/minibot/maps/sim_map.posegraph
[1.367s] -- Symlinking: /home/brilliant/ros2_ws/install/minibot/share/minibot/maps/sim_map.yaml
[1.433s] -- Up-to-date symlink: /home/brilliant/ros2_ws/install/minibot/share/minibot/visual_demos/Nav2_demostration-ezgif.com-video-to-gif-converter.gif
[1.437s] -- Up-to-date symlink: /home/brilliant/ros2_ws/install/minibot/share/minibot/visual_demos/SLAM_demostration-ezgif.com-video-to-gif-converter.gif
[1.439s] -- Up-to-date symlink: /home/brilliant/ros2_ws/install/minibot/share/minibot/visual_demos/robot_hardware.jpg
[1.441s] -- Up-to-date symlink: /home/brilliant/ros2_ws/install/minibot/share/minibot/visual_demos/robot_visual.jpg
[1.442s] -- Up-to-date symlink: /home/brilliant/ros2_ws/install/minibot/share/ament_index/resource_index/package_run_dependencies/minibot
[1.449s] -- Up-to-date symlink: /home/brilliant/ros2_ws/install/minibot/share/ament_index/resource_index/parent_prefix_path/minibot
[1.450s] -- Up-to-date symlink: /home/brilliant/ros2_ws/install/minibot/share/minibot/environment/ament_prefix_path.sh
[1.451s] -- Up-to-date symlink: /home/brilliant/ros2_ws/install/minibot/share/minibot/environment/ament_prefix_path.dsv
[1.452s] -- Up-to-date symlink: /home/brilliant/ros2_ws/install/minibot/share/minibot/environment/path.sh
[1.452s] -- Up-to-date symlink: /home/brilliant/ros2_ws/install/minibot/share/minibot/environment/path.dsv
[1.452s] -- Up-to-date symlink: /home/brilliant/ros2_ws/install/minibot/share/minibot/local_setup.bash
[1.453s] -- Up-to-date symlink: /home/brilliant/ros2_ws/install/minibot/share/minibot/local_setup.sh
[1.455s] -- Up-to-date symlink: /home/brilliant/ros2_ws/install/minibot/share/minibot/local_setup.zsh
[1.467s] -- Up-to-date symlink: /home/brilliant/ros2_ws/install/minibot/share/minibot/local_setup.dsv
[1.467s] -- Symlinking: /home/brilliant/ros2_ws/install/minibot/share/minibot/package.dsv
[1.611s] -- Up-to-date symlink: /home/brilliant/ros2_ws/install/minibot/share/ament_index/resource_index/packages/minibot
[1.614s] -- Up-to-date symlink: /home/brilliant/ros2_ws/install/minibot/share/minibot/cmake/minibotConfig.cmake
[1.615s] -- Up-to-date symlink: /home/brilliant/ros2_ws/install/minibot/share/minibot/cmake/minibotConfig-version.cmake
[1.617s] -- Up-to-date symlink: /home/brilliant/ros2_ws/install/minibot/share/minibot/package.xml
[3.248s] Invoked command in '/home/brilliant/ros2_ws/build/minibot' returned '0': CMAKE_PREFIX_PATH=${CMAKE_PREFIX_PATH}:/home/brilliant/ros2_ws/install/twist_stamper:/home/brilliant/ros2_ws/install/nav2_simple_commander:/home/brilliant/ros2_ws/install/nav2_loopback_sim:/opt/ros/jazzy DEBUGINFOD_URLS=https://debuginfod.ubuntu.com /usr/bin/cmake --install /home/brilliant/ros2_ws/build/minibot
