[0.034s] Invoking command in '/home/brilliant/ros2_ws/build/serial': CMAKE_PREFIX_PATH=${CMAKE_PREFIX_PATH}:/home/brilliant/ros2_ws/install/twist_stamper:/home/brilliant/ros2_ws/src/install/twist_stamper:/opt/ros/jazzy DEBUGINFOD_URLS=https://debuginfod.ubuntu.com /usr/bin/cmake /home/brilliant/ros2_ws/src/serial -DAMENT_CMAKE_SYMLINK_INSTALL=1 -DCMAKE_INSTALL_PREFIX=/home/brilliant/ros2_ws/install/serial
[0.071s] -- Found ament_cmake: 2.5.4 (/opt/ros/jazzy/share/ament_cmake/cmake)
[0.605s] -- Override CMake install command with custom implementation using symlinks instead of copying resources
[0.641s] -- Found ament_cmake_gtest: 2.5.4 (/opt/ros/jazzy/share/ament_cmake_gtest/cmake)
[0.654s] -- Found gtest sources under '/opt/ros/jazzy/src/gtest_vendor': C++ tests using 'Google Test' will be built
[0.902s] -- Configuring done (0.8s)
[0.940s] -- Generating done (0.0s)
[0.951s] -- Build files have been written to: /home/brilliant/ros2_ws/build/serial
[0.960s] Invoked command in '/home/brilliant/ros2_ws/build/serial' returned '0': CMAKE_PREFIX_PATH=${CMAKE_PREFIX_PATH}:/home/brilliant/ros2_ws/install/twist_stamper:/home/brilliant/ros2_ws/src/install/twist_stamper:/opt/ros/jazzy DEBUGINFOD_URLS=https://debuginfod.ubuntu.com /usr/bin/cmake /home/brilliant/ros2_ws/src/serial -DAMENT_CMAKE_SYMLINK_INSTALL=1 -DCMAKE_INSTALL_PREFIX=/home/brilliant/ros2_ws/install/serial
[0.961s] Invoking command in '/home/brilliant/ros2_ws/build/serial': CMAKE_PREFIX_PATH=${CMAKE_PREFIX_PATH}:/home/brilliant/ros2_ws/install/twist_stamper:/home/brilliant/ros2_ws/src/install/twist_stamper:/opt/ros/jazzy DEBUGINFOD_URLS=https://debuginfod.ubuntu.com /usr/bin/cmake --build /home/brilliant/ros2_ws/build/serial -- -j4 -l4
[1.143s] [ 28%] Built target serial
[1.150s] [ 42%] Built target gtest_main
[1.159s] [ 57%] Built target gtest
[1.240s] [ 71%] Built target serial-test
[1.260s] [ 85%] Built target serial-test-timer
[1.279s] [100%] Built target serial_example
[1.352s] Invoked command in '/home/brilliant/ros2_ws/build/serial' returned '0': CMAKE_PREFIX_PATH=${CMAKE_PREFIX_PATH}:/home/brilliant/ros2_ws/install/twist_stamper:/home/brilliant/ros2_ws/src/install/twist_stamper:/opt/ros/jazzy DEBUGINFOD_URLS=https://debuginfod.ubuntu.com /usr/bin/cmake --build /home/brilliant/ros2_ws/build/serial -- -j4 -l4
[1.386s] Invoking command in '/home/brilliant/ros2_ws/build/serial': CMAKE_PREFIX_PATH=${CMAKE_PREFIX_PATH}:/home/brilliant/ros2_ws/install/twist_stamper:/home/brilliant/ros2_ws/src/install/twist_stamper:/opt/ros/jazzy DEBUGINFOD_URLS=https://debuginfod.ubuntu.com /usr/bin/cmake --install /home/brilliant/ros2_ws/build/serial
[1.414s] -- Install configuration: ""
[1.415s] -- Execute custom install script
[1.416s] -- Up-to-date symlink: /home/brilliant/ros2_ws/install/serial/lib/libserial.a
[1.417s] -- Up-to-date symlink: /home/brilliant/ros2_ws/install/serial/include/serial/serial.h
[1.417s] -- Up-to-date symlink: /home/brilliant/ros2_ws/install/serial/include/serial/v8stdint.h
[1.418s] -- Up-to-date symlink: /home/brilliant/ros2_ws/install/serial/share/serial/environment/library_path.sh
[1.419s] -- Up-to-date symlink: /home/brilliant/ros2_ws/install/serial/share/serial/environment/library_path.dsv
[1.420s] -- Up-to-date symlink: /home/brilliant/ros2_ws/install/serial/share/ament_index/resource_index/package_run_dependencies/serial
[1.420s] -- Up-to-date symlink: /home/brilliant/ros2_ws/install/serial/share/ament_index/resource_index/parent_prefix_path/serial
[1.421s] -- Up-to-date symlink: /home/brilliant/ros2_ws/install/serial/share/serial/environment/ament_prefix_path.sh
[1.422s] -- Up-to-date symlink: /home/brilliant/ros2_ws/install/serial/share/serial/environment/ament_prefix_path.dsv
[1.423s] -- Up-to-date symlink: /home/brilliant/ros2_ws/install/serial/share/serial/environment/path.sh
[1.426s] -- Up-to-date symlink: /home/brilliant/ros2_ws/install/serial/share/serial/environment/path.dsv
[1.426s] -- Up-to-date symlink: /home/brilliant/ros2_ws/install/serial/share/serial/local_setup.bash
[1.426s] -- Up-to-date symlink: /home/brilliant/ros2_ws/install/serial/share/serial/local_setup.sh
[1.426s] -- Up-to-date symlink: /home/brilliant/ros2_ws/install/serial/share/serial/local_setup.zsh
[1.427s] -- Up-to-date symlink: /home/brilliant/ros2_ws/install/serial/share/serial/local_setup.dsv
[1.427s] -- Symlinking: /home/brilliant/ros2_ws/install/serial/share/serial/package.dsv
[1.449s] -- Up-to-date symlink: /home/brilliant/ros2_ws/install/serial/share/ament_index/resource_index/packages/serial
[1.450s] -- Up-to-date symlink: /home/brilliant/ros2_ws/install/serial/share/serial/cmake/ament_cmake_export_include_directories-extras.cmake
[1.452s] -- Up-to-date symlink: /home/brilliant/ros2_ws/install/serial/share/serial/cmake/ament_cmake_export_libraries-extras.cmake
[1.454s] -- Up-to-date symlink: /home/brilliant/ros2_ws/install/serial/share/serial/cmake/serialConfig.cmake
[1.455s] -- Up-to-date symlink: /home/brilliant/ros2_ws/install/serial/share/serial/cmake/serialConfig-version.cmake
[1.460s] -- Up-to-date symlink: /home/brilliant/ros2_ws/install/serial/share/serial/package.xml
[1.463s] Invoked command in '/home/brilliant/ros2_ws/build/serial' returned '0': CMAKE_PREFIX_PATH=${CMAKE_PREFIX_PATH}:/home/brilliant/ros2_ws/install/twist_stamper:/home/brilliant/ros2_ws/src/install/twist_stamper:/opt/ros/jazzy DEBUGINFOD_URLS=https://debuginfod.ubuntu.com /usr/bin/cmake --install /home/brilliant/ros2_ws/build/serial
