[0.662s] Invoking command in '/home/brilliant/ros2_ws/build/serial': CMAKE_PREFIX_PATH=${CMAKE_PREFIX_PATH}:/home/brilliant/ros2_ws/install/twist_stamper:/home/brilliant/ros2_ws/install/nav2_simple_commander:/home/brilliant/ros2_ws/install/nav2_loopback_sim:/opt/ros/jazzy DEBUGINFOD_URLS=https://debuginfod.ubuntu.com /usr/bin/cmake --build /home/brilliant/ros2_ws/build/serial -- -j4 -l4
[0.958s] [ 28%] Built target serial
[1.092s] [ 42%] Built target gtest
[1.237s] [ 57%] Built target serial_example
[1.389s] [ 71%] Built target gtest_main
[1.491s] [ 85%] Built target serial-test
[1.575s] [100%] Built target serial-test-timer
[1.615s] Invoked command in '/home/brilliant/ros2_ws/build/serial' returned '0': CMAKE_PREFIX_PATH=${CMAKE_PREFIX_PATH}:/home/brilliant/ros2_ws/install/twist_stamper:/home/brilliant/ros2_ws/install/nav2_simple_commander:/home/brilliant/ros2_ws/install/nav2_loopback_sim:/opt/ros/jazzy DEBUGINFOD_URLS=https://debuginfod.ubuntu.com /usr/bin/cmake --build /home/brilliant/ros2_ws/build/serial -- -j4 -l4
[1.620s] Invoking command in '/home/brilliant/ros2_ws/build/serial': CMAKE_PREFIX_PATH=${CMAKE_PREFIX_PATH}:/home/brilliant/ros2_ws/install/twist_stamper:/home/brilliant/ros2_ws/install/nav2_simple_commander:/home/brilliant/ros2_ws/install/nav2_loopback_sim:/opt/ros/jazzy DEBUGINFOD_URLS=https://debuginfod.ubuntu.com /usr/bin/cmake --install /home/brilliant/ros2_ws/build/serial
[1.646s] -- Install configuration: ""
[1.649s] -- Execute custom install script
[1.651s] -- Up-to-date symlink: /home/brilliant/ros2_ws/install/serial/lib/libserial.a
[1.652s] -- Up-to-date symlink: /home/brilliant/ros2_ws/install/serial/include/serial/serial.h
[1.653s] -- Up-to-date symlink: /home/brilliant/ros2_ws/install/serial/include/serial/v8stdint.h
[1.656s] -- Up-to-date symlink: /home/brilliant/ros2_ws/install/serial/share/serial/environment/library_path.sh
[1.656s] -- Up-to-date symlink: /home/brilliant/ros2_ws/install/serial/share/serial/environment/library_path.dsv
[1.658s] -- Up-to-date symlink: /home/brilliant/ros2_ws/install/serial/share/ament_index/resource_index/package_run_dependencies/serial
[1.659s] -- Up-to-date symlink: /home/brilliant/ros2_ws/install/serial/share/ament_index/resource_index/parent_prefix_path/serial
[1.663s] -- Up-to-date symlink: /home/brilliant/ros2_ws/install/serial/share/serial/environment/ament_prefix_path.sh
[1.663s] -- Up-to-date symlink: /home/brilliant/ros2_ws/install/serial/share/serial/environment/ament_prefix_path.dsv
[1.664s] -- Up-to-date symlink: /home/brilliant/ros2_ws/install/serial/share/serial/environment/path.sh
[1.664s] -- Up-to-date symlink: /home/brilliant/ros2_ws/install/serial/share/serial/environment/path.dsv
[1.666s] -- Up-to-date symlink: /home/brilliant/ros2_ws/install/serial/share/serial/local_setup.bash
[1.667s] -- Up-to-date symlink: /home/brilliant/ros2_ws/install/serial/share/serial/local_setup.sh
[1.668s] -- Up-to-date symlink: /home/brilliant/ros2_ws/install/serial/share/serial/local_setup.zsh
[1.668s] -- Up-to-date symlink: /home/brilliant/ros2_ws/install/serial/share/serial/local_setup.dsv
[1.669s] -- Symlinking: /home/brilliant/ros2_ws/install/serial/share/serial/package.dsv
[1.702s] -- Up-to-date symlink: /home/brilliant/ros2_ws/install/serial/share/ament_index/resource_index/packages/serial
[1.703s] -- Up-to-date symlink: /home/brilliant/ros2_ws/install/serial/share/serial/cmake/ament_cmake_export_include_directories-extras.cmake
[1.704s] -- Up-to-date symlink: /home/brilliant/ros2_ws/install/serial/share/serial/cmake/ament_cmake_export_libraries-extras.cmake
[1.706s] -- Up-to-date symlink: /home/brilliant/ros2_ws/install/serial/share/serial/cmake/serialConfig.cmake
[1.706s] -- Up-to-date symlink: /home/brilliant/ros2_ws/install/serial/share/serial/cmake/serialConfig-version.cmake
[1.706s] -- Up-to-date symlink: /home/brilliant/ros2_ws/install/serial/share/serial/package.xml
[1.714s] Invoked command in '/home/brilliant/ros2_ws/build/serial' returned '0': CMAKE_PREFIX_PATH=${CMAKE_PREFIX_PATH}:/home/brilliant/ros2_ws/install/twist_stamper:/home/brilliant/ros2_ws/install/nav2_simple_commander:/home/brilliant/ros2_ws/install/nav2_loopback_sim:/opt/ros/jazzy DEBUGINFOD_URLS=https://debuginfod.ubuntu.com /usr/bin/cmake --install /home/brilliant/ros2_ws/build/serial
