[0.031s] Invoking command in '/home/brilliant/ros2_ws/build/sllidar_ros2': CMAKE_PREFIX_PATH=${CMAKE_PREFIX_PATH}:/home/brilliant/ros2_ws/install/twist_stamper:/home/brilliant/ros2_ws/install/nav2_simple_commander:/home/brilliant/ros2_ws/install/nav2_loopback_sim:/opt/ros/jazzy DEBUGINFOD_URLS=https://debuginfod.ubuntu.com /usr/bin/cmake --build /home/brilliant/ros2_ws/build/sllidar_ros2 -- -j4 -l4
[0.344s] [ 10%] Built target sllidar_client
[0.398s] [100%] Built target sllidar_node
[0.461s] Invoked command in '/home/brilliant/ros2_ws/build/sllidar_ros2' returned '0': CMAKE_PREFIX_PATH=${CMAKE_PREFIX_PATH}:/home/brilliant/ros2_ws/install/twist_stamper:/home/brilliant/ros2_ws/install/nav2_simple_commander:/home/brilliant/ros2_ws/install/nav2_loopback_sim:/opt/ros/jazzy DEBUGINFOD_URLS=https://debuginfod.ubuntu.com /usr/bin/cmake --build /home/brilliant/ros2_ws/build/sllidar_ros2 -- -j4 -l4
[0.472s] Invoking command in '/home/brilliant/ros2_ws/build/sllidar_ros2': CMAKE_PREFIX_PATH=${CMAKE_PREFIX_PATH}:/home/brilliant/ros2_ws/install/twist_stamper:/home/brilliant/ros2_ws/install/nav2_simple_commander:/home/brilliant/ros2_ws/install/nav2_loopback_sim:/opt/ros/jazzy DEBUGINFOD_URLS=https://debuginfod.ubuntu.com /usr/bin/cmake --install /home/brilliant/ros2_ws/build/sllidar_ros2
[0.529s] -- Install configuration: ""
[0.535s] -- Execute custom install script
[0.540s] -- Up-to-date symlink: /home/brilliant/ros2_ws/install/sllidar_ros2/share/sllidar_ros2/launch/sllidar_a1_launch.py
[0.541s] -- Up-to-date symlink: /home/brilliant/ros2_ws/install/sllidar_ros2/share/sllidar_ros2/launch/sllidar_a2m12_launch .py
[0.541s] -- Up-to-date symlink: /home/brilliant/ros2_ws/install/sllidar_ros2/share/sllidar_ros2/launch/sllidar_a2m7_launch.py
[0.550s] -- Up-to-date symlink: /home/brilliant/ros2_ws/install/sllidar_ros2/share/sllidar_ros2/launch/sllidar_a2m8_launch.py
[0.550s] -- Up-to-date symlink: /home/brilliant/ros2_ws/install/sllidar_ros2/share/sllidar_ros2/launch/sllidar_a3_launch.py
[0.551s] -- Up-to-date symlink: /home/brilliant/ros2_ws/install/sllidar_ros2/share/sllidar_ros2/launch/sllidar_c1_launch.py
[0.554s] -- Up-to-date symlink: /home/brilliant/ros2_ws/install/sllidar_ros2/share/sllidar_ros2/launch/sllidar_s1_launch.py
[0.554s] -- Up-to-date symlink: /home/brilliant/ros2_ws/install/sllidar_ros2/share/sllidar_ros2/launch/sllidar_s1_tcp_launch.py
[0.555s] -- Up-to-date symlink: /home/brilliant/ros2_ws/install/sllidar_ros2/share/sllidar_ros2/launch/sllidar_s2_launch.py
[0.555s] -- Up-to-date symlink: /home/brilliant/ros2_ws/install/sllidar_ros2/share/sllidar_ros2/launch/sllidar_s2e_launch.py
[0.555s] -- Up-to-date symlink: /home/brilliant/ros2_ws/install/sllidar_ros2/share/sllidar_ros2/launch/sllidar_s3_launch.py
[0.555s] -- Up-to-date symlink: /home/brilliant/ros2_ws/install/sllidar_ros2/share/sllidar_ros2/launch/sllidar_t1_launch.py
[0.555s] -- Up-to-date symlink: /home/brilliant/ros2_ws/install/sllidar_ros2/share/sllidar_ros2/launch/view_sllidar_a1_launch.py
[0.556s] -- Up-to-date symlink: /home/brilliant/ros2_ws/install/sllidar_ros2/share/sllidar_ros2/launch/view_sllidar_a2m12_launch.py
[0.559s] -- Up-to-date symlink: /home/brilliant/ros2_ws/install/sllidar_ros2/share/sllidar_ros2/launch/view_sllidar_a2m7_launch.py
[0.560s] -- Up-to-date symlink: /home/brilliant/ros2_ws/install/sllidar_ros2/share/sllidar_ros2/launch/view_sllidar_a2m8_launch.py
[0.560s] -- Up-to-date symlink: /home/brilliant/ros2_ws/install/sllidar_ros2/share/sllidar_ros2/launch/view_sllidar_a3_launch.py
[0.561s] -- Up-to-date symlink: /home/brilliant/ros2_ws/install/sllidar_ros2/share/sllidar_ros2/launch/view_sllidar_c1_launch.py
[0.561s] -- Up-to-date symlink: /home/brilliant/ros2_ws/install/sllidar_ros2/share/sllidar_ros2/launch/view_sllidar_s1_launch.py
[0.562s] -- Up-to-date symlink: /home/brilliant/ros2_ws/install/sllidar_ros2/share/sllidar_ros2/launch/view_sllidar_s1_tcp_launch.py
[0.565s] -- Up-to-date symlink: /home/brilliant/ros2_ws/install/sllidar_ros2/share/sllidar_ros2/launch/view_sllidar_s2_launch.py
[0.565s] -- Up-to-date symlink: /home/brilliant/ros2_ws/install/sllidar_ros2/share/sllidar_ros2/launch/view_sllidar_s2e_launch.py
[0.566s] -- Up-to-date symlink: /home/brilliant/ros2_ws/install/sllidar_ros2/share/sllidar_ros2/launch/view_sllidar_s3_launch.py
[0.569s] -- Up-to-date symlink: /home/brilliant/ros2_ws/install/sllidar_ros2/share/sllidar_ros2/launch/view_sllidar_t1_launch.py
[0.572s] -- Up-to-date symlink: /home/brilliant/ros2_ws/install/sllidar_ros2/share/sllidar_ros2/rviz/sllidar_ros2.rviz
[0.572s] -- Up-to-date symlink: /home/brilliant/ros2_ws/install/sllidar_ros2/lib/sllidar_ros2/sllidar_node
[0.573s] -- Up-to-date symlink: /home/brilliant/ros2_ws/install/sllidar_ros2/lib/sllidar_ros2/sllidar_client
[0.575s] -- Up-to-date symlink: /home/brilliant/ros2_ws/install/sllidar_ros2/share/ament_index/resource_index/package_run_dependencies/sllidar_ros2
[0.576s] -- Up-to-date symlink: /home/brilliant/ros2_ws/install/sllidar_ros2/share/ament_index/resource_index/parent_prefix_path/sllidar_ros2
[0.577s] -- Up-to-date symlink: /home/brilliant/ros2_ws/install/sllidar_ros2/share/sllidar_ros2/environment/ament_prefix_path.sh
[0.579s] -- Up-to-date symlink: /home/brilliant/ros2_ws/install/sllidar_ros2/share/sllidar_ros2/environment/ament_prefix_path.dsv
[0.580s] -- Up-to-date symlink: /home/brilliant/ros2_ws/install/sllidar_ros2/share/sllidar_ros2/environment/path.sh
[0.580s] -- Up-to-date symlink: /home/brilliant/ros2_ws/install/sllidar_ros2/share/sllidar_ros2/environment/path.dsv
[0.583s] -- Up-to-date symlink: /home/brilliant/ros2_ws/install/sllidar_ros2/share/sllidar_ros2/local_setup.bash
[0.583s] -- Up-to-date symlink: /home/brilliant/ros2_ws/install/sllidar_ros2/share/sllidar_ros2/local_setup.sh
[0.585s] -- Up-to-date symlink: /home/brilliant/ros2_ws/install/sllidar_ros2/share/sllidar_ros2/local_setup.zsh
[0.586s] -- Up-to-date symlink: /home/brilliant/ros2_ws/install/sllidar_ros2/share/sllidar_ros2/local_setup.dsv
[0.587s] -- Symlinking: /home/brilliant/ros2_ws/install/sllidar_ros2/share/sllidar_ros2/package.dsv
[0.616s] -- Up-to-date symlink: /home/brilliant/ros2_ws/install/sllidar_ros2/share/ament_index/resource_index/packages/sllidar_ros2
[0.617s] -- Up-to-date symlink: /home/brilliant/ros2_ws/install/sllidar_ros2/share/sllidar_ros2/cmake/ament_cmake_export_dependencies-extras.cmake
[0.618s] -- Up-to-date symlink: /home/brilliant/ros2_ws/install/sllidar_ros2/share/sllidar_ros2/cmake/ament_cmake_export_include_directories-extras.cmake
[0.619s] -- Up-to-date symlink: /home/brilliant/ros2_ws/install/sllidar_ros2/share/sllidar_ros2/cmake/sllidar_ros2Config.cmake
[0.620s] -- Up-to-date symlink: /home/brilliant/ros2_ws/install/sllidar_ros2/share/sllidar_ros2/cmake/sllidar_ros2Config-version.cmake
[0.621s] -- Up-to-date symlink: /home/brilliant/ros2_ws/install/sllidar_ros2/share/sllidar_ros2/package.xml
[0.625s] Invoked command in '/home/brilliant/ros2_ws/build/sllidar_ros2' returned '0': CMAKE_PREFIX_PATH=${CMAKE_PREFIX_PATH}:/home/brilliant/ros2_ws/install/twist_stamper:/home/brilliant/ros2_ws/install/nav2_simple_commander:/home/brilliant/ros2_ws/install/nav2_loopback_sim:/opt/ros/jazzy DEBUGINFOD_URLS=https://debuginfod.ubuntu.com /usr/bin/cmake --install /home/brilliant/ros2_ws/build/sllidar_ros2
