[0.053s] Invoking command in '/home/brilliant/ros2_ws/build/dwb_msgs': CMAKE_PREFIX_PATH=/home/brilliant/ros2_ws/install/nav_2d_msgs:/home/brilliant/ros2_ws/install/sllidar_ros2:/home/brilliant/ros2_ws/install/serial:/home/brilliant/ros2_ws/install/nav2_system_tests:/home/brilliant/ros2_ws/install/nav2_bringup:/home/brilliant/ros2_ws/install/navigation2:/home/brilliant/ros2_ws/install/opennav_docking:/home/brilliant/ros2_ws/install/opennav_docking_core:/home/brilliant/ros2_ws/install/opennav_docking_bt:/home/brilliant/ros2_ws/install/nav2_smoother:/home/brilliant/ros2_ws/install/nav2_rotation_shim_controller:/home/brilliant/ros2_ws/install/nav2_graceful_controller:/home/brilliant/ros2_ws/install/nav2_dwb_controller:/home/brilliant/ros2_ws/install/nav2_controller:/home/brilliant/ros2_ws/install/dwb_plugins:/home/brilliant/ros2_ws/install/dwb_critics:/home/brilliant/ros2_ws/install/dwb_core:/home/brilliant/ros2_ws/install/nav_2d_utils:/home/brilliant/ros2_ws/install/dwb_msgs:/home/brilliant/ros2_ws/install/nav2_waypoint_follower:/home/brilliant/ros2_ws/install/nav2_theta_star_planner:/home/brilliant/ros2_ws/install/nav2_smac_planner:/home/brilliant/ros2_ws/install/nav2_regulated_pure_pursuit_controller:/home/brilliant/ros2_ws/install/nav2_planner:/home/brilliant/ros2_ws/install/nav2_navfn_planner:/home/brilliant/ros2_ws/install/nav2_mppi_controller:/home/brilliant/ros2_ws/install/nav2_constrained_smoother:/home/brilliant/ros2_ws/install/nav2_bt_navigator:/home/brilliant/ros2_ws/install/nav2_behaviors:/home/brilliant/ros2_ws/install/nav2_core:/home/brilliant/ros2_ws/install/nav2_collision_monitor:/home/brilliant/ros2_ws/install/costmap_queue:/home/brilliant/ros2_ws/install/nav2_costmap_2d:/home/brilliant/ros2_ws/install/nav2_voxel_grid:/home/brilliant/ros2_ws/install/nav2_velocity_smoother:/home/brilliant/ros2_ws/install/nav2_rviz_plugins:/home/brilliant/ros2_ws/install/nav2_map_server:/home/brilliant/ros2_ws/install/nav2_lifecycle_manager:/home/brilliant/ros2_ws/install/nav2_behavior_tree:/home/brilliant/ros2_ws/install/nav2_amcl:/home/brilliant/ros2_ws/install/nav2_util:/home/brilliant/ros2_ws/install/nav2_msgs:/home/brilliant/ros2_ws/install/nav2_common:/home/brilliant/ros2_ws/install/minibot:/home/brilliant/ros2_ws/install/diffdrive_arduino:/opt/ros/jazzy/opt/gz_sim_vendor:/opt/ros/jazzy/opt/gz_sensors_vendor:/opt/ros/jazzy/opt/gz_physics_vendor:/opt/ros/jazzy/opt/sdformat_vendor:/opt/ros/jazzy/opt/gz_gui_vendor:/opt/ros/jazzy/opt/gz_transport_vendor:/opt/ros/jazzy/opt/gz_rendering_vendor:/opt/ros/jazzy/opt/gz_plugin_vendor:/opt/ros/jazzy/opt/gz_fuel_tools_vendor:/opt/ros/jazzy/opt/gz_msgs_vendor:/opt/ros/jazzy/opt/gz_common_vendor:/opt/ros/jazzy/opt/gz_math_vendor:/opt/ros/jazzy/opt/gz_utils_vendor:/opt/ros/jazzy/opt/gz_tools_vendor:/opt/ros/jazzy/opt/gz_ogre_next_vendor:/opt/ros/jazzy/opt/gz_dartsim_vendor:/opt/ros/jazzy/opt/gz_cmake_vendor:/home/brilliant/ros2_ws/install/twist_stamper:/home/brilliant/ros2_ws/install/nav2_simple_commander:/home/brilliant/ros2_ws/install/nav2_loopback_sim:/opt/ros/jazzy DEBUGINFOD_URLS=https://debuginfod.ubuntu.com LD_LIBRARY_PATH=/home/brilliant/ros2_ws/install/nav_2d_msgs/lib:/home/brilliant/ros2_ws/install/serial/lib:/home/brilliant/ros2_ws/install/nav2_system_tests/lib:/home/brilliant/ros2_ws/install/opennav_docking/lib:/home/brilliant/ros2_ws/install/opennav_docking_bt/lib:/home/brilliant/ros2_ws/install/nav2_smoother/lib:/home/brilliant/ros2_ws/install/nav2_rotation_shim_controller/lib:/home/brilliant/ros2_ws/install/nav2_graceful_controller/lib:/home/brilliant/ros2_ws/install/nav2_controller/lib:/home/brilliant/ros2_ws/install/dwb_plugins/lib:/home/brilliant/ros2_ws/install/dwb_critics/lib:/home/brilliant/ros2_ws/install/dwb_core/lib:/home/brilliant/ros2_ws/install/nav_2d_utils/lib:/home/brilliant/ros2_ws/install/dwb_msgs/lib:/home/brilliant/ros2_ws/install/nav2_waypoint_follower/lib:/home/brilliant/ros2_ws/install/nav2_theta_star_planner/lib:/home/brilliant/ros2_ws/install/nav2_smac_planner/lib:/home/brilliant/ros2_ws/install/nav2_regulated_pure_pursuit_controller/lib:/home/brilliant/ros2_ws/install/nav2_planner/lib:/home/brilliant/ros2_ws/install/nav2_navfn_planner/lib:/home/brilliant/ros2_ws/install/nav2_mppi_controller/lib:/home/brilliant/ros2_ws/install/nav2_constrained_smoother/lib:/home/brilliant/ros2_ws/install/nav2_bt_navigator/lib:/home/brilliant/ros2_ws/install/nav2_behaviors/lib:/home/brilliant/ros2_ws/install/nav2_collision_monitor/lib:/home/brilliant/ros2_ws/install/costmap_queue/lib:/home/brilliant/ros2_ws/install/nav2_costmap_2d/lib:/home/brilliant/ros2_ws/install/nav2_voxel_grid/lib:/home/brilliant/ros2_ws/install/nav2_velocity_smoother/lib:/home/brilliant/ros2_ws/install/nav2_rviz_plugins/lib:/home/brilliant/ros2_ws/install/nav2_map_server/lib:/home/brilliant/ros2_ws/install/nav2_lifecycle_manager/lib:/home/brilliant/ros2_ws/install/nav2_behavior_tree/lib:/home/brilliant/ros2_ws/install/nav2_amcl/lib:/home/brilliant/ros2_ws/install/nav2_util/lib:/home/brilliant/ros2_ws/install/nav2_msgs/lib:/home/brilliant/ros2_ws/install/diffdrive_arduino/lib:/opt/ros/jazzy/opt/gz_sim_vendor/lib:/opt/ros/jazzy/opt/gz_sensors_vendor/lib:/opt/ros/jazzy/opt/gz_physics_vendor/lib:/opt/ros/jazzy/opt/sdformat_vendor/lib:/opt/ros/jazzy/opt/rviz_ogre_vendor/lib:/opt/ros/jazzy/lib/x86_64-linux-gnu:/opt/ros/jazzy/opt/gz_gui_vendor/lib:/opt/ros/jazzy/opt/gz_transport_vendor/lib:/opt/ros/jazzy/opt/gz_rendering_vendor/lib:/opt/ros/jazzy/opt/gz_plugin_vendor/lib:/opt/ros/jazzy/opt/gz_fuel_tools_vendor/lib:/opt/ros/jazzy/opt/gz_msgs_vendor/lib:/opt/ros/jazzy/opt/gz_common_vendor/lib:/opt/ros/jazzy/opt/gz_math_vendor/lib:/opt/ros/jazzy/opt/gz_utils_vendor/lib:/opt/ros/jazzy/opt/gz_tools_vendor/lib:/opt/ros/jazzy/opt/gz_ogre_next_vendor/lib:/opt/ros/jazzy/opt/gz_dartsim_vendor/lib:/opt/ros/jazzy/opt/gz_cmake_vendor/lib:/opt/ros/jazzy/lib PYTHONPATH=/home/brilliant/ros2_ws/install/nav_2d_msgs/lib/python3.12/site-packages:/home/brilliant/ros2_ws/build/twist_stamper:/home/brilliant/ros2_ws/install/twist_stamper/lib/python3.12/site-packages:/home/brilliant/ros2_ws/install/dwb_msgs/lib/python3.12/site-packages:/home/brilliant/ros2_ws/build/nav2_simple_commander:/home/brilliant/ros2_ws/install/nav2_simple_commander/lib/python3.12/site-packages:/home/brilliant/ros2_ws/install/nav2_msgs/lib/python3.12/site-packages:/home/brilliant/ros2_ws/build/nav2_loopback_sim:/home/brilliant/ros2_ws/install/nav2_loopback_sim/lib/python3.12/site-packages:/home/brilliant/ros2_ws/install/nav2_common/lib/python3.12/site-packages:/opt/ros/jazzy/lib/python3.12/site-packages /usr/bin/cmake --build /home/brilliant/ros2_ws/build/dwb_msgs -- -j4 -l4
[0.361s] [  1%] Built target dwb_msgs__rosidl_generator_type_description
[0.514s] [  1%] Built target ament_cmake_python_symlink_dwb_msgs
[0.697s] [ 27%] Built target dwb_msgs__rosidl_generator_c
[1.907s] running egg_info
[1.979s] writing dwb_msgs.egg-info/PKG-INFO
[1.981s] writing dependency_links to dwb_msgs.egg-info/dependency_links.txt
[1.983s] writing top-level names to dwb_msgs.egg-info/top_level.txt
[2.491s] reading manifest file 'dwb_msgs.egg-info/SOURCES.txt'
[2.498s] writing manifest file 'dwb_msgs.egg-info/SOURCES.txt'
[2.721s] [ 27%] Built target ament_cmake_python_build_dwb_msgs_egg
[2.946s] [ 37%] Built target dwb_msgs__rosidl_typesupport_introspection_c
[3.121s] [ 47%] Built target dwb_msgs__rosidl_typesupport_c
[3.459s] [ 56%] Built target dwb_msgs__rosidl_typesupport_fastrtps_c
[3.607s] [ 56%] Built target dwb_msgs__cpp
[3.808s] [ 66%] Built target dwb_msgs__rosidl_typesupport_cpp
[4.093s] [ 75%] Built target dwb_msgs__rosidl_typesupport_introspection_cpp
[4.271s] [ 85%] Built target dwb_msgs__rosidl_typesupport_fastrtps_cpp
[4.400s] [ 85%] Built target dwb_msgs
[4.544s] [ 86%] Built target dwb_msgs__py
[4.717s] [ 94%] Built target dwb_msgs__rosidl_generator_py
[4.937s] [ 96%] Built target dwb_msgs_s__rosidl_typesupport_fastrtps_c
[5.216s] [ 98%] Built target dwb_msgs_s__rosidl_typesupport_c
[5.464s] [100%] Built target dwb_msgs_s__rosidl_typesupport_introspection_c
[6.279s] Invoked command in '/home/brilliant/ros2_ws/build/dwb_msgs' returned '0': CMAKE_PREFIX_PATH=/home/brilliant/ros2_ws/install/nav_2d_msgs:/home/brilliant/ros2_ws/install/sllidar_ros2:/home/brilliant/ros2_ws/install/serial:/home/brilliant/ros2_ws/install/nav2_system_tests:/home/brilliant/ros2_ws/install/nav2_bringup:/home/brilliant/ros2_ws/install/navigation2:/home/brilliant/ros2_ws/install/opennav_docking:/home/brilliant/ros2_ws/install/opennav_docking_core:/home/brilliant/ros2_ws/install/opennav_docking_bt:/home/brilliant/ros2_ws/install/nav2_smoother:/home/brilliant/ros2_ws/install/nav2_rotation_shim_controller:/home/brilliant/ros2_ws/install/nav2_graceful_controller:/home/brilliant/ros2_ws/install/nav2_dwb_controller:/home/brilliant/ros2_ws/install/nav2_controller:/home/brilliant/ros2_ws/install/dwb_plugins:/home/brilliant/ros2_ws/install/dwb_critics:/home/brilliant/ros2_ws/install/dwb_core:/home/brilliant/ros2_ws/install/nav_2d_utils:/home/brilliant/ros2_ws/install/dwb_msgs:/home/brilliant/ros2_ws/install/nav2_waypoint_follower:/home/brilliant/ros2_ws/install/nav2_theta_star_planner:/home/brilliant/ros2_ws/install/nav2_smac_planner:/home/brilliant/ros2_ws/install/nav2_regulated_pure_pursuit_controller:/home/brilliant/ros2_ws/install/nav2_planner:/home/brilliant/ros2_ws/install/nav2_navfn_planner:/home/brilliant/ros2_ws/install/nav2_mppi_controller:/home/brilliant/ros2_ws/install/nav2_constrained_smoother:/home/brilliant/ros2_ws/install/nav2_bt_navigator:/home/brilliant/ros2_ws/install/nav2_behaviors:/home/brilliant/ros2_ws/install/nav2_core:/home/brilliant/ros2_ws/install/nav2_collision_monitor:/home/brilliant/ros2_ws/install/costmap_queue:/home/brilliant/ros2_ws/install/nav2_costmap_2d:/home/brilliant/ros2_ws/install/nav2_voxel_grid:/home/brilliant/ros2_ws/install/nav2_velocity_smoother:/home/brilliant/ros2_ws/install/nav2_rviz_plugins:/home/brilliant/ros2_ws/install/nav2_map_server:/home/brilliant/ros2_ws/install/nav2_lifecycle_manager:/home/brilliant/ros2_ws/install/nav2_behavior_tree:/home/brilliant/ros2_ws/install/nav2_amcl:/home/brilliant/ros2_ws/install/nav2_util:/home/brilliant/ros2_ws/install/nav2_msgs:/home/brilliant/ros2_ws/install/nav2_common:/home/brilliant/ros2_ws/install/minibot:/home/brilliant/ros2_ws/install/diffdrive_arduino:/opt/ros/jazzy/opt/gz_sim_vendor:/opt/ros/jazzy/opt/gz_sensors_vendor:/opt/ros/jazzy/opt/gz_physics_vendor:/opt/ros/jazzy/opt/sdformat_vendor:/opt/ros/jazzy/opt/gz_gui_vendor:/opt/ros/jazzy/opt/gz_transport_vendor:/opt/ros/jazzy/opt/gz_rendering_vendor:/opt/ros/jazzy/opt/gz_plugin_vendor:/opt/ros/jazzy/opt/gz_fuel_tools_vendor:/opt/ros/jazzy/opt/gz_msgs_vendor:/opt/ros/jazzy/opt/gz_common_vendor:/opt/ros/jazzy/opt/gz_math_vendor:/opt/ros/jazzy/opt/gz_utils_vendor:/opt/ros/jazzy/opt/gz_tools_vendor:/opt/ros/jazzy/opt/gz_ogre_next_vendor:/opt/ros/jazzy/opt/gz_dartsim_vendor:/opt/ros/jazzy/opt/gz_cmake_vendor:/home/brilliant/ros2_ws/install/twist_stamper:/home/brilliant/ros2_ws/install/nav2_simple_commander:/home/brilliant/ros2_ws/install/nav2_loopback_sim:/opt/ros/jazzy DEBUGINFOD_URLS=https://debuginfod.ubuntu.com LD_LIBRARY_PATH=/home/brilliant/ros2_ws/install/nav_2d_msgs/lib:/home/brilliant/ros2_ws/install/serial/lib:/home/brilliant/ros2_ws/install/nav2_system_tests/lib:/home/brilliant/ros2_ws/install/opennav_docking/lib:/home/brilliant/ros2_ws/install/opennav_docking_bt/lib:/home/brilliant/ros2_ws/install/nav2_smoother/lib:/home/brilliant/ros2_ws/install/nav2_rotation_shim_controller/lib:/home/brilliant/ros2_ws/install/nav2_graceful_controller/lib:/home/brilliant/ros2_ws/install/nav2_controller/lib:/home/brilliant/ros2_ws/install/dwb_plugins/lib:/home/brilliant/ros2_ws/install/dwb_critics/lib:/home/brilliant/ros2_ws/install/dwb_core/lib:/home/brilliant/ros2_ws/install/nav_2d_utils/lib:/home/brilliant/ros2_ws/install/dwb_msgs/lib:/home/brilliant/ros2_ws/install/nav2_waypoint_follower/lib:/home/brilliant/ros2_ws/install/nav2_theta_star_planner/lib:/home/brilliant/ros2_ws/install/nav2_smac_planner/lib:/home/brilliant/ros2_ws/install/nav2_regulated_pure_pursuit_controller/lib:/home/brilliant/ros2_ws/install/nav2_planner/lib:/home/brilliant/ros2_ws/install/nav2_navfn_planner/lib:/home/brilliant/ros2_ws/install/nav2_mppi_controller/lib:/home/brilliant/ros2_ws/install/nav2_constrained_smoother/lib:/home/brilliant/ros2_ws/install/nav2_bt_navigator/lib:/home/brilliant/ros2_ws/install/nav2_behaviors/lib:/home/brilliant/ros2_ws/install/nav2_collision_monitor/lib:/home/brilliant/ros2_ws/install/costmap_queue/lib:/home/brilliant/ros2_ws/install/nav2_costmap_2d/lib:/home/brilliant/ros2_ws/install/nav2_voxel_grid/lib:/home/brilliant/ros2_ws/install/nav2_velocity_smoother/lib:/home/brilliant/ros2_ws/install/nav2_rviz_plugins/lib:/home/brilliant/ros2_ws/install/nav2_map_server/lib:/home/brilliant/ros2_ws/install/nav2_lifecycle_manager/lib:/home/brilliant/ros2_ws/install/nav2_behavior_tree/lib:/home/brilliant/ros2_ws/install/nav2_amcl/lib:/home/brilliant/ros2_ws/install/nav2_util/lib:/home/brilliant/ros2_ws/install/nav2_msgs/lib:/home/brilliant/ros2_ws/install/diffdrive_arduino/lib:/opt/ros/jazzy/opt/gz_sim_vendor/lib:/opt/ros/jazzy/opt/gz_sensors_vendor/lib:/opt/ros/jazzy/opt/gz_physics_vendor/lib:/opt/ros/jazzy/opt/sdformat_vendor/lib:/opt/ros/jazzy/opt/rviz_ogre_vendor/lib:/opt/ros/jazzy/lib/x86_64-linux-gnu:/opt/ros/jazzy/opt/gz_gui_vendor/lib:/opt/ros/jazzy/opt/gz_transport_vendor/lib:/opt/ros/jazzy/opt/gz_rendering_vendor/lib:/opt/ros/jazzy/opt/gz_plugin_vendor/lib:/opt/ros/jazzy/opt/gz_fuel_tools_vendor/lib:/opt/ros/jazzy/opt/gz_msgs_vendor/lib:/opt/ros/jazzy/opt/gz_common_vendor/lib:/opt/ros/jazzy/opt/gz_math_vendor/lib:/opt/ros/jazzy/opt/gz_utils_vendor/lib:/opt/ros/jazzy/opt/gz_tools_vendor/lib:/opt/ros/jazzy/opt/gz_ogre_next_vendor/lib:/opt/ros/jazzy/opt/gz_dartsim_vendor/lib:/opt/ros/jazzy/opt/gz_cmake_vendor/lib:/opt/ros/jazzy/lib PYTHONPATH=/home/brilliant/ros2_ws/install/nav_2d_msgs/lib/python3.12/site-packages:/home/brilliant/ros2_ws/build/twist_stamper:/home/brilliant/ros2_ws/install/twist_stamper/lib/python3.12/site-packages:/home/brilliant/ros2_ws/install/dwb_msgs/lib/python3.12/site-packages:/home/brilliant/ros2_ws/build/nav2_simple_commander:/home/brilliant/ros2_ws/install/nav2_simple_commander/lib/python3.12/site-packages:/home/brilliant/ros2_ws/install/nav2_msgs/lib/python3.12/site-packages:/home/brilliant/ros2_ws/build/nav2_loopback_sim:/home/brilliant/ros2_ws/install/nav2_loopback_sim/lib/python3.12/site-packages:/home/brilliant/ros2_ws/install/nav2_common/lib/python3.12/site-packages:/opt/ros/jazzy/lib/python3.12/site-packages /usr/bin/cmake --build /home/brilliant/ros2_ws/build/dwb_msgs -- -j4 -l4
[6.285s] Invoking command in '/home/brilliant/ros2_ws/build/dwb_msgs': CMAKE_PREFIX_PATH=/home/brilliant/ros2_ws/install/nav_2d_msgs:/home/brilliant/ros2_ws/install/sllidar_ros2:/home/brilliant/ros2_ws/install/serial:/home/brilliant/ros2_ws/install/nav2_system_tests:/home/brilliant/ros2_ws/install/nav2_bringup:/home/brilliant/ros2_ws/install/navigation2:/home/brilliant/ros2_ws/install/opennav_docking:/home/brilliant/ros2_ws/install/opennav_docking_core:/home/brilliant/ros2_ws/install/opennav_docking_bt:/home/brilliant/ros2_ws/install/nav2_smoother:/home/brilliant/ros2_ws/install/nav2_rotation_shim_controller:/home/brilliant/ros2_ws/install/nav2_graceful_controller:/home/brilliant/ros2_ws/install/nav2_dwb_controller:/home/brilliant/ros2_ws/install/nav2_controller:/home/brilliant/ros2_ws/install/dwb_plugins:/home/brilliant/ros2_ws/install/dwb_critics:/home/brilliant/ros2_ws/install/dwb_core:/home/brilliant/ros2_ws/install/nav_2d_utils:/home/brilliant/ros2_ws/install/dwb_msgs:/home/brilliant/ros2_ws/install/nav2_waypoint_follower:/home/brilliant/ros2_ws/install/nav2_theta_star_planner:/home/brilliant/ros2_ws/install/nav2_smac_planner:/home/brilliant/ros2_ws/install/nav2_regulated_pure_pursuit_controller:/home/brilliant/ros2_ws/install/nav2_planner:/home/brilliant/ros2_ws/install/nav2_navfn_planner:/home/brilliant/ros2_ws/install/nav2_mppi_controller:/home/brilliant/ros2_ws/install/nav2_constrained_smoother:/home/brilliant/ros2_ws/install/nav2_bt_navigator:/home/brilliant/ros2_ws/install/nav2_behaviors:/home/brilliant/ros2_ws/install/nav2_core:/home/brilliant/ros2_ws/install/nav2_collision_monitor:/home/brilliant/ros2_ws/install/costmap_queue:/home/brilliant/ros2_ws/install/nav2_costmap_2d:/home/brilliant/ros2_ws/install/nav2_voxel_grid:/home/brilliant/ros2_ws/install/nav2_velocity_smoother:/home/brilliant/ros2_ws/install/nav2_rviz_plugins:/home/brilliant/ros2_ws/install/nav2_map_server:/home/brilliant/ros2_ws/install/nav2_lifecycle_manager:/home/brilliant/ros2_ws/install/nav2_behavior_tree:/home/brilliant/ros2_ws/install/nav2_amcl:/home/brilliant/ros2_ws/install/nav2_util:/home/brilliant/ros2_ws/install/nav2_msgs:/home/brilliant/ros2_ws/install/nav2_common:/home/brilliant/ros2_ws/install/minibot:/home/brilliant/ros2_ws/install/diffdrive_arduino:/opt/ros/jazzy/opt/gz_sim_vendor:/opt/ros/jazzy/opt/gz_sensors_vendor:/opt/ros/jazzy/opt/gz_physics_vendor:/opt/ros/jazzy/opt/sdformat_vendor:/opt/ros/jazzy/opt/gz_gui_vendor:/opt/ros/jazzy/opt/gz_transport_vendor:/opt/ros/jazzy/opt/gz_rendering_vendor:/opt/ros/jazzy/opt/gz_plugin_vendor:/opt/ros/jazzy/opt/gz_fuel_tools_vendor:/opt/ros/jazzy/opt/gz_msgs_vendor:/opt/ros/jazzy/opt/gz_common_vendor:/opt/ros/jazzy/opt/gz_math_vendor:/opt/ros/jazzy/opt/gz_utils_vendor:/opt/ros/jazzy/opt/gz_tools_vendor:/opt/ros/jazzy/opt/gz_ogre_next_vendor:/opt/ros/jazzy/opt/gz_dartsim_vendor:/opt/ros/jazzy/opt/gz_cmake_vendor:/home/brilliant/ros2_ws/install/twist_stamper:/home/brilliant/ros2_ws/install/nav2_simple_commander:/home/brilliant/ros2_ws/install/nav2_loopback_sim:/opt/ros/jazzy DEBUGINFOD_URLS=https://debuginfod.ubuntu.com LD_LIBRARY_PATH=/home/brilliant/ros2_ws/install/nav_2d_msgs/lib:/home/brilliant/ros2_ws/install/serial/lib:/home/brilliant/ros2_ws/install/nav2_system_tests/lib:/home/brilliant/ros2_ws/install/opennav_docking/lib:/home/brilliant/ros2_ws/install/opennav_docking_bt/lib:/home/brilliant/ros2_ws/install/nav2_smoother/lib:/home/brilliant/ros2_ws/install/nav2_rotation_shim_controller/lib:/home/brilliant/ros2_ws/install/nav2_graceful_controller/lib:/home/brilliant/ros2_ws/install/nav2_controller/lib:/home/brilliant/ros2_ws/install/dwb_plugins/lib:/home/brilliant/ros2_ws/install/dwb_critics/lib:/home/brilliant/ros2_ws/install/dwb_core/lib:/home/brilliant/ros2_ws/install/nav_2d_utils/lib:/home/brilliant/ros2_ws/install/dwb_msgs/lib:/home/brilliant/ros2_ws/install/nav2_waypoint_follower/lib:/home/brilliant/ros2_ws/install/nav2_theta_star_planner/lib:/home/brilliant/ros2_ws/install/nav2_smac_planner/lib:/home/brilliant/ros2_ws/install/nav2_regulated_pure_pursuit_controller/lib:/home/brilliant/ros2_ws/install/nav2_planner/lib:/home/brilliant/ros2_ws/install/nav2_navfn_planner/lib:/home/brilliant/ros2_ws/install/nav2_mppi_controller/lib:/home/brilliant/ros2_ws/install/nav2_constrained_smoother/lib:/home/brilliant/ros2_ws/install/nav2_bt_navigator/lib:/home/brilliant/ros2_ws/install/nav2_behaviors/lib:/home/brilliant/ros2_ws/install/nav2_collision_monitor/lib:/home/brilliant/ros2_ws/install/costmap_queue/lib:/home/brilliant/ros2_ws/install/nav2_costmap_2d/lib:/home/brilliant/ros2_ws/install/nav2_voxel_grid/lib:/home/brilliant/ros2_ws/install/nav2_velocity_smoother/lib:/home/brilliant/ros2_ws/install/nav2_rviz_plugins/lib:/home/brilliant/ros2_ws/install/nav2_map_server/lib:/home/brilliant/ros2_ws/install/nav2_lifecycle_manager/lib:/home/brilliant/ros2_ws/install/nav2_behavior_tree/lib:/home/brilliant/ros2_ws/install/nav2_amcl/lib:/home/brilliant/ros2_ws/install/nav2_util/lib:/home/brilliant/ros2_ws/install/nav2_msgs/lib:/home/brilliant/ros2_ws/install/diffdrive_arduino/lib:/opt/ros/jazzy/opt/gz_sim_vendor/lib:/opt/ros/jazzy/opt/gz_sensors_vendor/lib:/opt/ros/jazzy/opt/gz_physics_vendor/lib:/opt/ros/jazzy/opt/sdformat_vendor/lib:/opt/ros/jazzy/opt/rviz_ogre_vendor/lib:/opt/ros/jazzy/lib/x86_64-linux-gnu:/opt/ros/jazzy/opt/gz_gui_vendor/lib:/opt/ros/jazzy/opt/gz_transport_vendor/lib:/opt/ros/jazzy/opt/gz_rendering_vendor/lib:/opt/ros/jazzy/opt/gz_plugin_vendor/lib:/opt/ros/jazzy/opt/gz_fuel_tools_vendor/lib:/opt/ros/jazzy/opt/gz_msgs_vendor/lib:/opt/ros/jazzy/opt/gz_common_vendor/lib:/opt/ros/jazzy/opt/gz_math_vendor/lib:/opt/ros/jazzy/opt/gz_utils_vendor/lib:/opt/ros/jazzy/opt/gz_tools_vendor/lib:/opt/ros/jazzy/opt/gz_ogre_next_vendor/lib:/opt/ros/jazzy/opt/gz_dartsim_vendor/lib:/opt/ros/jazzy/opt/gz_cmake_vendor/lib:/opt/ros/jazzy/lib PYTHONPATH=/home/brilliant/ros2_ws/install/nav_2d_msgs/lib/python3.12/site-packages:/home/brilliant/ros2_ws/build/twist_stamper:/home/brilliant/ros2_ws/install/twist_stamper/lib/python3.12/site-packages:/home/brilliant/ros2_ws/install/dwb_msgs/lib/python3.12/site-packages:/home/brilliant/ros2_ws/build/nav2_simple_commander:/home/brilliant/ros2_ws/install/nav2_simple_commander/lib/python3.12/site-packages:/home/brilliant/ros2_ws/install/nav2_msgs/lib/python3.12/site-packages:/home/brilliant/ros2_ws/build/nav2_loopback_sim:/home/brilliant/ros2_ws/install/nav2_loopback_sim/lib/python3.12/site-packages:/home/brilliant/ros2_ws/install/nav2_common/lib/python3.12/site-packages:/opt/ros/jazzy/lib/python3.12/site-packages /usr/bin/cmake --install /home/brilliant/ros2_ws/build/dwb_msgs
[6.428s] -- Install configuration: ""
[6.434s] -- Execute custom install script
[6.437s] -- Up-to-date symlink: /home/brilliant/ros2_ws/install/dwb_msgs/share/ament_index/resource_index/rosidl_interfaces/dwb_msgs
[6.437s] -- Up-to-date symlink: /home/brilliant/ros2_ws/install/dwb_msgs/share/dwb_msgs/msg/CriticScore.json
[6.438s] -- Up-to-date symlink: /home/brilliant/ros2_ws/install/dwb_msgs/share/dwb_msgs/msg/LocalPlanEvaluation.json
[6.438s] -- Up-to-date symlink: /home/brilliant/ros2_ws/install/dwb_msgs/share/dwb_msgs/msg/Trajectory2D.json
[6.438s] -- Up-to-date symlink: /home/brilliant/ros2_ws/install/dwb_msgs/share/dwb_msgs/msg/TrajectoryScore.json
[6.438s] -- Up-to-date symlink: /home/brilliant/ros2_ws/install/dwb_msgs/share/dwb_msgs/srv/DebugLocalPlan.json
[6.439s] -- Up-to-date symlink: /home/brilliant/ros2_ws/install/dwb_msgs/share/dwb_msgs/srv/GenerateTrajectory.json
[6.451s] -- Up-to-date symlink: /home/brilliant/ros2_ws/install/dwb_msgs/share/dwb_msgs/srv/GenerateTwists.json
[6.451s] -- Up-to-date symlink: /home/brilliant/ros2_ws/install/dwb_msgs/share/dwb_msgs/srv/GetCriticScore.json
[6.457s] -- Up-to-date symlink: /home/brilliant/ros2_ws/install/dwb_msgs/share/dwb_msgs/srv/ScoreTrajectory.json
[6.457s] -- Up-to-date symlink: /home/brilliant/ros2_ws/install/dwb_msgs/include/dwb_msgs/dwb_msgs/msg/critic_score.h
[6.458s] -- Up-to-date symlink: /home/brilliant/ros2_ws/install/dwb_msgs/include/dwb_msgs/dwb_msgs/msg/detail/critic_score__functions.h
[6.458s] -- Up-to-date symlink: /home/brilliant/ros2_ws/install/dwb_msgs/include/dwb_msgs/dwb_msgs/msg/detail/critic_score__struct.h
[6.458s] -- Up-to-date symlink: /home/brilliant/ros2_ws/install/dwb_msgs/include/dwb_msgs/dwb_msgs/msg/detail/critic_score__type_support.h
[6.458s] -- Up-to-date symlink: /home/brilliant/ros2_ws/install/dwb_msgs/include/dwb_msgs/dwb_msgs/msg/detail/local_plan_evaluation__functions.h
[6.465s] -- Up-to-date symlink: /home/brilliant/ros2_ws/install/dwb_msgs/include/dwb_msgs/dwb_msgs/msg/detail/local_plan_evaluation__struct.h
[6.469s] -- Up-to-date symlink: /home/brilliant/ros2_ws/install/dwb_msgs/include/dwb_msgs/dwb_msgs/msg/detail/local_plan_evaluation__type_support.h
[6.472s] -- Up-to-date symlink: /home/brilliant/ros2_ws/install/dwb_msgs/include/dwb_msgs/dwb_msgs/msg/detail/trajectory2_d__functions.h
[6.473s] -- Up-to-date symlink: /home/brilliant/ros2_ws/install/dwb_msgs/include/dwb_msgs/dwb_msgs/msg/detail/trajectory2_d__struct.h
[6.473s] -- Up-to-date symlink: /home/brilliant/ros2_ws/install/dwb_msgs/include/dwb_msgs/dwb_msgs/msg/detail/trajectory2_d__type_support.h
[6.473s] -- Up-to-date symlink: /home/brilliant/ros2_ws/install/dwb_msgs/include/dwb_msgs/dwb_msgs/msg/detail/trajectory_score__functions.h
[6.474s] -- Up-to-date symlink: /home/brilliant/ros2_ws/install/dwb_msgs/include/dwb_msgs/dwb_msgs/msg/detail/trajectory_score__struct.h
[6.484s] -- Up-to-date symlink: /home/brilliant/ros2_ws/install/dwb_msgs/include/dwb_msgs/dwb_msgs/msg/detail/trajectory_score__type_support.h
[6.484s] -- Up-to-date symlink: /home/brilliant/ros2_ws/install/dwb_msgs/include/dwb_msgs/dwb_msgs/msg/local_plan_evaluation.h
[6.485s] -- Up-to-date symlink: /home/brilliant/ros2_ws/install/dwb_msgs/include/dwb_msgs/dwb_msgs/msg/rosidl_generator_c__visibility_control.h
[6.490s] -- Up-to-date symlink: /home/brilliant/ros2_ws/install/dwb_msgs/include/dwb_msgs/dwb_msgs/msg/trajectory2_d.h
[6.490s] -- Up-to-date symlink: /home/brilliant/ros2_ws/install/dwb_msgs/include/dwb_msgs/dwb_msgs/msg/trajectory_score.h
[6.491s] -- Up-to-date symlink: /home/brilliant/ros2_ws/install/dwb_msgs/include/dwb_msgs/dwb_msgs/srv/debug_local_plan.h
[6.491s] -- Up-to-date symlink: /home/brilliant/ros2_ws/install/dwb_msgs/include/dwb_msgs/dwb_msgs/srv/detail/debug_local_plan__functions.h
[6.491s] -- Up-to-date symlink: /home/brilliant/ros2_ws/install/dwb_msgs/include/dwb_msgs/dwb_msgs/srv/detail/debug_local_plan__struct.h
[6.491s] -- Up-to-date symlink: /home/brilliant/ros2_ws/install/dwb_msgs/include/dwb_msgs/dwb_msgs/srv/detail/debug_local_plan__type_support.h
[6.494s] -- Up-to-date symlink: /home/brilliant/ros2_ws/install/dwb_msgs/include/dwb_msgs/dwb_msgs/srv/detail/generate_trajectory__functions.h
[6.494s] -- Up-to-date symlink: /home/brilliant/ros2_ws/install/dwb_msgs/include/dwb_msgs/dwb_msgs/srv/detail/generate_trajectory__struct.h
[6.499s] -- Up-to-date symlink: /home/brilliant/ros2_ws/install/dwb_msgs/include/dwb_msgs/dwb_msgs/srv/detail/generate_trajectory__type_support.h
[6.499s] -- Up-to-date symlink: /home/brilliant/ros2_ws/install/dwb_msgs/include/dwb_msgs/dwb_msgs/srv/detail/generate_twists__functions.h
[6.500s] -- Up-to-date symlink: /home/brilliant/ros2_ws/install/dwb_msgs/include/dwb_msgs/dwb_msgs/srv/detail/generate_twists__struct.h
[6.500s] -- Up-to-date symlink: /home/brilliant/ros2_ws/install/dwb_msgs/include/dwb_msgs/dwb_msgs/srv/detail/generate_twists__type_support.h
[6.500s] -- Up-to-date symlink: /home/brilliant/ros2_ws/install/dwb_msgs/include/dwb_msgs/dwb_msgs/srv/detail/get_critic_score__functions.h
[6.500s] -- Up-to-date symlink: /home/brilliant/ros2_ws/install/dwb_msgs/include/dwb_msgs/dwb_msgs/srv/detail/get_critic_score__struct.h
[6.500s] -- Up-to-date symlink: /home/brilliant/ros2_ws/install/dwb_msgs/include/dwb_msgs/dwb_msgs/srv/detail/get_critic_score__type_support.h
[6.501s] -- Up-to-date symlink: /home/brilliant/ros2_ws/install/dwb_msgs/include/dwb_msgs/dwb_msgs/srv/detail/score_trajectory__functions.h
[6.501s] -- Up-to-date symlink: /home/brilliant/ros2_ws/install/dwb_msgs/include/dwb_msgs/dwb_msgs/srv/detail/score_trajectory__struct.h
[6.501s] -- Up-to-date symlink: /home/brilliant/ros2_ws/install/dwb_msgs/include/dwb_msgs/dwb_msgs/srv/detail/score_trajectory__type_support.h
[6.501s] -- Up-to-date symlink: /home/brilliant/ros2_ws/install/dwb_msgs/include/dwb_msgs/dwb_msgs/srv/generate_trajectory.h
[6.511s] -- Up-to-date symlink: /home/brilliant/ros2_ws/install/dwb_msgs/include/dwb_msgs/dwb_msgs/srv/generate_twists.h
[6.512s] -- Up-to-date symlink: /home/brilliant/ros2_ws/install/dwb_msgs/include/dwb_msgs/dwb_msgs/srv/get_critic_score.h
[6.512s] -- Up-to-date symlink: /home/brilliant/ros2_ws/install/dwb_msgs/include/dwb_msgs/dwb_msgs/srv/score_trajectory.h
[6.515s] -- Up-to-date symlink: /home/brilliant/ros2_ws/install/dwb_msgs/share/dwb_msgs/environment/library_path.sh
[6.515s] -- Up-to-date symlink: /home/brilliant/ros2_ws/install/dwb_msgs/share/dwb_msgs/environment/library_path.dsv
[6.515s] -- Up-to-date symlink: /home/brilliant/ros2_ws/install/dwb_msgs/include/dwb_msgs/dwb_msgs/msg/detail/critic_score__rosidl_typesupport_fastrtps_c.h
[6.516s] -- Up-to-date symlink: /home/brilliant/ros2_ws/install/dwb_msgs/include/dwb_msgs/dwb_msgs/msg/detail/local_plan_evaluation__rosidl_typesupport_fastrtps_c.h
[6.516s] -- Up-to-date symlink: /home/brilliant/ros2_ws/install/dwb_msgs/include/dwb_msgs/dwb_msgs/msg/detail/trajectory2_d__rosidl_typesupport_fastrtps_c.h
[6.516s] -- Up-to-date symlink: /home/brilliant/ros2_ws/install/dwb_msgs/include/dwb_msgs/dwb_msgs/msg/detail/trajectory_score__rosidl_typesupport_fastrtps_c.h
[6.516s] -- Up-to-date symlink: /home/brilliant/ros2_ws/install/dwb_msgs/include/dwb_msgs/dwb_msgs/msg/rosidl_typesupport_fastrtps_c__visibility_control.h
[6.516s] -- Up-to-date symlink: /home/brilliant/ros2_ws/install/dwb_msgs/include/dwb_msgs/dwb_msgs/srv/detail/debug_local_plan__rosidl_typesupport_fastrtps_c.h
[6.522s] -- Up-to-date symlink: /home/brilliant/ros2_ws/install/dwb_msgs/include/dwb_msgs/dwb_msgs/srv/detail/generate_trajectory__rosidl_typesupport_fastrtps_c.h
[6.529s] -- Up-to-date symlink: /home/brilliant/ros2_ws/install/dwb_msgs/include/dwb_msgs/dwb_msgs/srv/detail/generate_twists__rosidl_typesupport_fastrtps_c.h
[6.530s] -- Up-to-date symlink: /home/brilliant/ros2_ws/install/dwb_msgs/include/dwb_msgs/dwb_msgs/srv/detail/get_critic_score__rosidl_typesupport_fastrtps_c.h
[6.530s] -- Up-to-date symlink: /home/brilliant/ros2_ws/install/dwb_msgs/include/dwb_msgs/dwb_msgs/srv/detail/score_trajectory__rosidl_typesupport_fastrtps_c.h
[6.530s] -- Up-to-date symlink: /home/brilliant/ros2_ws/install/dwb_msgs/include/dwb_msgs/dwb_msgs/msg/critic_score.hpp
[6.530s] -- Up-to-date symlink: /home/brilliant/ros2_ws/install/dwb_msgs/include/dwb_msgs/dwb_msgs/msg/detail/critic_score__builder.hpp
[6.531s] -- Up-to-date symlink: /home/brilliant/ros2_ws/install/dwb_msgs/include/dwb_msgs/dwb_msgs/msg/detail/critic_score__struct.hpp
[6.531s] -- Up-to-date symlink: /home/brilliant/ros2_ws/install/dwb_msgs/include/dwb_msgs/dwb_msgs/msg/detail/critic_score__traits.hpp
[6.531s] -- Up-to-date symlink: /home/brilliant/ros2_ws/install/dwb_msgs/include/dwb_msgs/dwb_msgs/msg/detail/critic_score__type_support.hpp
[6.531s] -- Up-to-date symlink: /home/brilliant/ros2_ws/install/dwb_msgs/include/dwb_msgs/dwb_msgs/msg/detail/local_plan_evaluation__builder.hpp
[6.532s] -- Up-to-date symlink: /home/brilliant/ros2_ws/install/dwb_msgs/include/dwb_msgs/dwb_msgs/msg/detail/local_plan_evaluation__struct.hpp
[6.532s] -- Up-to-date symlink: /home/brilliant/ros2_ws/install/dwb_msgs/include/dwb_msgs/dwb_msgs/msg/detail/local_plan_evaluation__traits.hpp
[6.532s] -- Up-to-date symlink: /home/brilliant/ros2_ws/install/dwb_msgs/include/dwb_msgs/dwb_msgs/msg/detail/local_plan_evaluation__type_support.hpp
[6.532s] -- Up-to-date symlink: /home/brilliant/ros2_ws/install/dwb_msgs/include/dwb_msgs/dwb_msgs/msg/detail/trajectory2_d__builder.hpp
[6.532s] -- Up-to-date symlink: /home/brilliant/ros2_ws/install/dwb_msgs/include/dwb_msgs/dwb_msgs/msg/detail/trajectory2_d__struct.hpp
[6.542s] -- Up-to-date symlink: /home/brilliant/ros2_ws/install/dwb_msgs/include/dwb_msgs/dwb_msgs/msg/detail/trajectory2_d__traits.hpp
[6.542s] -- Up-to-date symlink: /home/brilliant/ros2_ws/install/dwb_msgs/include/dwb_msgs/dwb_msgs/msg/detail/trajectory2_d__type_support.hpp
[6.542s] -- Up-to-date symlink: /home/brilliant/ros2_ws/install/dwb_msgs/include/dwb_msgs/dwb_msgs/msg/detail/trajectory_score__builder.hpp
[6.543s] -- Up-to-date symlink: /home/brilliant/ros2_ws/install/dwb_msgs/include/dwb_msgs/dwb_msgs/msg/detail/trajectory_score__struct.hpp
[6.543s] -- Up-to-date symlink: /home/brilliant/ros2_ws/install/dwb_msgs/include/dwb_msgs/dwb_msgs/msg/detail/trajectory_score__traits.hpp
[6.547s] -- Up-to-date symlink: /home/brilliant/ros2_ws/install/dwb_msgs/include/dwb_msgs/dwb_msgs/msg/detail/trajectory_score__type_support.hpp
[6.547s] -- Up-to-date symlink: /home/brilliant/ros2_ws/install/dwb_msgs/include/dwb_msgs/dwb_msgs/msg/local_plan_evaluation.hpp
[6.547s] -- Up-to-date symlink: /home/brilliant/ros2_ws/install/dwb_msgs/include/dwb_msgs/dwb_msgs/msg/rosidl_generator_cpp__visibility_control.hpp
[6.549s] -- Up-to-date symlink: /home/brilliant/ros2_ws/install/dwb_msgs/include/dwb_msgs/dwb_msgs/msg/trajectory2_d.hpp
[6.552s] -- Up-to-date symlink: /home/brilliant/ros2_ws/install/dwb_msgs/include/dwb_msgs/dwb_msgs/msg/trajectory_score.hpp
[6.552s] -- Up-to-date symlink: /home/brilliant/ros2_ws/install/dwb_msgs/include/dwb_msgs/dwb_msgs/srv/debug_local_plan.hpp
[6.554s] -- Up-to-date symlink: /home/brilliant/ros2_ws/install/dwb_msgs/include/dwb_msgs/dwb_msgs/srv/detail/debug_local_plan__builder.hpp
[6.555s] -- Up-to-date symlink: /home/brilliant/ros2_ws/install/dwb_msgs/include/dwb_msgs/dwb_msgs/srv/detail/debug_local_plan__struct.hpp
[6.559s] -- Up-to-date symlink: /home/brilliant/ros2_ws/install/dwb_msgs/include/dwb_msgs/dwb_msgs/srv/detail/debug_local_plan__traits.hpp
[6.560s] -- Up-to-date symlink: /home/brilliant/ros2_ws/install/dwb_msgs/include/dwb_msgs/dwb_msgs/srv/detail/debug_local_plan__type_support.hpp
[6.560s] -- Up-to-date symlink: /home/brilliant/ros2_ws/install/dwb_msgs/include/dwb_msgs/dwb_msgs/srv/detail/generate_trajectory__builder.hpp
[6.560s] -- Up-to-date symlink: /home/brilliant/ros2_ws/install/dwb_msgs/include/dwb_msgs/dwb_msgs/srv/detail/generate_trajectory__struct.hpp
[6.560s] -- Up-to-date symlink: /home/brilliant/ros2_ws/install/dwb_msgs/include/dwb_msgs/dwb_msgs/srv/detail/generate_trajectory__traits.hpp
[6.561s] -- Up-to-date symlink: /home/brilliant/ros2_ws/install/dwb_msgs/include/dwb_msgs/dwb_msgs/srv/detail/generate_trajectory__type_support.hpp
[6.561s] -- Up-to-date symlink: /home/brilliant/ros2_ws/install/dwb_msgs/include/dwb_msgs/dwb_msgs/srv/detail/generate_twists__builder.hpp
[6.561s] -- Up-to-date symlink: /home/brilliant/ros2_ws/install/dwb_msgs/include/dwb_msgs/dwb_msgs/srv/detail/generate_twists__struct.hpp
[6.561s] -- Up-to-date symlink: /home/brilliant/ros2_ws/install/dwb_msgs/include/dwb_msgs/dwb_msgs/srv/detail/generate_twists__traits.hpp
[6.567s] -- Up-to-date symlink: /home/brilliant/ros2_ws/install/dwb_msgs/include/dwb_msgs/dwb_msgs/srv/detail/generate_twists__type_support.hpp
[6.567s] -- Up-to-date symlink: /home/brilliant/ros2_ws/install/dwb_msgs/include/dwb_msgs/dwb_msgs/srv/detail/get_critic_score__builder.hpp
[6.567s] -- Up-to-date symlink: /home/brilliant/ros2_ws/install/dwb_msgs/include/dwb_msgs/dwb_msgs/srv/detail/get_critic_score__struct.hpp
[6.569s] -- Up-to-date symlink: /home/brilliant/ros2_ws/install/dwb_msgs/include/dwb_msgs/dwb_msgs/srv/detail/get_critic_score__traits.hpp
[6.569s] -- Up-to-date symlink: /home/brilliant/ros2_ws/install/dwb_msgs/include/dwb_msgs/dwb_msgs/srv/detail/get_critic_score__type_support.hpp
[6.570s] -- Up-to-date symlink: /home/brilliant/ros2_ws/install/dwb_msgs/include/dwb_msgs/dwb_msgs/srv/detail/score_trajectory__builder.hpp
[6.570s] -- Up-to-date symlink: /home/brilliant/ros2_ws/install/dwb_msgs/include/dwb_msgs/dwb_msgs/srv/detail/score_trajectory__struct.hpp
[6.570s] -- Up-to-date symlink: /home/brilliant/ros2_ws/install/dwb_msgs/include/dwb_msgs/dwb_msgs/srv/detail/score_trajectory__traits.hpp
[6.575s] -- Up-to-date symlink: /home/brilliant/ros2_ws/install/dwb_msgs/include/dwb_msgs/dwb_msgs/srv/detail/score_trajectory__type_support.hpp
[6.575s] -- Up-to-date symlink: /home/brilliant/ros2_ws/install/dwb_msgs/include/dwb_msgs/dwb_msgs/srv/generate_trajectory.hpp
[6.575s] -- Up-to-date symlink: /home/brilliant/ros2_ws/install/dwb_msgs/include/dwb_msgs/dwb_msgs/srv/generate_twists.hpp
[6.575s] -- Up-to-date symlink: /home/brilliant/ros2_ws/install/dwb_msgs/include/dwb_msgs/dwb_msgs/srv/get_critic_score.hpp
[6.576s] -- Up-to-date symlink: /home/brilliant/ros2_ws/install/dwb_msgs/include/dwb_msgs/dwb_msgs/srv/score_trajectory.hpp
[6.576s] -- Up-to-date symlink: /home/brilliant/ros2_ws/install/dwb_msgs/include/dwb_msgs/dwb_msgs/msg/detail/critic_score__rosidl_typesupport_fastrtps_cpp.hpp
[6.576s] -- Up-to-date symlink: /home/brilliant/ros2_ws/install/dwb_msgs/include/dwb_msgs/dwb_msgs/msg/detail/local_plan_evaluation__rosidl_typesupport_fastrtps_cpp.hpp
[6.585s] -- Up-to-date symlink: /home/brilliant/ros2_ws/install/dwb_msgs/include/dwb_msgs/dwb_msgs/msg/detail/trajectory2_d__rosidl_typesupport_fastrtps_cpp.hpp
[6.591s] -- Up-to-date symlink: /home/brilliant/ros2_ws/install/dwb_msgs/include/dwb_msgs/dwb_msgs/msg/detail/trajectory_score__rosidl_typesupport_fastrtps_cpp.hpp
[6.591s] -- Up-to-date symlink: /home/brilliant/ros2_ws/install/dwb_msgs/include/dwb_msgs/dwb_msgs/msg/rosidl_typesupport_fastrtps_cpp__visibility_control.h
[6.591s] -- Up-to-date symlink: /home/brilliant/ros2_ws/install/dwb_msgs/include/dwb_msgs/dwb_msgs/srv/detail/debug_local_plan__rosidl_typesupport_fastrtps_cpp.hpp
[6.592s] -- Up-to-date symlink: /home/brilliant/ros2_ws/install/dwb_msgs/include/dwb_msgs/dwb_msgs/srv/detail/generate_trajectory__rosidl_typesupport_fastrtps_cpp.hpp
[6.592s] -- Up-to-date symlink: /home/brilliant/ros2_ws/install/dwb_msgs/include/dwb_msgs/dwb_msgs/srv/detail/generate_twists__rosidl_typesupport_fastrtps_cpp.hpp
[6.592s] -- Up-to-date symlink: /home/brilliant/ros2_ws/install/dwb_msgs/include/dwb_msgs/dwb_msgs/srv/detail/get_critic_score__rosidl_typesupport_fastrtps_cpp.hpp
[6.593s] -- Up-to-date symlink: /home/brilliant/ros2_ws/install/dwb_msgs/include/dwb_msgs/dwb_msgs/srv/detail/score_trajectory__rosidl_typesupport_fastrtps_cpp.hpp
[6.593s] -- Up-to-date symlink: /home/brilliant/ros2_ws/install/dwb_msgs/include/dwb_msgs/dwb_msgs/msg/detail/critic_score__rosidl_typesupport_introspection_c.h
[6.593s] -- Up-to-date symlink: /home/brilliant/ros2_ws/install/dwb_msgs/include/dwb_msgs/dwb_msgs/msg/detail/local_plan_evaluation__rosidl_typesupport_introspection_c.h
[6.593s] -- Up-to-date symlink: /home/brilliant/ros2_ws/install/dwb_msgs/include/dwb_msgs/dwb_msgs/msg/detail/trajectory2_d__rosidl_typesupport_introspection_c.h
[6.598s] -- Up-to-date symlink: /home/brilliant/ros2_ws/install/dwb_msgs/include/dwb_msgs/dwb_msgs/msg/detail/trajectory_score__rosidl_typesupport_introspection_c.h
[6.603s] -- Up-to-date symlink: /home/brilliant/ros2_ws/install/dwb_msgs/include/dwb_msgs/dwb_msgs/msg/rosidl_typesupport_introspection_c__visibility_control.h
[6.604s] -- Up-to-date symlink: /home/brilliant/ros2_ws/install/dwb_msgs/include/dwb_msgs/dwb_msgs/srv/detail/debug_local_plan__rosidl_typesupport_introspection_c.h
[6.604s] -- Up-to-date symlink: /home/brilliant/ros2_ws/install/dwb_msgs/include/dwb_msgs/dwb_msgs/srv/detail/generate_trajectory__rosidl_typesupport_introspection_c.h
[6.604s] -- Up-to-date symlink: /home/brilliant/ros2_ws/install/dwb_msgs/include/dwb_msgs/dwb_msgs/srv/detail/generate_twists__rosidl_typesupport_introspection_c.h
[6.604s] -- Up-to-date symlink: /home/brilliant/ros2_ws/install/dwb_msgs/include/dwb_msgs/dwb_msgs/srv/detail/get_critic_score__rosidl_typesupport_introspection_c.h
[6.605s] -- Up-to-date symlink: /home/brilliant/ros2_ws/install/dwb_msgs/include/dwb_msgs/dwb_msgs/srv/detail/score_trajectory__rosidl_typesupport_introspection_c.h
[6.605s] -- Up-to-date symlink: /home/brilliant/ros2_ws/install/dwb_msgs/include/dwb_msgs/dwb_msgs/msg/detail/critic_score__rosidl_typesupport_introspection_cpp.hpp
[6.605s] -- Up-to-date symlink: /home/brilliant/ros2_ws/install/dwb_msgs/include/dwb_msgs/dwb_msgs/msg/detail/local_plan_evaluation__rosidl_typesupport_introspection_cpp.hpp
[6.616s] -- Up-to-date symlink: /home/brilliant/ros2_ws/install/dwb_msgs/include/dwb_msgs/dwb_msgs/msg/detail/trajectory2_d__rosidl_typesupport_introspection_cpp.hpp
[6.616s] -- Up-to-date symlink: /home/brilliant/ros2_ws/install/dwb_msgs/include/dwb_msgs/dwb_msgs/msg/detail/trajectory_score__rosidl_typesupport_introspection_cpp.hpp
[6.616s] -- Up-to-date symlink: /home/brilliant/ros2_ws/install/dwb_msgs/include/dwb_msgs/dwb_msgs/srv/detail/debug_local_plan__rosidl_typesupport_introspection_cpp.hpp
[6.617s] -- Up-to-date symlink: /home/brilliant/ros2_ws/install/dwb_msgs/include/dwb_msgs/dwb_msgs/srv/detail/generate_trajectory__rosidl_typesupport_introspection_cpp.hpp
[6.617s] -- Up-to-date symlink: /home/brilliant/ros2_ws/install/dwb_msgs/include/dwb_msgs/dwb_msgs/srv/detail/generate_twists__rosidl_typesupport_introspection_cpp.hpp
[6.617s] -- Up-to-date symlink: /home/brilliant/ros2_ws/install/dwb_msgs/include/dwb_msgs/dwb_msgs/srv/detail/get_critic_score__rosidl_typesupport_introspection_cpp.hpp
[6.618s] -- Up-to-date symlink: /home/brilliant/ros2_ws/install/dwb_msgs/include/dwb_msgs/dwb_msgs/srv/detail/score_trajectory__rosidl_typesupport_introspection_cpp.hpp
[6.618s] -- Up-to-date symlink: /home/brilliant/ros2_ws/install/dwb_msgs/share/dwb_msgs/environment/pythonpath.sh
[6.618s] -- Up-to-date symlink: /home/brilliant/ros2_ws/install/dwb_msgs/share/dwb_msgs/environment/pythonpath.dsv
[6.629s] -- Up-to-date symlink: /home/brilliant/ros2_ws/install/dwb_msgs/lib/python3.12/site-packages/dwb_msgs-1.3.7-py3.12.egg-info/PKG-INFO
[6.630s] -- Up-to-date symlink: /home/brilliant/ros2_ws/install/dwb_msgs/lib/python3.12/site-packages/dwb_msgs-1.3.7-py3.12.egg-info/SOURCES.txt
[6.630s] -- Up-to-date symlink: /home/brilliant/ros2_ws/install/dwb_msgs/lib/python3.12/site-packages/dwb_msgs-1.3.7-py3.12.egg-info/dependency_links.txt
[6.630s] -- Up-to-date symlink: /home/brilliant/ros2_ws/install/dwb_msgs/lib/python3.12/site-packages/dwb_msgs-1.3.7-py3.12.egg-info/top_level.txt
[6.630s] -- Up-to-date symlink: /home/brilliant/ros2_ws/install/dwb_msgs/lib/python3.12/site-packages/dwb_msgs/__init__.py
[6.631s] -- Up-to-date symlink: /home/brilliant/ros2_ws/install/dwb_msgs/lib/python3.12/site-packages/dwb_msgs/_dwb_msgs_s.ep.rosidl_typesupport_c.c
[6.631s] -- Up-to-date symlink: /home/brilliant/ros2_ws/install/dwb_msgs/lib/python3.12/site-packages/dwb_msgs/_dwb_msgs_s.ep.rosidl_typesupport_fastrtps_c.c
[6.632s] -- Up-to-date symlink: /home/brilliant/ros2_ws/install/dwb_msgs/lib/python3.12/site-packages/dwb_msgs/_dwb_msgs_s.ep.rosidl_typesupport_introspection_c.c
[6.632s] -- Up-to-date symlink: /home/brilliant/ros2_ws/install/dwb_msgs/lib/python3.12/site-packages/dwb_msgs/dwb_msgs_s__rosidl_typesupport_c.so
[6.639s] -- Up-to-date symlink: /home/brilliant/ros2_ws/install/dwb_msgs/lib/python3.12/site-packages/dwb_msgs/dwb_msgs_s__rosidl_typesupport_fastrtps_c.so
[6.639s] -- Up-to-date symlink: /home/brilliant/ros2_ws/install/dwb_msgs/lib/python3.12/site-packages/dwb_msgs/dwb_msgs_s__rosidl_typesupport_introspection_c.so
[6.639s] -- Up-to-date symlink: /home/brilliant/ros2_ws/install/dwb_msgs/lib/python3.12/site-packages/dwb_msgs/msg/__init__.py
[6.640s] -- Up-to-date symlink: /home/brilliant/ros2_ws/install/dwb_msgs/lib/python3.12/site-packages/dwb_msgs/msg/_critic_score.py
[6.640s] -- Up-to-date symlink: /home/brilliant/ros2_ws/install/dwb_msgs/lib/python3.12/site-packages/dwb_msgs/msg/_critic_score_s.c
[6.640s] -- Up-to-date symlink: /home/brilliant/ros2_ws/install/dwb_msgs/lib/python3.12/site-packages/dwb_msgs/msg/_local_plan_evaluation.py
[6.640s] -- Up-to-date symlink: /home/brilliant/ros2_ws/install/dwb_msgs/lib/python3.12/site-packages/dwb_msgs/msg/_local_plan_evaluation_s.c
[6.640s] -- Up-to-date symlink: /home/brilliant/ros2_ws/install/dwb_msgs/lib/python3.12/site-packages/dwb_msgs/msg/_trajectory2_d.py
[6.641s] -- Up-to-date symlink: /home/brilliant/ros2_ws/install/dwb_msgs/lib/python3.12/site-packages/dwb_msgs/msg/_trajectory2_d_s.c
[6.641s] -- Up-to-date symlink: /home/brilliant/ros2_ws/install/dwb_msgs/lib/python3.12/site-packages/dwb_msgs/msg/_trajectory_score.py
[6.641s] -- Up-to-date symlink: /home/brilliant/ros2_ws/install/dwb_msgs/lib/python3.12/site-packages/dwb_msgs/msg/_trajectory_score_s.c
[6.641s] -- Up-to-date symlink: /home/brilliant/ros2_ws/install/dwb_msgs/lib/python3.12/site-packages/dwb_msgs/srv/__init__.py
[6.641s] -- Up-to-date symlink: /home/brilliant/ros2_ws/install/dwb_msgs/lib/python3.12/site-packages/dwb_msgs/srv/_debug_local_plan.py
[6.650s] -- Up-to-date symlink: /home/brilliant/ros2_ws/install/dwb_msgs/lib/python3.12/site-packages/dwb_msgs/srv/_debug_local_plan_s.c
[6.650s] -- Up-to-date symlink: /home/brilliant/ros2_ws/install/dwb_msgs/lib/python3.12/site-packages/dwb_msgs/srv/_generate_trajectory.py
[6.651s] -- Up-to-date symlink: /home/brilliant/ros2_ws/install/dwb_msgs/lib/python3.12/site-packages/dwb_msgs/srv/_generate_trajectory_s.c
[6.651s] -- Up-to-date symlink: /home/brilliant/ros2_ws/install/dwb_msgs/lib/python3.12/site-packages/dwb_msgs/srv/_generate_twists.py
[6.651s] -- Up-to-date symlink: /home/brilliant/ros2_ws/install/dwb_msgs/lib/python3.12/site-packages/dwb_msgs/srv/_generate_twists_s.c
[6.651s] -- Up-to-date symlink: /home/brilliant/ros2_ws/install/dwb_msgs/lib/python3.12/site-packages/dwb_msgs/srv/_get_critic_score.py
[6.652s] -- Up-to-date symlink: /home/brilliant/ros2_ws/install/dwb_msgs/lib/python3.12/site-packages/dwb_msgs/srv/_get_critic_score_s.c
[6.652s] -- Up-to-date symlink: /home/brilliant/ros2_ws/install/dwb_msgs/lib/python3.12/site-packages/dwb_msgs/srv/_score_trajectory.py
[6.652s] -- Up-to-date symlink: /home/brilliant/ros2_ws/install/dwb_msgs/lib/python3.12/site-packages/dwb_msgs/srv/_score_trajectory_s.c
[6.652s] -- Up-to-date symlink: /home/brilliant/ros2_ws/install/dwb_msgs/lib/python3.12/site-packages/dwb_msgs/dwb_msgs_s__rosidl_typesupport_fastrtps_c.so
[6.652s] -- Up-to-date symlink: /home/brilliant/ros2_ws/install/dwb_msgs/lib/python3.12/site-packages/dwb_msgs/dwb_msgs_s__rosidl_typesupport_introspection_c.so
[6.661s] -- Up-to-date symlink: /home/brilliant/ros2_ws/install/dwb_msgs/lib/python3.12/site-packages/dwb_msgs/dwb_msgs_s__rosidl_typesupport_c.so
[6.661s] -- Up-to-date symlink: /home/brilliant/ros2_ws/install/dwb_msgs/share/dwb_msgs/msg/CriticScore.idl
[6.661s] -- Up-to-date symlink: /home/brilliant/ros2_ws/install/dwb_msgs/share/dwb_msgs/msg/LocalPlanEvaluation.idl
[6.661s] -- Up-to-date symlink: /home/brilliant/ros2_ws/install/dwb_msgs/share/dwb_msgs/msg/Trajectory2D.idl
[6.661s] -- Up-to-date symlink: /home/brilliant/ros2_ws/install/dwb_msgs/share/dwb_msgs/msg/TrajectoryScore.idl
[6.662s] -- Up-to-date symlink: /home/brilliant/ros2_ws/install/dwb_msgs/share/dwb_msgs/srv/DebugLocalPlan.idl
[6.662s] -- Up-to-date symlink: /home/brilliant/ros2_ws/install/dwb_msgs/share/dwb_msgs/srv/GenerateTrajectory.idl
[6.664s] -- Up-to-date symlink: /home/brilliant/ros2_ws/install/dwb_msgs/share/dwb_msgs/srv/GenerateTwists.idl
[6.667s] -- Up-to-date symlink: /home/brilliant/ros2_ws/install/dwb_msgs/share/dwb_msgs/srv/GetCriticScore.idl
[6.667s] -- Up-to-date symlink: /home/brilliant/ros2_ws/install/dwb_msgs/share/dwb_msgs/srv/ScoreTrajectory.idl
[6.667s] -- Up-to-date symlink: /home/brilliant/ros2_ws/install/dwb_msgs/share/dwb_msgs/msg/CriticScore.msg
[6.668s] -- Up-to-date symlink: /home/brilliant/ros2_ws/install/dwb_msgs/share/dwb_msgs/msg/LocalPlanEvaluation.msg
[6.668s] -- Up-to-date symlink: /home/brilliant/ros2_ws/install/dwb_msgs/share/dwb_msgs/msg/Trajectory2D.msg
[6.668s] -- Up-to-date symlink: /home/brilliant/ros2_ws/install/dwb_msgs/share/dwb_msgs/msg/TrajectoryScore.msg
[6.668s] -- Up-to-date symlink: /home/brilliant/ros2_ws/install/dwb_msgs/share/dwb_msgs/srv/DebugLocalPlan.srv
[6.669s] -- Up-to-date symlink: /home/brilliant/ros2_ws/install/dwb_msgs/share/dwb_msgs/srv/GenerateTrajectory.srv
[6.669s] -- Up-to-date symlink: /home/brilliant/ros2_ws/install/dwb_msgs/share/dwb_msgs/srv/GenerateTwists.srv
[6.669s] -- Up-to-date symlink: /home/brilliant/ros2_ws/install/dwb_msgs/share/dwb_msgs/srv/GetCriticScore.srv
[6.669s] -- Up-to-date symlink: /home/brilliant/ros2_ws/install/dwb_msgs/share/dwb_msgs/srv/ScoreTrajectory.srv
[6.680s] -- Up-to-date symlink: /home/brilliant/ros2_ws/install/dwb_msgs/share/ament_index/resource_index/package_run_dependencies/dwb_msgs
[6.680s] -- Up-to-date symlink: /home/brilliant/ros2_ws/install/dwb_msgs/share/ament_index/resource_index/parent_prefix_path/dwb_msgs
[6.680s] -- Up-to-date symlink: /home/brilliant/ros2_ws/install/dwb_msgs/share/dwb_msgs/environment/ament_prefix_path.sh
[6.680s] -- Up-to-date symlink: /home/brilliant/ros2_ws/install/dwb_msgs/share/dwb_msgs/environment/ament_prefix_path.dsv
[6.681s] -- Up-to-date symlink: /home/brilliant/ros2_ws/install/dwb_msgs/share/dwb_msgs/environment/path.sh
[6.681s] -- Up-to-date symlink: /home/brilliant/ros2_ws/install/dwb_msgs/share/dwb_msgs/environment/path.dsv
[6.687s] -- Up-to-date symlink: /home/brilliant/ros2_ws/install/dwb_msgs/share/dwb_msgs/local_setup.bash
[6.687s] -- Up-to-date symlink: /home/brilliant/ros2_ws/install/dwb_msgs/share/dwb_msgs/local_setup.sh
[6.687s] -- Up-to-date symlink: /home/brilliant/ros2_ws/install/dwb_msgs/share/dwb_msgs/local_setup.zsh
[6.692s] -- Up-to-date symlink: /home/brilliant/ros2_ws/install/dwb_msgs/share/dwb_msgs/local_setup.dsv
[6.692s] -- Symlinking: /home/brilliant/ros2_ws/install/dwb_msgs/share/dwb_msgs/package.dsv
[6.815s] -- Up-to-date symlink: /home/brilliant/ros2_ws/install/dwb_msgs/share/ament_index/resource_index/packages/dwb_msgs
[6.816s] -- Up-to-date symlink: /home/brilliant/ros2_ws/install/dwb_msgs/share/dwb_msgs/cmake/rosidl_cmake-extras.cmake
[6.816s] -- Up-to-date symlink: /home/brilliant/ros2_ws/install/dwb_msgs/share/dwb_msgs/cmake/ament_cmake_export_dependencies-extras.cmake
[6.816s] -- Up-to-date symlink: /home/brilliant/ros2_ws/install/dwb_msgs/share/dwb_msgs/cmake/ament_cmake_export_include_directories-extras.cmake
[6.816s] -- Up-to-date symlink: /home/brilliant/ros2_ws/install/dwb_msgs/share/dwb_msgs/cmake/ament_cmake_export_libraries-extras.cmake
[6.817s] -- Up-to-date symlink: /home/brilliant/ros2_ws/install/dwb_msgs/share/dwb_msgs/cmake/ament_cmake_export_targets-extras.cmake
[6.817s] -- Up-to-date symlink: /home/brilliant/ros2_ws/install/dwb_msgs/share/dwb_msgs/cmake/rosidl_cmake_export_typesupport_targets-extras.cmake
[6.830s] -- Up-to-date symlink: /home/brilliant/ros2_ws/install/dwb_msgs/share/dwb_msgs/cmake/rosidl_cmake_export_typesupport_libraries-extras.cmake
[6.833s] -- Up-to-date symlink: /home/brilliant/ros2_ws/install/dwb_msgs/share/dwb_msgs/cmake/dwb_msgsConfig.cmake
[6.834s] -- Up-to-date symlink: /home/brilliant/ros2_ws/install/dwb_msgs/share/dwb_msgs/cmake/dwb_msgsConfig-version.cmake
[6.834s] -- Up-to-date symlink: /home/brilliant/ros2_ws/install/dwb_msgs/share/dwb_msgs/package.xml
[6.840s] -- Up-to-date: /home/brilliant/ros2_ws/install/dwb_msgs/lib/libdwb_msgs__rosidl_generator_c.so
[6.840s] -- Up-to-date: /home/brilliant/ros2_ws/install/dwb_msgs/lib/libdwb_msgs__rosidl_typesupport_fastrtps_c.so
[6.842s] -- Up-to-date: /home/brilliant/ros2_ws/install/dwb_msgs/lib/libdwb_msgs__rosidl_typesupport_fastrtps_cpp.so
[6.857s] -- Up-to-date: /home/brilliant/ros2_ws/install/dwb_msgs/lib/libdwb_msgs__rosidl_typesupport_introspection_c.so
[6.857s] -- Up-to-date: /home/brilliant/ros2_ws/install/dwb_msgs/lib/libdwb_msgs__rosidl_typesupport_c.so
[6.857s] -- Up-to-date: /home/brilliant/ros2_ws/install/dwb_msgs/lib/libdwb_msgs__rosidl_typesupport_introspection_cpp.so
[6.857s] -- Up-to-date: /home/brilliant/ros2_ws/install/dwb_msgs/lib/libdwb_msgs__rosidl_typesupport_cpp.so
[7.209s] Listing '/home/brilliant/ros2_ws/install/dwb_msgs/lib/python3.12/site-packages/dwb_msgs'...
[7.209s] Listing '/home/brilliant/ros2_ws/install/dwb_msgs/lib/python3.12/site-packages/dwb_msgs/msg'...
[7.209s] Listing '/home/brilliant/ros2_ws/install/dwb_msgs/lib/python3.12/site-packages/dwb_msgs/srv'...
[7.276s] -- Up-to-date: /home/brilliant/ros2_ws/install/dwb_msgs/lib/libdwb_msgs__rosidl_generator_py.so
[7.278s] -- Up-to-date: /home/brilliant/ros2_ws/install/dwb_msgs/share/dwb_msgs/cmake/export_dwb_msgs__rosidl_generator_cExport.cmake
[7.280s] -- Up-to-date: /home/brilliant/ros2_ws/install/dwb_msgs/share/dwb_msgs/cmake/export_dwb_msgs__rosidl_generator_cExport-noconfig.cmake
[7.280s] -- Up-to-date: /home/brilliant/ros2_ws/install/dwb_msgs/share/dwb_msgs/cmake/export_dwb_msgs__rosidl_typesupport_fastrtps_cExport.cmake
[7.283s] -- Up-to-date: /home/brilliant/ros2_ws/install/dwb_msgs/share/dwb_msgs/cmake/export_dwb_msgs__rosidl_typesupport_fastrtps_cExport-noconfig.cmake
[7.283s] -- Up-to-date: /home/brilliant/ros2_ws/install/dwb_msgs/share/dwb_msgs/cmake/export_dwb_msgs__rosidl_generator_cppExport.cmake
[7.283s] -- Up-to-date: /home/brilliant/ros2_ws/install/dwb_msgs/share/dwb_msgs/cmake/export_dwb_msgs__rosidl_typesupport_fastrtps_cppExport.cmake
[7.283s] -- Up-to-date: /home/brilliant/ros2_ws/install/dwb_msgs/share/dwb_msgs/cmake/export_dwb_msgs__rosidl_typesupport_fastrtps_cppExport-noconfig.cmake
[7.291s] -- Up-to-date: /home/brilliant/ros2_ws/install/dwb_msgs/share/dwb_msgs/cmake/dwb_msgs__rosidl_typesupport_introspection_cExport.cmake
[7.291s] -- Up-to-date: /home/brilliant/ros2_ws/install/dwb_msgs/share/dwb_msgs/cmake/dwb_msgs__rosidl_typesupport_introspection_cExport-noconfig.cmake
[7.292s] -- Up-to-date: /home/brilliant/ros2_ws/install/dwb_msgs/share/dwb_msgs/cmake/dwb_msgs__rosidl_typesupport_cExport.cmake
[7.292s] -- Up-to-date: /home/brilliant/ros2_ws/install/dwb_msgs/share/dwb_msgs/cmake/dwb_msgs__rosidl_typesupport_cExport-noconfig.cmake
[7.292s] -- Up-to-date: /home/brilliant/ros2_ws/install/dwb_msgs/share/dwb_msgs/cmake/dwb_msgs__rosidl_typesupport_introspection_cppExport.cmake
[7.292s] -- Up-to-date: /home/brilliant/ros2_ws/install/dwb_msgs/share/dwb_msgs/cmake/dwb_msgs__rosidl_typesupport_introspection_cppExport-noconfig.cmake
[7.298s] -- Up-to-date: /home/brilliant/ros2_ws/install/dwb_msgs/share/dwb_msgs/cmake/dwb_msgs__rosidl_typesupport_cppExport.cmake
[7.298s] -- Up-to-date: /home/brilliant/ros2_ws/install/dwb_msgs/share/dwb_msgs/cmake/dwb_msgs__rosidl_typesupport_cppExport-noconfig.cmake
[7.301s] -- Up-to-date: /home/brilliant/ros2_ws/install/dwb_msgs/share/dwb_msgs/cmake/export_dwb_msgs__rosidl_generator_pyExport.cmake
[7.301s] -- Up-to-date: /home/brilliant/ros2_ws/install/dwb_msgs/share/dwb_msgs/cmake/export_dwb_msgs__rosidl_generator_pyExport-noconfig.cmake
[7.325s] Invoked command in '/home/brilliant/ros2_ws/build/dwb_msgs' returned '0': CMAKE_PREFIX_PATH=/home/brilliant/ros2_ws/install/nav_2d_msgs:/home/brilliant/ros2_ws/install/sllidar_ros2:/home/brilliant/ros2_ws/install/serial:/home/brilliant/ros2_ws/install/nav2_system_tests:/home/brilliant/ros2_ws/install/nav2_bringup:/home/brilliant/ros2_ws/install/navigation2:/home/brilliant/ros2_ws/install/opennav_docking:/home/brilliant/ros2_ws/install/opennav_docking_core:/home/brilliant/ros2_ws/install/opennav_docking_bt:/home/brilliant/ros2_ws/install/nav2_smoother:/home/brilliant/ros2_ws/install/nav2_rotation_shim_controller:/home/brilliant/ros2_ws/install/nav2_graceful_controller:/home/brilliant/ros2_ws/install/nav2_dwb_controller:/home/brilliant/ros2_ws/install/nav2_controller:/home/brilliant/ros2_ws/install/dwb_plugins:/home/brilliant/ros2_ws/install/dwb_critics:/home/brilliant/ros2_ws/install/dwb_core:/home/brilliant/ros2_ws/install/nav_2d_utils:/home/brilliant/ros2_ws/install/dwb_msgs:/home/brilliant/ros2_ws/install/nav2_waypoint_follower:/home/brilliant/ros2_ws/install/nav2_theta_star_planner:/home/brilliant/ros2_ws/install/nav2_smac_planner:/home/brilliant/ros2_ws/install/nav2_regulated_pure_pursuit_controller:/home/brilliant/ros2_ws/install/nav2_planner:/home/brilliant/ros2_ws/install/nav2_navfn_planner:/home/brilliant/ros2_ws/install/nav2_mppi_controller:/home/brilliant/ros2_ws/install/nav2_constrained_smoother:/home/brilliant/ros2_ws/install/nav2_bt_navigator:/home/brilliant/ros2_ws/install/nav2_behaviors:/home/brilliant/ros2_ws/install/nav2_core:/home/brilliant/ros2_ws/install/nav2_collision_monitor:/home/brilliant/ros2_ws/install/costmap_queue:/home/brilliant/ros2_ws/install/nav2_costmap_2d:/home/brilliant/ros2_ws/install/nav2_voxel_grid:/home/brilliant/ros2_ws/install/nav2_velocity_smoother:/home/brilliant/ros2_ws/install/nav2_rviz_plugins:/home/brilliant/ros2_ws/install/nav2_map_server:/home/brilliant/ros2_ws/install/nav2_lifecycle_manager:/home/brilliant/ros2_ws/install/nav2_behavior_tree:/home/brilliant/ros2_ws/install/nav2_amcl:/home/brilliant/ros2_ws/install/nav2_util:/home/brilliant/ros2_ws/install/nav2_msgs:/home/brilliant/ros2_ws/install/nav2_common:/home/brilliant/ros2_ws/install/minibot:/home/brilliant/ros2_ws/install/diffdrive_arduino:/opt/ros/jazzy/opt/gz_sim_vendor:/opt/ros/jazzy/opt/gz_sensors_vendor:/opt/ros/jazzy/opt/gz_physics_vendor:/opt/ros/jazzy/opt/sdformat_vendor:/opt/ros/jazzy/opt/gz_gui_vendor:/opt/ros/jazzy/opt/gz_transport_vendor:/opt/ros/jazzy/opt/gz_rendering_vendor:/opt/ros/jazzy/opt/gz_plugin_vendor:/opt/ros/jazzy/opt/gz_fuel_tools_vendor:/opt/ros/jazzy/opt/gz_msgs_vendor:/opt/ros/jazzy/opt/gz_common_vendor:/opt/ros/jazzy/opt/gz_math_vendor:/opt/ros/jazzy/opt/gz_utils_vendor:/opt/ros/jazzy/opt/gz_tools_vendor:/opt/ros/jazzy/opt/gz_ogre_next_vendor:/opt/ros/jazzy/opt/gz_dartsim_vendor:/opt/ros/jazzy/opt/gz_cmake_vendor:/home/brilliant/ros2_ws/install/twist_stamper:/home/brilliant/ros2_ws/install/nav2_simple_commander:/home/brilliant/ros2_ws/install/nav2_loopback_sim:/opt/ros/jazzy DEBUGINFOD_URLS=https://debuginfod.ubuntu.com LD_LIBRARY_PATH=/home/brilliant/ros2_ws/install/nav_2d_msgs/lib:/home/brilliant/ros2_ws/install/serial/lib:/home/brilliant/ros2_ws/install/nav2_system_tests/lib:/home/brilliant/ros2_ws/install/opennav_docking/lib:/home/brilliant/ros2_ws/install/opennav_docking_bt/lib:/home/brilliant/ros2_ws/install/nav2_smoother/lib:/home/brilliant/ros2_ws/install/nav2_rotation_shim_controller/lib:/home/brilliant/ros2_ws/install/nav2_graceful_controller/lib:/home/brilliant/ros2_ws/install/nav2_controller/lib:/home/brilliant/ros2_ws/install/dwb_plugins/lib:/home/brilliant/ros2_ws/install/dwb_critics/lib:/home/brilliant/ros2_ws/install/dwb_core/lib:/home/brilliant/ros2_ws/install/nav_2d_utils/lib:/home/brilliant/ros2_ws/install/dwb_msgs/lib:/home/brilliant/ros2_ws/install/nav2_waypoint_follower/lib:/home/brilliant/ros2_ws/install/nav2_theta_star_planner/lib:/home/brilliant/ros2_ws/install/nav2_smac_planner/lib:/home/brilliant/ros2_ws/install/nav2_regulated_pure_pursuit_controller/lib:/home/brilliant/ros2_ws/install/nav2_planner/lib:/home/brilliant/ros2_ws/install/nav2_navfn_planner/lib:/home/brilliant/ros2_ws/install/nav2_mppi_controller/lib:/home/brilliant/ros2_ws/install/nav2_constrained_smoother/lib:/home/brilliant/ros2_ws/install/nav2_bt_navigator/lib:/home/brilliant/ros2_ws/install/nav2_behaviors/lib:/home/brilliant/ros2_ws/install/nav2_collision_monitor/lib:/home/brilliant/ros2_ws/install/costmap_queue/lib:/home/brilliant/ros2_ws/install/nav2_costmap_2d/lib:/home/brilliant/ros2_ws/install/nav2_voxel_grid/lib:/home/brilliant/ros2_ws/install/nav2_velocity_smoother/lib:/home/brilliant/ros2_ws/install/nav2_rviz_plugins/lib:/home/brilliant/ros2_ws/install/nav2_map_server/lib:/home/brilliant/ros2_ws/install/nav2_lifecycle_manager/lib:/home/brilliant/ros2_ws/install/nav2_behavior_tree/lib:/home/brilliant/ros2_ws/install/nav2_amcl/lib:/home/brilliant/ros2_ws/install/nav2_util/lib:/home/brilliant/ros2_ws/install/nav2_msgs/lib:/home/brilliant/ros2_ws/install/diffdrive_arduino/lib:/opt/ros/jazzy/opt/gz_sim_vendor/lib:/opt/ros/jazzy/opt/gz_sensors_vendor/lib:/opt/ros/jazzy/opt/gz_physics_vendor/lib:/opt/ros/jazzy/opt/sdformat_vendor/lib:/opt/ros/jazzy/opt/rviz_ogre_vendor/lib:/opt/ros/jazzy/lib/x86_64-linux-gnu:/opt/ros/jazzy/opt/gz_gui_vendor/lib:/opt/ros/jazzy/opt/gz_transport_vendor/lib:/opt/ros/jazzy/opt/gz_rendering_vendor/lib:/opt/ros/jazzy/opt/gz_plugin_vendor/lib:/opt/ros/jazzy/opt/gz_fuel_tools_vendor/lib:/opt/ros/jazzy/opt/gz_msgs_vendor/lib:/opt/ros/jazzy/opt/gz_common_vendor/lib:/opt/ros/jazzy/opt/gz_math_vendor/lib:/opt/ros/jazzy/opt/gz_utils_vendor/lib:/opt/ros/jazzy/opt/gz_tools_vendor/lib:/opt/ros/jazzy/opt/gz_ogre_next_vendor/lib:/opt/ros/jazzy/opt/gz_dartsim_vendor/lib:/opt/ros/jazzy/opt/gz_cmake_vendor/lib:/opt/ros/jazzy/lib PYTHONPATH=/home/brilliant/ros2_ws/install/nav_2d_msgs/lib/python3.12/site-packages:/home/brilliant/ros2_ws/build/twist_stamper:/home/brilliant/ros2_ws/install/twist_stamper/lib/python3.12/site-packages:/home/brilliant/ros2_ws/install/dwb_msgs/lib/python3.12/site-packages:/home/brilliant/ros2_ws/build/nav2_simple_commander:/home/brilliant/ros2_ws/install/nav2_simple_commander/lib/python3.12/site-packages:/home/brilliant/ros2_ws/install/nav2_msgs/lib/python3.12/site-packages:/home/brilliant/ros2_ws/build/nav2_loopback_sim:/home/brilliant/ros2_ws/install/nav2_loopback_sim/lib/python3.12/site-packages:/home/brilliant/ros2_ws/install/nav2_common/lib/python3.12/site-packages:/opt/ros/jazzy/lib/python3.12/site-packages /usr/bin/cmake --install /home/brilliant/ros2_ws/build/dwb_msgs
