[0.057s] Invoking command in '/home/brilliant/ros2_ws/build/dwb_msgs': CMAKE_PREFIX_PATH=/home/brilliant/ros2_ws/install/nav_2d_msgs:/home/brilliant/ros2_ws/install/sllidar_ros2:/home/brilliant/ros2_ws/install/serial:/home/brilliant/ros2_ws/install/nav2_system_tests:/home/brilliant/ros2_ws/install/nav2_bringup:/home/brilliant/ros2_ws/install/navigation2:/home/brilliant/ros2_ws/install/opennav_docking:/home/brilliant/ros2_ws/install/opennav_docking_core:/home/brilliant/ros2_ws/install/opennav_docking_bt:/home/brilliant/ros2_ws/install/nav2_smoother:/home/brilliant/ros2_ws/install/nav2_rotation_shim_controller:/home/brilliant/ros2_ws/install/nav2_graceful_controller:/home/brilliant/ros2_ws/install/nav2_dwb_controller:/home/brilliant/ros2_ws/install/nav2_controller:/home/brilliant/ros2_ws/install/dwb_plugins:/home/brilliant/ros2_ws/install/dwb_critics:/home/brilliant/ros2_ws/install/dwb_core:/home/brilliant/ros2_ws/install/nav_2d_utils:/home/brilliant/ros2_ws/install/dwb_msgs:/home/brilliant/ros2_ws/install/nav2_waypoint_follower:/home/brilliant/ros2_ws/install/nav2_theta_star_planner:/home/brilliant/ros2_ws/install/nav2_smac_planner:/home/brilliant/ros2_ws/install/nav2_regulated_pure_pursuit_controller:/home/brilliant/ros2_ws/install/nav2_planner:/home/brilliant/ros2_ws/install/nav2_navfn_planner:/home/brilliant/ros2_ws/install/nav2_mppi_controller:/home/brilliant/ros2_ws/install/nav2_constrained_smoother:/home/brilliant/ros2_ws/install/nav2_bt_navigator:/home/brilliant/ros2_ws/install/nav2_behaviors:/home/brilliant/ros2_ws/install/nav2_core:/home/brilliant/ros2_ws/install/nav2_collision_monitor:/home/brilliant/ros2_ws/install/costmap_queue:/home/brilliant/ros2_ws/install/nav2_costmap_2d:/home/brilliant/ros2_ws/install/nav2_voxel_grid:/home/brilliant/ros2_ws/install/nav2_velocity_smoother:/home/brilliant/ros2_ws/install/nav2_rviz_plugins:/home/brilliant/ros2_ws/install/nav2_map_server:/home/brilliant/ros2_ws/install/nav2_lifecycle_manager:/home/brilliant/ros2_ws/install/nav2_behavior_tree:/home/brilliant/ros2_ws/install/nav2_amcl:/home/brilliant/ros2_ws/install/nav2_util:/home/brilliant/ros2_ws/install/nav2_msgs:/home/brilliant/ros2_ws/install/nav2_common:/home/brilliant/ros2_ws/install/minibot:/home/brilliant/ros2_ws/install/diffdrive_arduino:/opt/ros/jazzy/opt/gz_sim_vendor:/opt/ros/jazzy/opt/gz_sensors_vendor:/opt/ros/jazzy/opt/gz_physics_vendor:/opt/ros/jazzy/opt/sdformat_vendor:/opt/ros/jazzy/opt/gz_gui_vendor:/opt/ros/jazzy/opt/gz_transport_vendor:/opt/ros/jazzy/opt/gz_rendering_vendor:/opt/ros/jazzy/opt/gz_plugin_vendor:/opt/ros/jazzy/opt/gz_fuel_tools_vendor:/opt/ros/jazzy/opt/gz_msgs_vendor:/opt/ros/jazzy/opt/gz_common_vendor:/opt/ros/jazzy/opt/gz_math_vendor:/opt/ros/jazzy/opt/gz_utils_vendor:/opt/ros/jazzy/opt/gz_tools_vendor:/opt/ros/jazzy/opt/gz_ogre_next_vendor:/opt/ros/jazzy/opt/gz_dartsim_vendor:/opt/ros/jazzy/opt/gz_cmake_vendor:/home/brilliant/ros2_ws/install/twist_stamper:/home/brilliant/ros2_ws/install/nav2_simple_commander:/home/brilliant/ros2_ws/install/nav2_loopback_sim:/opt/ros/jazzy DEBUGINFOD_URLS=https://debuginfod.ubuntu.com LD_LIBRARY_PATH=/home/brilliant/ros2_ws/install/nav_2d_msgs/lib:/home/brilliant/ros2_ws/install/serial/lib:/home/brilliant/ros2_ws/install/nav2_system_tests/lib:/home/brilliant/ros2_ws/install/opennav_docking/lib:/home/brilliant/ros2_ws/install/opennav_docking_bt/lib:/home/brilliant/ros2_ws/install/nav2_smoother/lib:/home/brilliant/ros2_ws/install/nav2_rotation_shim_controller/lib:/home/brilliant/ros2_ws/install/nav2_graceful_controller/lib:/home/brilliant/ros2_ws/install/nav2_controller/lib:/home/brilliant/ros2_ws/install/dwb_plugins/lib:/home/brilliant/ros2_ws/install/dwb_critics/lib:/home/brilliant/ros2_ws/install/dwb_core/lib:/home/brilliant/ros2_ws/install/nav_2d_utils/lib:/home/brilliant/ros2_ws/install/dwb_msgs/lib:/home/brilliant/ros2_ws/install/nav2_waypoint_follower/lib:/home/brilliant/ros2_ws/install/nav2_theta_star_planner/lib:/home/brilliant/ros2_ws/install/nav2_smac_planner/lib:/home/brilliant/ros2_ws/install/nav2_regulated_pure_pursuit_controller/lib:/home/brilliant/ros2_ws/install/nav2_planner/lib:/home/brilliant/ros2_ws/install/nav2_navfn_planner/lib:/home/brilliant/ros2_ws/install/nav2_mppi_controller/lib:/home/brilliant/ros2_ws/install/nav2_constrained_smoother/lib:/home/brilliant/ros2_ws/install/nav2_bt_navigator/lib:/home/brilliant/ros2_ws/install/nav2_behaviors/lib:/home/brilliant/ros2_ws/install/nav2_collision_monitor/lib:/home/brilliant/ros2_ws/install/costmap_queue/lib:/home/brilliant/ros2_ws/install/nav2_costmap_2d/lib:/home/brilliant/ros2_ws/install/nav2_voxel_grid/lib:/home/brilliant/ros2_ws/install/nav2_velocity_smoother/lib:/home/brilliant/ros2_ws/install/nav2_rviz_plugins/lib:/home/brilliant/ros2_ws/install/nav2_map_server/lib:/home/brilliant/ros2_ws/install/nav2_lifecycle_manager/lib:/home/brilliant/ros2_ws/install/nav2_behavior_tree/lib:/home/brilliant/ros2_ws/install/nav2_amcl/lib:/home/brilliant/ros2_ws/install/nav2_util/lib:/home/brilliant/ros2_ws/install/nav2_msgs/lib:/home/brilliant/ros2_ws/install/diffdrive_arduino/lib:/opt/ros/jazzy/opt/gz_sim_vendor/lib:/opt/ros/jazzy/opt/gz_sensors_vendor/lib:/opt/ros/jazzy/opt/gz_physics_vendor/lib:/opt/ros/jazzy/opt/sdformat_vendor/lib:/opt/ros/jazzy/opt/rviz_ogre_vendor/lib:/opt/ros/jazzy/lib/x86_64-linux-gnu:/opt/ros/jazzy/opt/gz_gui_vendor/lib:/opt/ros/jazzy/opt/gz_transport_vendor/lib:/opt/ros/jazzy/opt/gz_rendering_vendor/lib:/opt/ros/jazzy/opt/gz_plugin_vendor/lib:/opt/ros/jazzy/opt/gz_fuel_tools_vendor/lib:/opt/ros/jazzy/opt/gz_msgs_vendor/lib:/opt/ros/jazzy/opt/gz_common_vendor/lib:/opt/ros/jazzy/opt/gz_math_vendor/lib:/opt/ros/jazzy/opt/gz_utils_vendor/lib:/opt/ros/jazzy/opt/gz_tools_vendor/lib:/opt/ros/jazzy/opt/gz_ogre_next_vendor/lib:/opt/ros/jazzy/opt/gz_dartsim_vendor/lib:/opt/ros/jazzy/opt/gz_cmake_vendor/lib:/opt/ros/jazzy/lib PYTHONPATH=/home/brilliant/ros2_ws/install/nav_2d_msgs/lib/python3.12/site-packages:/home/brilliant/ros2_ws/build/twist_stamper:/home/brilliant/ros2_ws/install/twist_stamper/lib/python3.12/site-packages:/home/brilliant/ros2_ws/install/dwb_msgs/lib/python3.12/site-packages:/home/brilliant/ros2_ws/build/nav2_simple_commander:/home/brilliant/ros2_ws/install/nav2_simple_commander/lib/python3.12/site-packages:/home/brilliant/ros2_ws/install/nav2_msgs/lib/python3.12/site-packages:/home/brilliant/ros2_ws/build/nav2_loopback_sim:/home/brilliant/ros2_ws/install/nav2_loopback_sim/lib/python3.12/site-packages:/home/brilliant/ros2_ws/install/nav2_common/lib/python3.12/site-packages:/opt/ros/jazzy/lib/python3.12/site-packages /usr/bin/cmake --build /home/brilliant/ros2_ws/build/dwb_msgs -- -j4 -l4
[0.346s] [  1%] Built target dwb_msgs__rosidl_generator_type_description
[0.509s] [  1%] Built target ament_cmake_python_symlink_dwb_msgs
[0.611s] [ 27%] Built target dwb_msgs__rosidl_generator_c
[1.489s] running egg_info
[1.567s] writing dwb_msgs.egg-info/PKG-INFO
[1.567s] writing dependency_links to dwb_msgs.egg-info/dependency_links.txt
[1.570s] writing top-level names to dwb_msgs.egg-info/top_level.txt
[1.896s] reading manifest file 'dwb_msgs.egg-info/SOURCES.txt'
[1.900s] writing manifest file 'dwb_msgs.egg-info/SOURCES.txt'
[2.108s] [ 27%] Built target ament_cmake_python_build_dwb_msgs_egg
[2.277s] [ 37%] Built target dwb_msgs__rosidl_typesupport_introspection_c
[2.454s] [ 47%] Built target dwb_msgs__rosidl_typesupport_c
[2.640s] [ 56%] Built target dwb_msgs__rosidl_typesupport_fastrtps_c
[2.762s] [ 56%] Built target dwb_msgs__cpp
[2.972s] [ 66%] Built target dwb_msgs__rosidl_typesupport_cpp
[3.098s] [ 75%] Built target dwb_msgs__rosidl_typesupport_introspection_cpp
[3.316s] [ 85%] Built target dwb_msgs__rosidl_typesupport_fastrtps_cpp
[3.485s] [ 85%] Built target dwb_msgs
[3.643s] [ 86%] Built target dwb_msgs__py
[3.883s] [ 94%] Built target dwb_msgs__rosidl_generator_py
[4.072s] [ 96%] Built target dwb_msgs_s__rosidl_typesupport_fastrtps_c
[4.217s] [ 98%] Built target dwb_msgs_s__rosidl_typesupport_c
[4.355s] [100%] Built target dwb_msgs_s__rosidl_typesupport_introspection_c
[4.809s] Invoked command in '/home/brilliant/ros2_ws/build/dwb_msgs' returned '0': CMAKE_PREFIX_PATH=/home/brilliant/ros2_ws/install/nav_2d_msgs:/home/brilliant/ros2_ws/install/sllidar_ros2:/home/brilliant/ros2_ws/install/serial:/home/brilliant/ros2_ws/install/nav2_system_tests:/home/brilliant/ros2_ws/install/nav2_bringup:/home/brilliant/ros2_ws/install/navigation2:/home/brilliant/ros2_ws/install/opennav_docking:/home/brilliant/ros2_ws/install/opennav_docking_core:/home/brilliant/ros2_ws/install/opennav_docking_bt:/home/brilliant/ros2_ws/install/nav2_smoother:/home/brilliant/ros2_ws/install/nav2_rotation_shim_controller:/home/brilliant/ros2_ws/install/nav2_graceful_controller:/home/brilliant/ros2_ws/install/nav2_dwb_controller:/home/brilliant/ros2_ws/install/nav2_controller:/home/brilliant/ros2_ws/install/dwb_plugins:/home/brilliant/ros2_ws/install/dwb_critics:/home/brilliant/ros2_ws/install/dwb_core:/home/brilliant/ros2_ws/install/nav_2d_utils:/home/brilliant/ros2_ws/install/dwb_msgs:/home/brilliant/ros2_ws/install/nav2_waypoint_follower:/home/brilliant/ros2_ws/install/nav2_theta_star_planner:/home/brilliant/ros2_ws/install/nav2_smac_planner:/home/brilliant/ros2_ws/install/nav2_regulated_pure_pursuit_controller:/home/brilliant/ros2_ws/install/nav2_planner:/home/brilliant/ros2_ws/install/nav2_navfn_planner:/home/brilliant/ros2_ws/install/nav2_mppi_controller:/home/brilliant/ros2_ws/install/nav2_constrained_smoother:/home/brilliant/ros2_ws/install/nav2_bt_navigator:/home/brilliant/ros2_ws/install/nav2_behaviors:/home/brilliant/ros2_ws/install/nav2_core:/home/brilliant/ros2_ws/install/nav2_collision_monitor:/home/brilliant/ros2_ws/install/costmap_queue:/home/brilliant/ros2_ws/install/nav2_costmap_2d:/home/brilliant/ros2_ws/install/nav2_voxel_grid:/home/brilliant/ros2_ws/install/nav2_velocity_smoother:/home/brilliant/ros2_ws/install/nav2_rviz_plugins:/home/brilliant/ros2_ws/install/nav2_map_server:/home/brilliant/ros2_ws/install/nav2_lifecycle_manager:/home/brilliant/ros2_ws/install/nav2_behavior_tree:/home/brilliant/ros2_ws/install/nav2_amcl:/home/brilliant/ros2_ws/install/nav2_util:/home/brilliant/ros2_ws/install/nav2_msgs:/home/brilliant/ros2_ws/install/nav2_common:/home/brilliant/ros2_ws/install/minibot:/home/brilliant/ros2_ws/install/diffdrive_arduino:/opt/ros/jazzy/opt/gz_sim_vendor:/opt/ros/jazzy/opt/gz_sensors_vendor:/opt/ros/jazzy/opt/gz_physics_vendor:/opt/ros/jazzy/opt/sdformat_vendor:/opt/ros/jazzy/opt/gz_gui_vendor:/opt/ros/jazzy/opt/gz_transport_vendor:/opt/ros/jazzy/opt/gz_rendering_vendor:/opt/ros/jazzy/opt/gz_plugin_vendor:/opt/ros/jazzy/opt/gz_fuel_tools_vendor:/opt/ros/jazzy/opt/gz_msgs_vendor:/opt/ros/jazzy/opt/gz_common_vendor:/opt/ros/jazzy/opt/gz_math_vendor:/opt/ros/jazzy/opt/gz_utils_vendor:/opt/ros/jazzy/opt/gz_tools_vendor:/opt/ros/jazzy/opt/gz_ogre_next_vendor:/opt/ros/jazzy/opt/gz_dartsim_vendor:/opt/ros/jazzy/opt/gz_cmake_vendor:/home/brilliant/ros2_ws/install/twist_stamper:/home/brilliant/ros2_ws/install/nav2_simple_commander:/home/brilliant/ros2_ws/install/nav2_loopback_sim:/opt/ros/jazzy DEBUGINFOD_URLS=https://debuginfod.ubuntu.com LD_LIBRARY_PATH=/home/brilliant/ros2_ws/install/nav_2d_msgs/lib:/home/brilliant/ros2_ws/install/serial/lib:/home/brilliant/ros2_ws/install/nav2_system_tests/lib:/home/brilliant/ros2_ws/install/opennav_docking/lib:/home/brilliant/ros2_ws/install/opennav_docking_bt/lib:/home/brilliant/ros2_ws/install/nav2_smoother/lib:/home/brilliant/ros2_ws/install/nav2_rotation_shim_controller/lib:/home/brilliant/ros2_ws/install/nav2_graceful_controller/lib:/home/brilliant/ros2_ws/install/nav2_controller/lib:/home/brilliant/ros2_ws/install/dwb_plugins/lib:/home/brilliant/ros2_ws/install/dwb_critics/lib:/home/brilliant/ros2_ws/install/dwb_core/lib:/home/brilliant/ros2_ws/install/nav_2d_utils/lib:/home/brilliant/ros2_ws/install/dwb_msgs/lib:/home/brilliant/ros2_ws/install/nav2_waypoint_follower/lib:/home/brilliant/ros2_ws/install/nav2_theta_star_planner/lib:/home/brilliant/ros2_ws/install/nav2_smac_planner/lib:/home/brilliant/ros2_ws/install/nav2_regulated_pure_pursuit_controller/lib:/home/brilliant/ros2_ws/install/nav2_planner/lib:/home/brilliant/ros2_ws/install/nav2_navfn_planner/lib:/home/brilliant/ros2_ws/install/nav2_mppi_controller/lib:/home/brilliant/ros2_ws/install/nav2_constrained_smoother/lib:/home/brilliant/ros2_ws/install/nav2_bt_navigator/lib:/home/brilliant/ros2_ws/install/nav2_behaviors/lib:/home/brilliant/ros2_ws/install/nav2_collision_monitor/lib:/home/brilliant/ros2_ws/install/costmap_queue/lib:/home/brilliant/ros2_ws/install/nav2_costmap_2d/lib:/home/brilliant/ros2_ws/install/nav2_voxel_grid/lib:/home/brilliant/ros2_ws/install/nav2_velocity_smoother/lib:/home/brilliant/ros2_ws/install/nav2_rviz_plugins/lib:/home/brilliant/ros2_ws/install/nav2_map_server/lib:/home/brilliant/ros2_ws/install/nav2_lifecycle_manager/lib:/home/brilliant/ros2_ws/install/nav2_behavior_tree/lib:/home/brilliant/ros2_ws/install/nav2_amcl/lib:/home/brilliant/ros2_ws/install/nav2_util/lib:/home/brilliant/ros2_ws/install/nav2_msgs/lib:/home/brilliant/ros2_ws/install/diffdrive_arduino/lib:/opt/ros/jazzy/opt/gz_sim_vendor/lib:/opt/ros/jazzy/opt/gz_sensors_vendor/lib:/opt/ros/jazzy/opt/gz_physics_vendor/lib:/opt/ros/jazzy/opt/sdformat_vendor/lib:/opt/ros/jazzy/opt/rviz_ogre_vendor/lib:/opt/ros/jazzy/lib/x86_64-linux-gnu:/opt/ros/jazzy/opt/gz_gui_vendor/lib:/opt/ros/jazzy/opt/gz_transport_vendor/lib:/opt/ros/jazzy/opt/gz_rendering_vendor/lib:/opt/ros/jazzy/opt/gz_plugin_vendor/lib:/opt/ros/jazzy/opt/gz_fuel_tools_vendor/lib:/opt/ros/jazzy/opt/gz_msgs_vendor/lib:/opt/ros/jazzy/opt/gz_common_vendor/lib:/opt/ros/jazzy/opt/gz_math_vendor/lib:/opt/ros/jazzy/opt/gz_utils_vendor/lib:/opt/ros/jazzy/opt/gz_tools_vendor/lib:/opt/ros/jazzy/opt/gz_ogre_next_vendor/lib:/opt/ros/jazzy/opt/gz_dartsim_vendor/lib:/opt/ros/jazzy/opt/gz_cmake_vendor/lib:/opt/ros/jazzy/lib PYTHONPATH=/home/brilliant/ros2_ws/install/nav_2d_msgs/lib/python3.12/site-packages:/home/brilliant/ros2_ws/build/twist_stamper:/home/brilliant/ros2_ws/install/twist_stamper/lib/python3.12/site-packages:/home/brilliant/ros2_ws/install/dwb_msgs/lib/python3.12/site-packages:/home/brilliant/ros2_ws/build/nav2_simple_commander:/home/brilliant/ros2_ws/install/nav2_simple_commander/lib/python3.12/site-packages:/home/brilliant/ros2_ws/install/nav2_msgs/lib/python3.12/site-packages:/home/brilliant/ros2_ws/build/nav2_loopback_sim:/home/brilliant/ros2_ws/install/nav2_loopback_sim/lib/python3.12/site-packages:/home/brilliant/ros2_ws/install/nav2_common/lib/python3.12/site-packages:/opt/ros/jazzy/lib/python3.12/site-packages /usr/bin/cmake --build /home/brilliant/ros2_ws/build/dwb_msgs -- -j4 -l4
[4.817s] Invoking command in '/home/brilliant/ros2_ws/build/dwb_msgs': CMAKE_PREFIX_PATH=/home/brilliant/ros2_ws/install/nav_2d_msgs:/home/brilliant/ros2_ws/install/sllidar_ros2:/home/brilliant/ros2_ws/install/serial:/home/brilliant/ros2_ws/install/nav2_system_tests:/home/brilliant/ros2_ws/install/nav2_bringup:/home/brilliant/ros2_ws/install/navigation2:/home/brilliant/ros2_ws/install/opennav_docking:/home/brilliant/ros2_ws/install/opennav_docking_core:/home/brilliant/ros2_ws/install/opennav_docking_bt:/home/brilliant/ros2_ws/install/nav2_smoother:/home/brilliant/ros2_ws/install/nav2_rotation_shim_controller:/home/brilliant/ros2_ws/install/nav2_graceful_controller:/home/brilliant/ros2_ws/install/nav2_dwb_controller:/home/brilliant/ros2_ws/install/nav2_controller:/home/brilliant/ros2_ws/install/dwb_plugins:/home/brilliant/ros2_ws/install/dwb_critics:/home/brilliant/ros2_ws/install/dwb_core:/home/brilliant/ros2_ws/install/nav_2d_utils:/home/brilliant/ros2_ws/install/dwb_msgs:/home/brilliant/ros2_ws/install/nav2_waypoint_follower:/home/brilliant/ros2_ws/install/nav2_theta_star_planner:/home/brilliant/ros2_ws/install/nav2_smac_planner:/home/brilliant/ros2_ws/install/nav2_regulated_pure_pursuit_controller:/home/brilliant/ros2_ws/install/nav2_planner:/home/brilliant/ros2_ws/install/nav2_navfn_planner:/home/brilliant/ros2_ws/install/nav2_mppi_controller:/home/brilliant/ros2_ws/install/nav2_constrained_smoother:/home/brilliant/ros2_ws/install/nav2_bt_navigator:/home/brilliant/ros2_ws/install/nav2_behaviors:/home/brilliant/ros2_ws/install/nav2_core:/home/brilliant/ros2_ws/install/nav2_collision_monitor:/home/brilliant/ros2_ws/install/costmap_queue:/home/brilliant/ros2_ws/install/nav2_costmap_2d:/home/brilliant/ros2_ws/install/nav2_voxel_grid:/home/brilliant/ros2_ws/install/nav2_velocity_smoother:/home/brilliant/ros2_ws/install/nav2_rviz_plugins:/home/brilliant/ros2_ws/install/nav2_map_server:/home/brilliant/ros2_ws/install/nav2_lifecycle_manager:/home/brilliant/ros2_ws/install/nav2_behavior_tree:/home/brilliant/ros2_ws/install/nav2_amcl:/home/brilliant/ros2_ws/install/nav2_util:/home/brilliant/ros2_ws/install/nav2_msgs:/home/brilliant/ros2_ws/install/nav2_common:/home/brilliant/ros2_ws/install/minibot:/home/brilliant/ros2_ws/install/diffdrive_arduino:/opt/ros/jazzy/opt/gz_sim_vendor:/opt/ros/jazzy/opt/gz_sensors_vendor:/opt/ros/jazzy/opt/gz_physics_vendor:/opt/ros/jazzy/opt/sdformat_vendor:/opt/ros/jazzy/opt/gz_gui_vendor:/opt/ros/jazzy/opt/gz_transport_vendor:/opt/ros/jazzy/opt/gz_rendering_vendor:/opt/ros/jazzy/opt/gz_plugin_vendor:/opt/ros/jazzy/opt/gz_fuel_tools_vendor:/opt/ros/jazzy/opt/gz_msgs_vendor:/opt/ros/jazzy/opt/gz_common_vendor:/opt/ros/jazzy/opt/gz_math_vendor:/opt/ros/jazzy/opt/gz_utils_vendor:/opt/ros/jazzy/opt/gz_tools_vendor:/opt/ros/jazzy/opt/gz_ogre_next_vendor:/opt/ros/jazzy/opt/gz_dartsim_vendor:/opt/ros/jazzy/opt/gz_cmake_vendor:/home/brilliant/ros2_ws/install/twist_stamper:/home/brilliant/ros2_ws/install/nav2_simple_commander:/home/brilliant/ros2_ws/install/nav2_loopback_sim:/opt/ros/jazzy DEBUGINFOD_URLS=https://debuginfod.ubuntu.com LD_LIBRARY_PATH=/home/brilliant/ros2_ws/install/nav_2d_msgs/lib:/home/brilliant/ros2_ws/install/serial/lib:/home/brilliant/ros2_ws/install/nav2_system_tests/lib:/home/brilliant/ros2_ws/install/opennav_docking/lib:/home/brilliant/ros2_ws/install/opennav_docking_bt/lib:/home/brilliant/ros2_ws/install/nav2_smoother/lib:/home/brilliant/ros2_ws/install/nav2_rotation_shim_controller/lib:/home/brilliant/ros2_ws/install/nav2_graceful_controller/lib:/home/brilliant/ros2_ws/install/nav2_controller/lib:/home/brilliant/ros2_ws/install/dwb_plugins/lib:/home/brilliant/ros2_ws/install/dwb_critics/lib:/home/brilliant/ros2_ws/install/dwb_core/lib:/home/brilliant/ros2_ws/install/nav_2d_utils/lib:/home/brilliant/ros2_ws/install/dwb_msgs/lib:/home/brilliant/ros2_ws/install/nav2_waypoint_follower/lib:/home/brilliant/ros2_ws/install/nav2_theta_star_planner/lib:/home/brilliant/ros2_ws/install/nav2_smac_planner/lib:/home/brilliant/ros2_ws/install/nav2_regulated_pure_pursuit_controller/lib:/home/brilliant/ros2_ws/install/nav2_planner/lib:/home/brilliant/ros2_ws/install/nav2_navfn_planner/lib:/home/brilliant/ros2_ws/install/nav2_mppi_controller/lib:/home/brilliant/ros2_ws/install/nav2_constrained_smoother/lib:/home/brilliant/ros2_ws/install/nav2_bt_navigator/lib:/home/brilliant/ros2_ws/install/nav2_behaviors/lib:/home/brilliant/ros2_ws/install/nav2_collision_monitor/lib:/home/brilliant/ros2_ws/install/costmap_queue/lib:/home/brilliant/ros2_ws/install/nav2_costmap_2d/lib:/home/brilliant/ros2_ws/install/nav2_voxel_grid/lib:/home/brilliant/ros2_ws/install/nav2_velocity_smoother/lib:/home/brilliant/ros2_ws/install/nav2_rviz_plugins/lib:/home/brilliant/ros2_ws/install/nav2_map_server/lib:/home/brilliant/ros2_ws/install/nav2_lifecycle_manager/lib:/home/brilliant/ros2_ws/install/nav2_behavior_tree/lib:/home/brilliant/ros2_ws/install/nav2_amcl/lib:/home/brilliant/ros2_ws/install/nav2_util/lib:/home/brilliant/ros2_ws/install/nav2_msgs/lib:/home/brilliant/ros2_ws/install/diffdrive_arduino/lib:/opt/ros/jazzy/opt/gz_sim_vendor/lib:/opt/ros/jazzy/opt/gz_sensors_vendor/lib:/opt/ros/jazzy/opt/gz_physics_vendor/lib:/opt/ros/jazzy/opt/sdformat_vendor/lib:/opt/ros/jazzy/opt/rviz_ogre_vendor/lib:/opt/ros/jazzy/lib/x86_64-linux-gnu:/opt/ros/jazzy/opt/gz_gui_vendor/lib:/opt/ros/jazzy/opt/gz_transport_vendor/lib:/opt/ros/jazzy/opt/gz_rendering_vendor/lib:/opt/ros/jazzy/opt/gz_plugin_vendor/lib:/opt/ros/jazzy/opt/gz_fuel_tools_vendor/lib:/opt/ros/jazzy/opt/gz_msgs_vendor/lib:/opt/ros/jazzy/opt/gz_common_vendor/lib:/opt/ros/jazzy/opt/gz_math_vendor/lib:/opt/ros/jazzy/opt/gz_utils_vendor/lib:/opt/ros/jazzy/opt/gz_tools_vendor/lib:/opt/ros/jazzy/opt/gz_ogre_next_vendor/lib:/opt/ros/jazzy/opt/gz_dartsim_vendor/lib:/opt/ros/jazzy/opt/gz_cmake_vendor/lib:/opt/ros/jazzy/lib PYTHONPATH=/home/brilliant/ros2_ws/install/nav_2d_msgs/lib/python3.12/site-packages:/home/brilliant/ros2_ws/build/twist_stamper:/home/brilliant/ros2_ws/install/twist_stamper/lib/python3.12/site-packages:/home/brilliant/ros2_ws/install/dwb_msgs/lib/python3.12/site-packages:/home/brilliant/ros2_ws/build/nav2_simple_commander:/home/brilliant/ros2_ws/install/nav2_simple_commander/lib/python3.12/site-packages:/home/brilliant/ros2_ws/install/nav2_msgs/lib/python3.12/site-packages:/home/brilliant/ros2_ws/build/nav2_loopback_sim:/home/brilliant/ros2_ws/install/nav2_loopback_sim/lib/python3.12/site-packages:/home/brilliant/ros2_ws/install/nav2_common/lib/python3.12/site-packages:/opt/ros/jazzy/lib/python3.12/site-packages /usr/bin/cmake --install /home/brilliant/ros2_ws/build/dwb_msgs
[4.877s] -- Install configuration: ""
[4.882s] -- Execute custom install script
[4.882s] -- Up-to-date symlink: /home/brilliant/ros2_ws/install/dwb_msgs/share/ament_index/resource_index/rosidl_interfaces/dwb_msgs
[4.884s] -- Up-to-date symlink: /home/brilliant/ros2_ws/install/dwb_msgs/share/dwb_msgs/msg/CriticScore.json
[4.885s] -- Up-to-date symlink: /home/brilliant/ros2_ws/install/dwb_msgs/share/dwb_msgs/msg/LocalPlanEvaluation.json
[4.885s] -- Up-to-date symlink: /home/brilliant/ros2_ws/install/dwb_msgs/share/dwb_msgs/msg/Trajectory2D.json
[4.886s] -- Up-to-date symlink: /home/brilliant/ros2_ws/install/dwb_msgs/share/dwb_msgs/msg/TrajectoryScore.json
[4.887s] -- Up-to-date symlink: /home/brilliant/ros2_ws/install/dwb_msgs/share/dwb_msgs/srv/DebugLocalPlan.json
[4.890s] -- Up-to-date symlink: /home/brilliant/ros2_ws/install/dwb_msgs/share/dwb_msgs/srv/GenerateTrajectory.json
[4.891s] -- Up-to-date symlink: /home/brilliant/ros2_ws/install/dwb_msgs/share/dwb_msgs/srv/GenerateTwists.json
[4.891s] -- Up-to-date symlink: /home/brilliant/ros2_ws/install/dwb_msgs/share/dwb_msgs/srv/GetCriticScore.json
[4.899s] -- Up-to-date symlink: /home/brilliant/ros2_ws/install/dwb_msgs/share/dwb_msgs/srv/ScoreTrajectory.json
[4.899s] -- Up-to-date symlink: /home/brilliant/ros2_ws/install/dwb_msgs/include/dwb_msgs/dwb_msgs/msg/critic_score.h
[4.899s] -- Up-to-date symlink: /home/brilliant/ros2_ws/install/dwb_msgs/include/dwb_msgs/dwb_msgs/msg/detail/critic_score__functions.h
[4.899s] -- Up-to-date symlink: /home/brilliant/ros2_ws/install/dwb_msgs/include/dwb_msgs/dwb_msgs/msg/detail/critic_score__struct.h
[4.900s] -- Up-to-date symlink: /home/brilliant/ros2_ws/install/dwb_msgs/include/dwb_msgs/dwb_msgs/msg/detail/critic_score__type_support.h
[4.905s] -- Up-to-date symlink: /home/brilliant/ros2_ws/install/dwb_msgs/include/dwb_msgs/dwb_msgs/msg/detail/local_plan_evaluation__functions.h
[4.905s] -- Up-to-date symlink: /home/brilliant/ros2_ws/install/dwb_msgs/include/dwb_msgs/dwb_msgs/msg/detail/local_plan_evaluation__struct.h
[4.906s] -- Up-to-date symlink: /home/brilliant/ros2_ws/install/dwb_msgs/include/dwb_msgs/dwb_msgs/msg/detail/local_plan_evaluation__type_support.h
[4.906s] -- Up-to-date symlink: /home/brilliant/ros2_ws/install/dwb_msgs/include/dwb_msgs/dwb_msgs/msg/detail/trajectory2_d__functions.h
[4.906s] -- Up-to-date symlink: /home/brilliant/ros2_ws/install/dwb_msgs/include/dwb_msgs/dwb_msgs/msg/detail/trajectory2_d__struct.h
[4.906s] -- Up-to-date symlink: /home/brilliant/ros2_ws/install/dwb_msgs/include/dwb_msgs/dwb_msgs/msg/detail/trajectory2_d__type_support.h
[4.907s] -- Up-to-date symlink: /home/brilliant/ros2_ws/install/dwb_msgs/include/dwb_msgs/dwb_msgs/msg/detail/trajectory_score__functions.h
[4.907s] -- Up-to-date symlink: /home/brilliant/ros2_ws/install/dwb_msgs/include/dwb_msgs/dwb_msgs/msg/detail/trajectory_score__struct.h
[4.910s] -- Up-to-date symlink: /home/brilliant/ros2_ws/install/dwb_msgs/include/dwb_msgs/dwb_msgs/msg/detail/trajectory_score__type_support.h
[4.910s] -- Up-to-date symlink: /home/brilliant/ros2_ws/install/dwb_msgs/include/dwb_msgs/dwb_msgs/msg/local_plan_evaluation.h
[4.910s] -- Up-to-date symlink: /home/brilliant/ros2_ws/install/dwb_msgs/include/dwb_msgs/dwb_msgs/msg/rosidl_generator_c__visibility_control.h
[4.911s] -- Up-to-date symlink: /home/brilliant/ros2_ws/install/dwb_msgs/include/dwb_msgs/dwb_msgs/msg/trajectory2_d.h
[4.914s] -- Up-to-date symlink: /home/brilliant/ros2_ws/install/dwb_msgs/include/dwb_msgs/dwb_msgs/msg/trajectory_score.h
[4.916s] -- Up-to-date symlink: /home/brilliant/ros2_ws/install/dwb_msgs/include/dwb_msgs/dwb_msgs/srv/debug_local_plan.h
[4.916s] -- Up-to-date symlink: /home/brilliant/ros2_ws/install/dwb_msgs/include/dwb_msgs/dwb_msgs/srv/detail/debug_local_plan__functions.h
[4.917s] -- Up-to-date symlink: /home/brilliant/ros2_ws/install/dwb_msgs/include/dwb_msgs/dwb_msgs/srv/detail/debug_local_plan__struct.h
[4.917s] -- Up-to-date symlink: /home/brilliant/ros2_ws/install/dwb_msgs/include/dwb_msgs/dwb_msgs/srv/detail/debug_local_plan__type_support.h
[4.917s] -- Up-to-date symlink: /home/brilliant/ros2_ws/install/dwb_msgs/include/dwb_msgs/dwb_msgs/srv/detail/generate_trajectory__functions.h
[4.917s] -- Up-to-date symlink: /home/brilliant/ros2_ws/install/dwb_msgs/include/dwb_msgs/dwb_msgs/srv/detail/generate_trajectory__struct.h
[4.918s] -- Up-to-date symlink: /home/brilliant/ros2_ws/install/dwb_msgs/include/dwb_msgs/dwb_msgs/srv/detail/generate_trajectory__type_support.h
[4.918s] -- Up-to-date symlink: /home/brilliant/ros2_ws/install/dwb_msgs/include/dwb_msgs/dwb_msgs/srv/detail/generate_twists__functions.h
[4.923s] -- Up-to-date symlink: /home/brilliant/ros2_ws/install/dwb_msgs/include/dwb_msgs/dwb_msgs/srv/detail/generate_twists__struct.h
[4.924s] -- Up-to-date symlink: /home/brilliant/ros2_ws/install/dwb_msgs/include/dwb_msgs/dwb_msgs/srv/detail/generate_twists__type_support.h
[4.924s] -- Up-to-date symlink: /home/brilliant/ros2_ws/install/dwb_msgs/include/dwb_msgs/dwb_msgs/srv/detail/get_critic_score__functions.h
[4.925s] -- Up-to-date symlink: /home/brilliant/ros2_ws/install/dwb_msgs/include/dwb_msgs/dwb_msgs/srv/detail/get_critic_score__struct.h
[4.929s] -- Up-to-date symlink: /home/brilliant/ros2_ws/install/dwb_msgs/include/dwb_msgs/dwb_msgs/srv/detail/get_critic_score__type_support.h
[4.929s] -- Up-to-date symlink: /home/brilliant/ros2_ws/install/dwb_msgs/include/dwb_msgs/dwb_msgs/srv/detail/score_trajectory__functions.h
[4.930s] -- Up-to-date symlink: /home/brilliant/ros2_ws/install/dwb_msgs/include/dwb_msgs/dwb_msgs/srv/detail/score_trajectory__struct.h
[4.932s] -- Up-to-date symlink: /home/brilliant/ros2_ws/install/dwb_msgs/include/dwb_msgs/dwb_msgs/srv/detail/score_trajectory__type_support.h
[4.932s] -- Up-to-date symlink: /home/brilliant/ros2_ws/install/dwb_msgs/include/dwb_msgs/dwb_msgs/srv/generate_trajectory.h
[4.932s] -- Up-to-date symlink: /home/brilliant/ros2_ws/install/dwb_msgs/include/dwb_msgs/dwb_msgs/srv/generate_twists.h
[4.933s] -- Up-to-date symlink: /home/brilliant/ros2_ws/install/dwb_msgs/include/dwb_msgs/dwb_msgs/srv/get_critic_score.h
[4.933s] -- Up-to-date symlink: /home/brilliant/ros2_ws/install/dwb_msgs/include/dwb_msgs/dwb_msgs/srv/score_trajectory.h
[4.933s] -- Up-to-date symlink: /home/brilliant/ros2_ws/install/dwb_msgs/share/dwb_msgs/environment/library_path.sh
[4.933s] -- Up-to-date symlink: /home/brilliant/ros2_ws/install/dwb_msgs/share/dwb_msgs/environment/library_path.dsv
[4.941s] -- Up-to-date symlink: /home/brilliant/ros2_ws/install/dwb_msgs/include/dwb_msgs/dwb_msgs/msg/detail/critic_score__rosidl_typesupport_fastrtps_c.h
[4.942s] -- Up-to-date symlink: /home/brilliant/ros2_ws/install/dwb_msgs/include/dwb_msgs/dwb_msgs/msg/detail/local_plan_evaluation__rosidl_typesupport_fastrtps_c.h
[4.944s] -- Up-to-date symlink: /home/brilliant/ros2_ws/install/dwb_msgs/include/dwb_msgs/dwb_msgs/msg/detail/trajectory2_d__rosidl_typesupport_fastrtps_c.h
[4.944s] -- Up-to-date symlink: /home/brilliant/ros2_ws/install/dwb_msgs/include/dwb_msgs/dwb_msgs/msg/detail/trajectory_score__rosidl_typesupport_fastrtps_c.h
[4.945s] -- Up-to-date symlink: /home/brilliant/ros2_ws/install/dwb_msgs/include/dwb_msgs/dwb_msgs/msg/rosidl_typesupport_fastrtps_c__visibility_control.h
[4.947s] -- Up-to-date symlink: /home/brilliant/ros2_ws/install/dwb_msgs/include/dwb_msgs/dwb_msgs/srv/detail/debug_local_plan__rosidl_typesupport_fastrtps_c.h
[4.947s] -- Up-to-date symlink: /home/brilliant/ros2_ws/install/dwb_msgs/include/dwb_msgs/dwb_msgs/srv/detail/generate_trajectory__rosidl_typesupport_fastrtps_c.h
[4.948s] -- Up-to-date symlink: /home/brilliant/ros2_ws/install/dwb_msgs/include/dwb_msgs/dwb_msgs/srv/detail/generate_twists__rosidl_typesupport_fastrtps_c.h
[4.951s] -- Up-to-date symlink: /home/brilliant/ros2_ws/install/dwb_msgs/include/dwb_msgs/dwb_msgs/srv/detail/get_critic_score__rosidl_typesupport_fastrtps_c.h
[4.960s] -- Up-to-date symlink: /home/brilliant/ros2_ws/install/dwb_msgs/include/dwb_msgs/dwb_msgs/srv/detail/score_trajectory__rosidl_typesupport_fastrtps_c.h
[4.961s] -- Up-to-date symlink: /home/brilliant/ros2_ws/install/dwb_msgs/include/dwb_msgs/dwb_msgs/msg/critic_score.hpp
[4.961s] -- Up-to-date symlink: /home/brilliant/ros2_ws/install/dwb_msgs/include/dwb_msgs/dwb_msgs/msg/detail/critic_score__builder.hpp
[4.961s] -- Up-to-date symlink: /home/brilliant/ros2_ws/install/dwb_msgs/include/dwb_msgs/dwb_msgs/msg/detail/critic_score__struct.hpp
[4.961s] -- Up-to-date symlink: /home/brilliant/ros2_ws/install/dwb_msgs/include/dwb_msgs/dwb_msgs/msg/detail/critic_score__traits.hpp
[4.962s] -- Up-to-date symlink: /home/brilliant/ros2_ws/install/dwb_msgs/include/dwb_msgs/dwb_msgs/msg/detail/critic_score__type_support.hpp
[4.962s] -- Up-to-date symlink: /home/brilliant/ros2_ws/install/dwb_msgs/include/dwb_msgs/dwb_msgs/msg/detail/local_plan_evaluation__builder.hpp
[4.968s] -- Up-to-date symlink: /home/brilliant/ros2_ws/install/dwb_msgs/include/dwb_msgs/dwb_msgs/msg/detail/local_plan_evaluation__struct.hpp
[4.968s] -- Up-to-date symlink: /home/brilliant/ros2_ws/install/dwb_msgs/include/dwb_msgs/dwb_msgs/msg/detail/local_plan_evaluation__traits.hpp
[4.968s] -- Up-to-date symlink: /home/brilliant/ros2_ws/install/dwb_msgs/include/dwb_msgs/dwb_msgs/msg/detail/local_plan_evaluation__type_support.hpp
[4.968s] -- Up-to-date symlink: /home/brilliant/ros2_ws/install/dwb_msgs/include/dwb_msgs/dwb_msgs/msg/detail/trajectory2_d__builder.hpp
[4.969s] -- Up-to-date symlink: /home/brilliant/ros2_ws/install/dwb_msgs/include/dwb_msgs/dwb_msgs/msg/detail/trajectory2_d__struct.hpp
[4.969s] -- Up-to-date symlink: /home/brilliant/ros2_ws/install/dwb_msgs/include/dwb_msgs/dwb_msgs/msg/detail/trajectory2_d__traits.hpp
[4.969s] -- Up-to-date symlink: /home/brilliant/ros2_ws/install/dwb_msgs/include/dwb_msgs/dwb_msgs/msg/detail/trajectory2_d__type_support.hpp
[4.969s] -- Up-to-date symlink: /home/brilliant/ros2_ws/install/dwb_msgs/include/dwb_msgs/dwb_msgs/msg/detail/trajectory_score__builder.hpp
[4.970s] -- Up-to-date symlink: /home/brilliant/ros2_ws/install/dwb_msgs/include/dwb_msgs/dwb_msgs/msg/detail/trajectory_score__struct.hpp
[4.970s] -- Up-to-date symlink: /home/brilliant/ros2_ws/install/dwb_msgs/include/dwb_msgs/dwb_msgs/msg/detail/trajectory_score__traits.hpp
[4.979s] -- Up-to-date symlink: /home/brilliant/ros2_ws/install/dwb_msgs/include/dwb_msgs/dwb_msgs/msg/detail/trajectory_score__type_support.hpp
[4.979s] -- Up-to-date symlink: /home/brilliant/ros2_ws/install/dwb_msgs/include/dwb_msgs/dwb_msgs/msg/local_plan_evaluation.hpp
[4.979s] -- Up-to-date symlink: /home/brilliant/ros2_ws/install/dwb_msgs/include/dwb_msgs/dwb_msgs/msg/rosidl_generator_cpp__visibility_control.hpp
[4.982s] -- Up-to-date symlink: /home/brilliant/ros2_ws/install/dwb_msgs/include/dwb_msgs/dwb_msgs/msg/trajectory2_d.hpp
[4.983s] -- Up-to-date symlink: /home/brilliant/ros2_ws/install/dwb_msgs/include/dwb_msgs/dwb_msgs/msg/trajectory_score.hpp
[4.983s] -- Up-to-date symlink: /home/brilliant/ros2_ws/install/dwb_msgs/include/dwb_msgs/dwb_msgs/srv/debug_local_plan.hpp
[4.983s] -- Up-to-date symlink: /home/brilliant/ros2_ws/install/dwb_msgs/include/dwb_msgs/dwb_msgs/srv/detail/debug_local_plan__builder.hpp
[4.985s] -- Up-to-date symlink: /home/brilliant/ros2_ws/install/dwb_msgs/include/dwb_msgs/dwb_msgs/srv/detail/debug_local_plan__struct.hpp
[4.986s] -- Up-to-date symlink: /home/brilliant/ros2_ws/install/dwb_msgs/include/dwb_msgs/dwb_msgs/srv/detail/debug_local_plan__traits.hpp
[4.986s] -- Up-to-date symlink: /home/brilliant/ros2_ws/install/dwb_msgs/include/dwb_msgs/dwb_msgs/srv/detail/debug_local_plan__type_support.hpp
[4.986s] -- Up-to-date symlink: /home/brilliant/ros2_ws/install/dwb_msgs/include/dwb_msgs/dwb_msgs/srv/detail/generate_trajectory__builder.hpp
[4.987s] -- Up-to-date symlink: /home/brilliant/ros2_ws/install/dwb_msgs/include/dwb_msgs/dwb_msgs/srv/detail/generate_trajectory__struct.hpp
[4.987s] -- Up-to-date symlink: /home/brilliant/ros2_ws/install/dwb_msgs/include/dwb_msgs/dwb_msgs/srv/detail/generate_trajectory__traits.hpp
[4.987s] -- Up-to-date symlink: /home/brilliant/ros2_ws/install/dwb_msgs/include/dwb_msgs/dwb_msgs/srv/detail/generate_trajectory__type_support.hpp
[4.987s] -- Up-to-date symlink: /home/brilliant/ros2_ws/install/dwb_msgs/include/dwb_msgs/dwb_msgs/srv/detail/generate_twists__builder.hpp
[4.987s] -- Up-to-date symlink: /home/brilliant/ros2_ws/install/dwb_msgs/include/dwb_msgs/dwb_msgs/srv/detail/generate_twists__struct.hpp
[4.988s] -- Up-to-date symlink: /home/brilliant/ros2_ws/install/dwb_msgs/include/dwb_msgs/dwb_msgs/srv/detail/generate_twists__traits.hpp
[4.993s] -- Up-to-date symlink: /home/brilliant/ros2_ws/install/dwb_msgs/include/dwb_msgs/dwb_msgs/srv/detail/generate_twists__type_support.hpp
[4.993s] -- Up-to-date symlink: /home/brilliant/ros2_ws/install/dwb_msgs/include/dwb_msgs/dwb_msgs/srv/detail/get_critic_score__builder.hpp
[4.994s] -- Up-to-date symlink: /home/brilliant/ros2_ws/install/dwb_msgs/include/dwb_msgs/dwb_msgs/srv/detail/get_critic_score__struct.hpp
[4.994s] -- Up-to-date symlink: /home/brilliant/ros2_ws/install/dwb_msgs/include/dwb_msgs/dwb_msgs/srv/detail/get_critic_score__traits.hpp
[4.994s] -- Up-to-date symlink: /home/brilliant/ros2_ws/install/dwb_msgs/include/dwb_msgs/dwb_msgs/srv/detail/get_critic_score__type_support.hpp
[4.994s] -- Up-to-date symlink: /home/brilliant/ros2_ws/install/dwb_msgs/include/dwb_msgs/dwb_msgs/srv/detail/score_trajectory__builder.hpp
[4.995s] -- Up-to-date symlink: /home/brilliant/ros2_ws/install/dwb_msgs/include/dwb_msgs/dwb_msgs/srv/detail/score_trajectory__struct.hpp
[4.997s] -- Up-to-date symlink: /home/brilliant/ros2_ws/install/dwb_msgs/include/dwb_msgs/dwb_msgs/srv/detail/score_trajectory__traits.hpp
[4.997s] -- Up-to-date symlink: /home/brilliant/ros2_ws/install/dwb_msgs/include/dwb_msgs/dwb_msgs/srv/detail/score_trajectory__type_support.hpp
[5.000s] -- Up-to-date symlink: /home/brilliant/ros2_ws/install/dwb_msgs/include/dwb_msgs/dwb_msgs/srv/generate_trajectory.hpp
[5.002s] -- Up-to-date symlink: /home/brilliant/ros2_ws/install/dwb_msgs/include/dwb_msgs/dwb_msgs/srv/generate_twists.hpp
[5.003s] -- Up-to-date symlink: /home/brilliant/ros2_ws/install/dwb_msgs/include/dwb_msgs/dwb_msgs/srv/get_critic_score.hpp
[5.003s] -- Up-to-date symlink: /home/brilliant/ros2_ws/install/dwb_msgs/include/dwb_msgs/dwb_msgs/srv/score_trajectory.hpp
[5.004s] -- Up-to-date symlink: /home/brilliant/ros2_ws/install/dwb_msgs/include/dwb_msgs/dwb_msgs/msg/detail/critic_score__rosidl_typesupport_fastrtps_cpp.hpp
[5.005s] -- Up-to-date symlink: /home/brilliant/ros2_ws/install/dwb_msgs/include/dwb_msgs/dwb_msgs/msg/detail/local_plan_evaluation__rosidl_typesupport_fastrtps_cpp.hpp
[5.009s] -- Up-to-date symlink: /home/brilliant/ros2_ws/install/dwb_msgs/include/dwb_msgs/dwb_msgs/msg/detail/trajectory2_d__rosidl_typesupport_fastrtps_cpp.hpp
[5.009s] -- Up-to-date symlink: /home/brilliant/ros2_ws/install/dwb_msgs/include/dwb_msgs/dwb_msgs/msg/detail/trajectory_score__rosidl_typesupport_fastrtps_cpp.hpp
[5.010s] -- Up-to-date symlink: /home/brilliant/ros2_ws/install/dwb_msgs/include/dwb_msgs/dwb_msgs/msg/rosidl_typesupport_fastrtps_cpp__visibility_control.h
[5.011s] -- Up-to-date symlink: /home/brilliant/ros2_ws/install/dwb_msgs/include/dwb_msgs/dwb_msgs/srv/detail/debug_local_plan__rosidl_typesupport_fastrtps_cpp.hpp
[5.014s] -- Up-to-date symlink: /home/brilliant/ros2_ws/install/dwb_msgs/include/dwb_msgs/dwb_msgs/srv/detail/generate_trajectory__rosidl_typesupport_fastrtps_cpp.hpp
[5.016s] -- Up-to-date symlink: /home/brilliant/ros2_ws/install/dwb_msgs/include/dwb_msgs/dwb_msgs/srv/detail/generate_twists__rosidl_typesupport_fastrtps_cpp.hpp
[5.021s] -- Up-to-date symlink: /home/brilliant/ros2_ws/install/dwb_msgs/include/dwb_msgs/dwb_msgs/srv/detail/get_critic_score__rosidl_typesupport_fastrtps_cpp.hpp
[5.022s] -- Up-to-date symlink: /home/brilliant/ros2_ws/install/dwb_msgs/include/dwb_msgs/dwb_msgs/srv/detail/score_trajectory__rosidl_typesupport_fastrtps_cpp.hpp
[5.022s] -- Up-to-date symlink: /home/brilliant/ros2_ws/install/dwb_msgs/include/dwb_msgs/dwb_msgs/msg/detail/critic_score__rosidl_typesupport_introspection_c.h
[5.023s] -- Up-to-date symlink: /home/brilliant/ros2_ws/install/dwb_msgs/include/dwb_msgs/dwb_msgs/msg/detail/local_plan_evaluation__rosidl_typesupport_introspection_c.h
[5.026s] -- Up-to-date symlink: /home/brilliant/ros2_ws/install/dwb_msgs/include/dwb_msgs/dwb_msgs/msg/detail/trajectory2_d__rosidl_typesupport_introspection_c.h
[5.029s] -- Up-to-date symlink: /home/brilliant/ros2_ws/install/dwb_msgs/include/dwb_msgs/dwb_msgs/msg/detail/trajectory_score__rosidl_typesupport_introspection_c.h
[5.032s] -- Up-to-date symlink: /home/brilliant/ros2_ws/install/dwb_msgs/include/dwb_msgs/dwb_msgs/msg/rosidl_typesupport_introspection_c__visibility_control.h
[5.032s] -- Up-to-date symlink: /home/brilliant/ros2_ws/install/dwb_msgs/include/dwb_msgs/dwb_msgs/srv/detail/debug_local_plan__rosidl_typesupport_introspection_c.h
[5.032s] -- Up-to-date symlink: /home/brilliant/ros2_ws/install/dwb_msgs/include/dwb_msgs/dwb_msgs/srv/detail/generate_trajectory__rosidl_typesupport_introspection_c.h
[5.032s] -- Up-to-date symlink: /home/brilliant/ros2_ws/install/dwb_msgs/include/dwb_msgs/dwb_msgs/srv/detail/generate_twists__rosidl_typesupport_introspection_c.h
[5.033s] -- Up-to-date symlink: /home/brilliant/ros2_ws/install/dwb_msgs/include/dwb_msgs/dwb_msgs/srv/detail/get_critic_score__rosidl_typesupport_introspection_c.h
[5.033s] -- Up-to-date symlink: /home/brilliant/ros2_ws/install/dwb_msgs/include/dwb_msgs/dwb_msgs/srv/detail/score_trajectory__rosidl_typesupport_introspection_c.h
[5.033s] -- Up-to-date symlink: /home/brilliant/ros2_ws/install/dwb_msgs/include/dwb_msgs/dwb_msgs/msg/detail/critic_score__rosidl_typesupport_introspection_cpp.hpp
[5.038s] -- Up-to-date symlink: /home/brilliant/ros2_ws/install/dwb_msgs/include/dwb_msgs/dwb_msgs/msg/detail/local_plan_evaluation__rosidl_typesupport_introspection_cpp.hpp
[5.040s] -- Up-to-date symlink: /home/brilliant/ros2_ws/install/dwb_msgs/include/dwb_msgs/dwb_msgs/msg/detail/trajectory2_d__rosidl_typesupport_introspection_cpp.hpp
[5.046s] -- Up-to-date symlink: /home/brilliant/ros2_ws/install/dwb_msgs/include/dwb_msgs/dwb_msgs/msg/detail/trajectory_score__rosidl_typesupport_introspection_cpp.hpp
[5.046s] -- Up-to-date symlink: /home/brilliant/ros2_ws/install/dwb_msgs/include/dwb_msgs/dwb_msgs/srv/detail/debug_local_plan__rosidl_typesupport_introspection_cpp.hpp
[5.047s] -- Up-to-date symlink: /home/brilliant/ros2_ws/install/dwb_msgs/include/dwb_msgs/dwb_msgs/srv/detail/generate_trajectory__rosidl_typesupport_introspection_cpp.hpp
[5.047s] -- Up-to-date symlink: /home/brilliant/ros2_ws/install/dwb_msgs/include/dwb_msgs/dwb_msgs/srv/detail/generate_twists__rosidl_typesupport_introspection_cpp.hpp
[5.047s] -- Up-to-date symlink: /home/brilliant/ros2_ws/install/dwb_msgs/include/dwb_msgs/dwb_msgs/srv/detail/get_critic_score__rosidl_typesupport_introspection_cpp.hpp
[5.047s] -- Up-to-date symlink: /home/brilliant/ros2_ws/install/dwb_msgs/include/dwb_msgs/dwb_msgs/srv/detail/score_trajectory__rosidl_typesupport_introspection_cpp.hpp
[5.048s] -- Up-to-date symlink: /home/brilliant/ros2_ws/install/dwb_msgs/share/dwb_msgs/environment/pythonpath.sh
[5.048s] -- Up-to-date symlink: /home/brilliant/ros2_ws/install/dwb_msgs/share/dwb_msgs/environment/pythonpath.dsv
[5.053s] -- Up-to-date symlink: /home/brilliant/ros2_ws/install/dwb_msgs/lib/python3.12/site-packages/dwb_msgs-1.3.7-py3.12.egg-info/PKG-INFO
[5.054s] -- Up-to-date symlink: /home/brilliant/ros2_ws/install/dwb_msgs/lib/python3.12/site-packages/dwb_msgs-1.3.7-py3.12.egg-info/SOURCES.txt
[5.054s] -- Up-to-date symlink: /home/brilliant/ros2_ws/install/dwb_msgs/lib/python3.12/site-packages/dwb_msgs-1.3.7-py3.12.egg-info/dependency_links.txt
[5.054s] -- Up-to-date symlink: /home/brilliant/ros2_ws/install/dwb_msgs/lib/python3.12/site-packages/dwb_msgs-1.3.7-py3.12.egg-info/top_level.txt
[5.055s] -- Up-to-date symlink: /home/brilliant/ros2_ws/install/dwb_msgs/lib/python3.12/site-packages/dwb_msgs/__init__.py
[5.055s] -- Up-to-date symlink: /home/brilliant/ros2_ws/install/dwb_msgs/lib/python3.12/site-packages/dwb_msgs/_dwb_msgs_s.ep.rosidl_typesupport_c.c
[5.055s] -- Up-to-date symlink: /home/brilliant/ros2_ws/install/dwb_msgs/lib/python3.12/site-packages/dwb_msgs/_dwb_msgs_s.ep.rosidl_typesupport_fastrtps_c.c
[5.055s] -- Up-to-date symlink: /home/brilliant/ros2_ws/install/dwb_msgs/lib/python3.12/site-packages/dwb_msgs/_dwb_msgs_s.ep.rosidl_typesupport_introspection_c.c
[5.061s] -- Up-to-date symlink: /home/brilliant/ros2_ws/install/dwb_msgs/lib/python3.12/site-packages/dwb_msgs/dwb_msgs_s__rosidl_typesupport_c.so
[5.065s] -- Up-to-date symlink: /home/brilliant/ros2_ws/install/dwb_msgs/lib/python3.12/site-packages/dwb_msgs/dwb_msgs_s__rosidl_typesupport_fastrtps_c.so
[5.065s] -- Up-to-date symlink: /home/brilliant/ros2_ws/install/dwb_msgs/lib/python3.12/site-packages/dwb_msgs/dwb_msgs_s__rosidl_typesupport_introspection_c.so
[5.065s] -- Up-to-date symlink: /home/brilliant/ros2_ws/install/dwb_msgs/lib/python3.12/site-packages/dwb_msgs/msg/__init__.py
[5.066s] -- Up-to-date symlink: /home/brilliant/ros2_ws/install/dwb_msgs/lib/python3.12/site-packages/dwb_msgs/msg/_critic_score.py
[5.066s] -- Up-to-date symlink: /home/brilliant/ros2_ws/install/dwb_msgs/lib/python3.12/site-packages/dwb_msgs/msg/_critic_score_s.c
[5.066s] -- Up-to-date symlink: /home/brilliant/ros2_ws/install/dwb_msgs/lib/python3.12/site-packages/dwb_msgs/msg/_local_plan_evaluation.py
[5.066s] -- Up-to-date symlink: /home/brilliant/ros2_ws/install/dwb_msgs/lib/python3.12/site-packages/dwb_msgs/msg/_local_plan_evaluation_s.c
[5.067s] -- Up-to-date symlink: /home/brilliant/ros2_ws/install/dwb_msgs/lib/python3.12/site-packages/dwb_msgs/msg/_trajectory2_d.py
[5.067s] -- Up-to-date symlink: /home/brilliant/ros2_ws/install/dwb_msgs/lib/python3.12/site-packages/dwb_msgs/msg/_trajectory2_d_s.c
[5.076s] -- Up-to-date symlink: /home/brilliant/ros2_ws/install/dwb_msgs/lib/python3.12/site-packages/dwb_msgs/msg/_trajectory_score.py
[5.076s] -- Up-to-date symlink: /home/brilliant/ros2_ws/install/dwb_msgs/lib/python3.12/site-packages/dwb_msgs/msg/_trajectory_score_s.c
[5.077s] -- Up-to-date symlink: /home/brilliant/ros2_ws/install/dwb_msgs/lib/python3.12/site-packages/dwb_msgs/srv/__init__.py
[5.079s] -- Up-to-date symlink: /home/brilliant/ros2_ws/install/dwb_msgs/lib/python3.12/site-packages/dwb_msgs/srv/_debug_local_plan.py
[5.083s] -- Up-to-date symlink: /home/brilliant/ros2_ws/install/dwb_msgs/lib/python3.12/site-packages/dwb_msgs/srv/_debug_local_plan_s.c
[5.083s] -- Up-to-date symlink: /home/brilliant/ros2_ws/install/dwb_msgs/lib/python3.12/site-packages/dwb_msgs/srv/_generate_trajectory.py
[5.084s] -- Up-to-date symlink: /home/brilliant/ros2_ws/install/dwb_msgs/lib/python3.12/site-packages/dwb_msgs/srv/_generate_trajectory_s.c
[5.085s] -- Up-to-date symlink: /home/brilliant/ros2_ws/install/dwb_msgs/lib/python3.12/site-packages/dwb_msgs/srv/_generate_twists.py
[5.086s] -- Up-to-date symlink: /home/brilliant/ros2_ws/install/dwb_msgs/lib/python3.12/site-packages/dwb_msgs/srv/_generate_twists_s.c
[5.086s] -- Up-to-date symlink: /home/brilliant/ros2_ws/install/dwb_msgs/lib/python3.12/site-packages/dwb_msgs/srv/_get_critic_score.py
[5.086s] -- Up-to-date symlink: /home/brilliant/ros2_ws/install/dwb_msgs/lib/python3.12/site-packages/dwb_msgs/srv/_get_critic_score_s.c
[5.086s] -- Up-to-date symlink: /home/brilliant/ros2_ws/install/dwb_msgs/lib/python3.12/site-packages/dwb_msgs/srv/_score_trajectory.py
[5.087s] -- Up-to-date symlink: /home/brilliant/ros2_ws/install/dwb_msgs/lib/python3.12/site-packages/dwb_msgs/srv/_score_trajectory_s.c
[5.087s] -- Up-to-date symlink: /home/brilliant/ros2_ws/install/dwb_msgs/lib/python3.12/site-packages/dwb_msgs/dwb_msgs_s__rosidl_typesupport_fastrtps_c.so
[5.087s] -- Up-to-date symlink: /home/brilliant/ros2_ws/install/dwb_msgs/lib/python3.12/site-packages/dwb_msgs/dwb_msgs_s__rosidl_typesupport_introspection_c.so
[5.087s] -- Up-to-date symlink: /home/brilliant/ros2_ws/install/dwb_msgs/lib/python3.12/site-packages/dwb_msgs/dwb_msgs_s__rosidl_typesupport_c.so
[5.087s] -- Up-to-date symlink: /home/brilliant/ros2_ws/install/dwb_msgs/share/dwb_msgs/msg/CriticScore.idl
[5.088s] -- Up-to-date symlink: /home/brilliant/ros2_ws/install/dwb_msgs/share/dwb_msgs/msg/LocalPlanEvaluation.idl
[5.094s] -- Up-to-date symlink: /home/brilliant/ros2_ws/install/dwb_msgs/share/dwb_msgs/msg/Trajectory2D.idl
[5.094s] -- Up-to-date symlink: /home/brilliant/ros2_ws/install/dwb_msgs/share/dwb_msgs/msg/TrajectoryScore.idl
[5.094s] -- Up-to-date symlink: /home/brilliant/ros2_ws/install/dwb_msgs/share/dwb_msgs/srv/DebugLocalPlan.idl
[5.094s] -- Up-to-date symlink: /home/brilliant/ros2_ws/install/dwb_msgs/share/dwb_msgs/srv/GenerateTrajectory.idl
[5.095s] -- Up-to-date symlink: /home/brilliant/ros2_ws/install/dwb_msgs/share/dwb_msgs/srv/GenerateTwists.idl
[5.095s] -- Up-to-date symlink: /home/brilliant/ros2_ws/install/dwb_msgs/share/dwb_msgs/srv/GetCriticScore.idl
[5.095s] -- Up-to-date symlink: /home/brilliant/ros2_ws/install/dwb_msgs/share/dwb_msgs/srv/ScoreTrajectory.idl
[5.095s] -- Up-to-date symlink: /home/brilliant/ros2_ws/install/dwb_msgs/share/dwb_msgs/msg/CriticScore.msg
[5.095s] -- Up-to-date symlink: /home/brilliant/ros2_ws/install/dwb_msgs/share/dwb_msgs/msg/LocalPlanEvaluation.msg
[5.096s] -- Up-to-date symlink: /home/brilliant/ros2_ws/install/dwb_msgs/share/dwb_msgs/msg/Trajectory2D.msg
[5.099s] -- Up-to-date symlink: /home/brilliant/ros2_ws/install/dwb_msgs/share/dwb_msgs/msg/TrajectoryScore.msg
[5.099s] -- Up-to-date symlink: /home/brilliant/ros2_ws/install/dwb_msgs/share/dwb_msgs/srv/DebugLocalPlan.srv
[5.099s] -- Up-to-date symlink: /home/brilliant/ros2_ws/install/dwb_msgs/share/dwb_msgs/srv/GenerateTrajectory.srv
[5.101s] -- Up-to-date symlink: /home/brilliant/ros2_ws/install/dwb_msgs/share/dwb_msgs/srv/GenerateTwists.srv
[5.101s] -- Up-to-date symlink: /home/brilliant/ros2_ws/install/dwb_msgs/share/dwb_msgs/srv/GetCriticScore.srv
[5.102s] -- Up-to-date symlink: /home/brilliant/ros2_ws/install/dwb_msgs/share/dwb_msgs/srv/ScoreTrajectory.srv
[5.102s] -- Up-to-date symlink: /home/brilliant/ros2_ws/install/dwb_msgs/share/ament_index/resource_index/package_run_dependencies/dwb_msgs
[5.102s] -- Up-to-date symlink: /home/brilliant/ros2_ws/install/dwb_msgs/share/ament_index/resource_index/parent_prefix_path/dwb_msgs
[5.102s] -- Up-to-date symlink: /home/brilliant/ros2_ws/install/dwb_msgs/share/dwb_msgs/environment/ament_prefix_path.sh
[5.103s] -- Up-to-date symlink: /home/brilliant/ros2_ws/install/dwb_msgs/share/dwb_msgs/environment/ament_prefix_path.dsv
[5.103s] -- Up-to-date symlink: /home/brilliant/ros2_ws/install/dwb_msgs/share/dwb_msgs/environment/path.sh
[5.103s] -- Up-to-date symlink: /home/brilliant/ros2_ws/install/dwb_msgs/share/dwb_msgs/environment/path.dsv
[5.104s] -- Up-to-date symlink: /home/brilliant/ros2_ws/install/dwb_msgs/share/dwb_msgs/local_setup.bash
[5.104s] -- Up-to-date symlink: /home/brilliant/ros2_ws/install/dwb_msgs/share/dwb_msgs/local_setup.sh
[5.104s] -- Up-to-date symlink: /home/brilliant/ros2_ws/install/dwb_msgs/share/dwb_msgs/local_setup.zsh
[5.104s] -- Up-to-date symlink: /home/brilliant/ros2_ws/install/dwb_msgs/share/dwb_msgs/local_setup.dsv
[5.105s] -- Symlinking: /home/brilliant/ros2_ws/install/dwb_msgs/share/dwb_msgs/package.dsv
[5.105s] -- Up-to-date symlink: /home/brilliant/ros2_ws/install/dwb_msgs/share/ament_index/resource_index/packages/dwb_msgs
[5.107s] -- Up-to-date symlink: /home/brilliant/ros2_ws/install/dwb_msgs/share/dwb_msgs/cmake/rosidl_cmake-extras.cmake
[5.108s] -- Up-to-date symlink: /home/brilliant/ros2_ws/install/dwb_msgs/share/dwb_msgs/cmake/ament_cmake_export_dependencies-extras.cmake
[5.108s] -- Up-to-date symlink: /home/brilliant/ros2_ws/install/dwb_msgs/share/dwb_msgs/cmake/ament_cmake_export_include_directories-extras.cmake
[5.108s] -- Up-to-date symlink: /home/brilliant/ros2_ws/install/dwb_msgs/share/dwb_msgs/cmake/ament_cmake_export_libraries-extras.cmake
[5.113s] -- Up-to-date symlink: /home/brilliant/ros2_ws/install/dwb_msgs/share/dwb_msgs/cmake/ament_cmake_export_targets-extras.cmake
[5.113s] -- Up-to-date symlink: /home/brilliant/ros2_ws/install/dwb_msgs/share/dwb_msgs/cmake/rosidl_cmake_export_typesupport_targets-extras.cmake
[5.114s] -- Up-to-date symlink: /home/brilliant/ros2_ws/install/dwb_msgs/share/dwb_msgs/cmake/rosidl_cmake_export_typesupport_libraries-extras.cmake
[5.114s] -- Up-to-date symlink: /home/brilliant/ros2_ws/install/dwb_msgs/share/dwb_msgs/cmake/dwb_msgsConfig.cmake
[5.116s] -- Up-to-date symlink: /home/brilliant/ros2_ws/install/dwb_msgs/share/dwb_msgs/cmake/dwb_msgsConfig-version.cmake
[5.117s] -- Up-to-date symlink: /home/brilliant/ros2_ws/install/dwb_msgs/share/dwb_msgs/package.xml
[5.117s] -- Up-to-date: /home/brilliant/ros2_ws/install/dwb_msgs/lib/libdwb_msgs__rosidl_generator_c.so
[5.117s] -- Up-to-date: /home/brilliant/ros2_ws/install/dwb_msgs/lib/libdwb_msgs__rosidl_typesupport_fastrtps_c.so
[5.120s] -- Up-to-date: /home/brilliant/ros2_ws/install/dwb_msgs/lib/libdwb_msgs__rosidl_typesupport_fastrtps_cpp.so
[5.120s] -- Up-to-date: /home/brilliant/ros2_ws/install/dwb_msgs/lib/libdwb_msgs__rosidl_typesupport_introspection_c.so
[5.120s] -- Up-to-date: /home/brilliant/ros2_ws/install/dwb_msgs/lib/libdwb_msgs__rosidl_typesupport_c.so
[5.122s] -- Up-to-date: /home/brilliant/ros2_ws/install/dwb_msgs/lib/libdwb_msgs__rosidl_typesupport_introspection_cpp.so
[5.123s] -- Up-to-date: /home/brilliant/ros2_ws/install/dwb_msgs/lib/libdwb_msgs__rosidl_typesupport_cpp.so
[5.259s] Listing '/home/brilliant/ros2_ws/install/dwb_msgs/lib/python3.12/site-packages/dwb_msgs'...
[5.259s] Listing '/home/brilliant/ros2_ws/install/dwb_msgs/lib/python3.12/site-packages/dwb_msgs/msg'...
[5.259s] Listing '/home/brilliant/ros2_ws/install/dwb_msgs/lib/python3.12/site-packages/dwb_msgs/srv'...
[5.296s] -- Up-to-date: /home/brilliant/ros2_ws/install/dwb_msgs/lib/libdwb_msgs__rosidl_generator_py.so
[5.297s] -- Up-to-date: /home/brilliant/ros2_ws/install/dwb_msgs/share/dwb_msgs/cmake/export_dwb_msgs__rosidl_generator_cExport.cmake
[5.297s] -- Up-to-date: /home/brilliant/ros2_ws/install/dwb_msgs/share/dwb_msgs/cmake/export_dwb_msgs__rosidl_generator_cExport-noconfig.cmake
[5.301s] -- Up-to-date: /home/brilliant/ros2_ws/install/dwb_msgs/share/dwb_msgs/cmake/export_dwb_msgs__rosidl_typesupport_fastrtps_cExport.cmake
[5.303s] -- Up-to-date: /home/brilliant/ros2_ws/install/dwb_msgs/share/dwb_msgs/cmake/export_dwb_msgs__rosidl_typesupport_fastrtps_cExport-noconfig.cmake
[5.305s] -- Up-to-date: /home/brilliant/ros2_ws/install/dwb_msgs/share/dwb_msgs/cmake/export_dwb_msgs__rosidl_generator_cppExport.cmake
[5.305s] -- Up-to-date: /home/brilliant/ros2_ws/install/dwb_msgs/share/dwb_msgs/cmake/export_dwb_msgs__rosidl_typesupport_fastrtps_cppExport.cmake
[5.306s] -- Up-to-date: /home/brilliant/ros2_ws/install/dwb_msgs/share/dwb_msgs/cmake/export_dwb_msgs__rosidl_typesupport_fastrtps_cppExport-noconfig.cmake
[5.306s] -- Up-to-date: /home/brilliant/ros2_ws/install/dwb_msgs/share/dwb_msgs/cmake/dwb_msgs__rosidl_typesupport_introspection_cExport.cmake
[5.311s] -- Up-to-date: /home/brilliant/ros2_ws/install/dwb_msgs/share/dwb_msgs/cmake/dwb_msgs__rosidl_typesupport_introspection_cExport-noconfig.cmake
[5.312s] -- Up-to-date: /home/brilliant/ros2_ws/install/dwb_msgs/share/dwb_msgs/cmake/dwb_msgs__rosidl_typesupport_cExport.cmake
[5.312s] -- Up-to-date: /home/brilliant/ros2_ws/install/dwb_msgs/share/dwb_msgs/cmake/dwb_msgs__rosidl_typesupport_cExport-noconfig.cmake
[5.312s] -- Up-to-date: /home/brilliant/ros2_ws/install/dwb_msgs/share/dwb_msgs/cmake/dwb_msgs__rosidl_typesupport_introspection_cppExport.cmake
[5.312s] -- Up-to-date: /home/brilliant/ros2_ws/install/dwb_msgs/share/dwb_msgs/cmake/dwb_msgs__rosidl_typesupport_introspection_cppExport-noconfig.cmake
[5.318s] -- Up-to-date: /home/brilliant/ros2_ws/install/dwb_msgs/share/dwb_msgs/cmake/dwb_msgs__rosidl_typesupport_cppExport.cmake
[5.320s] -- Up-to-date: /home/brilliant/ros2_ws/install/dwb_msgs/share/dwb_msgs/cmake/dwb_msgs__rosidl_typesupport_cppExport-noconfig.cmake
[5.321s] -- Up-to-date: /home/brilliant/ros2_ws/install/dwb_msgs/share/dwb_msgs/cmake/export_dwb_msgs__rosidl_generator_pyExport.cmake
[5.321s] -- Up-to-date: /home/brilliant/ros2_ws/install/dwb_msgs/share/dwb_msgs/cmake/export_dwb_msgs__rosidl_generator_pyExport-noconfig.cmake
[5.335s] Invoked command in '/home/brilliant/ros2_ws/build/dwb_msgs' returned '0': CMAKE_PREFIX_PATH=/home/brilliant/ros2_ws/install/nav_2d_msgs:/home/brilliant/ros2_ws/install/sllidar_ros2:/home/brilliant/ros2_ws/install/serial:/home/brilliant/ros2_ws/install/nav2_system_tests:/home/brilliant/ros2_ws/install/nav2_bringup:/home/brilliant/ros2_ws/install/navigation2:/home/brilliant/ros2_ws/install/opennav_docking:/home/brilliant/ros2_ws/install/opennav_docking_core:/home/brilliant/ros2_ws/install/opennav_docking_bt:/home/brilliant/ros2_ws/install/nav2_smoother:/home/brilliant/ros2_ws/install/nav2_rotation_shim_controller:/home/brilliant/ros2_ws/install/nav2_graceful_controller:/home/brilliant/ros2_ws/install/nav2_dwb_controller:/home/brilliant/ros2_ws/install/nav2_controller:/home/brilliant/ros2_ws/install/dwb_plugins:/home/brilliant/ros2_ws/install/dwb_critics:/home/brilliant/ros2_ws/install/dwb_core:/home/brilliant/ros2_ws/install/nav_2d_utils:/home/brilliant/ros2_ws/install/dwb_msgs:/home/brilliant/ros2_ws/install/nav2_waypoint_follower:/home/brilliant/ros2_ws/install/nav2_theta_star_planner:/home/brilliant/ros2_ws/install/nav2_smac_planner:/home/brilliant/ros2_ws/install/nav2_regulated_pure_pursuit_controller:/home/brilliant/ros2_ws/install/nav2_planner:/home/brilliant/ros2_ws/install/nav2_navfn_planner:/home/brilliant/ros2_ws/install/nav2_mppi_controller:/home/brilliant/ros2_ws/install/nav2_constrained_smoother:/home/brilliant/ros2_ws/install/nav2_bt_navigator:/home/brilliant/ros2_ws/install/nav2_behaviors:/home/brilliant/ros2_ws/install/nav2_core:/home/brilliant/ros2_ws/install/nav2_collision_monitor:/home/brilliant/ros2_ws/install/costmap_queue:/home/brilliant/ros2_ws/install/nav2_costmap_2d:/home/brilliant/ros2_ws/install/nav2_voxel_grid:/home/brilliant/ros2_ws/install/nav2_velocity_smoother:/home/brilliant/ros2_ws/install/nav2_rviz_plugins:/home/brilliant/ros2_ws/install/nav2_map_server:/home/brilliant/ros2_ws/install/nav2_lifecycle_manager:/home/brilliant/ros2_ws/install/nav2_behavior_tree:/home/brilliant/ros2_ws/install/nav2_amcl:/home/brilliant/ros2_ws/install/nav2_util:/home/brilliant/ros2_ws/install/nav2_msgs:/home/brilliant/ros2_ws/install/nav2_common:/home/brilliant/ros2_ws/install/minibot:/home/brilliant/ros2_ws/install/diffdrive_arduino:/opt/ros/jazzy/opt/gz_sim_vendor:/opt/ros/jazzy/opt/gz_sensors_vendor:/opt/ros/jazzy/opt/gz_physics_vendor:/opt/ros/jazzy/opt/sdformat_vendor:/opt/ros/jazzy/opt/gz_gui_vendor:/opt/ros/jazzy/opt/gz_transport_vendor:/opt/ros/jazzy/opt/gz_rendering_vendor:/opt/ros/jazzy/opt/gz_plugin_vendor:/opt/ros/jazzy/opt/gz_fuel_tools_vendor:/opt/ros/jazzy/opt/gz_msgs_vendor:/opt/ros/jazzy/opt/gz_common_vendor:/opt/ros/jazzy/opt/gz_math_vendor:/opt/ros/jazzy/opt/gz_utils_vendor:/opt/ros/jazzy/opt/gz_tools_vendor:/opt/ros/jazzy/opt/gz_ogre_next_vendor:/opt/ros/jazzy/opt/gz_dartsim_vendor:/opt/ros/jazzy/opt/gz_cmake_vendor:/home/brilliant/ros2_ws/install/twist_stamper:/home/brilliant/ros2_ws/install/nav2_simple_commander:/home/brilliant/ros2_ws/install/nav2_loopback_sim:/opt/ros/jazzy DEBUGINFOD_URLS=https://debuginfod.ubuntu.com LD_LIBRARY_PATH=/home/brilliant/ros2_ws/install/nav_2d_msgs/lib:/home/brilliant/ros2_ws/install/serial/lib:/home/brilliant/ros2_ws/install/nav2_system_tests/lib:/home/brilliant/ros2_ws/install/opennav_docking/lib:/home/brilliant/ros2_ws/install/opennav_docking_bt/lib:/home/brilliant/ros2_ws/install/nav2_smoother/lib:/home/brilliant/ros2_ws/install/nav2_rotation_shim_controller/lib:/home/brilliant/ros2_ws/install/nav2_graceful_controller/lib:/home/brilliant/ros2_ws/install/nav2_controller/lib:/home/brilliant/ros2_ws/install/dwb_plugins/lib:/home/brilliant/ros2_ws/install/dwb_critics/lib:/home/brilliant/ros2_ws/install/dwb_core/lib:/home/brilliant/ros2_ws/install/nav_2d_utils/lib:/home/brilliant/ros2_ws/install/dwb_msgs/lib:/home/brilliant/ros2_ws/install/nav2_waypoint_follower/lib:/home/brilliant/ros2_ws/install/nav2_theta_star_planner/lib:/home/brilliant/ros2_ws/install/nav2_smac_planner/lib:/home/brilliant/ros2_ws/install/nav2_regulated_pure_pursuit_controller/lib:/home/brilliant/ros2_ws/install/nav2_planner/lib:/home/brilliant/ros2_ws/install/nav2_navfn_planner/lib:/home/brilliant/ros2_ws/install/nav2_mppi_controller/lib:/home/brilliant/ros2_ws/install/nav2_constrained_smoother/lib:/home/brilliant/ros2_ws/install/nav2_bt_navigator/lib:/home/brilliant/ros2_ws/install/nav2_behaviors/lib:/home/brilliant/ros2_ws/install/nav2_collision_monitor/lib:/home/brilliant/ros2_ws/install/costmap_queue/lib:/home/brilliant/ros2_ws/install/nav2_costmap_2d/lib:/home/brilliant/ros2_ws/install/nav2_voxel_grid/lib:/home/brilliant/ros2_ws/install/nav2_velocity_smoother/lib:/home/brilliant/ros2_ws/install/nav2_rviz_plugins/lib:/home/brilliant/ros2_ws/install/nav2_map_server/lib:/home/brilliant/ros2_ws/install/nav2_lifecycle_manager/lib:/home/brilliant/ros2_ws/install/nav2_behavior_tree/lib:/home/brilliant/ros2_ws/install/nav2_amcl/lib:/home/brilliant/ros2_ws/install/nav2_util/lib:/home/brilliant/ros2_ws/install/nav2_msgs/lib:/home/brilliant/ros2_ws/install/diffdrive_arduino/lib:/opt/ros/jazzy/opt/gz_sim_vendor/lib:/opt/ros/jazzy/opt/gz_sensors_vendor/lib:/opt/ros/jazzy/opt/gz_physics_vendor/lib:/opt/ros/jazzy/opt/sdformat_vendor/lib:/opt/ros/jazzy/opt/rviz_ogre_vendor/lib:/opt/ros/jazzy/lib/x86_64-linux-gnu:/opt/ros/jazzy/opt/gz_gui_vendor/lib:/opt/ros/jazzy/opt/gz_transport_vendor/lib:/opt/ros/jazzy/opt/gz_rendering_vendor/lib:/opt/ros/jazzy/opt/gz_plugin_vendor/lib:/opt/ros/jazzy/opt/gz_fuel_tools_vendor/lib:/opt/ros/jazzy/opt/gz_msgs_vendor/lib:/opt/ros/jazzy/opt/gz_common_vendor/lib:/opt/ros/jazzy/opt/gz_math_vendor/lib:/opt/ros/jazzy/opt/gz_utils_vendor/lib:/opt/ros/jazzy/opt/gz_tools_vendor/lib:/opt/ros/jazzy/opt/gz_ogre_next_vendor/lib:/opt/ros/jazzy/opt/gz_dartsim_vendor/lib:/opt/ros/jazzy/opt/gz_cmake_vendor/lib:/opt/ros/jazzy/lib PYTHONPATH=/home/brilliant/ros2_ws/install/nav_2d_msgs/lib/python3.12/site-packages:/home/brilliant/ros2_ws/build/twist_stamper:/home/brilliant/ros2_ws/install/twist_stamper/lib/python3.12/site-packages:/home/brilliant/ros2_ws/install/dwb_msgs/lib/python3.12/site-packages:/home/brilliant/ros2_ws/build/nav2_simple_commander:/home/brilliant/ros2_ws/install/nav2_simple_commander/lib/python3.12/site-packages:/home/brilliant/ros2_ws/install/nav2_msgs/lib/python3.12/site-packages:/home/brilliant/ros2_ws/build/nav2_loopback_sim:/home/brilliant/ros2_ws/install/nav2_loopback_sim/lib/python3.12/site-packages:/home/brilliant/ros2_ws/install/nav2_common/lib/python3.12/site-packages:/opt/ros/jazzy/lib/python3.12/site-packages /usr/bin/cmake --install /home/brilliant/ros2_ws/build/dwb_msgs
